
 Start         Length     Name                   Class
 0001:00000000 0003C444H .text                   CODE
 0002:00000000 00000C34H .data                   DATA
 0002:00000C34 00000A69H .bss                    BSS


Detailed map of segments

 0001:00000000 00005597 C=CODE     S=.text    G=(none)   M=System   ACBP=A9
 0001:00005598 000001CC C=CODE     S=.text    G=(none)   M=SysInit  ACBP=A9
 0001:00005764 00000038 C=CODE     S=.text    G=(none)   M=Types    ACBP=A9
 0001:0000579C 0000037C C=CODE     S=.text    G=(none)   M=Windows  ACBP=A9
 0001:00005B18 00000038 C=CODE     S=.text    G=(none)   M=Messages ACBP=A9
 0001:00005B50 00000348 C=CODE     S=.text    G=(none)   M=SysConst ACBP=A9
 0001:00005E98 00007420 C=CODE     S=.text    G=(none)   M=SysUtils ACBP=A9
 0001:0000D2B8 00000887 C=CODE     S=.text    G=(none)   M=VarUtils ACBP=A9
 0001:0000DB40 0000280E C=CODE     S=.text    G=(none)   M=Variants ACBP=A9
 0001:00010350 000000C8 C=CODE     S=.text    G=(none)   M=RTLConsts ACBP=A9
 0001:00010418 00000084 C=CODE     S=.text    G=(none)   M=TypInfo  ACBP=A9
 0001:0001049C 00000038 C=CODE     S=.text    G=(none)   M=ActiveX  ACBP=A9
 0001:000104D4 0000478E C=CODE     S=.text    G=(none)   M=Classes  ACBP=A9
 0001:00014C64 000003DC C=CODE     S=.text    G=(none)   M=ListsU   ACBP=A9
 0001:00015040 00000050 C=CODE     S=.text    G=(none)   M=MMSystem ACBP=A9
 0001:00015090 000001DC C=CODE     S=.text    G=(none)   M=SyncObjs ACBP=A9
 0001:0001526C 00001AD4 C=CODE     S=.text    G=(none)   M=GPHugeF  ACBP=A9
 0001:00016D40 00000038 C=CODE     S=.text    G=(none)   M=Consts   ACBP=A9
 0001:00016D78 0000061C C=CODE     S=.text    G=(none)   M=textdata ACBP=A9
 0001:00017394 00000038 C=CODE     S=.text    G=(none)   M=Math     ACBP=A9
 0001:000173CC 00000194 C=CODE     S=.text    G=(none)   M=Contnrs  ACBP=A9
 0001:00017560 00000FA0 C=CODE     S=.text    G=(none)   M=uDebug   ACBP=A9
 0001:00018500 00000060 C=CODE     S=.text    G=(none)   M=FreeListU ACBP=A9
 0001:00018560 00000040 C=CODE     S=.text    G=(none)   M=SHFolder ACBP=A9
 0001:000185A0 00000B78 C=CODE     S=.text    G=(none)   M=TADemoConsts ACBP=A9
 0001:00019118 00000330 C=CODE     S=.text    G=(none)   M=TextFileU ACBP=A9
 0001:00019448 00000A7C C=CODE     S=.text    G=(none)   M=logging  ACBP=A9
 0001:00019EC4 000019A4 C=CODE     S=.text    G=(none)   M=DPlay    ACBP=A9
 0001:0001B868 00000124 C=CODE     S=.text    G=(none)   M=DPLobby  ACBP=A9
 0001:0001B98C 00000450 C=CODE     S=.text    G=(none)   M=MemMappedDataStructure ACBP=A9
 0001:0001BDDC 00000068 C=CODE     S=.text    G=(none)   M=PacketBufferU ACBP=A9
 0001:0001BE44 0000038C C=CODE     S=.text    G=(none)   M=log2     ACBP=A9
 0001:0001C1D0 000010D4 C=CODE     S=.text    G=(none)   M=IniFiles ACBP=A9
 0001:0001D2A4 00000E0C C=CODE     S=.text    G=(none)   M=Registry ACBP=A9
 0001:0001E0B0 00001420 C=CODE     S=.text    G=(none)   M=PluginEngine ACBP=A9
 0001:0001F4D0 00000514 C=CODE     S=.text    G=(none)   M=TAMemManipulations ACBP=A9
 0001:0001F9E4 000005DC C=CODE     S=.text    G=(none)   M=TA_MemoryLocations ACBP=A9
 0001:0001FFC0 0000036C C=CODE     S=.text    G=(none)   M=COB_extensions ACBP=A9
 0001:0002032C 00000490 C=CODE     S=.text    G=(none)   M=INI_Options ACBP=A9
 0001:000207BC 000017B0 C=CODE     S=.text    G=(none)   M=packet_old ACBP=A9
 0001:00021F6C 00000038 C=CODE     S=.text    G=(none)   M=TA_FunctionsU ACBP=A9
 0001:00021FA4 000001EC C=CODE     S=.text    G=(none)   M=PluginCommandHandlerU ACBP=A9
 0001:00022190 00000258 C=CODE     S=.text    G=(none)   M=InputHook ACBP=A9
 0001:000223E8 0000028C C=CODE     S=.text    G=(none)   M=LOS_Radar ACBP=A9
 0001:00022674 000000CC C=CODE     S=.text    G=(none)   M=LOS_MiniMapUnits ACBP=A9
 0001:00022740 00000140 C=CODE     S=.text    G=(none)   M=LOS_PlayerSeeUnit ACBP=A9
 0001:00022880 000001B0 C=CODE     S=.text    G=(none)   M=LOS_GUIText ACBP=A9
 0001:00022A30 00000354 C=CODE     S=.text    G=(none)   M=LOS_UpdateTables ACBP=A9
 0001:00022D84 0000017C C=CODE     S=.text    G=(none)   M=LOS_AllyPlayer ACBP=A9
 0001:00022F00 00000150 C=CODE     S=.text    G=(none)   M=LOS_extensions ACBP=A9
 0001:00023050 00000208 C=CODE     S=.text    G=(none)   M=SpeedHack ACBP=A9
 0001:00023258 00000038 C=CODE     S=.text    G=(none)   M=TA_NetworkingMessages ACBP=A9
 0001:00023290 000002CC C=CODE     S=.text    G=(none)   M=BattleRoomScroll ACBP=A9
 0001:0002355C 000013A0 C=CODE     S=.text    G=(none)   M=PlayerDataU ACBP=A9
 0001:000248FC 00000608 C=CODE     S=.text    G=(none)   M=CommandHandlerU ACBP=A9
 0001:00024F04 00013BEC C=CODE     S=.text    G=(none)   M=idplay   ACBP=A9
 0001:00038AF0 0000157C C=CODE     S=.text    G=(none)   M=DPLobbyWrapper ACBP=A9
 0001:0003A06C 00000B78 C=CODE     S=.text    G=(none)   M=Dplayx_exports ACBP=A9
 0001:0003ABE4 00000394 C=CODE     S=.text    G=(none)   M=TlHelp32 ACBP=A9
 0001:0003AF78 000005B4 C=CODE     S=.text    G=(none)   M=ErrorLog_ExtraData ACBP=A9
 0001:0003B52C 0000009C C=CODE     S=.text    G=(none)   M=Thread_marshaller ACBP=A9
 0001:0003B5C8 00000108 C=CODE     S=.text    G=(none)   M=PauseLock ACBP=A9
 0001:0003B6D0 000001B0 C=CODE     S=.text    G=(none)   M=UnitLimit ACBP=A9
 0001:0003B880 000001D8 C=CODE     S=.text    G=(none)   M=MultiAILimit ACBP=A9
 0001:0003BA58 000000C0 C=CODE     S=.text    G=(none)   M=Plugins  ACBP=A9
 0001:0003BB18 00000550 C=CODE     S=.text    G=(none)   M=InitCode ACBP=A9
 0001:0003C068 00000134 C=CODE     S=.text    G=(none)   M=InitCode_CoreExePatching ACBP=A9
 0001:0003C19C 00000038 C=CODE     S=.text    G=(none)   M=threadlogging ACBP=A9
 0001:0003C1D4 0000026D C=CODE     S=.text    G=(none)   M=dplayx   ACBP=A9
 0002:00000000 000000A4 C=DATA     S=.data    G=DGROUP   M=System   ACBP=A9
 0002:000000A4 00000030 C=DATA     S=.data    G=DGROUP   M=SysInit  ACBP=A9
 0002:000000D4 00000250 C=DATA     S=.data    G=DGROUP   M=SysUtils ACBP=A9
 0002:00000324 00000008 C=DATA     S=.data    G=DGROUP   M=VarUtils ACBP=A9
 0002:0000032C 00000076 C=DATA     S=.data    G=DGROUP   M=Variants ACBP=A9
 0002:000003A4 0000000C C=DATA     S=.data    G=DGROUP   M=TypInfo  ACBP=A9
 0002:000003B0 00000084 C=DATA     S=.data    G=DGROUP   M=Classes  ACBP=A9
 0002:00000434 00000020 C=DATA     S=.data    G=DGROUP   M=GPHugeF  ACBP=A9
 0002:00000454 00000400 C=DATA     S=.data    G=DGROUP   M=textdata ACBP=A9
 0002:00000854 00000004 C=DATA     S=.data    G=DGROUP   M=uDebug   ACBP=A9
 0002:00000858 00000049 C=DATA     S=.data    G=DGROUP   M=TADemoConsts ACBP=A9
 0002:000008A4 00000004 C=DATA     S=.data    G=DGROUP   M=logging  ACBP=A9
 0002:000008A8 00000020 C=DATA     S=.data    G=DGROUP   M=DPlay    ACBP=A9
 0002:000008C8 00000010 C=DATA     S=.data    G=DGROUP   M=DPLobby  ACBP=A9
 0002:000008D8 00000038 C=DATA     S=.data    G=DGROUP   M=MemMappedDataStructure ACBP=A9
 0002:00000910 00000008 C=DATA     S=.data    G=DGROUP   M=IniFiles ACBP=A9
 0002:00000918 00000008 C=DATA     S=.data    G=DGROUP   M=Registry ACBP=A9
 0002:00000920 00000007 C=DATA     S=.data    G=DGROUP   M=TA_MemoryLocations ACBP=A9
 0002:00000928 00000001 C=DATA     S=.data    G=DGROUP   M=COB_extensions ACBP=A9
 0002:0000092C 00000005 C=DATA     S=.data    G=DGROUP   M=packet_old ACBP=A9
 0002:00000934 00000008 C=DATA     S=.data    G=DGROUP   M=TA_FunctionsU ACBP=A9
 0002:0000093C 0000000A C=DATA     S=.data    G=DGROUP   M=SpeedHack ACBP=A9
 0002:00000948 00000001 C=DATA     S=.data    G=DGROUP   M=BattleRoomScroll ACBP=A9
 0002:0000094C 00000004 C=DATA     S=.data    G=DGROUP   M=idplay   ACBP=A9
 0002:00000950 00000004 C=DATA     S=.data    G=DGROUP   M=Dplayx_exports ACBP=A9
 0002:00000954 00000008 C=DATA     S=.data    G=DGROUP   M=PauseLock ACBP=A9
 0002:0000095C 00000005 C=DATA     S=.data    G=DGROUP   M=UnitLimit ACBP=A9
 0002:00000964 00000008 C=DATA     S=.data    G=DGROUP   M=MultiAILimit ACBP=A9
 0002:00001000 0000065C C=BSS      S=.bss     G=DGROUP   M=System   ACBP=A9
 0002:0000165C 00000014 C=BSS      S=.bss     G=DGROUP   M=SysInit  ACBP=A9
 0002:00001670 00000004 C=BSS      S=.bss     G=DGROUP   M=Types    ACBP=A9
 0002:00001674 00000004 C=BSS      S=.bss     G=DGROUP   M=Windows  ACBP=A9
 0002:00001678 00000004 C=BSS      S=.bss     G=DGROUP   M=Messages ACBP=A9
 0002:0000167C 00000004 C=BSS      S=.bss     G=DGROUP   M=SysConst ACBP=A9
 0002:00001680 00000120 C=BSS      S=.bss     G=DGROUP   M=SysUtils ACBP=A9
 0002:000017A0 0000005C C=BSS      S=.bss     G=DGROUP   M=VarUtils ACBP=A9
 0002:000017FC 00000040 C=BSS      S=.bss     G=DGROUP   M=Variants ACBP=A9
 0002:0000183C 00000004 C=BSS      S=.bss     G=DGROUP   M=RTLConsts ACBP=A9
 0002:00001840 00000004 C=BSS      S=.bss     G=DGROUP   M=TypInfo  ACBP=A9
 0002:00001844 00000004 C=BSS      S=.bss     G=DGROUP   M=ActiveX  ACBP=A9
 0002:00001848 00000034 C=BSS      S=.bss     G=DGROUP   M=Classes  ACBP=A9
 0002:0000187C 00000004 C=BSS      S=.bss     G=DGROUP   M=ListsU   ACBP=A9
 0002:00001880 00000004 C=BSS      S=.bss     G=DGROUP   M=MMSystem ACBP=A9
 0002:00001884 00000004 C=BSS      S=.bss     G=DGROUP   M=SyncObjs ACBP=A9
 0002:00001888 00000004 C=BSS      S=.bss     G=DGROUP   M=GPHugeF  ACBP=A9
 0002:0000188C 00000004 C=BSS      S=.bss     G=DGROUP   M=Consts   ACBP=A9
 0002:00001890 00000004 C=BSS      S=.bss     G=DGROUP   M=textdata ACBP=A9
 0002:00001894 00000004 C=BSS      S=.bss     G=DGROUP   M=Math     ACBP=A9
 0002:00001898 00000004 C=BSS      S=.bss     G=DGROUP   M=Contnrs  ACBP=A9
 0002:0000189C 00000014 C=BSS      S=.bss     G=DGROUP   M=uDebug   ACBP=A9
 0002:000018B0 00000008 C=BSS      S=.bss     G=DGROUP   M=FreeListU ACBP=A9
 0002:000018B8 00000004 C=BSS      S=.bss     G=DGROUP   M=SHFolder ACBP=A9
 0002:000018BC 00000018 C=BSS      S=.bss     G=DGROUP   M=TADemoConsts ACBP=A9
 0002:000018D4 00000004 C=BSS      S=.bss     G=DGROUP   M=TextFileU ACBP=A9
 0002:000018D8 0000000C C=BSS      S=.bss     G=DGROUP   M=logging  ACBP=A9
 0002:000018E4 00000004 C=BSS      S=.bss     G=DGROUP   M=DPlay    ACBP=A9
 0002:000018E8 00000004 C=BSS      S=.bss     G=DGROUP   M=DPLobby  ACBP=A9
 0002:000018EC 00000004 C=BSS      S=.bss     G=DGROUP   M=MemMappedDataStructure ACBP=A9
 0002:000018F0 00000004 C=BSS      S=.bss     G=DGROUP   M=PacketBufferU ACBP=A9
 0002:000018F4 00000004 C=BSS      S=.bss     G=DGROUP   M=log2     ACBP=A9
 0002:000018F8 00000004 C=BSS      S=.bss     G=DGROUP   M=IniFiles ACBP=A9
 0002:000018FC 00000004 C=BSS      S=.bss     G=DGROUP   M=Registry ACBP=A9
 0002:00001900 00000008 C=BSS      S=.bss     G=DGROUP   M=PluginEngine ACBP=A9
 0002:00001908 00000004 C=BSS      S=.bss     G=DGROUP   M=TAMemManipulations ACBP=A9
 0002:0000190C 0000000A C=BSS      S=.bss     G=DGROUP   M=TA_MemoryLocations ACBP=A9
 0002:00001918 00000004 C=BSS      S=.bss     G=DGROUP   M=COB_extensions ACBP=A9
 0002:0000191C 00000014 C=BSS      S=.bss     G=DGROUP   M=INI_Options ACBP=A9
 0002:00001930 00000004 C=BSS      S=.bss     G=DGROUP   M=packet_old ACBP=A9
 0002:00001934 00000004 C=BSS      S=.bss     G=DGROUP   M=TA_FunctionsU ACBP=A9
 0002:00001938 00000004 C=BSS      S=.bss     G=DGROUP   M=PluginCommandHandlerU ACBP=A9
 0002:0000193C 00000008 C=BSS      S=.bss     G=DGROUP   M=InputHook ACBP=A9
 0002:00001944 00000014 C=BSS      S=.bss     G=DGROUP   M=LOS_Radar ACBP=A9
 0002:00001958 00000004 C=BSS      S=.bss     G=DGROUP   M=LOS_MiniMapUnits ACBP=A9
 0002:0000195C 00000014 C=BSS      S=.bss     G=DGROUP   M=LOS_PlayerSeeUnit ACBP=A9
 0002:00001970 00000004 C=BSS      S=.bss     G=DGROUP   M=LOS_GUIText ACBP=A9
 0002:00001974 00000010 C=BSS      S=.bss     G=DGROUP   M=LOS_UpdateTables ACBP=A9
 0002:00001984 00000008 C=BSS      S=.bss     G=DGROUP   M=LOS_AllyPlayer ACBP=A9
 0002:0000198C 00000008 C=BSS      S=.bss     G=DGROUP   M=LOS_extensions ACBP=A9
 0002:00001994 00000004 C=BSS      S=.bss     G=DGROUP   M=SpeedHack ACBP=A9
 0002:00001998 00000004 C=BSS      S=.bss     G=DGROUP   M=TA_NetworkingMessages ACBP=A9
 0002:0000199C 0000000C C=BSS      S=.bss     G=DGROUP   M=BattleRoomScroll ACBP=A9
 0002:000019A8 00000004 C=BSS      S=.bss     G=DGROUP   M=PlayerDataU ACBP=A9
 0002:000019AC 00000004 C=BSS      S=.bss     G=DGROUP   M=CommandHandlerU ACBP=A9
 0002:000019B0 0000000C C=BSS      S=.bss     G=DGROUP   M=idplay   ACBP=A9
 0002:000019BC 00000004 C=BSS      S=.bss     G=DGROUP   M=DPLobbyWrapper ACBP=A9
 0002:000019C0 00000028 C=BSS      S=.bss     G=DGROUP   M=Dplayx_exports ACBP=A9
 0002:000019E8 00000048 C=BSS      S=.bss     G=DGROUP   M=TlHelp32 ACBP=A9
 0002:00001A30 00000004 C=BSS      S=.bss     G=DGROUP   M=ErrorLog_ExtraData ACBP=A9
 0002:00001A34 00000004 C=BSS      S=.bss     G=DGROUP   M=Thread_marshaller ACBP=A9
 0002:00001A38 00000004 C=BSS      S=.bss     G=DGROUP   M=PauseLock ACBP=A9
 0002:00001A3C 00000004 C=BSS      S=.bss     G=DGROUP   M=UnitLimit ACBP=A9
 0002:00001A40 00000004 C=BSS      S=.bss     G=DGROUP   M=MultiAILimit ACBP=A9
 0002:00001A44 00000004 C=BSS      S=.bss     G=DGROUP   M=Plugins  ACBP=A9
 0002:00001A48 00000008 C=BSS      S=.bss     G=DGROUP   M=InitCode ACBP=A9
 0002:00001A50 00000014 C=BSS      S=.bss     G=DGROUP   M=InitCode_CoreExePatching ACBP=A9
 0002:00001A64 00000004 C=BSS      S=.bss     G=DGROUP   M=threadlogging ACBP=A9


  Address         Publics by Name

 0002:000018E8       .1
 0002:00001A64       .1
 0002:00001678       .1
 0002:00001A50       .1
 0002:0000167C       .1
 0002:000018EC       .1
 0002:00001908       .1
 0002:00001A44       .1
 0002:000018B8       .1
 0002:000018B4       .1
 0002:00001918       .1
 0002:000018AC       .1
 0002:00001928       .1
 0002:00001A40       .1
 0002:00001670       .1
 0002:00001934       .1
 0002:00001A3C       .1
 0002:00001A38       .1
 0002:00001A34       .1
 0002:00001A30       .1
 0002:00001940       .1
 0002:000019E8       .1
 0002:00001954       .1
 0002:00001958       .1
 0002:0000196C       .1
 0002:00001970       .1
 0002:00001980       .1
 0002:00001988       .1
 0002:00001990       .1
 0002:00001994       .1
 0002:00001998       .1
 0002:00001668       .1
 0002:0000183C       .1
 0002:000019A4       .1
 0002:00001890       .1
 0002:0000188C       .1
 0002:000018E4       .1
 0002:000019CC       .1
 0002:000019BC       .2
 0002:000018D4       .2
 0002:000018C0       .2
 0002:000018F4       .2
 0002:000018E0       .2
 0002:00001930       .2
 0002:00001A48       .2
 0002:00001894       .2
 0002:00001898       .21
 0002:000018F0       .3
 0002:00001674       .3
 0002:000019AC       .3
 0002:00001938       .3
 0002:00001844       .3
 0002:00001790       .35
 0002:000019A8       .4
 0002:00001910       .4
 0002:00001850       .45
 0002:000018FC       .5
 0002:00001888       .5
 0002:000015B4       .5
 0002:000017F8       .5
 0002:00001840       .6
 0002:00001884       .6
 0002:000019B8       .6
 0002:00001900       .6
 0002:00001880       .7
 0002:000018F8       .8
 0002:0000181C       .81
 0002:0000187C       .9
 0001:00001E10       @AbstractError
 0001:00002E98       @AfterConstruction
 0001:000038F8       @Assert
 0001:000020F4       @Assign
 0001:00002250       @AStrCmp
 0001:00002EA8       @BeforeDestruction
 0001:00002B48       @BoundErr
 0001:00002DD8       @CallDynaInst
 0001:00002E40       @ClassCreate
 0001:00002E90       @ClassDestroy
 0001:000021BC       @Close
 0001:00001B58       @Copy
 0001:000044BC       @CopyArray
 0001:000043A0       @CopyRecord
 0001:000045B0       @DispCallByIDError
 0001:0000E5E0       @DispInvokeError
 0001:00003324       @DoneExcept
 0001:00004800       @DynArrayAsg
 0001:000047C4       @DynArrayClear
 0001:000045E4       @DynArrayHigh
 0001:000045DC       @DynArrayLength
 0001:000047B8       @DynArraySetLength
 0001:000022C0       @EofText
 0001:0000340C       @ExceptionHandler
 0001:000022F8       @FillChar
 0001:0000437C       @Finalize
 0001:00004290       @FinalizeArray
 0001:00004244       @FinalizeRecord
 0001:000021B0       @Flush
 0001:00002B3C       @FpuInit
 0001:00002A78       @FpuMaskInit
 0001:00001A28       @FreeMem
 0001:000019F8       @GetMem
 0001:00005698       @GetTls
 0001:000038E0       @Halt
 0001:00003800       @Halt0
 0001:00002FBC       @HandleAnyException
 0001:00003270       @HandleFinally
 0001:000030E8       @HandleOnException
 0001:000036C4       @InitImports
 0001:000056E4       @InitLib
 0001:0000369C       @InitResStringImports
 0001:00004F54       @IntfAddRef
 0001:00004F10       @IntfClear
 0001:00004F28       @IntfCopy
 0001:00002B50       @IntOver
 0001:00002D84       @IsClass
 0001:00002A48       @isNECWindows
 0001:00003DA4       @LStrAddRef
 0001:0000393C       @LStrArrayClr
 0001:0000396C       @LStrAsg
 0001:00003BBC       @LStrCat
 0001:00003C00       @LStrCat3
 0001:00003C74       @LStrCatN
 0001:00003918       @LStrClr
 0001:00003D00       @LStrCmp
 0001:00003E14       @LStrCopy
 0001:00003E54       @LStrDelete
 0001:00003B88       @LStrFromArray
 0001:00003B00       @LStrFromChar
 0001:00003B10       @LStrFromPChar
 0001:00003A08       @LStrFromPCharLen
 0001:00003B40       @LStrFromPWChar
 0001:00003A74       @LStrFromPWCharLen
 0001:00003B7C       @LStrFromString
 0001:00003BA0       @LStrFromWStr
 0001:000039B0       @LStrLAsg
 0001:00003BB4       @LStrLen
 0001:00003E9C       @LStrPos
 0001:00003EE4       @LStrSetLength
 0001:00003DB4       @LStrToPChar
 0001:000039DC       @NewAnsiString
 0001:00003F8C       @NewWideString
 0001:0000275C       @Pow10
 0001:00002244       @PStrCpy
 0001:00002214       @PStrNCat
 0001:000032D0       @RaiseAgain
 0001:000032A8       @RaiseExcept
 0001:00002318       @RandInt
 0001:00002370       @ReadChar
 0001:000024D4       @ReadLn
 0001:00002468       @ReadLString
 0001:0000245C       @ReadString
 0001:00001A48       @ReallocMem
 0001:00001E84       @ResetText
 0001:00001E90       @RewritText
 0001:000038EC       @RunError
 0001:00002740       @SetEq
 0001:000035D4       @StartLib
 0001:0000025C       @strlen
 0001:00001DEC       @TRUNC
 0001:00003354       @TryFinallyExit
 0001:00003E0C       @UniqueStringA
 0001:00002504       @ValLong
 0001:0000FB94       @VarAddRef
 0001:0000E8B8       @VarClear
 0001:0000E8CC       @VarClr
 0001:00004278       @VarClr
 0001:00004388       @VarCopy
 0001:0000EBF4       @VarCopy
 0001:0000EF20       @VarToLStr
 0001:0000F640       @VarToWStr
 0001:00003F48       @Write0LString
 0001:0000261C       @WriteBytes
 0001:000026EC       @WriteLn
 0001:00003F64       @WriteLString
 0001:00002670       @WriteSpaces
 0001:00003FCC       @WStrArrayClr
 0001:00003FF0       @WStrAsg
 0001:00003FB4       @WStrClr
 0001:0000412C       @WStrCmp
 0001:000041B0       @WStrCopy
 0001:00004100       @WStrFromLStr
 0001:00004014       @WStrFromPCharLen
 0001:000040C4       @WStrFromPWChar
 0001:000040A0       @WStrFromPWCharLen
 0001:00004120       @WStrLen
 0001:000041FC       @WStrSetLength
 0001:00004110       @WStrToPWChar
 0001:00001B28       @_IOTest
 0001:000045B8       @_llmul
 0001:0000B340       AbstractErrorHandler
 0002:00001028       AbstractErrorProc
 0002:0000088C       AccessMode
 0002:00000154       AccessMode
 0001:000104CC       ActiveX
 0001:000003CC       AddBlockAfter
 0001:0001B9AC       AddCheatDescription
 0001:00017D9C       AddLineNo
 0001:00004D68       AddModuleUnloadProc
 0001:00004D78       AddModuleUnloadProc
 0001:00017BE8       AddProcedure
 0001:00017A04       AddUnit
 0002:00000968       AIName
 0002:00001984       AlliedStateChanged
 0001:00006AA0       AllocMem
 0002:000015AC       AllocMemCount
 0002:000015B0       AllocMemSize
 0001:000055C8       AllocTlsBuffer
 0001:00006C60       AnsiCompareStr
 0001:00006CAC       AnsiCompareText
 0001:00006C18       AnsiLowerCase
 0001:0000BE64       AnsiPos
 0001:00006CF8       AnsiSameText
 0001:0000BEB0       AnsiStrPos
 0001:0000BF88       AnsiStrRScan
 0001:0000BFD8       AnsiStrScan
 0001:00005354       AnsiToUtf8
 0001:00008D0C       AppendChars
 0001:0000912C       AppendFormat
 0001:00008D90       AppendNumber
 0001:00008D6C       AppendString
 0001:0000B308       AssertErrorHandler
 0002:00001020       AssertErrorProc
 0002:00001604       avail
 0001:00007810       BackfillGetDiskFreeSpaceEx
 0001:0000D590       BackupVarBoolFromStr
 0001:0000D70C       BackupVarBStrFromBool
 0001:0000D614       BackupVarBStrFromCy
 0001:0000D690       BackupVarBStrFromDate
 0001:0000D51C       BackupVarCyFromStr
 0001:0000D4A8       BackupVarDateFromStr
 0001:0000D34C       BackupVarI4FromStr
 0001:0000D2D8       BackupVariantChangeTypeEx
 0001:0000D3C0       BackupVarR4FromStr
 0001:0000D434       BackupVarR8FromStr
 0001:00023554       BattleRoomScroll
 0001:000233E8       BattleRoomScrollBackAfterTextReceived
 0001:00023418       BattleRoomScrollBarKeyboardHookFunction
 0001:000233B8       BattleRoomTextReceived
 0001:0003B89C       BetterAIName
 0001:0003B924       BetterAINameStub
 0001:00014958       BinToHex
 0001:00017170       BinToInt
 0001:0000D324       BiUnimplemented
 0002:000015DC       blockDescBlockList
 0002:000015E0       blockDescFreeList
 0002:000003A4       BooleanIdents
 0002:00000334       BooleanToStringRule
 0001:000071C4       BoolToStr
 0001:0000ECA8       BoolToWStrViaOS
 0002:00000920       BoolValues
 0001:0000BA00       ByteToCharIndex
 0001:0000B9C4       ByteToCharLen
 0001:0000B960       ByteType
 0001:0000B8B4       ByteTypeTest
 0002:00001914       CacheUsed
 0001:00017298       CalcCRC
 0001:00005A3C       CallNextHookEx
 0002:00001814       ChangeAnyProc
 0001:000075DC       ChangeFileExt
 0001:00003A38       CharFromWChar
 0001:0000BC78       CharLength
 0001:00005A44       CharLowerBuff
 0001:000001D4       CharNext
 0001:00005A4C       CharNext
 0001:0000BB3C       CharToByteIndex
 0001:0000BBB4       CharToByteLen
 0001:00005A54       CharToOemA
 0002:000019B4       chatview
 0001:0001B98C       CheatEnabled
 0002:000008F0       Cheat_BuildAnywhere
 0002:000008EC       Cheat_ControlMenu
 0002:0000090C       Cheat_DoubleShot
 0002:00000900       Cheat_ExtraDamage
 0002:000008E0       Cheat_FastBuild
 0002:000008E4       Cheat_InfiniteResources
 0002:00000904       Cheat_InstantBuild
 0002:000008F4       Cheat_InstantCapture
 0002:000008DC       Cheat_Invisible
 0002:000008D8       Cheat_Invulnerability
 0002:000008FC       Cheat_JamAll
 0002:000008E8       Cheat_LosRadar
 0002:00000908       Cheat_ResourcesFreeze
 0002:000008F8       Cheat_SpecialMove
 0001:0001F614       CheckForCheats
 0001:00002F38       CheckJmp
 0002:00000338       CInvalidCustomVariantType
 0001:00014BD0       Classes
 0001:00018164       CleanUpMapFile
 0002:00001810       ClearAnyProc
 0001:0000FED0       ClearVariantTypeList
 0001:000057CC       CloseHandle
 0001:00000174       CloseHandle
 0002:0000103C       CmdLine
 0002:00001038       CmdShow
 0001:0000D338       CmpUnimplemented
 0001:00020324       COB_extensions
 0001:00020274       COB_Extensions_Handling
 0002:00001A54       CodeInjectionData
 0001:00024EFC       CommandHandlerU
 0001:0000074C       Commit
 0002:00001620       committedRoot
 0001:00029AA8       compare
 0001:00017774       CompareHeaders
 0001:000057D4       CompareString
 0001:00006BA0       CompareText
 0001:000070C8       CompareWith
 0001:000188B4       Compress
 0001:00015330       Compress
 0001:00016D70       Consts
 0001:00017558       Contnrs
 0002:000003C0       Convert
 0002:000003B0       Convert
 0001:0000AB9C       ConvertAddr
 0001:00008E90       ConvertEraString
 0001:00006A50       ConvertError
 0001:00006A70       ConvertErrorFmt
 0001:00009014       ConvertYearString
 0001:000045EC       CopyArray
 0001:000057DC       CopyFile
 0001:0000BA84       CountChars
 0001:00017260       CRC32
 0002:00000454       CRC32tab
 0001:0000B240       CreateAssertException
 0001:0000B43C       CreateAVObject
 0001:00007890       CreateDir
 0001:000057E4       CreateDirectory
 0001:000057EC       CreateEvent
 0001:000057F4       CreateFile
 0001:0000017C       CreateFileA
 0001:000057FC       CreateFileMapping
 0001:0000B12C       CreateInOutError
 0001:0003AEA4       CreateToolhelp32Snapshot
 0002:00000390       CRelationshipToBoolean
 0002:00000324       CResult
 0002:0000014C       cSimpleBoolStrs
 0002:0000033C       CText
 0002:00001618       curAlloc
 0002:00001688       CurrencyDecimals
 0002:00001684       CurrencyFormat
 0002:00001680       CurrencyString
 0001:00008CEC       CurrentYear
 0001:00008680       CurrToStr
 0001:0000EC38       CurrToWStrViaOS
 0001:00020070       CustomGetters
 0001:00006DE0       CvtInt
 0001:00006E4C       CvtInt64
 0002:0000018C       CWNear
 0001:00016D78       DataToStr2
 0001:0001D484       DataTypeToRegData
 0001:00008C78       Date
 0002:00001689       DateSeparator
 0001:000099E0       DateTimeToStr
 0001:00009934       DateTimeToString
 0001:000087B0       DateTimeToTimeStamp
 0001:000099A0       DateToStr
 0001:0000EC70       DateToWStrViaOS
 0001:00008C48       DayOfWeek
 0002:00000188       DCon10
 0002:0000002C       DebugHook
 0002:00001687       DecimalSeparator
 0001:00008C18       DecodeDate
 0001:00008A9C       DecodeDateFully
 0001:000088B8       DecodeTime
 0001:0000080C       Decommit
 0001:00000F38       DecommitFree
 0002:000015F4       decommittedRoot
 0002:0000092C       DecompressionBufferSize
 0002:00000024       Default8087CW
 0002:00000038       DefaultTextLineBreakStyle
 0002:000015B8       DefaultUserCodePage
 0002:00000218       DefLongDayNames
 0002:000001CC       DefLongMonthNames
 0002:000001FC       DefShortDayNames
 0002:0000019C       DefShortMonthNames
 0002:00000858       Deities
 0001:00004850       DelayLoadResourceModule
 0001:00000428       DeleteBlock
 0001:00000338       DeleteCriticalSection
 0001:00005804       DeleteCriticalSection
 0001:0000580C       DeleteFile
 0001:00000D20       DeleteFree
 0001:00005814       DeviceIoControl
 0002:00000094       dig
 0001:00007434       DirectoryExists
 0001:0003A3FC       DirectPlayCreate
 0002:000019DC       DirectPlayCreate_proc
 0001:0003A104       DirectPlayEnumerate
 0001:0003A1FC       DirectPlayEnumerateA
 0002:000019D4       DirectPlayEnumerateA_proc
 0001:0003A2FC       DirectPlayEnumerateW
 0002:000019D8       DirectPlayEnumerateW_proc
 0002:000019D0       DirectPlayEnumerate_proc
 0001:0003A7A4       DirectPlayLobbyCreateA
 0002:000019E4       DirectPlayLobbyCreateA_proc
 0001:0003A664       DirectPlayLobbyCreateW
 0002:000019E0       DirectPlayLobbyCreateW_proc
 0001:0003BB18       DisableThreadLibraryCalls
 0002:00001000       DispCallByIDProc
 0001:00006A34       DivMod
 0001:0003A9F8       DllCanUnloadNow
 0001:0003AA98       DllGetClassObject
 0002:00001664       DllProc
 0002:000019C4       DoFinalize
 0002:000019C0       DoInitialize
 0002:00000938       DoInterpretCommand
 0001:0000B7B0       DoneExceptions
 0001:00014A74       DoneThreadSynchronization
 0001:0001FAFC       DoReport
 0002:000003AC       DotSep
 0001:00011E54       DoWrite
 0001:0003BA58       Do_LoadTime_CodeInjections
 0001:0001B860       DPlay
 0001:0003C42C       dplayx
 0001:0003A06C       DPlayxHandleInvalid
 0002:00000950       dplayxLibHandle
 0001:0003ABB0       Dplayx_exports
 0001:0001B984       DPLobby
 0001:0003A064       DPLobbyWrapper
 0001:00004604       DynArrayClear
 0001:0000460C       DynArraySetLength
 0001:0000B0F0       EHeapException.FreeInstance
 0001:0001549C       Elapsed
 0002:000017FC       EmptyParam
 0002:000000D4       EmptyStr
 0002:000000D8       EmptyWideStr
 0001:00008A60       EncodeDate
 0001:00008874       EncodeTime
 0001:00000328       EnterCriticalSection
 0001:0000581C       EnterCriticalSection
 0001:00005824       EnumCalendarInfoA
 0001:0000A75C       EnumEraNames
 0001:0000A7A8       EnumEraYearOffsets
 0002:00001750       EraNames
 0001:00009D0C       EraToYear
 0002:0000176C       EraYearOffsets
 0002:0000006C       errCaption
 0001:00001B1C       Error
 0002:00000004       ErrorAddr
 0001:00001AD0       ErrorAt
 0001:0000B1D0       ErrorHandler
 0001:0003B524       ErrorLog_ExtraData
 0001:0003B4E0       Errorlog_Thunk1
 0001:0003B19C       Errorlog_Thunk2
 0002:00000234       ErrorMap
 0002:00001008       ErrorProc
 0001:00019F90       ErrorString
 0002:000013E0       ErrOutput
 0001:00001A98       ExceptAddr
 0002:0000100C       ExceptClsProc
 0001:0000B700       ExceptHandler
 0001:0000AE40       Exception.Create
 0001:0000AE88       Exception.CreateFmt
 0001:0000B058       Exception.CreateFmtHelp
 0001:0000B004       Exception.CreateHelp
 0001:0000AF18       Exception.CreateRes
 0001:0000AF60       Exception.CreateResFmt
 0002:0000101C       ExceptionClass
 0001:0000ABAC       ExceptionErrorMessage
 0002:0000026C       ExceptMap
 0002:00001010       ExceptObjProc
 0002:00001004       ExceptProc
 0001:0000BE18       ExcludeTrailingPathDelimiter
 0002:00000000       ExitCode
 0001:00003744       ExitDll
 0002:00001040       ExitProc
 0001:000001DC       ExitProcess
 0002:00001024       ExitProcessProc
 0001:00005674       ExitProcessTLS
 0001:0000564C       ExitThreadTLS
 0001:000077CC       ExpandFileName
 0002:00000924       ExpectedData
 0001:000076BC       ExtractFileDir
 0001:0000776C       ExtractFileExt
 0001:00007728       ExtractFileName
 0001:0000767C       ExtractFilePath
 0002:0000178C       FalseBoolStrs
 0002:0000017C       FCon1E18
 0001:000073A4       FileAge
 0001:00007390       FileClose
 0001:000072C4       FileCreate
 0001:00007290       FileCreate
 0001:00007414       FileExists
 0002:0000089C       FileFlags
 0002:0000000C       FileMode
 0001:00001ED8       FileNOPProc
 0001:00007220       FileOpen
 0001:000072E4       FileRead
 0001:00007354       FileSeek
 0001:0000582C       FileTimeToDosDateTime
 0001:00005834       FileTimeToLocalFileTime
 0001:0000731C       FileWrite
 0002:00000434       FILE_SHARING_ERRORS
 0001:00000E58       FillAfterGap
 0001:00000DF8       FillBeforeGap
 0001:00000EF8       FillerSizeAfterGap
 0001:00000E80       FillerSizeBeforeGap
 0001:00005470       Finalization
 0001:0000572C       Finalization
 0001:0000D0B8       Finalization
 0001:0000DAFC       Finalization
 0001:0001022C       Finalization
 0001:000103E0       Finalization
 0001:00010444       Finalization
 0001:0001049C       Finalization
 0001:00005764       Finalization
 0001:00014B20       Finalization
 0001:00015008       Finalization
 0001:00015058       Finalization
 0001:00015234       Finalization
 0001:00016D08       Finalization
 0001:00005E60       Finalization
 0001:0001735C       Finalization
 0001:00017394       Finalization
 0001:00005B18       Finalization
 0001:00017528       Finalization
 0001:000184BC       Finalization
 0001:00005AE0       Finalization
 0001:00018528       Finalization
 0001:00018568       Finalization
 0001:000190B4       Finalization
 0001:00019410       Finalization
 0001:00019E78       Finalization
 0001:0001B830       Finalization
 0001:0001B954       Finalization
 0001:0001BDA4       Finalization
 0001:0001BE0C       Finalization
 0001:0001C198       Finalization
 0001:0001D254       Finalization
 0001:0001E060       Finalization
 0001:0001F488       Finalization
 0001:0001F9AC       Finalization
 0001:0001FF88       Finalization
 0001:000202F4       Finalization
 0001:00020768       Finalization
 0001:00021F34       Finalization
 0001:00021F6C       Finalization
 0001:00022158       Finalization
 0001:000223B0       Finalization
 0001:0002263C       Finalization
 0001:00022708       Finalization
 0001:00022848       Finalization
 0001:000229F8       Finalization
 0001:00022D4C       Finalization
 0001:00022EC8       Finalization
 0001:00023018       Finalization
 0001:00023220       Finalization
 0001:00023258       Finalization
 0001:00023524       Finalization
 0001:000248C4       Finalization
 0001:00024ECC       Finalization
 0001:00038AAC       Finalization
 0001:0003A034       Finalization
 0001:0003AB80       Finalization
 0001:0003AF40       Finalization
 0001:0003B4F4       Finalization
 0001:0003B590       Finalization
 0001:0003B698       Finalization
 0001:0003B848       Finalization
 0001:0003BA14       Finalization
 0001:0003BAE0       Finalization
 0001:0003C010       Finalization
 0001:0003C11C       Finalization
 0001:0003C19C       Finalization
 0001:0003C1D4       Finalization
 0001:00016D40       Finalization
 0001:000045FC       FinalizeArray
 0001:000034F4       FinalizeUnits
 0001:000048E0       FindBS
 0001:000001EC       FindClose
 0001:0000583C       FindClose
 0001:00000DB4       FindCommitted
 0001:00010174       FindCustomVariantType
 0001:00005844       FindFirstFile
 0001:000001F4       FindFirstFile
 0002:0000185C       FindGlobalComponentProcs
 0001:00004828       FindHInstance
 0001:00034E2C       FindHostPlayer
 0001:0000D7AC       FindProc
 0001:00004898       FindResourceHInstance
 0002:000018C4       fIsWin9x
 0002:0000179C       FLanguages
 0001:00008310       FloatToDecimal
 0001:00008650       FloatToStr
 0001:0000803C       FloatToText
 0001:000021A4       Flush
 0001:0000584C       FlushFileBuffers
 0001:00005854       FlushInstructionCache
 0002:00000190       FMSecsPerDay
 0001:00007F1C       FmtStr
 0001:0000746C       ForceDirectories
 0002:00000198       Format
 0001:00007EF4       Format
 0001:00007B24       FormatBuf
 0001:00007B10       FormatClearStr
 0001:00007A70       FormatError
 0002:00000174       FormatErrorStrs
 0001:0000585C       FormatMessage
 0001:00007AD8       FormatVarToStr
 0001:00002754       FPower10
 0001:0000CDC4       FreeAndNil
 0001:00000AB4       FreeCommitted
 0001:000010EC       FreeCurAlloc
 0001:00014A90       FreeIntConstList
 0001:000001FC       FreeLibrary
 0001:00005864       FreeLibrary
 0001:00018558       FreeListU
 0001:00000684       FreeSpace
 0001:0000C764       FreeTerminateProcs
 0002:000008A0       fVersionLazyInited
 0001:000226D8       GameUnit_LOS_MiniMap_UnitsProjectiles_IsOwner
 0001:0002283C       GameUnit_LOS_PlayerSeeUnit_EpilogCode_Exit
 0001:000227E8       GameUnit_LOS_PlayerSeeUnit_IsOwnerAllowedToSee
 0001:000224C8       GameUnit_LOS_Radar_CanDirectlySeeUnit
 0001:0002257C       GameUnit_LOS_Radar_LoopCondition
 0001:00022524       GameUnit_LOS_Radar_LoopStart
 0001:00022B88       GameUnit_LOS_Update_1_Retry
 0001:00022B6C       GameUnit_LOS_Update_1_Start
 0001:00022C74       GameUnit_LOS_Update_2_Retry
 0001:00022C58       GameUnit_LOS_Update_2_Start
 0002:00000934       Game_SetLOSState
 0002:000019C8       gdwDPlaySPRefCount
 0001:0000586C       GetACP
 0001:00000340       GetBlockDesc
 0001:00016EB8       GetChar
 0001:000002DC       GetCmdShow
 0001:00022880       GetCodeInjections
 0001:00022740       GetCodeInjections
 0001:00022674       GetCodeInjections
 0001:000223E8       GetCodeInjections
 0001:00022D84       GetCodeInjections
 0001:00022A30       GetCodeInjections
 0001:00000204       GetCommandLine
 0001:000008C8       GetCommitted
 0001:00000970       GetCommittedAt
 0001:00008DE0       GetCount
 0001:00005874       GetCPInfo
 0001:0000587C       GetCurrentProcess
 0001:00005884       GetCurrentThreadId
 0001:000002BC       GetCurrentThreadId
 0001:00008E18       GetDate
 0001:0000588C       GetDateFormat
 0001:00009BD8       GetDateOrder
 0001:00005894       GetDiskFreeSpaceA
 0002:00000148       GetDiskFreeSpaceEx
 0001:00002DA8       GetDynaMethod
 0001:0000A834       GetEraNamesAndYearOffsets
 0001:00009CA8       GetEraYearOffset
 0001:0000B410       GetExceptionClass
 0001:0000B620       GetExceptionObject
 0001:0000589C       GetFileAttributes
 0001:0000018C       GetFileSize
 0001:000058A4       GetFileSize
 0001:00000184       GetFileType
 0001:00018F54       GetFileVersion
 0001:00005A24       GetFileVersionInfo
 0001:00005A2C       GetFileVersionInfoSize
 0001:00018D48       GetFileVersion_internal
 0001:0000C2F8       GetFormatSettings
 0001:000058AC       GetFullPathName
 0001:00020374       GetINIFileName
 0001:00002A40       GetKeyboardType
 0001:0000020C       GetLastError
 0001:000058B4       GetLastError
 0001:0001827C       GetLineNumberFromAddress
 0001:0000A5A8       GetLocaleChar
 0001:000058C4       GetLocaleInfo
 0001:00000214       GetLocaleInfo
 0001:0000A54C       GetLocaleStr
 0001:000058BC       GetLocalTime
 0001:00018470       GetMapAddressFromAddress
 0001:00018378       GetMapFileName
 0001:000058CC       GetModuleFileName
 0001:0000021C       GetModuleFileName
 0001:00000224       GetModuleHandle
 0001:000058D4       GetModuleHandle
 0001:00018190       GetModuleNameFromAddress
 0001:0000A628       GetMonthDayNames
 0001:00018688       GetMyDocs
 0001:00001BFC       GetParamStr
 0001:0003B534       GetPlugin
 0001:0003B5D0       GetPlugin
 0001:00022F60       GetPlugin
 0001:00022350       GetPlugin
 0001:0003B6D8       GetPlugin
 0001:0003B940       GetPlugin
 0001:000232CC       GetPlugin
 0001:0003AF80       GetPlugin
 0001:00023074       GetPlugin
 0001:0001FFC8       GetPlugin
 0001:000058DC       GetPrivateProfileString
 0001:0000022C       GetProcAddress
 0001:000058E4       GetProcAddress
 0001:0001820C       GetProcNameFromAddress
 0001:000005A8       GetSpace
 0001:0000060C       GetSpaceAt
 0001:00000234       GetStartupInfo
 0001:00000194       GetStdHandle
 0001:000058EC       GetStdHandle
 0001:000058F4       GetStringTypeEx
 0001:000186E8       GetSysDir
 0001:000058FC       GetSystemDirectory
 0001:00005904       GetSystemInfo
 0001:00005A5C       GetSystemMetrics
 0001:0001903C       GetTADemoVersion
 0001:0000590C       GetTempFileName
 0001:00005914       GetTempPath
 0001:0000023C       GetThreadLocale
 0001:0000591C       GetThreadLocale
 0001:000002D4       GetTickCount
 0001:00005924       GetTickCount
 0001:00008E50       GetTime
 0001:000055D4       GetTlsSize
 0001:000002C4       GetVersion
 0001:0000592C       GetVersionEx
 0001:00005934       GetVolumeInformation
 0001:00018828       GetVolumePathName
 0001:0000593C       GlobalAlloc
 0001:00005AA0       GlobalAllocPtr
 0002:00001860       GlobalFixupList
 0001:00005944       GlobalFree
 0001:00005ACC       GlobalFreePtr
 0001:00005954       GlobalHandle
 0001:0000594C       GlobalLock
 0002:00001848       GlobalNameSpace
 0001:0000595C       GlobalReAlloc
 0001:00005AB0       GlobalReAllocPtr
 0001:00005964       GlobalUnlock
 0001:00016D38       GPHugeF
 0002:000019A0       hBattleRoomScrollBarKeyboardHook
 0002:00000028       HeapAllocFlags
 0002:000015C0       heapErrorCode
 0002:000015C4       heapLock
 0002:00000144       HexDisplayPrefix
 0001:000149C0       HexToBin
 0002:00001660       HInstance
 0001:00005A84       HiWord
 0001:00038AE8       idplay
 0002:000008B8       IID_IDirectPlay
 0002:000008A8       IID_IDirectPlay3
 0002:000008C8       IID_IDirectPlayLobby2
 0002:00000194       IMSecsPerDay
 0001:0000E634       InBounds
 0001:0000E8D4       InBounds
 0001:0000BDC4       IncludeTrailingPathDelimiter
 0001:0000E904       Increment
 0001:0000E664       Increment
 0002:0000192C       iniFileName_cache
 0001:0001D29C       IniFiles
 0002:0000191C       iniSettings
 0001:00000B48       InitAllocator
 0001:0003C040       InitCode
 0001:0003C14C       InitCode_CoreExePatching
 0002:00001630       InitContext
 0001:0000C798       InitDriveSpacePtr
 0001:0000B728       InitExceptions
 0001:0000596C       InitializeCriticalSection
 0001:00000320       InitializeCriticalSection
 0002:000015BC       initialized
 0001:000056D8       InitializeModule
 0001:0000D7F0       InitializeVarUtils
 0001:0000C0A8       InitLeadBytes
 0001:0000B834       InitPlatformId
 0001:00005620       InitProcessTLS
 0001:0000C14C       InitSysLocale
 0001:00014A3C       InitThreadSynchronization
 0001:000055DC       InitThreadTLS
 0001:0003C110       InitThunk_Stage1
 0001:0003C090       InitThunk_Stage2
 0001:0003ABE4       InitToolHelp
 0001:00003564       InitUnits
 0001:000207B4       INI_Options
 0002:00001048       Input
 0001:00022190       InputHandler
 0001:000223E0       InputHook
 0001:00000FF4       InsertFree
 0001:0001F160       InstallPlugins
 0002:00001854       IntConstList
 0001:0000C808       InterlockedDecrement
 0001:000002B4       InterlockedDecrement
 0001:0000C814       InterlockedExchange
 0001:0000C81C       InterlockedExchangeAdd
 0001:0000C7FC       InterlockedIncrement
 0001:000002AC       InterlockedIncrement
 0001:00001F18       InternalClose
 0001:0000215C       InternalFlush
 0001:00000E34       InternalFreeMem
 0001:00003DC0       InternalUniqueString
 0001:00006F40       IntToHex
 0001:00006F68       IntToHex
 0001:00006E2C       IntToStr
 0001:00006F18       IntToStr
 0002:00001798       InvalidPointer
 0001:00002C70       InvokeImplGetter
 0001:00001B9C       IOResult
 0001:00005974       IsBadReadPtr
 0002:00001044       IsConsole
 0001:0000BD68       IsDelimiter
 0001:00008918       IsLeapYear
 0002:00001034       IsLibrary
 0002:00001045       IsMultiThread
 0001:0000BD1C       IsPathDelimiter
 0001:0001D40C       IsRelative
 0001:00016E2C       IsStrBool
 0001:0001BCE0       IsTAHookRunning
 0001:0001FAE4       IsTAVersion31
 0002:00001915       IsTAVersion31_Cache
 0001:0000C128       IsWesternGroup
 0001:000187C8       IsWin9x
 0002:00000030       JITEnable
 0002:000019EC       KernelHandle
 0002:000018BC       kernellib
 0001:0000756C       LastDelimiter
 0001:000053FC       LCIDToCodePage
 0001:0000C030       LCIDToCodePage
 0002:00000124       LeadBytes
 0001:00000330       LeaveCriticalSection
 0001:0000597C       LeaveCriticalSection
 0002:0000003C       LibModuleList
 0001:0003C068       LibraryProc
 0002:000018A4       LineNumbers
 0001:0001BA00       ListCheats
 0002:0000174E       ListSeparator
 0001:00015038       ListsU
 0001:00017F0C       LoadAndParseMapFile
 0001:00005984       LoadLibrary
 0001:00000244       LoadLibraryEx
 0001:00004AE4       LoadResourceModule
 0001:000053A4       LoadResString
 0001:0000024C       LoadString
 0001:00005A64       LoadString
 0001:00005598       LocalAlloc
 0001:00000300       LocalAlloc
 0001:00000308       LocalFree
 0001:000055A0       LocalFree
 0001:0000A5E4       LocalGetLocaleStr
 0001:0001C1C8       log2
 0002:000008A4       logdir
 0001:000195CC       LogError
 0001:000194B8       LogException
 0002:000018D8       logFilename
 0001:00019EBC       logging
 0002:0000094C       logsave
 0002:000018DC       Log_
 0002:00001690       LongDateFormat
 0002:00001724       LongDayNames
 0002:000016D8       LongMonthNames
 0002:000016A4       LongTimeFormat
 0001:00022EF8       LOS_AllyPlayer
 0001:00023048       LOS_extensions
 0001:00022A28       LOS_GUIText
 0001:0002298C       LOS_GUIText_SeeCommHealth
 0001:000229C4       LOS_GUIText_Unit_KillsNStuff
 0001:0002294C       LOS_GUIText_Unit_Resources
 0001:00022738       LOS_MiniMapUnits
 0001:00022878       LOS_PlayerSeeUnit
 0001:0002266C       LOS_Radar
 0002:00001974       LOS_Updates_PTR
 0001:00022D7C       LOS_UpdateTables
 0001:00006B34       LowerCase
 0002:00000944       LowerLimit
 0001:00000254       lstrcpyn
 0002:00001820       LVarTypes
 0002:00001824       LVarTypeSync
 0002:0000102C       MainInstance
 0002:00001030       MainThreadID
 0001:000003C4       MakeEmpty
 0001:000036E8       MakeErrorMessage
 0001:00018CA4       MakeTempFilename
 0001:0000B35C       MapException
 0002:00000854       MapFileName
 0002:000018A8       MapFileSetup
 0001:0000336C       MapToRunError
 0001:0000598C       MapViewOfFile
 0001:000173C4       Math
 0001:0001BDD4       MemMappedDataStructure
 0002:00000044       MemoryManager
 0001:0000045C       MergeBlockAfter
 0001:00001138       MergeCommit
 0001:000001E4       MessageBox
 0001:00005A6C       MessageBox
 0001:00005B48       Messages
 0001:00015088       MMSystem
 0002:000000AC       Module
 0001:0003AED8       Module32First
 0001:0003AF0C       Module32Next
 0001:0003B154       ModuleInfoComparer
 0002:0000165D       ModuleIsCpp
 0002:0000165C       ModuleIsLib
 0001:00014B0C       ModuleUnload
 0002:00000040       ModuleUnloadList
 0002:000000F4       MonthDays
 0001:00001BBC       Move
 0001:0003BA50       MultiAILimit
 0001:00000264       MultiByteToWideChar
 0002:00001685       NegCurrFormat
 0001:000011C4       NewCommit
 0001:000011F0       NewCommitAt
 0002:0000095C       NewUnitLimit
 0001:0000BCC8       NextCharIndex
 0002:00000034       NoErrMsg
 0001:00002F24       NotifyAnyExcept
 0001:00002EF8       NotifyExcept
 0001:00002F58       NotifyExceptFinally
 0001:00004E20       NotifyModuleUnload
 0001:00002ED4       NotifyNonDelphiException
 0001:00002F10       NotifyOnExcept
 0001:00002EB8       NotifyReRaise
 0001:00002F80       NotifyTerminate
 0001:00002F9C       NotifyUnhandled
 0001:00008CA4       Now
 0002:00000330       NullAsStringValue
 0002:0000032C       NullStrictConvert
 0002:0000199C       nUpClicks
 0002:000018B0       ObjectsToFree
 0001:000165C4       OffsetPtr
 0001:00018518       OnFinalize
 0001:0003BFD8       OnFinalize
 0001:0003A094       OnInit
 0001:0003BBAC       OnInitialize
 0001:00018500       OnInitialize
 0001:0003B52C       OnInstall
 0001:0003AF78       OnInstall
 0001:0003B5C8       OnInstall
 0001:0003B880       OnInstall
 0001:00022320       OnInstall
 0001:00023290       OnInstallBattleRoomScroll
 0001:0001FFC0       OnInstallCobExtensions
 0001:00022F1C       OnInstallShareLOS
 0001:00023064       OnInstallSpeedHack
 0001:0003B6D0       OnInstallUnitLimit
 0001:00022340       OnUnInstall
 0001:0003B5CC       OnUninstall
 0001:0003AF7C       OnUnInstall
 0001:0003B884       OnUninstall
 0001:0003B530       OnUnInstall
 0001:000232B0       OnUninstallBattleRoomScroll
 0001:0001FFC4       OnUninstallCobExtensions
 0001:00022F28       OnUninstallShareLOS
 0001:00023070       OnUninstallSpeedHack
 0001:0003B6D4       OnUninstallUnitLimit
 0001:0001BD30       OpenMemMap
 0001:00001E2C       OpenText
 0002:00001794       OutOfMemory
 0002:00001214       Output
 0001:00033394       OutputInfo
 0001:0001BE3C       PacketBufferU
 0001:00021F64       packet_old
 0001:00001D60       ParamStr
 0001:00016F10       ParseParams
 0001:0001E3D8       PatchNJump
 0001:0003B670       PauseHandling
 0001:0003B6C8       PauseLock
 0001:000248F4       PlayerDataU
 0002:0000194C       PlayerPtr
 0002:00001960       PlayerPtr
 0002:00001978       PlayerPtr
 0001:00022E98       Player_SetAlliedState_JumpHook
 0001:00022EB0       Player_SetAlliedState_RetHook
 0001:00022188       PluginCommandHandlerU
 0002:0000193C       PluginCommands
 0001:0001F4C8       PluginEngine
 0001:0003BB10       Plugins
 0002:00001904       Plugins
 0001:00010FBC       PointerInModule
 0002:00001A4C       proc
 0002:000018C8       proc
 0002:000018A0       Procedures
 0001:000140AC       PropValueError
 0002:000000A8       PtrToNil
 0001:0001713C       PtrToStr
 0001:00007FF8       PutExponent
 0001:000002CC       QueryPerformanceCounter
 0001:00011750       QuickSort
 0001:0000B2F8       RaiseAssertException
 0001:0001360C       RaiseException
 0001:0000019C       RaiseException
 0002:00001014       RaiseExceptionProc
 0001:0000C694       RaiseLastOSError
 0001:00001DC4       Randomize
 0002:00000008       RandSeed
 0001:0001408C       ReadError
 0001:0001D3D8       ReadError
 0001:000001A4       ReadFile
 0001:00005994       ReadFile
 0001:00020580       ReadINISettings
 0001:000023DC       ReadLine
 0001:0000599C       ReadProcessMemory
 0002:00001818       RefAnyProc
 0001:0000026C       RegCloseKey
 0001:0000579C       RegCloseKey
 0001:000057A4       RegCreateKeyEx
 0001:0001D434       RegDataToDataType
 0001:000057AC       RegFlushKey
 0002:00001858       RegGroups
 0001:00004E7C       RegisterModule
 0001:0001F0FC       RegisterPlugin
 0001:0001E0A8       Registry
 0001:000057B4       RegOpenKeyEx
 0001:00000274       RegOpenKeyEx
 0001:0000027C       RegQueryValueEx
 0001:000057BC       RegQueryValueEx
 0001:000057C4       RegSetValueEx
 0002:00000050       reMap
 0002:00001614       remBytes
 0001:000004E4       RemoveBlock
 0001:00013F3C       RemoveFixupReferences
 0001:00013FF8       RemoveFixups
 0001:000172E4       RemoveInvalid
 0001:00004D98       RemoveModuleUnloadProc
 0001:00004D70       RemoveModuleUnloadProc
 0001:000059A4       ResetEvent
 0001:00023050       ResetGameSpeedLimits
 0001:00022F00       ResetShareLosState
 0001:00001728       ResizeInPlace
 0001:00011FD8       ReturnAddr
 0001:000113F4       ReturnAddr
 0002:00001610       rover
 0001:00010410       RTLConsts
 0001:000001AC       RtlUnwind
 0002:00001018       RTLUnwindProc
 0002:00000074       runErrMsg
 0001:00001AC4       RunErrorAt
 0001:0000D78C       SafeArrayCreate
 0001:0000D794       SafeArrayGetLBound
 0001:0000D79C       SafeArrayGetUBound
 0001:0000D7A4       SafeArrayPtrOfIndex
 0001:00006BF4       SameText
 0001:000099FC       ScanBlanks
 0001:00009B88       ScanChar
 0001:00009D74       ScanDate
 0001:00009A3C       ScanNumber
 0001:00009AF0       ScanString
 0001:0000A108       ScanTime
 0001:00009C40       ScanToNumber
 0001:000234D0       ScrollBattleRoomTextWindowDown
 0001:0002346C       ScrollBattleRoomTextWindowUp
 0001:00001224       SearchSmallBlocks
 0001:00018B34       SelfLocation
 0002:000018CC       SelfLocation_cache
 0001:0000FEA0       SetClearVarToEmptyParam
 0001:000059AC       SetEndOfFile
 0001:000001B4       SetEndOfFile
 0001:000059B4       SetEvent
 0001:000034AC       SetExceptionHandler
 0001:000001BC       SetFilePointer
 0001:000059BC       SetFilePointer
 0001:00001B48       SetInOutRes
 0001:000059C4       SetLastError
 0001:0001F5FC       SetLongword
 0001:0000FE88       SetVarAsError
 0001:00005A74       SetWindowsHookEx
 0001:0001F5E0       SetWord
 0002:00000894       ShareFlags
 0002:00000160       ShareMode
 0001:00018598       SHFolder
 0001:00018560       SHGetFolderPath
 0002:0000168C       ShortDateFormat
 0002:00001708       ShortDayNames
 0002:000016A8       ShortMonthNames
 0002:000016A0       ShortTimeFormat
 0001:0000AD64       ShowException
 0001:00022E54       Signal_AlliedStateChange
 0001:00017218       SimpleCrypt
 0001:0001449C       SkipBinary
 0001:000144D0       SkipCollection
 0001:00014470       SkipList
 0001:000059CC       Sleep
 0001:0000C68C       Sleep
 0002:0000161C       smallTab
 0002:000015E4       spaceRoot
 0001:00023250       SpeedHack
 0001:00023190       SpeedState_DecreaseSpeed_Check
 0001:000231C8       SpeedState_IncreaseSpeed_Check
 0001:000231F8       SpeedState_SetSpeed_Check
 0001:0001E408       SpliceInJump
 0002:000019B0       StartedFrom
 0002:00000948       State_BattleRoomScroll
 0002:00000928       State_COB_extensions
 0002:00000964       State_MultiAILimit
 0002:00000954       State_PauseLock
 0002:0000093C       State_SpeedHack
 0002:00000960       State_UnitLimit
 0001:00023630       StatusToStr
 0002:00000958       StopPauseStateChange
 0001:00007A04       StrAlloc
 0001:0000B994       StrByteType
 0001:0000BC28       StrCharLength
 0001:0001342C       StringListCompareStrings
 0001:000176B0       StripFromString
 0001:00007900       StrLCopy
 0001:000078BC       StrLen
 0001:00007E9C       StrLFmt
 0001:00007934       StrLIComp
 0001:000078D4       StrMove
 0001:00007A30       StrNew
 0001:0000BC5C       StrNextChar
 0001:000079B0       StrPos
 0001:00007978       StrScan
 0001:0000A324       StrToDate
 0001:0000A41C       StrToDateTime
 0001:000086B0       StrToFloat
 0001:00006F98       StrToInt
 0001:00006FD8       StrToIntDef
 0001:0000A3A0       StrToTime
 0001:0003AB3C       StubCall
 0001:0001892C       SupportsCompression
 0002:0000184C       SyncEvent
 0001:00017800       SyncHeaders
 0002:00000430       SyncList
 0001:00015264       SyncObjs
 0001:00000294       SysAllocStringLen
 0001:00005E90       SysConst
 0001:0000A4E8       SysErrorMessage
 0001:00001550       SysFreeMem
 0001:000002A4       SysFreeString
 0001:000013A4       SysGetMem
 0001:0000575C       SysInit
 0002:00001740       SysLocale
 0001:0000192C       SysReallocMem
 0001:0000029C       SysReAllocStringLen
 0001:000054C4       System
 0001:0000D238       SysUtils
 0002:0000190C       TAData
 0001:00019110       TADemoConsts
 0002:000018D0       TADemoVersion_cache
 0001:0001FD34       TAMem.getActualUnitLimit
 0001:0001FCE0       TAMem.getGameSpeed
 0001:0001FD60       TAMem.getIsAlteredUnitLimit
 0001:0001FD08       TAMem.getMaxUnitLimit
 0001:0001FDB4       TAMem.getPlayerIndex
 0001:0001FE38       TAMem.GetUnitPtr
 0001:0001FD8C       TAMem.getUnitsPtr
 0001:0001FCB8       TAMem.getViewPLayer
 0001:0001FC20       TAMem.IsTAVersion31
 0001:0001F9DC       TAMemManipulations
 0001:0001FE9C       TAPlayer.GetAlliedState
 0001:0001FEE4       TAPlayer.PlayerType
 0001:0001FF0C       TAUnit.getKills
 0001:0001FF60       TAUnit.GetOwnerIndex
 0001:0001FF38       TAUnit.GetOwnerPtr
 0001:00021F9C       TA_FunctionsU
 0001:0001FFB8       TA_MemoryLocations
 0001:00023288       TA_NetworkingMessages
 0001:0001E574       TCodeInjection.Create
 0001:0001E5B8       TCodeInjection.RestoreProc
 0001:0001EA60       TCodeInjection_RelativeJmp.Create
 0001:0001EAC8       TCodeInjection_RelativeJmp.WriteProc
 0001:0001E6F8       TCodeInjection_Replacement.WriteProc
 0001:0001E8AC       TCodeInjection_StaticCall.WriteProc
 0001:000249D4       TCommandHandler.Create
 0001:00024D98       TCommands.AddCommand
 0001:00024C34       TCommands.AddCommandAlias
 0001:00024B8C       TCommands.ClearCommands
 0001:00024A78       TCommands.Create
 0001:00024AE4       TCommands.destroy
 0001:00024B28       TCommands.GetCount
 0001:00024B58       TCommands.GetItem
 0001:00024BEC       TCommands.LookUpCommand
 0001:00015204       TCriticalSection.Acquire
 0001:00015174       TCriticalSection.Create
 0001:000151C4       TCriticalSection.Destroy
 0001:0001521C       TCriticalSection.Release
 0001:0001C3A8       TCustomIniFile.Create
 0001:0001CA34       TCustomIniFile.ReadBinaryStream
 0001:0001C520       TCustomIniFile.ReadBool
 0001:0001C554       TCustomIniFile.ReadDate
 0001:0001C610       TCustomIniFile.ReadDateTime
 0001:0001C6CC       TCustomIniFile.ReadFloat
 0001:0001C3F0       TCustomIniFile.ReadInteger
 0001:0001C788       TCustomIniFile.ReadTime
 0001:0001CBA8       TCustomIniFile.WriteBinaryStream
 0001:0001CA00       TCustomIniFile.WriteBool
 0001:0001C844       TCustomIniFile.WriteDate
 0001:0001C8AC       TCustomIniFile.WriteDateTime
 0001:0001C914       TCustomIniFile.WriteFloat
 0001:0001C4BC       TCustomIniFile.WriteInteger
 0001:0001C980       TCustomIniFile.WriteTime
 0001:00013C40       TCustomMemoryStream.Read
 0001:00013CB0       TCustomMemoryStream.Seek
 0001:00013C18       TCustomMemoryStream.SetPointer
 0001:0000FF3C       TCustomVariantType.BinaryOp
 0001:0000FF48       TCustomVariantType.Cast
 0001:0000FF80       TCustomVariantType.CastTo
 0001:0001000C       TCustomVariantType.CastToOle
 0001:0000FFC8       TCustomVariantType.Compare
 0001:0000FFD4       TCustomVariantType.CompareOp
 0001:00010048       TCustomVariantType.Destroy
 0001:00010128       TCustomVariantType.DispInvoke
 0001:000100D4       TCustomVariantType.IsClear
 0001:000100D8       TCustomVariantType.LeftPromotion
 0001:000100EC       TCustomVariantType.OlePromotion
 0001:0001014C       TCustomVariantType.QueryInterface
 0001:000100F4       TCustomVariantType.RaiseCastError
 0001:00010104       TCustomVariantType.RaiseDispError
 0001:000100FC       TCustomVariantType.RaiseInvalidOp
 0001:0001010C       TCustomVariantType.RightPromotion
 0001:00010120       TCustomVariantType.UnaryOp
 0001:00010134       TCustomVariantType._AddRef
 0001:00010140       TCustomVariantType._Release
 0001:0002ED30       TDPlay.AddGroupToGroup
 0001:0002DDAC       TDPlay.AddPlayerToGroup
 0001:00027A9C       TDPlay.ChatMsgHandler
 0001:0002625C       TDPlay.checkForCheats
 0001:000350E0       TDPlay.Close
 0001:00035CD4       TDPlay.Create
 0001:0002E710       TDPlay.CreateGroup
 0001:0002DEAC       TDPlay.CreateGroup
 0001:0002EDAC       TDPlay.CreateGroupInGroup
 0001:0002870C       TDPlay.createlogfile
 0001:0002DE28       TDPlay.CreatePlayer
 0001:0002F3BC       TDPlay.CreatePlayer
 0001:0002EE38       TDPlay.DeleteGroupFromGroup
 0001:0002DF2C       TDPlay.DeletePlayerFromGroup
 0001:000389F4       TDPlay.Destroy
 0001:0002DFA8       TDPlay.DestroyGroup
 0001:0002F670       TDPlay.DestroyPlayer
 0001:000272A4       TDPlay.dobase
 0001:0002E020       TDPlay.EnableNewPlayers
 0001:0002FA8C       TDPlay.EnumConnections
 0001:0002E798       TDPlay.EnumGroupPlayers
 0001:0002E098       TDPlay.EnumGroupPlayers
 0001:0002E820       TDPlay.EnumGroups
 0001:0002E11C       TDPlay.EnumGroups
 0001:0002EEB4       TDPlay.EnumGroupsInGroup
 0001:0002E1A0       TDPlay.EnumPlayers
 0001:0002F794       TDPlay.EnumPlayers
 0001:0002F854       TDPlay.EnumSessions
 0001:0002E224       TDPlay.EnumSessions
 0001:00034AF0       TDPlay.ExceptMessage
 0001:00035858       TDPlay.Exiting
 0001:00029864       TDPlay.facexpshandler
 0001:0002E8A4       TDPlay.GetCaps
 0001:0002E2AC       TDPlay.GetCaps
 0001:00031144       TDPlay.GetFixFacExps
 0001:00034D80       TDPlay.GetGoodSource
 0001:0002EF3C       TDPlay.GetGroupConnectionSettings
 0001:0002E920       TDPlay.GetGroupData
 0001:0002F1C4       TDPlay.GetGroupFlags
 0001:0002E9A4       TDPlay.GetGroupName
 0001:0002F240       TDPlay.GetGroupParent
 0001:0002E324       TDPlay.GetMessageCount
 0001:0002F2BC       TDPlay.GetPlayerAccount
 0001:0002F8D8       TDPlay.GetPlayerAddress
 0001:0002E3A0       TDPlay.GetPlayerCaps
 0001:0002EA24       TDPlay.GetPlayerCaps
 0001:0002EAA4       TDPlay.GetPlayerData
 0001:0002F340       TDPlay.GetPlayerFlags
 0001:0002E41C       TDPlay.GetPlayerName
 0001:0002FB8C       TDPlay.GetPlayerName
 0001:00031178       TDPlay.GetProtectDT
 0001:00026294       TDPlay.GetRandomMap
 0001:000279B8       TDPlay.getRecorderStatusString
 0001:00034EB0       TDPlay.GetServerPlayer
 0001:0002F99C       TDPlay.GetSessionDesc
 0001:000294C4       TDPlay.Handleunitdata
 0001:00034EF4       TDPlay.ImServer
 0001:000267F4       TDPlay.initbuilding
 0001:00026888       TDPlay.initfastbase
 0001:0002E4A4       TDPlay.Initialize
 0001:0002FB10       TDPlay.InitializeConnection
 0001:000343F8       TDPlay.On3dta
 0001:00033A6C       TDPlay.OnAbout
 0001:00032AAC       TDPlay.OnAutoPause
 0001:00033178       TDPlay.OnBase
 0001:00032A30       TDPlay.OnBaseOff
 0001:00032CAC       TDPlay.OnCmdwarp
 0001:000338B4       TDPlay.OnCrash
 0001:000346A0       TDPlay.OnCreatetxt
 0001:00031BAC       TDPlay.OnDate
 0001:0003322C       TDPlay.OnDoBase
 0001:00031438       TDPlay.OnEhaoff
 0001:00031504       TDPlay.OnEhaOn
 0001:0003169C       TDPlay.Onehareport
 0001:00034AD0       TDPlay.OnException
 0001:00032BFC       TDPlay.Onf1off
 0001:00034928       TDPlay.OnFakeWatch
 0001:00033BB8       TDPlay.OnFixall
 0001:000312B8       TDPlay.OnFixDisabled
 0001:00031378       TDPlay.OnFixEnabled
 0001:00033C20       TDPlay.OnFixFactoryExplosions
 0001:000349B4       TDPlay.OnForceCd
 0001:00031F6C       TDPlay.OnGive
 0001:000334BC       TDPlay.OnHelp
 0001:00032940       TDPlay.OnHookReport
 0001:00034744       TDPlay.OnLockOn
 0001:000345FC       TDPlay.OnOnlyUnits
 0001:000339B0       TDPlay.OnPanic
 0001:0003181C       TDPlay.OnPlayers
 0001:00033D08       TDPlay.OnProtectDT
 0001:0003485C       TDPlay.OnRandMap
 0001:000340D0       TDPlay.OnRecord
 0001:00034E00       TDPlay.OnRemovePlayer
 0001:00031A74       TDPlay.OnReport
 0001:000311AC       TDPlay.OnShareLos
 0001:00033DE0       TDPlay.OnSharemapPos
 0001:00033784       TDPlay.OnStatus
 0001:000320A8       TDPlay.OnStopGive
 0001:000345B0       TDPlay.OnStopLog
 0001:0003311C       TDPlay.OnSyncOff
 0001:00032D5C       TDPlay.OnSyncon
 0001:000315D0       TDPlay.OnTaHookOff
 0001:00032544       TDPlay.OnTake
 0001:00033F18       TDPlay.OnTime
 0001:0003218C       TDPlay.OnUnits
 0001:00031EA0       TDPlay.OnVoteGo
 0001:00031CBC       TDPlay.OnVoteReady
 0001:0003385C       TDPlay.OnYankspank
 0001:0002E51C       TDPlay.Open
 0001:00034F2C       TDPlay.Open
 0001:00029BF0       TDPlay.PacketHandler
 0001:00028400       TDPlay.PacketLostHandler
 0001:0003060C       TDPlay.Receive
 0001:0002E594       TDPlay.Receive
 0001:00035190       TDPlay.ResetRecorder
 0001:0002E61C       TDPlay.SaveSession
 0001:0002EFC0       TDPlay.SecureOpen
 0001:000301C0       TDPlay.Send
 0001:00025C60       TDPlay.SendAlliedChat
 0001:00025784       TDPlay.SendChat
 0001:000258C8       TDPlay.SendChatLocal
 0001:000259F8       TDPlay.SendChatLocal2
 0001:0002F044       TDPlay.SendChatMessage
 0001:00026194       TDPlay.SendClipboard
 0001:00025AEC       TDPlay.SendLocal
 0001:00025ABC       TDPlay.SendLocal
 0001:00026008       TDPlay.SendRecorderToRecorderMsg
 0001:00025D30       TDPlay.SendRecorderToRecorderMsg2
 0001:00029AF0       TDPlay.SetAutoPauseAtStart
 0001:00029B10       TDPlay.SetCommanderWarp
 0001:00029B4C       TDPlay.SetF1Disable
 0001:00029BA8       TDPlay.SetFastSpeed
 0001:0002F0C8       TDPlay.SetGroupConnectionSettings
 0001:0002EB28       TDPlay.SetGroupData
 0001:0002EBAC       TDPlay.SetGroupName
 0001:0002EC2C       TDPlay.SetPlayerData
 0001:0002E690       TDPlay.SetPlayerName
 0001:0002ECB0       TDPlay.SetPlayerName
 0001:0002FA14       TDPlay.SetSessionDesc
 0001:00029BCC       TDPlay.SetSlowSpeed
 0001:00029B88       TDPlay.SetSpeedLock
 0001:00029258       TDPlay.SmartPak
 0001:0002F148       TDPlay.StartSession
 0001:00028338       TDPlay.UnitCountChange
 0001:00018C04       TempPath
 0002:00000320       TerminateProcList
 0002:00001046       Test8086
 0001:0001F508       TestByte
 0001:0001F4D0       TestByte
 0001:0001F554       TestBytes
 0002:00001964       TestPlayer
 0002:0000197C       TestPlayer
 0002:00001944       TestPlayerIndex
 0002:00001948       TestPlayerPtr
 0001:00001F28       TextClose
 0001:00022F34       TextCommand_View_Hook
 0001:0001738C       textdata
 0001:00019440       TextFileU
 0001:00001E9C       TextIn
 0001:00001F48       TextOpen
 0001:00001EDC       TextOut
 0001:0000853C       TextToFloat
 0001:00013A20       TFileStream.Create
 0001:00013A70       TFileStream.Create
 0001:00013BD0       TFileStream.Destroy
 0001:00015518       TGpHugeFile.AccessFile
 0001:000163BC       TGpHugeFile.AllocBuffer
 0001:00015D2C       TGpHugeFile.BlockWrite
 0001:00016918       TGpHugeFile.BlockWriteUnsafe
 0001:00015B68       TGpHugeFile.CheckHandle
 0001:00015AB0       TGpHugeFile.Close
 0001:000153A8       TGpHugeFile.CreateEx
 0001:00015460       TGpHugeFile.Destroy
 0001:00016258       TGpHugeFile.FilePos
 0001:00016C58       TGpHugeFile.FileSize
 0001:00015BD4       TGpHugeFile.FileSizeNoCache
 0001:0001631C       TGpHugeFile.Flush
 0001:00016854       TGpHugeFile.FlushBuffer
 0001:000164F4       TGpHugeFile.FreeBuffer
 0001:00016CD4       TGpHugeFile.InitReadBuffer
 0001:00016CA0       TGpHugeFile.InitWriteBuffer
 0001:000169D4       TGpHugeFile.IsOpen
 0001:00016BF0       TGpHugeFile.LoadedToTheEOF
 0001:000157C0       TGpHugeFile.ResetEx
 0001:0001594C       TGpHugeFile.RewriteEx
 0001:00016390       TGpHugeFile.RoundToPageSize
 0001:000160E8       TGpHugeFile.Seek
 0001:000165E0       TGpHugeFile.Transmit
 0001:0001616C       TGpHugeFile.Truncate
 0001:00016BA8       TGpHugeFile.Win32Check
 0001:00015E84       TGpHugeFile._Seek
 0001:000138DC       THandleStream.Create
 0001:0001392C       THandleStream.Read
 0001:0001399C       THandleStream.Seek
 0001:000139F0       THandleStream.SetSize
 0001:000139D0       THandleStream.SetSize
 0001:00013964       THandleStream.Write
 0002:00001686       ThousandSeparator
 0002:00001864       ThreadLock
 0001:0003C1CC       threadlogging
 0001:0003B5C0       Thread_marshaller
 0001:000169F0       ThrowCase1
 0001:00016AE8       ThrowCase2
 0002:00001698       TimeAMString
 0001:00015040       timeBeginPeriod
 0001:00015048       timeGetDevCaps
 0001:00015050       timeGetTime
 0002:0000169C       TimePMString
 0002:00001694       TimeSeparator
 0001:000099C0       TimeToStr
 0001:0001D1F8       TIniFile.DeleteKey
 0001:0001CD18       TIniFile.Destroy
 0001:0001D19C       TIniFile.EraseSection
 0001:0001CF30       TIniFile.ReadSection
 0001:0001CE24       TIniFile.ReadSections
 0001:0001D048       TIniFile.ReadSectionValues
 0001:0001CD54       TIniFile.ReadString
 0001:0001D230       TIniFile.UpdateFile
 0001:0001CDB4       TIniFile.WriteString
 0001:00004F60       TInterfacedObject.AfterConstruction
 0001:00004F6C       TInterfacedObject.BeforeDestruction
 0001:00004F7C       TInterfacedObject.NewInstance
 0001:00004F8C       TInterfacedObject.QueryInterface
 0001:00004FB4       TInterfacedObject._AddRef
 0001:00004FC8       TInterfacedObject._Release
 0001:0003AF70       TlHelp32
 0001:000112E8       TList.Add
 0001:00011340       TList.Clear
 0001:00011360       TList.Delete
 0001:000112BC       TList.Destroy
 0001:0001143C       TList.Error
 0001:000113FC       TList.Error
 0001:0001185C       TList.Extract
 0001:0001149C       TList.Get
 0001:000114E4       TList.Grow
 0001:0001153C       TList.IndexOf
 0001:000118B8       TList.Notify
 0001:00011588       TList.Put
 0001:00011618       TList.Remove
 0001:0001164C       TList.SetCapacity
 0001:000116A8       TList.SetCount
 0001:00011820       TList.Sort
 0001:00038D34       TLobby.Connect
 0001:00039F18       TLobby.Create
 0001:00038EE4       TLobby.CreateAddress
 0001:00039E60       TLobby.CreateCompoundAddress
 0001:00038F98       TLobby.EnumAddress
 0001:00039044       TLobby.EnumAddressTypes
 0001:000390F4       TLobby.EnumLocalApplications
 0001:000391A4       TLobby.GetConnectionSettings
 0001:00039254       TLobby.ReceiveLobbyMessage
 0001:0003941C       TLobby.RunApplication
 0001:00039B88       TLobby.SendLobbyMessage
 0001:00039D00       TLobby.SetConnectionSettings
 0001:00039DB0       TLobby.SetLobbyMessageEvent
 0001:00019C04       TLog.Add
 0001:00019C88       TLog.Add
 0001:00019DFC       TLog.Add
 0001:00019AEC       TLog.Add2
 0001:00019720       TLog.Create
 0001:00019A18       TLog.Destroy
 0001:00019AC0       TLog.Flush
 0001:0001BFA0       TLog2.Add
 0001:0001BEA8       TLog2.Create
 0001:0001C15C       TLog2.Destroy
 0001:0001BF78       TLog2.Flush
 0001:000055A8       TlsAlloc
 0002:0000166C       tlsBuffer
 0001:000055B0       TlsFree
 0001:000055B8       TlsGetValue
 0002:000000A4       TlsIndex
 0002:FF8C200C       TlsLast
 0002:000000C4       TlsProc
 0001:000055C0       TlsSetValue
 0001:00013D44       TMemoryStream.Clear
 0001:00013D08       TMemoryStream.Destroy
 0001:00013DE4       TMemoryStream.Realloc
 0001:00013D68       TMemoryStream.SetCapacity
 0001:00013D9C       TMemoryStream.SetSize
 0001:00013EAC       TMemoryStream.Write
 0001:0003B074       TModuleInfo.Create
 0001:0000CCB8       TMultiReadExclusiveWriteSynchronizer.BeginRead
 0001:0000CB70       TMultiReadExclusiveWriteSynchronizer.BeginWrite
 0001:0000CAE8       TMultiReadExclusiveWriteSynchronizer.BlockReaders
 0001:0000C9FC       TMultiReadExclusiveWriteSynchronizer.Create
 0001:0000CA8C       TMultiReadExclusiveWriteSynchronizer.Destroy
 0001:0000CD40       TMultiReadExclusiveWriteSynchronizer.EndRead
 0001:0000CC4C       TMultiReadExclusiveWriteSynchronizer.EndWrite
 0001:0000CB18       TMultiReadExclusiveWriteSynchronizer.UnblockOneWriter
 0001:0000CB00       TMultiReadExclusiveWriteSynchronizer.UnblockReaders
 0001:0000CB30       TMultiReadExclusiveWriteSynchronizer.WaitForReadSignal
 0001:0000CB50       TMultiReadExclusiveWriteSynchronizer.WaitForWriteSignal
 0001:00002E10       TObject.AfterConstruction
 0001:00002E14       TObject.BeforeDestruction
 0001:00002B64       TObject.ClassName
 0001:00002B78       TObject.ClassParent
 0001:00002B58       TObject.ClassType
 0001:00002C50       TObject.CleanupInstance
 0001:00002BBC       TObject.Create
 0001:00002E0C       TObject.DefaultHandler
 0001:00002BDC       TObject.Destroy
 0001:00002E18       TObject.Dispatch
 0001:00002BEC       TObject.Free
 0001:00002BA0       TObject.FreeInstance
 0001:00002CA0       TObject.GetInterface
 0001:00002D40       TObject.GetInterfaceEntry
 0001:00002DF0       TObject.InheritsFrom
 0001:00002BF8       TObject.InitInstance
 0001:00002BB4       TObject.InstanceSize
 0001:00002B84       TObject.NewInstance
 0001:00002E04       TObject.SafeCallException
 0001:00017434       TObjectList.Add
 0001:00017458       TObjectList.Create
 0001:000174A8       TObjectList.Extract
 0001:000174CC       TObjectList.GetItem
 0001:000174F0       TObjectList.Notify
 0001:0000490C       ToLongPath
 0001:000219A4       TPacket.Compress
 0001:00020824       TPacket.Create
 0001:000214E8       TPacket.Decompress
 0001:00021278       TPacket.Decrypt
 0001:000213C0       TPacket.Encrypt
 0001:0002099C       TPacket.GetRawData2
 0001:000209D8       TPacket.GetTAData
 0001:00020960       TPacket.GetTimestamp
 0001:00020A3C       TPacket.PacketLength
 0001:000208D0       TPacket.SJCreateNew
 0001:00020F08       TPacket.Split2
 0001:00011A2C       TPersistent.Assign
 0001:00011A58       TPersistent.AssignError
 0001:00011B30       TPersistent.AssignTo
 0001:00011B4C       TPersistent.DefineProperties
 0001:000119F0       TPersistent.Destroy
 0001:00011B5C       TPersistent.GetNamePath
 0001:00011C14       TPersistent.GetOwner
 0001:000236C0       TPlayerData.Create
 0001:0002380C       TPlayerData.IsSelf
 0001:000238A0       TPlayerData.IsServer
 0001:00023794       TPlayerData.OnPlayerRemoved
 0001:00023C1C       TPlayers.Add
 0001:00023B2C       TPlayers.Clear
 0001:000245D8       TPlayers.Convert
 0001:00024754       TPlayers.ConvertId
 0001:0002393C       TPlayers.Create
 0001:00023AD0       TPlayers.Destroy
 0001:000241BC       TPlayers.getCount
 0001:000243D8       TPlayers.GetData_
 0001:000241D8       TPlayers.Name
 0001:0002427C       TPlayers.Name
 0001:00023C70       TPlayers.Remove
 0001:00024180       TPlayers.Remove
 0001:000220B0       TPluginCommands.ClearCommands
 0001:00022000       TPluginCommands.Create
 0001:0002206C       TPluginCommands.destroy
 0001:00022110       TPluginCommands.LookUpCommand
 0001:0001ED24       TPluginData.create
 0001:0001EE90       TPluginData.MakeNOPReplacement
 0001:0001EDC8       TPluginData.MakeRelativeJmp
 0001:0001EF34       TPluginData.MakeReplacement
 0001:0001EE3C       TPluginData.MakeStaticCall
 0001:0001EFEC       TPluginData.NewCodeInjection
 0001:0000A8F8       TranslateDateFormat
 0001:0000E34C       TranslateResult
 0001:000140BC       TReader.CheckValue
 0001:000140EC       TReader.EndOfList
 0001:00014110       TReader.NextValue
 0001:00014134       TReader.Read
 0001:00014180       TReader.ReadBuffer
 0001:000141D4       TReader.ReadListBegin
 0001:000141E8       TReader.ReadListEnd
 0001:000141FC       TReader.ReadStr
 0001:00014244       TReader.ReadString
 0001:00014400       TReader.ReadValue
 0001:00014308       TReader.ReadWideString
 0001:00014730       TReader.SkipBytes
 0001:000146E0       TReader.SkipProperty
 0001:00014420       TReader.SkipSetBody
 0001:00014544       TReader.SkipValue
 0001:00010EE0       TRegGroup.Create
 0001:00010F68       TRegGroup.Destroy
 0001:00010FEC       TRegGroup.UnregisterModuleClasses
 0001:000110C8       TRegGroups.Create
 0001:00011154       TRegGroups.Destroy
 0001:000111D0       TRegGroups.Lock
 0001:000111E8       TRegGroups.Unlock
 0001:00011200       TRegGroups.UnregisterModuleClasses
 0001:0001DC30       TRegIniFile.Create
 0001:0001DBE4       TRegIniFile.Create
 0001:0001E014       TRegIniFile.ReadBool
 0001:0001DE14       TRegIniFile.ReadInteger
 0001:0001DC94       TRegIniFile.ReadString
 0001:0001DF20       TRegIniFile.WriteInteger
 0001:0001DD64       TRegIniFile.WriteString
 0001:0001D63C       TRegistry.ChangeKey
 0001:0001D5AC       TRegistry.CloseKey
 0001:0001D520       TRegistry.Create
 0001:0001D4C8       TRegistry.Create
 0001:0001D6C4       TRegistry.CreateKey
 0001:0001D570       TRegistry.Destroy
 0001:0001D670       TRegistry.GetBaseKey
 0001:0001DAA0       TRegistry.GetData
 0001:0001D8E0       TRegistry.GetDataInfo
 0001:0001D93C       TRegistry.GetDataSize
 0001:0001DB44       TRegistry.GetKey
 0001:0001D7A8       TRegistry.OpenKey
 0001:0001DA30       TRegistry.PutData
 0001:0001D9A4       TRegistry.ReadString
 0001:0001D6A8       TRegistry.SetCurrentKey
 0001:0001D5F4       TRegistry.SetRootKey
 0001:0001DB20       TRegistry.ValueExists
 0001:0001D970       TRegistry.WriteString
 0001:00006D1C       Trim
 0001:00006D90       TrimLeft
 0002:00001788       TrueBoolStrs
 0001:0000895C       TryEncodeDate
 0001:000087F4       TryEncodeTime
 0001:0000125C       TryHarder
 0001:00002334       TryOpenForInput
 0001:000025D8       TryOpenForOutput
 0001:00007118       TryStrToBool
 0001:00008788       TryStrToCurr
 0001:0000A35C       TryStrToDate
 0001:0000A454       TryStrToDateTime
 0001:00008750       TryStrToFloat
 0001:000086F0       TryStrToFloat
 0001:00008718       TryStrToFloat
 0001:00007008       TryStrToInt
 0001:0000A3D8       TryStrToTime
 0001:000137E4       TStream.CopyFrom
 0001:00013514       TStream.GetPosition
 0001:00013558       TStream.GetSize
 0001:00013754       TStream.ReadBuffer
 0001:00013658       TStream.Seek
 0001:000136E4       TStream.Seek
 0001:0001353C       TStream.SetPosition
 0001:000135A4       TStream.SetSize
 0001:000135B4       TStream.SetSize
 0001:0001379C       TStream.WriteBuffer
 0001:00012BEC       TStringList.Add
 0001:00012C14       TStringList.AddObject
 0001:00012C8C       TStringList.Changed
 0001:00012CB8       TStringList.Changing
 0001:00012CE4       TStringList.Clear
 0001:000134D4       TStringList.CompareStrings
 0001:00013484       TStringList.CustomSort
 0001:00012D38       TStringList.Delete
 0001:00012B70       TStringList.Destroy
 0001:00012DD8       TStringList.Exchange
 0001:00012E54       TStringList.ExchangeItems
 0001:00012EC0       TStringList.Find
 0001:00012F58       TStringList.Get
 0001:00012FA4       TStringList.GetCapacity
 0001:00012FC0       TStringList.GetCount
 0001:00012FDC       TStringList.GetObject
 0001:00013024       TStringList.Grow
 0001:0001307C       TStringList.IndexOf
 0001:000130C8       TStringList.Insert
 0001:00013158       TStringList.InsertItem
 0001:000130F0       TStringList.InsertObject
 0001:00013200       TStringList.Put
 0001:00013278       TStringList.PutObject
 0001:000132D4       TStringList.QuickSort
 0001:00013398       TStringList.SetCapacity
 0001:000133C4       TStringList.SetSorted
 0001:000133FC       TStringList.SetUpdateState
 0001:00013468       TStringList.Sort
 0001:00014D60       TStringQueue.Clear
 0001:00014CF0       TStringQueue.Create
 0001:00014F18       TStringQueue.DeQueue
 0001:00014E94       TStringQueue.EnQueue
 0001:00014FC0       TStringQueue.Examine
 0001:00014D84       TStringQueue.Grow
 0001:00011C68       TStrings.Add
 0001:00011C98       TStrings.AddObject
 0001:00011CCC       TStrings.AddStrings
 0001:00011D8C       TStrings.Assign
 0001:00011E30       TStrings.BeginUpdate
 0001:00012AEC       TStrings.CompareStrings
 0001:00011EB4       TStrings.DefineProperties
 0001:00011C2C       TStrings.Destroy
 0001:00011F00       TStrings.EndUpdate
 0001:00011F24       TStrings.Equals
 0001:00011FE0       TStrings.Error
 0001:00012020       TStrings.Error
 0001:00012080       TStrings.Exchange
 0001:0001216C       TStrings.GetCapacity
 0001:00012B10       TStrings.GetNameValueSeparator
 0001:00012188       TStrings.GetObject
 0001:000121A0       TStrings.GetText
 0001:000121FC       TStrings.GetTextStr
 0001:00012344       TStrings.IndexOf
 0001:000123D0       TStrings.IndexOfName
 0001:000124AC       TStrings.IndexOfObject
 0001:000124F8       TStrings.InsertObject
 0001:0001252C       TStrings.LoadFromFile
 0001:00012588       TStrings.LoadFromStream
 0001:0001263C       TStrings.Move
 0001:000126F8       TStrings.Put
 0001:00012738       TStrings.PutObject
 0001:0001274C       TStrings.ReadData
 0001:000127FC       TStrings.SaveToFile
 0001:0001285C       TStrings.SaveToStream
 0001:000128BC       TStrings.SetCapacity
 0001:00012B3C       TStrings.SetNameValueSeparator
 0001:000128CC       TStrings.SetStringsAdapter
 0001:00012918       TStrings.SetText
 0001:00012970       TStrings.SetTextStr
 0001:00012A50       TStrings.SetUpdateState
 0001:00012A60       TStrings.WriteData
 0001:0001515C       TSynchroObject.Acquire
 0001:00015168       TSynchroObject.Release
 0001:00019170       TTextFile.Create_Append
 0001:00019248       TTextFile.Create_Rewrite
 0001:00019308       TTextFile.Destroy
 0001:00019344       TTextFile.Flush
 0001:0001936C       TTextFile.Writeln
 0001:000118CC       TThreadList.Create
 0001:00011934       TThreadList.Destroy
 0001:000119B0       TThreadList.LockList
 0001:000119D8       TThreadList.UnlockList
 0001:0000C974       TThreadLocalCounter.Delete
 0001:0000C824       TThreadLocalCounter.Destroy
 0001:0000C8A0       TThreadLocalCounter.HashIndex
 0001:0000C8C4       TThreadLocalCounter.Open
 0001:0000C998       TThreadLocalCounter.Recycle
 0002:000000F0       TwoDigitYearCenturyWindow
 0001:0001478C       TWriter.Write
 0001:000147D8       TWriter.WriteBuffer
 0001:00014804       TWriter.WriteListBegin
 0001:00014818       TWriter.WriteListEnd
 0001:0001482C       TWriter.WriteMinStr
 0001:000148DC       TWriter.WriteString
 0001:00014938       TWriter.WriteValue
 0001:00005794       Types
 0001:00010494       TypInfo
 0001:000184F8       uDebug
 0001:000001C4       UnhandledExceptionFilter
 0001:00005A7C       UnhookWindowsHookEx
 0001:00004FF0       UnicodeToUtf8
 0001:00000C20       UninitAllocator
 0001:0003BAD4       UninstallCodeInjections
 0001:0001F328       UnInstallPlugins
 0001:00003E04       UniqueString
 0001:0003B878       UnitLimit
 0002:0000195C       UnitPtr
 0002:0000189C       Units
 0001:0000D310       UniUnimplemented
 0001:00004E8C       UnregisterModule
 0001:0001126C       UnRegisterModuleClasses
 0001:000034CC       UnsetExceptionHandler
 0001:0001E4E0       UnSpliceJump
 0001:00006AC8       UpperCase
 0002:00000940       Upperlimit
 0002:00000930       UseCompression
 0001:000052B0       UTF8Decode
[...]
   366 0001:00034293   367 0001:000342D3   369 0001:000342DC   370 0001:000342F8
   373 0001:00034300   375 0001:00034309   376 0001:00034310   377 0001:0003431E
   380 0001:00034363   414 0001:000343F8   415 0001:0003441B   416 0001:0003441F
   418 0001:00034434   419 0001:0003443D   421 0001:0003444E   423 0001:0003445F
   425 0001:0003447B   427 0001:00034481   428 0001:00034488   432 0001:00034499
   433 0001:000344A0   437 0001:000344B1   438 0001:000344DE   441 0001:000345B0
   442 0001:000345BF   443 0001:000345C3   445 0001:000345CA   446 0001:000345DC
   449 0001:000345FC   450 0001:0003460B   451 0001:0003460F   453 0001:0003461B
   454 0001:00034625   458 0001:00034636   459 0001:00034640   461 0001:00034652
   464 0001:000346A0   465 0001:000346AF   466 0001:000346B3   468 0001:000346BC
   469 0001:000346C3   473 0001:000346D4   474 0001:000346DB   476 0001:000346ED
   482 0001:00034744   483 0001:0003476D   484 0001:00034771   485 0001:0003477E
   486 0001:0003478B   488 0001:000347A8   489 0001:000347C0   490 0001:000347DE
   491 0001:00034807   489 0001:00034823   493 0001:00034855   498 0001:0003485C
   499 0001:00034882   500 0001:00034886   501 0001:00034892   503 0001:000348A1
   505 0001:000348AE   506 0001:000348BA   508 0001:000348C7   509 0001:0003490B
   512 0001:00034928   513 0001:00034937   514 0001:0003493B   516 0001:00034944
   517 0001:0003494B   521 0001:0003495C   522 0001:00034963   524 0001:00034975
   527 0001:000349B4   528 0001:000349DA   529 0001:000349DE   530 0001:000349E8
   531 0001:000349F6   532 0001:000349FF   534 0001:00034A31   535 0001:00034A86

Line numbers for idplay(idplay.pas) segment .text

  3130 0001:00034AD0  3131 0001:00034ADC  3132 0001:00034AE4  3156 0001:00034AEB
  3159 0001:00034AF0  3161 0001:00034B0C  3163 0001:00034B1F  3165 0001:00034B4F
  3166 0001:00034B5E  3167 0001:00034B6D  3168 0001:00034B7C  3169 0001:00034B8B
  3170 0001:00034B9A  3171 0001:00034BC6  3178 0001:00034D80  3179 0001:00034D89
  3180 0001:00034D8E  3181 0001:00034D95  3182 0001:00034DB3  3184 0001:00034DCC
  3185 0001:00034DE3  3186 0001:00034DE9  3181 0001:00034DEC  3187 0001:00034DF1
  3188 0001:00034DFA  3193 0001:00034E00  3194 0001:00034E0C  3195 0001:00034E1A
  3196 0001:00034E25  3208 0001:00034E2C  3209 0001:00034E32  3210 0001:00034E39
  3212 0001:00034E3F  3213 0001:00034E4E  3214 0001:00034E55  3216 0001:00034E6B
  3218 0001:00034E76  3219 0001:00034E8E  3220 0001:00034E94  3221 0001:00034EA0
  3225 0001:00034EA8  3235 0001:00034EB0  3236 0001:00034EB9  3237 0001:00034EC5
  3238 0001:00034EDF  3239 0001:00034EEE  3242 0001:00034EF4  3243 0001:00034EFE
  3244 0001:00034F24  3249 0001:00034F2C  3250 0001:00034F48  3251 0001:00034F56
  3252 0001:00034F60  3253 0001:00034F6E  3256 0001:00034FA4  3257 0001:00034FB6
  3258 0001:00034FCD  3260 0001:00034FD3  3263 0001:00034FDD  3264 0001:00034FE6
  3267 0001:00035020  3270 0001:0003504E  3272 0001:00035051  3275 0001:00035096
  3280 0001:000350E0  3281 0001:000350E9  3282 0001:000350F7  3283 0001:00035101
  3289 0001:0003510F  3290 0001:00035117  3292 0001:00035133  3295 0001:00035161
  3297 0001:00035164  3300 0001:00035187  3305 0001:00035190  3306 0001:000351B3
  3307 0001:000351BD  3308 0001:000351CB  3309 0001:000351DF  3313 0001:000351ED
  3315 0001:000351F6  3316 0001:00035207  3317 0001:00035216  3319 0001:00035221
  3320 0001:00035233  3321 0001:0003523A  3322 0001:00035243  3323 0001:0003524C
  3325 0001:0003525E  3326 0001:00035269  3327 0001:0003527C  3329 0001:00035283
  3331 0001:0003528A  3332 0001:00035294  3334 0001:000352B3  3335 0001:000352D0
  3336 0001:000352ED  3337 0001:00035307  3339 0001:00035321  3340 0001:0003532B
  3341 0001:00035345  3342 0001:0003535F  3343 0001:00035379  3344 0001:00035395
  3345 0001:000353B2  3346 0001:000353E3  3348 0001:00035416  3349 0001:00035422
  3350 0001:00035430  3352 0001:00035459  3353 0001:0003545C  3355 0001:0003546E
  3357 0001:0003547E  3358 0001:00035496  3360 0001:000354A6  3361 0001:000354CC
  3362 0001:000354DA  3364 0001:00035503  3365 0001:00035506  3367 0001:00035518
  3368 0001:00035524  3374 0001:00035540  3375 0001:0003554A  3376 0001:00035554
  3377 0001:0003555E  3379 0001:00035565  3380 0001:0003556E  3382 0001:00035577
  3384 0001:00035581  3385 0001:0003558B  3387 0001:00035595  3388 0001:0003559C
  3389 0001:000355A7  3392 0001:000355B4  3393 0001:000355B9  3395 0001:000355BE
  3396 0001:000355C5  3397 0001:000355CC  3398 0001:000355D7  3400 0001:000355E4
  3401 0001:000355EF  3402 0001:000355F9  3403 0001:0003560A  3405 0001:00035613
  3406 0001:0003561E  3407 0001:0003562B  3409 0001:00035633  3411 0001:00035640
  3412 0001:00035647  3414 0001:0003564E  3415 0001:0003565C  3416 0001:0003566A
  3418 0001:00035678  3420 0001:00035699  3423 0001:000356B6  3425 0001:000356EB
  3432 0001:00035858  3433 0001:0003587B  3434 0001:00035885  3435 0001:00035893
  3437 0001:0003589C  3438 0001:000358B0  3441 0001:000358BA  3442 0001:000358D0
  3443 0001:000358DA  3444 0001:000358E4  3446 0001:000358F2  3447 0001:00035906
  3448 0001:00035914  3450 0001:0003593B  3454 0001:0003594B  3456 0001:00035954
  3457 0001:00035968  3460 0001:00035972  3462 0001:00035999  3464 0001:000359BA
  3465 0001:000359CF  3466 0001:000359DD  3467 0001:00035A0E  3468 0001:00035A1B
  3469 0001:00035A37  3468 0001:00035A56  3470 0001:00035A5B  3471 0001:00035A7C
  3472 0001:00035AA6  3473 0001:00035AD5  3476 0001:00035AE2  3478 0001:00035B00
  3480 0001:00035B10  3483 0001:00035B1B  3485 0001:00035B25  3486 0001:00035B2E
  3496 0001:00035B58  3498 0001:00035B5B  3502 0001:00035B81  3503 0001:00035B88
  3505 0001:00035BBD  3508 0001:00035CD4  3509 0001:00035D05  3510 0001:00035D0F
  3517 0001:00035D21  3518 0001:00035D2F  3521 0001:00035D4C  3523 0001:00035D5C
  3524 0001:00035D76  3525 0001:00035D90  3526 0001:00035DA5

Line numbers for idplay(AddCommands.inc) segment .text

    17 0001:00035DD5    21 0001:00035E06    28 0001:00035E37    31 0001:00035E68
    34 0001:00035E99    37 0001:00035ECA    40 0001:00035EFB    43 0001:00035F2C
    46 0001:00035F5D    49 0001:00035F8E    52 0001:00035FBF    55 0001:00035FF3
    58 0001:00036027    61 0001:00036058    64 0001:00036089    67 0001:000360BA
    70 0001:000360EB    74 0001:0003611C    78 0001:0003614D    81 0001:00036165
    87 0001:00036196    90 0001:000361C7    93 0001:000361F8    96 0001:00036229
   101 0001:0003625A   104 0001:0003628E   107 0001:000362BF   112 0001:000362F3
   118 0001:00036324   126 0001:00036358   129 0001:00036389   133 0001:000363BA
   137 0001:000363EB   140 0001:0003641C   145 0001:0003644D   148 0001:0003647E
   151 0001:000364AF   154 0001:000364E0   157 0001:00036511   161 0001:00036545
   164 0001:00036579   167 0001:000365AD   170 0001:000365DE   174 0001:0003660F
   178 0001:00036640   181 0001:00036671   184 0001:000366A2   188 0001:000366D6
   192 0001:00036707

Line numbers for idplay(idplay.pas) segment .text

  3533 0001:00036738  3534 0001:00036778  3537 0001:000389F4  3538 0001:00038A05
  3539 0001:00038A0F  3540 0001:00038A1A  3549 0001:00038A22  3550 0001:00038A2E
  3551 0001:00038A3B  3552 0001:00038A49  3553 0001:00038A56  3554 0001:00038A63
  3555 0001:00038A70  3556 0001:00038A7A  3557 0001:00038A7F  3558 0001:00038A8A
  3559 0001:00038AA6  3561 0001:00038AE8  3561 0001:00038AEF

Line numbers for DPLobbyWrapper(DPLobbyWrapper.pas) segment .text

    47 0001:00038AF0    63 0001:00038D34    64 0001:00038D5B    65 0001:00038D69
    66 0001:00038D84    67 0001:00038D98    68 0001:00038DB0    69 0001:00038DBA
    70 0001:00038DD1    71 0001:00038DE3    74 0001:00038DFE    76 0001:00038E1B
    78 0001:00038E45    80 0001:00038E48    81 0001:00038E50    82 0001:00038E58
    85 0001:00038E92    89 0001:00038EE4    90 0001:00038EED    91 0001:00038EFB
    92 0001:00038F22    93 0001:00038F36    95 0001:00038F5B    97 0001:00038F5E
    98 0001:00038F66   101 0001:00038F73   105 0001:00038F98   106 0001:00038FA1
   107 0001:00038FAF   108 0001:00038FCE   109 0001:00038FE2   111 0001:00039007
   113 0001:0003900A   114 0001:00039012   117 0001:0003901F   122 0001:00039044
   123 0001:0003904D   124 0001:0003905B   125 0001:0003907A   126 0001:0003908E
   128 0001:000390B3   130 0001:000390B6   131 0001:000390BE   134 0001:000390CB
   139 0001:000390F4   140 0001:000390FD   141 0001:0003910B   142 0001:00039126
   143 0001:0003913A   145 0001:0003915F   147 0001:00039162   148 0001:0003916A
   151 0001:00039177   155 0001:000391A4   156 0001:000391AD   157 0001:000391BB
   158 0001:000391D6   159 0001:000391EA   161 0001:0003920F   163 0001:00039212
   164 0001:0003921A   167 0001:00039227   172 0001:00039254   173 0001:0003925D
   174 0001:0003926B   176 0001:0003928E   177 0001:000392A2   179 0001:000392A8
   180 0001:000392C0   181 0001:000392DA   182 0001:000392F2   186 0001:0003930E
   187 0001:00039322   189 0001:00039347   191 0001:0003934A   192 0001:00039352
   195 0001:0003935F   199 0001:0003941C   200 0001:0003943A   201 0001:00039448
   202 0001:00039467   203 0001:0003947B   204 0001:00039493   205 0001:000394AD
   207 0001:000394C8   208 0001:000394E6   209 0001:00039504   210 0001:00039522
   211 0001:00039540   212 0001:0003955E   213 0001:00039591   214 0001:000395AF
   215 0001:000395CD   216 0001:000395EB   218 0001:00039609   219 0001:0003963C
   221 0001:0003966F   222 0001:0003968A   223 0001:000396A5   225 0001:000396C0
   226 0001:000396D8   228 0001:000396FD   230 0001:00039700   231 0001:00039708
   234 0001:00039737   238 0001:00039B88   239 0001:00039B91   240 0001:00039B9F
   241 0001:00039BBE   242 0001:00039BD2   244 0001:00039BD8   245 0001:00039BF0
   246 0001:00039C08   250 0001:00039C22   251 0001:00039C36   253 0001:00039C5B
   255 0001:00039C5E   256 0001:00039C66   259 0001:00039C73   263 0001:00039D00
   264 0001:00039D09   265 0001:00039D17   266 0001:00039D32   267 0001:00039D46
   269 0001:00039D6B   271 0001:00039D6E   272 0001:00039D76   275 0001:00039D83
   279 0001:00039DB0   280 0001:00039DB9   281 0001:00039DC7   282 0001:00039DE2
   283 0001:00039DF6   285 0001:00039E1B   287 0001:00039E1E   288 0001:00039E26
   291 0001:00039E33   298 0001:00039E60   299 0001:00039E69   300 0001:00039E77
   301 0001:00039E96   302 0001:00039EAA   304 0001:00039ECF   306 0001:00039ED2
   307 0001:00039EDA   310 0001:00039EE7   315 0001:00039F18   316 0001:00039F4C
   317 0001:00039F5A   318 0001:00039F64   319 0001:00039F72   321 0001:00039F8F
   322 0001:00039FA3   324 0001:00039FC8   326 0001:00039FCB   327 0001:00039FD3
   330 0001:0003A015   332 0001:0003A064   332 0001:0003A06B

Line numbers for Dplayx_exports(Dplayx_exports.pas) segment .text

   117 0001:0003A06C   118 0001:0003A070   119 0001:0003A08E   122 0001:0003A094
   133 0001:0003A098   135 0001:0003A0A1   136 0001:0003A0AA   137 0001:0003A0B2
   138 0001:0003A0BB   140 0001:0003A0D1   141 0001:0003A0D8   148 0001:0003A104
   149 0001:0003A10D   150 0001:0003A127   151 0001:0003A135   152 0001:0003A13E
   153 0001:0003A153   154 0001:0003A15C   156 0001:0003A16D   157 0001:0003A181
   159 0001:0003A1A6   161 0001:0003A1A9   162 0001:0003A1B1   165 0001:0003A1BE
   171 0001:0003A1FC   172 0001:0003A205   173 0001:0003A21F   174 0001:0003A22D
   175 0001:0003A236   176 0001:0003A24B   177 0001:0003A254   179 0001:0003A265
   180 0001:0003A279   182 0001:0003A29E   184 0001:0003A2A1   185 0001:0003A2A9
   188 0001:0003A2B6   195 0001:0003A2FC   196 0001:0003A305   197 0001:0003A31F
   198 0001:0003A32D   199 0001:0003A336   200 0001:0003A34B   201 0001:0003A354
   203 0001:0003A365   204 0001:0003A379   206 0001:0003A39E   208 0001:0003A3A1
   209 0001:0003A3A9   212 0001:0003A3B6   220 0001:0003A3FC   221 0001:0003A41F
   222 0001:0003A439   223 0001:0003A447   224 0001:0003A450   225 0001:0003A465
   226 0001:0003A46E   227 0001:0003A483   229 0001:0003A489   230 0001:0003A49D
   231 0001:0003A4B5   232 0001:0003A4BF   233 0001:0003A4E2   237 0001:0003A4F3
   238 0001:0003A507   239 0001:0003A51F   240 0001:0003A54C   243 0001:0003A571
   245 0001:0003A574   246 0001:0003A57C   249 0001:0003A5BB   257 0001:0003A664
   258 0001:0003A683   259 0001:0003A69D   260 0001:0003A6AB   261 0001:0003A6B4
   262 0001:0003A6C9   263 0001:0003A6D2   265 0001:0003A6EF   266 0001:0003A703
   268 0001:0003A728   270 0001:0003A72B   271 0001:0003A733   274 0001:0003A75D
   283 0001:0003A7A4   284 0001:0003A7C7   285 0001:0003A7E1   286 0001:0003A7EF
   287 0001:0003A7F8   288 0001:0003A80D   289 0001:0003A816   290 0001:0003A833
   292 0001:0003A839   293 0001:0003A84D   294 0001:0003A865   298 0001:0003A86F
   303 0001:0003A891   304 0001:0003A8A5   305 0001:0003A8BD   306 0001:0003A8EA
   309 0001:0003A90F   311 0001:0003A912   312 0001:0003A91A   315 0001:0003A959
   326 0001:0003A9F8   327 0001:0003AA01   328 0001:0003AA11   329 0001:0003AA1F
   331 0001:0003AA24   332 0001:0003AA38   334 0001:0003AA5D   336 0001:0003AA60
   337 0001:0003AA68   340 0001:0003AA75   343 0001:0003AA98   344 0001:0003AAA1
   345 0001:0003AAB1   346 0001:0003AABF   348 0001:0003AAC4   349 0001:0003AAD8
   351 0001:0003AAFD   353 0001:0003AB00   354 0001:0003AB08   357 0001:0003AB15
   363 0001:0003AB3C   365 0001:0003AB3F   367 0001:0003AB46   368 0001:0003AB5F
   401 0001:0003AB80   401 0001:0003ABAC   370 0001:0003ABB0   392 0001:0003ABBC
   393 0001:0003ABC5   394 0001:0003ABCF   395 0001:0003ABD8   397 0001:0003ABE2

Line numbers for TlHelp32(TlHelp32.pas) segment .text

   339 0001:0003ABE4   340 0001:0003ABE8   342 0001:0003ABF5   343 0001:0003AC04
   345 0001:0003AC11   346 0001:0003AC26   347 0001:0003AC3B   348 0001:0003AC50
   349 0001:0003AC65   350 0001:0003AC7A   351 0001:0003AC8F   352 0001:0003ACA4
   353 0001:0003ACB9   354 0001:0003ACCE   355 0001:0003ACE3   356 0001:0003ACF8
   357 0001:0003AD0D   358 0001:0003AD22   359 0001:0003AD37   360 0001:0003AD4C
   363 0001:0003AD61   364 0001:0003AD7F   367 0001:0003AEA4   368 0001:0003AEB0
   369 0001:0003AEB9   370 0001:0003AECC   371 0001:0003AED4   452 0001:0003AED8
   453 0001:0003AEE4   454 0001:0003AEED   455 0001:0003AF00   456 0001:0003AF08
   459 0001:0003AF0C   460 0001:0003AF18   461 0001:0003AF21   462 0001:0003AF34
   463 0001:0003AF3C   479 0001:0003AF70   479 0001:0003AF77

Line numbers for ErrorLog_ExtraData(plugins\ErrorLog_ExtraData.pas) segment .text

    29 0001:0003AF78    33 0001:0003AF7C    36 0001:0003AF80    37 0001:0003AF84
    40 0001:0003AF8D    45 0001:0003AFB1    53 0001:0003AFCE    54 0001:0003AFD6
    69 0001:0003B074    70 0001:0003B0B6    71 0001:0003B0C4    72 0001:0003B0D2
    73 0001:0003B0F6    74 0001:0003B0FF    75 0001:0003B14D    78 0001:0003B154
    79 0001:0003B160    80 0001:0003B16E    81 0001:0003B177    82 0001:0003B185
    84 0001:0003B18E    85 0001:0003B196   100 0001:0003B19C   101 0001:0003B1E5
   103 0001:0003B1F3   104 0001:0003B202   105 0001:0003B20C   107 0001:0003B21A
   110 0001:0003B224   111 0001:0003B236   112 0001:0003B245   113 0001:0003B256
   115 0001:0003B264   119 0001:0003B28E   123 0001:0003B2EB   125 0001:0003B2FD
   127 0001:0003B30A   128 0001:0003B312   130 0001:0003B335   131 0001:0003B343
   133 0001:0003B357   138 0001:0003B3D8   128 0001:0003B3DB   140 0001:0003B3E4
   141 0001:0003B3F0   143 0001:0003B440   147 0001:0003B45D   150 0001:0003B47B
   152 0001:0003B4C1   156 0001:0003B4E0   157 0001:0003B4E1   159 0001:0003B4E6
   160 0001:0003B4EB   161 0001:0003B4F0   164 0001:0003B524   164 0001:0003B52B

Line numbers for Thread_marshaller(plugins\Thread_marshaller.pas) segment .text

    33 0001:0003B52C    37 0001:0003B530    74 0001:0003B534    75 0001:0003B538
    78 0001:0003B541    91 0001:0003B567    92 0001:0003B56F    99 0001:0003B5C0
    99 0001:0003B5C7

Line numbers for PauseLock(plugins\PauseLock.pas) segment .text

    39 0001:0003B5C8    43 0001:0003B5CC    46 0001:0003B5D0    47 0001:0003B5D4
    50 0001:0003B5E6    55 0001:0003B60E    67 0001:0003B62B    68 0001:0003B633
    82 0001:0003B670    83 0001:0003B675    84 0001:0003B678    86 0001:0003B67A
    89 0001:0003B680    90 0001:0003B685    94 0001:0003B68A    95 0001:0003B68F
    96 0001:0003B694    98 0001:0003B6C8    98 0001:0003B6CF

Line numbers for UnitLimit(plugins\UnitLimit.pas) segment .text

    68 0001:0003B6D0    72 0001:0003B6D4    77 0001:0003B6D8    78 0001:0003B6F1
    80 0001:0003B70B    82 0001:0003B715    86 0001:0003B758    90 0001:0003B776
    94 0001:0003B794   101 0001:0003B7B4   102 0001:0003B7D9   104 0001:0003B878
   104 0001:0003B87F

Line numbers for MultiAILimit(plugins\MultiAILimit.pas) segment .text

    32 0001:0003B880    36 0001:0003B884    64 0001:0003B89C    65 0001:0003B8A2
    66 0001:0003B8A9    67 0001:0003B913    68 0001:0003B91D    72 0001:0003B924
    74 0001:0003B92B    75 0001:0003B92C    76 0001:0003B92D    78 0001:0003B92E
    81 0001:0003B933    82 0001:0003B938    83 0001:0003B93D    87 0001:0003B940
    88 0001:0003B944    90 0001:0003B956    94 0001:0003B97E    95 0001:0003B998
    99 0001:0003B9B9   100 0001:0003B9C1   102 0001:0003BA50   102 0001:0003BA57

Line numbers for Plugins(Plugins.pas) segment .text

    28 0001:0003BA58    30 0001:0003BA5F    32 0001:0003BA65    33 0001:0003BA6F
    36 0001:0003BA79    37 0001:0003BA83    38 0001:0003BA8D    39 0001:0003BA97
    40 0001:0003BAA1    41 0001:0003BAAB    42 0001:0003BAB5    43 0001:0003BABF
    46 0001:0003BAC9    47 0001:0003BAD1    50 0001:0003BAD4    51 0001:0003BAD7
    52 0001:0003BADC    54 0001:0003BB10    54 0001:0003BB17

Line numbers for InitCode(InitCode.pas) segment .text

    87 0001:0003BB18    88 0001:0003BB1C    89 0001:0003BB23    90 0001:0003BB2D
    91 0001:0003BB3F    93 0001:0003BB49    94 0001:0003BB60    95 0001:0003BB69
    97 0001:0003BB79   103 0001:0003BBAC   107 0001:0003BBD0   108 0001:0003BBDE
   110 0001:0003BBE8   114 0001:0003BBED   118 0001:0003BBF8   119 0001:0003BC03
   121 0001:0003BC0C   122 0001:0003BC29   124 0001:0003BC61   125 0001:0003BC6B
   127 0001:0003BC9B   128 0001:0003BCA5   129 0001:0003BCC5   130 0001:0003BCEC
   131 0001:0003BCF5   132 0001:0003BD06   133 0001:0003BD0F   134 0001:0003BD20
   135 0001:0003BD29   137 0001:0003BD3F   138 0001:0003BD66   139 0001:0003BD95
   143 0001:0003BDC4   149 0001:0003BDCD   154 0001:0003BDF8   163 0001:0003BDFD
   165 0001:0003BE20   167 0001:0003BE23   168 0001:0003BE2B   171 0001:0003BE57
   174 0001:0003BFD8   175 0001:0003BFDB   176 0001:0003BFE0   178 0001:0003BFE5
   180 0001:0003BFEE   181 0001:0003BFFB   184 0001:0003C004   186 0001:0003C00E
   188 0001:0003C040   189 0001:0003C04C   190 0001:0003C059   191 0001:0003C066

Line numbers for InitCode_CoreExePatching(InitCode_CoreExePatching.pas) segment .text

    50 0001:0003C068    51 0001:0003C070    53 0001:0003C076    54 0001:0003C080
    56 0001:0003C08A    71 0001:0003C090    72 0001:0003C097    73 0001:0003C0A1
    74 0001:0003C0AB    75 0001:0003C0B9    77 0001:0003C0E0    79 0001:0003C0E3
    80 0001:0003C0EB    81 0001:0003C0FD    84 0001:0003C107    88 0001:0003C110
    90 0001:0003C115    91 0001:0003C11A    92 0001:0003C11B    94 0001:0003C14C
    95 0001:0003C158    96 0001:0003C165   100 0001:0003C172   101 0001:0003C17C
   102 0001:0003C186   104 0001:0003C190   105 0001:0003C19A

Line numbers for threadlogging(threadlogging.pas) segment .text

   145 0001:0003C1CC   145 0001:0003C1D3

Line numbers for dplayx(F:\TADR_ALWAYS_SVN\trunk\src\Recorder\Dplayx.dpr) segment .text

    52 0001:0003C42C    53 0001:0003C43C

Bound resource files

dplayx.res
dplayx.drf


Program entry point at 0001:0003C42C
