
 Start         Length     Name                   Class
 0001:00000000 0003DFB8H .text                   CODE
 0002:00000000 00000C34H .data                   DATA
 0002:00000C34 00000A79H .bss                    BSS


Detailed map of segments

 0001:00000000 0000565B C=CODE     S=.text    G=(none)   M=System   ACBP=A9
 0001:0000565C 000001CC C=CODE     S=.text    G=(none)   M=SysInit  ACBP=A9
 0001:00005828 00000038 C=CODE     S=.text    G=(none)   M=Types    ACBP=A9
 0001:00005860 0000036C C=CODE     S=.text    G=(none)   M=Windows  ACBP=A9
 0001:00005BCC 00000038 C=CODE     S=.text    G=(none)   M=Messages ACBP=A9
 0001:00005C04 00000348 C=CODE     S=.text    G=(none)   M=SysConst ACBP=A9
 0001:00005F4C 00007624 C=CODE     S=.text    G=(none)   M=SysUtils ACBP=A9
 0001:0000D570 00000887 C=CODE     S=.text    G=(none)   M=VarUtils ACBP=A9
 0001:0000DDF8 0000280E C=CODE     S=.text    G=(none)   M=Variants ACBP=A9
 0001:00010608 000000C8 C=CODE     S=.text    G=(none)   M=RTLConsts ACBP=A9
 0001:000106D0 00000084 C=CODE     S=.text    G=(none)   M=TypInfo  ACBP=A9
 0001:00010754 00000038 C=CODE     S=.text    G=(none)   M=ActiveX  ACBP=A9
 0001:0001078C 0000478E C=CODE     S=.text    G=(none)   M=Classes  ACBP=A9
 0001:00014F1C 000003DC C=CODE     S=.text    G=(none)   M=ListsU   ACBP=A9
 0001:000152F8 00000050 C=CODE     S=.text    G=(none)   M=MMSystem ACBP=A9
 0001:00015348 000001DC C=CODE     S=.text    G=(none)   M=SyncObjs ACBP=A9
 0001:00015524 00001AD4 C=CODE     S=.text    G=(none)   M=GPHugeF  ACBP=A9
 0001:00016FF8 00000038 C=CODE     S=.text    G=(none)   M=Consts   ACBP=A9
 0001:00017030 0000061C C=CODE     S=.text    G=(none)   M=textdata ACBP=A9
 0001:0001764C 00000038 C=CODE     S=.text    G=(none)   M=Math     ACBP=A9
 0001:00017684 00000194 C=CODE     S=.text    G=(none)   M=Contnrs  ACBP=A9
 0001:00017818 00000FA0 C=CODE     S=.text    G=(none)   M=uDebug   ACBP=A9
 0001:000187B8 00000060 C=CODE     S=.text    G=(none)   M=FreeListU ACBP=A9
 0001:00018818 00000040 C=CODE     S=.text    G=(none)   M=SHFolder ACBP=A9
 0001:00018858 00000B78 C=CODE     S=.text    G=(none)   M=TADemoConsts ACBP=A9
 0001:000193D0 00000330 C=CODE     S=.text    G=(none)   M=TextFileU ACBP=A9
 0001:00019700 00000A7C C=CODE     S=.text    G=(none)   M=logging  ACBP=A9
 0001:0001A17C 000019A4 C=CODE     S=.text    G=(none)   M=DPlay    ACBP=A9
 0001:0001BB20 00000124 C=CODE     S=.text    G=(none)   M=DPLobby  ACBP=A9
 0001:0001BC44 00000450 C=CODE     S=.text    G=(none)   M=MemMappedDataStructure ACBP=A9
 0001:0001C094 00000068 C=CODE     S=.text    G=(none)   M=PacketBufferU ACBP=A9
 0001:0001C0FC 0000038C C=CODE     S=.text    G=(none)   M=log2     ACBP=A9
 0001:0001C488 000008D8 C=CODE     S=.text    G=(none)   M=statslogging ACBP=A9
 0001:0001CD60 000010D4 C=CODE     S=.text    G=(none)   M=IniFiles ACBP=A9
 0001:0001DE34 00000E0C C=CODE     S=.text    G=(none)   M=Registry ACBP=A9
 0001:0001EC40 00001420 C=CODE     S=.text    G=(none)   M=PluginEngine ACBP=A9
 0001:00020060 00000514 C=CODE     S=.text    G=(none)   M=TAMemManipulations ACBP=A9
 0001:00020574 000005DC C=CODE     S=.text    G=(none)   M=TA_MemoryLocations ACBP=A9
 0001:00020B50 0000036C C=CODE     S=.text    G=(none)   M=COB_extensions ACBP=A9
 0001:00020EBC 00000394 C=CODE     S=.text    G=(none)   M=TlHelp32 ACBP=A9
 0001:00021250 00000038 C=CODE     S=.text    G=(none)   M=TA_FunctionsU ACBP=A9
 0001:00021288 000005B4 C=CODE     S=.text    G=(none)   M=ErrorLog_ExtraData ACBP=A9
 0001:0002183C 0000009C C=CODE     S=.text    G=(none)   M=Thread_marshaller ACBP=A9
 0001:000218D8 000001B0 C=CODE     S=.text    G=(none)   M=UnitLimit ACBP=A9
 0001:00021A88 00000424 C=CODE     S=.text    G=(none)   M=ModsList ACBP=A9
 0001:00021EAC 00000820 C=CODE     S=.text    G=(none)   M=INI_Options ACBP=A9
 0001:000226CC 000017B0 C=CODE     S=.text    G=(none)   M=packet_old ACBP=A9
 0001:00023E7C 000001EC C=CODE     S=.text    G=(none)   M=PluginCommandHandlerU ACBP=A9
 0001:00024068 00000258 C=CODE     S=.text    G=(none)   M=InputHook ACBP=A9
 0001:000242C0 0000028C C=CODE     S=.text    G=(none)   M=LOS_Radar ACBP=A9
 0001:0002454C 000000CC C=CODE     S=.text    G=(none)   M=LOS_MiniMapUnits ACBP=A9
 0001:00024618 00000140 C=CODE     S=.text    G=(none)   M=LOS_PlayerSeeUnit ACBP=A9
 0001:00024758 000001B0 C=CODE     S=.text    G=(none)   M=LOS_GUIText ACBP=A9
 0001:00024908 00000354 C=CODE     S=.text    G=(none)   M=LOS_UpdateTables ACBP=A9
 0001:00024C5C 0000017C C=CODE     S=.text    G=(none)   M=LOS_AllyPlayer ACBP=A9
 0001:00024DD8 00000150 C=CODE     S=.text    G=(none)   M=LOS_extensions ACBP=A9
 0001:00024F28 00000208 C=CODE     S=.text    G=(none)   M=SpeedHack ACBP=A9
 0001:00025130 00000038 C=CODE     S=.text    G=(none)   M=TA_NetworkingMessages ACBP=A9
 0001:00025168 000013A0 C=CODE     S=.text    G=(none)   M=PlayerDataU ACBP=A9
 0001:00026508 00000608 C=CODE     S=.text    G=(none)   M=CommandHandlerU ACBP=A9
 0001:00026B10 000146E0 C=CODE     S=.text    G=(none)   M=idplay   ACBP=A9
 0001:0003B1F0 0000157C C=CODE     S=.text    G=(none)   M=DPLobbyWrapper ACBP=A9
 0001:0003C76C 00000B78 C=CODE     S=.text    G=(none)   M=Dplayx_exports ACBP=A9
 0001:0003D2E4 00000108 C=CODE     S=.text    G=(none)   M=PauseLock ACBP=A9
 0001:0003D3EC 000001D8 C=CODE     S=.text    G=(none)   M=MultiAILimit ACBP=A9
 0001:0003D5C4 000000B8 C=CODE     S=.text    G=(none)   M=Plugins  ACBP=A9
 0001:0003D67C 00000558 C=CODE     S=.text    G=(none)   M=InitCode ACBP=A9
 0001:0003DBD4 00000134 C=CODE     S=.text    G=(none)   M=InitCode_CoreExePatching ACBP=A9
 0001:0003DD08 00000038 C=CODE     S=.text    G=(none)   M=threadlogging ACBP=A9
 0001:0003DD40 00000275 C=CODE     S=.text    G=(none)   M=dplayx   ACBP=A9
 0002:00000000 000000A4 C=DATA     S=.data    G=DGROUP   M=System   ACBP=A9
 0002:000000A4 00000030 C=DATA     S=.data    G=DGROUP   M=SysInit  ACBP=A9
 0002:000000D4 00000250 C=DATA     S=.data    G=DGROUP   M=SysUtils ACBP=A9
 0002:00000324 00000008 C=DATA     S=.data    G=DGROUP   M=VarUtils ACBP=A9
 0002:0000032C 00000076 C=DATA     S=.data    G=DGROUP   M=Variants ACBP=A9
 0002:000003A4 0000000C C=DATA     S=.data    G=DGROUP   M=TypInfo  ACBP=A9
 0002:000003B0 00000084 C=DATA     S=.data    G=DGROUP   M=Classes  ACBP=A9
 0002:00000434 00000020 C=DATA     S=.data    G=DGROUP   M=GPHugeF  ACBP=A9
 0002:00000454 00000400 C=DATA     S=.data    G=DGROUP   M=textdata ACBP=A9
 0002:00000854 00000004 C=DATA     S=.data    G=DGROUP   M=uDebug   ACBP=A9
 0002:00000858 00000049 C=DATA     S=.data    G=DGROUP   M=TADemoConsts ACBP=A9
 0002:000008A4 00000004 C=DATA     S=.data    G=DGROUP   M=logging  ACBP=A9
 0002:000008A8 00000020 C=DATA     S=.data    G=DGROUP   M=DPlay    ACBP=A9
 0002:000008C8 00000010 C=DATA     S=.data    G=DGROUP   M=DPLobby  ACBP=A9
 0002:000008D8 00000038 C=DATA     S=.data    G=DGROUP   M=MemMappedDataStructure ACBP=A9
 0002:00000910 00000008 C=DATA     S=.data    G=DGROUP   M=IniFiles ACBP=A9
 0002:00000918 00000008 C=DATA     S=.data    G=DGROUP   M=Registry ACBP=A9
 0002:00000920 00000007 C=DATA     S=.data    G=DGROUP   M=TA_MemoryLocations ACBP=A9
 0002:00000928 00000001 C=DATA     S=.data    G=DGROUP   M=COB_extensions ACBP=A9
 0002:0000092C 00000008 C=DATA     S=.data    G=DGROUP   M=TA_FunctionsU ACBP=A9
 0002:00000934 00000005 C=DATA     S=.data    G=DGROUP   M=UnitLimit ACBP=A9
 0002:0000093C 00000005 C=DATA     S=.data    G=DGROUP   M=packet_old ACBP=A9
 0002:00000944 0000000A C=DATA     S=.data    G=DGROUP   M=SpeedHack ACBP=A9
 0002:00000950 00000008 C=DATA     S=.data    G=DGROUP   M=idplay   ACBP=A9
 0002:00000958 00000004 C=DATA     S=.data    G=DGROUP   M=Dplayx_exports ACBP=A9
 0002:0000095C 00000008 C=DATA     S=.data    G=DGROUP   M=PauseLock ACBP=A9
 0002:00000964 00000008 C=DATA     S=.data    G=DGROUP   M=MultiAILimit ACBP=A9
 0002:00001000 0000065C C=BSS      S=.bss     G=DGROUP   M=System   ACBP=A9
 0002:0000165C 00000014 C=BSS      S=.bss     G=DGROUP   M=SysInit  ACBP=A9
 0002:00001670 00000004 C=BSS      S=.bss     G=DGROUP   M=Types    ACBP=A9
 0002:00001674 00000004 C=BSS      S=.bss     G=DGROUP   M=Windows  ACBP=A9
 0002:00001678 00000004 C=BSS      S=.bss     G=DGROUP   M=Messages ACBP=A9
 0002:0000167C 00000004 C=BSS      S=.bss     G=DGROUP   M=SysConst ACBP=A9
 0002:00001680 00000120 C=BSS      S=.bss     G=DGROUP   M=SysUtils ACBP=A9
 0002:000017A0 0000005C C=BSS      S=.bss     G=DGROUP   M=VarUtils ACBP=A9
 0002:000017FC 00000040 C=BSS      S=.bss     G=DGROUP   M=Variants ACBP=A9
 0002:0000183C 00000004 C=BSS      S=.bss     G=DGROUP   M=RTLConsts ACBP=A9
 0002:00001840 00000004 C=BSS      S=.bss     G=DGROUP   M=TypInfo  ACBP=A9
 0002:00001844 00000004 C=BSS      S=.bss     G=DGROUP   M=ActiveX  ACBP=A9
 0002:00001848 00000034 C=BSS      S=.bss     G=DGROUP   M=Classes  ACBP=A9
 0002:0000187C 00000004 C=BSS      S=.bss     G=DGROUP   M=ListsU   ACBP=A9
 0002:00001880 00000004 C=BSS      S=.bss     G=DGROUP   M=MMSystem ACBP=A9
 0002:00001884 00000004 C=BSS      S=.bss     G=DGROUP   M=SyncObjs ACBP=A9
 0002:00001888 00000004 C=BSS      S=.bss     G=DGROUP   M=GPHugeF  ACBP=A9
 0002:0000188C 00000004 C=BSS      S=.bss     G=DGROUP   M=Consts   ACBP=A9
 0002:00001890 00000004 C=BSS      S=.bss     G=DGROUP   M=textdata ACBP=A9
 0002:00001894 00000004 C=BSS      S=.bss     G=DGROUP   M=Math     ACBP=A9
 0002:00001898 00000004 C=BSS      S=.bss     G=DGROUP   M=Contnrs  ACBP=A9
 0002:0000189C 00000014 C=BSS      S=.bss     G=DGROUP   M=uDebug   ACBP=A9
 0002:000018B0 00000008 C=BSS      S=.bss     G=DGROUP   M=FreeListU ACBP=A9
 0002:000018B8 00000004 C=BSS      S=.bss     G=DGROUP   M=SHFolder ACBP=A9
 0002:000018BC 00000018 C=BSS      S=.bss     G=DGROUP   M=TADemoConsts ACBP=A9
 0002:000018D4 00000004 C=BSS      S=.bss     G=DGROUP   M=TextFileU ACBP=A9
 0002:000018D8 0000000C C=BSS      S=.bss     G=DGROUP   M=logging  ACBP=A9
 0002:000018E4 00000004 C=BSS      S=.bss     G=DGROUP   M=DPlay    ACBP=A9
 0002:000018E8 00000004 C=BSS      S=.bss     G=DGROUP   M=DPLobby  ACBP=A9
 0002:000018EC 00000004 C=BSS      S=.bss     G=DGROUP   M=MemMappedDataStructure ACBP=A9
 0002:000018F0 00000004 C=BSS      S=.bss     G=DGROUP   M=PacketBufferU ACBP=A9
 0002:000018F4 00000004 C=BSS      S=.bss     G=DGROUP   M=log2     ACBP=A9
 0002:000018F8 00000004 C=BSS      S=.bss     G=DGROUP   M=statslogging ACBP=A9
 0002:000018FC 00000004 C=BSS      S=.bss     G=DGROUP   M=IniFiles ACBP=A9
 0002:00001900 00000004 C=BSS      S=.bss     G=DGROUP   M=Registry ACBP=A9
 0002:00001904 00000008 C=BSS      S=.bss     G=DGROUP   M=PluginEngine ACBP=A9
 0002:0000190C 00000004 C=BSS      S=.bss     G=DGROUP   M=TAMemManipulations ACBP=A9
 0002:00001910 0000000A C=BSS      S=.bss     G=DGROUP   M=TA_MemoryLocations ACBP=A9
 0002:0000191C 00000004 C=BSS      S=.bss     G=DGROUP   M=COB_extensions ACBP=A9
 0002:00001920 00000048 C=BSS      S=.bss     G=DGROUP   M=TlHelp32 ACBP=A9
 0002:00001968 00000004 C=BSS      S=.bss     G=DGROUP   M=TA_FunctionsU ACBP=A9
 0002:0000196C 00000004 C=BSS      S=.bss     G=DGROUP   M=ErrorLog_ExtraData ACBP=A9
 0002:00001970 00000004 C=BSS      S=.bss     G=DGROUP   M=Thread_marshaller ACBP=A9
 0002:00001974 00000004 C=BSS      S=.bss     G=DGROUP   M=UnitLimit ACBP=A9
 0002:00001978 00000004 C=BSS      S=.bss     G=DGROUP   M=ModsList ACBP=A9
 0002:0000197C 00000028 C=BSS      S=.bss     G=DGROUP   M=INI_Options ACBP=A9
 0002:000019A4 00000004 C=BSS      S=.bss     G=DGROUP   M=packet_old ACBP=A9
 0002:000019A8 00000004 C=BSS      S=.bss     G=DGROUP   M=PluginCommandHandlerU ACBP=A9
 0002:000019AC 00000008 C=BSS      S=.bss     G=DGROUP   M=InputHook ACBP=A9
 0002:000019B4 00000014 C=BSS      S=.bss     G=DGROUP   M=LOS_Radar ACBP=A9
 0002:000019C8 00000004 C=BSS      S=.bss     G=DGROUP   M=LOS_MiniMapUnits ACBP=A9
 0002:000019CC 00000014 C=BSS      S=.bss     G=DGROUP   M=LOS_PlayerSeeUnit ACBP=A9
 0002:000019E0 00000004 C=BSS      S=.bss     G=DGROUP   M=LOS_GUIText ACBP=A9
 0002:000019E4 00000010 C=BSS      S=.bss     G=DGROUP   M=LOS_UpdateTables ACBP=A9
 0002:000019F4 00000008 C=BSS      S=.bss     G=DGROUP   M=LOS_AllyPlayer ACBP=A9
 0002:000019FC 00000008 C=BSS      S=.bss     G=DGROUP   M=LOS_extensions ACBP=A9
 0002:00001A04 00000004 C=BSS      S=.bss     G=DGROUP   M=SpeedHack ACBP=A9
 0002:00001A08 00000004 C=BSS      S=.bss     G=DGROUP   M=TA_NetworkingMessages ACBP=A9
 0002:00001A0C 00000004 C=BSS      S=.bss     G=DGROUP   M=PlayerDataU ACBP=A9
 0002:00001A10 00000004 C=BSS      S=.bss     G=DGROUP   M=CommandHandlerU ACBP=A9
 0002:00001A14 0000000C C=BSS      S=.bss     G=DGROUP   M=idplay   ACBP=A9
 0002:00001A20 00000004 C=BSS      S=.bss     G=DGROUP   M=DPLobbyWrapper ACBP=A9
 0002:00001A24 00000028 C=BSS      S=.bss     G=DGROUP   M=Dplayx_exports ACBP=A9
 0002:00001A4C 00000004 C=BSS      S=.bss     G=DGROUP   M=PauseLock ACBP=A9
 0002:00001A50 00000004 C=BSS      S=.bss     G=DGROUP   M=MultiAILimit ACBP=A9
 0002:00001A54 00000004 C=BSS      S=.bss     G=DGROUP   M=Plugins  ACBP=A9
 0002:00001A58 00000008 C=BSS      S=.bss     G=DGROUP   M=InitCode ACBP=A9
 0002:00001A60 00000014 C=BSS      S=.bss     G=DGROUP   M=InitCode_CoreExePatching ACBP=A9
 0002:00001A74 00000004 C=BSS      S=.bss     G=DGROUP   M=threadlogging ACBP=A9


  Address         Publics by Name

 0002:000018EC       .1
 0002:00001A08       .1
 0002:000018E8       .1
 0002:00001A04       .1
 0002:00001A00       .1
 0002:000019F8       .1
 0002:000018E4       .1
 0002:0000191C       .1
 0002:000019F0       .1
 0002:0000196C       .1
 0002:00001970       .1
 0002:00001974       .1
 0002:00001978       .1
 0002:00001A50       .1
 0002:0000199C       .1
 0002:00001A60       .1
 0002:00001A4C       .1
 0002:0000188C       .1
 0002:00001890       .1
 0002:00001920       .1
 0002:0000190C       .1
 0002:000018AC       .1
 0002:000019B0       .1
 0002:000019C4       .1
 0002:000019C8       .1
 0002:000018B4       .1
 0002:000018B8       .1
 0002:00001678       .1
 0002:0000167C       .1
 0002:000019DC       .1
 0002:000019E0       .1
 0002:00001A30       .1
 0002:00001A74       .1
 0002:0000183C       .1
 0002:00001668       .1
 0002:00001670       .1
 0002:00001A54       .1
 0002:00001968       .1
 0002:000018D4       .2
 0002:00001A20       .2
 0002:000018C0       .2
 0002:000019A4       .2
 0002:00001894       .2
 0002:000018F4       .2
 0002:000018F8       .2
 0002:00001A58       .2
 0002:000018E0       .2
 0002:00001898       .21
 0002:000019A8       .3
 0002:00001844       .3
 0002:00001674       .3
 0002:000018F0       .3
 0002:00001A10       .3
 0002:00001790       .35
 0002:00001A0C       .4
 0002:00001914       .4
 0002:00001850       .45
 0002:000017F8       .5
 0002:000015B4       .5
 0002:00001888       .5
 0002:00001900       .5
 0002:00001884       .6
 0002:00001840       .6
 0002:00001904       .6
 0002:00001A1C       .6
 0002:00001880       .7
 0002:000018FC       .8
 0002:0000181C       .81
 0002:0000187C       .9
 0001:00001E10       @AbstractError
 0001:00002E98       @AfterConstruction
 0001:000038F8       @Assert
 0001:000020F4       @Assign
 0001:00002250       @AStrCmp
 0001:00002EA8       @BeforeDestruction
 0001:00002B48       @BoundErr
 0001:00002DD8       @CallDynaInst
 0001:00002E40       @ClassCreate
 0001:00002E90       @ClassDestroy
 0001:000021BC       @Close
 0001:00001B58       @Copy
 0001:00004580       @CopyArray
 0001:00004464       @CopyRecord
 0001:00004674       @DispCallByIDError
 0001:0000E898       @DispInvokeError
 0001:00003324       @DoneExcept
 0001:000048C4       @DynArrayAsg
 0001:00004888       @DynArrayClear
 0001:000046A8       @DynArrayHigh
 0001:000046A0       @DynArrayLength
 0001:0000487C       @DynArraySetLength
 0001:000022C0       @EofText
 0001:0000340C       @ExceptionHandler
 0001:000022F8       @FillChar
 0001:00004440       @Finalize
 0001:00004354       @FinalizeArray
 0001:00004308       @FinalizeRecord
 0001:000021B0       @Flush
 0001:00002B3C       @FpuInit
 0001:00002A78       @FpuMaskInit
 0001:00001A28       @FreeMem
 0001:000019F8       @GetMem
 0001:0000575C       @GetTls
 0001:000038E0       @Halt
 0001:00003800       @Halt0
 0001:00002FBC       @HandleAnyException
 0001:00003270       @HandleFinally
 0001:000030E8       @HandleOnException
 0001:00004274       @InitializeArray
 0001:00004244       @InitializeRecord
 0001:000036C4       @InitImports
 0001:000057A8       @InitLib
 0001:0000369C       @InitResStringImports
 0001:00005018       @IntfAddRef
 0001:00004FD4       @IntfClear
 0001:00004FEC       @IntfCopy
 0001:00002B50       @IntOver
 0001:00002D84       @IsClass
 0001:00002A48       @isNECWindows
 0001:00003DA4       @LStrAddRef
 0001:0000393C       @LStrArrayClr
 0001:0000396C       @LStrAsg
 0001:00003BBC       @LStrCat
 0001:00003C00       @LStrCat3
 0001:00003C74       @LStrCatN
 0001:00003918       @LStrClr
 0001:00003D00       @LStrCmp
 0001:00003E14       @LStrCopy
 0001:00003E54       @LStrDelete
 0001:00003B88       @LStrFromArray
 0001:00003B00       @LStrFromChar
 0001:00003B10       @LStrFromPChar
 0001:00003A08       @LStrFromPCharLen
 0001:00003B40       @LStrFromPWChar
 0001:00003A74       @LStrFromPWCharLen
 0001:00003B7C       @LStrFromString
 0001:00003BA0       @LStrFromWStr
 0001:000039B0       @LStrLAsg
 0001:00003BB4       @LStrLen
 0001:00003E9C       @LStrPos
 0001:00003EE4       @LStrSetLength
 0001:00003DB4       @LStrToPChar
 0001:000039DC       @NewAnsiString
 0001:00003F8C       @NewWideString
 0001:0000275C       @Pow10
 0001:00002244       @PStrCpy
 0001:00002214       @PStrNCat
 0001:000032D0       @RaiseAgain
 0001:000032A8       @RaiseExcept
 0001:00002318       @RandInt
 0001:00002370       @ReadChar
 0001:000024D4       @ReadLn
 0001:00002468       @ReadLString
 0001:0000245C       @ReadString
 0001:00001A48       @ReallocMem
 0001:00001E84       @ResetText
 0001:00001E90       @RewritText
 0001:000038EC       @RunError
 0001:00002740       @SetEq
 0001:000035D4       @StartLib
 0001:0000025C       @strlen
 0001:00001DEC       @TRUNC
 0001:00003354       @TryFinallyExit
 0001:00003E0C       @UniqueStringA
 0001:00002504       @ValLong
 0001:0000FE4C       @VarAddRef
 0001:0000EB70       @VarClear
 0001:0000433C       @VarClr
 0001:0000EB84       @VarClr
 0001:0000EEAC       @VarCopy
 0001:0000444C       @VarCopy
 0001:0000F1D8       @VarToLStr
 0001:0000F8F8       @VarToWStr
 0001:00003F48       @Write0LString
 0001:0000261C       @WriteBytes
 0001:000026EC       @WriteLn
 0001:00003F64       @WriteLString
 0001:00002670       @WriteSpaces
 0001:00003FCC       @WStrArrayClr
 0001:00003FF0       @WStrAsg
 0001:00003FB4       @WStrClr
 0001:0000412C       @WStrCmp
 0001:000041B0       @WStrCopy
 0001:00004100       @WStrFromLStr
 0001:00004014       @WStrFromPCharLen
 0001:000040C4       @WStrFromPWChar
 0001:000040A0       @WStrFromPWCharLen
 0001:00004120       @WStrLen
 0001:000041FC       @WStrSetLength
 0001:00004110       @WStrToPWChar
 0001:00001B28       @_IOTest
 0001:0000467C       @_llmul
 0001:0000B49C       AbstractErrorHandler
 0002:00001028       AbstractErrorProc
 0002:0000088C       AccessMode
 0002:00000154       AccessMode
 0001:00010784       ActiveX
 0001:000003CC       AddBlockAfter
 0001:0001BC64       AddCheatDescription
 0001:00018054       AddLineNo
 0001:00004E3C       AddModuleUnloadProc
 0001:00004E2C       AddModuleUnloadProc
 0001:00017EA0       AddProcedure
 0001:00017CBC       AddUnit
 0002:00000968       AIName
 0002:000019F4       AlliedStateChanged
 0001:00006B54       AllocMem
 0002:000015AC       AllocMemCount
 0002:000015B0       AllocMemSize
 0001:0000568C       AllocTlsBuffer
 0001:00006D5C       AnsiCompareStr
 0001:00006DA8       AnsiCompareText
 0001:00006D14       AnsiLowerCase
 0001:0000BFC0       AnsiPos
 0001:00006DF4       AnsiSameText
 0001:0000C00C       AnsiStrPos
 0001:0000C0E4       AnsiStrRScan
 0001:0000C134       AnsiStrScan
 0001:00005418       AnsiToUtf8
 0001:00006CCC       AnsiUpperCase
 0001:00008E44       AppendChars
 0001:00009264       AppendFormat
 0001:00008EC8       AppendNumber
 0001:00008EA4       AppendString
 0001:0000B464       AssertErrorHandler
 0002:00001020       AssertErrorProc
 0002:00001604       avail
 0001:0000790C       BackfillGetDiskFreeSpaceEx
 0001:0000D848       BackupVarBoolFromStr
 0001:0000D9C4       BackupVarBStrFromBool
 0001:0000D8CC       BackupVarBStrFromCy
 0001:0000D948       BackupVarBStrFromDate
 0001:0000D7D4       BackupVarCyFromStr
 0001:0000D760       BackupVarDateFromStr
 0001:0000D604       BackupVarI4FromStr
 0001:0000D590       BackupVariantChangeTypeEx
 0001:0000D678       BackupVarR4FromStr
 0001:0000D6EC       BackupVarR8FromStr
 0001:0003D408       BetterAIName
 0001:0003D490       BetterAINameStub
 0001:00014C10       BinToHex
 0001:00017428       BinToInt
 0001:0000D5DC       BiUnimplemented
 0002:000015DC       blockDescBlockList
 0002:000015E0       blockDescFreeList
 0002:000003A4       BooleanIdents
 0002:00000334       BooleanToStringRule
 0001:000072C0       BoolToStr
 0001:0000EF60       BoolToWStrViaOS
 0002:00000920       BoolValues
 0001:0000BB5C       ByteToCharIndex
 0001:0000BB20       ByteToCharLen
 0001:0000BABC       ByteType
 0001:0000BA10       ByteTypeTest
 0002:00001918       CacheUsed
 0001:00017550       CalcCRC
 0002:00001814       ChangeAnyProc
 0001:000076D8       ChangeFileExt
 0001:00003A38       CharFromWChar
 0001:0000BDD4       CharLength
 0001:00005B00       CharLowerBuff
 0001:00005B08       CharNext
 0001:000001D4       CharNext
 0001:0000BC98       CharToByteIndex
 0001:0000BD10       CharToByteLen
 0001:00005B10       CharToOemA
 0001:00005B18       CharUpperBuff
 0002:00001A18       chatview
 0001:0001BC44       CheatEnabled
 0002:000008F0       Cheat_BuildAnywhere
 0002:000008EC       Cheat_ControlMenu
 0002:0000090C       Cheat_DoubleShot
 0002:00000900       Cheat_ExtraDamage
 0002:000008E0       Cheat_FastBuild
 0002:000008E4       Cheat_InfiniteResources
 0002:00000904       Cheat_InstantBuild
 0002:000008F4       Cheat_InstantCapture
 0002:000008DC       Cheat_Invisible
 0002:000008D8       Cheat_Invulnerability
 0002:000008FC       Cheat_JamAll
 0002:000008E8       Cheat_LosRadar
 0002:00000908       Cheat_ResourcesFreeze
 0002:000008F8       Cheat_SpecialMove
 0001:000201A4       CheckForCheats
 0001:00002F38       CheckJmp
 0002:00000338       CInvalidCustomVariantType
 0001:00014E88       Classes
 0001:0001841C       CleanUpMapFile
 0002:00001810       ClearAnyProc
 0001:00010188       ClearVariantTypeList
 0001:00005890       CloseHandle
 0001:00000174       CloseHandle
 0002:0000103C       CmdLine
 0002:00001038       CmdShow
 0001:0000D5F0       CmpUnimplemented
 0001:00020EB4       COB_extensions
 0001:00020E04       COB_Extensions_Handling
 0002:00001A64       CodeInjectionData
 0001:00026B08       CommandHandlerU
 0001:0000074C       Commit
 0002:00001620       committedRoot
 0001:0002B960       compare
 0001:00017A2C       CompareHeaders
 0001:00005898       CompareString
 0001:00006C54       CompareText
 0001:000071C4       CompareWith
 0001:000155E8       Compress
 0001:00018B6C       Compress
 0001:00017028       Consts
 0001:00017810       Contnrs
 0002:000003B0       Convert
 0002:000003C0       Convert
 0001:0000ACF8       ConvertAddr
 0001:00008FC8       ConvertEraString
 0001:00006B04       ConvertError
 0001:00006B24       ConvertErrorFmt
 0001:0000914C       ConvertYearString
 0001:000046B0       CopyArray
 0001:000058A0       CopyFile
 0001:0000BBE0       CountChars
 0001:00017518       CRC32
 0002:00000454       CRC32tab
 0001:0000B39C       CreateAssertException
 0001:0000B598       CreateAVObject
 0001:0000798C       CreateDir
 0001:000058A8       CreateDirectory
 0001:000058B0       CreateEvent
 0001:000058B8       CreateFile
 0001:0000017C       CreateFileA
 0001:000058C0       CreateFileMapping
 0001:0000B288       CreateInOutError
 0001:0002117C       CreateToolhelp32Snapshot
 0002:00000390       CRelationshipToBoolean
 0002:00000324       CResult
 0002:0000014C       cSimpleBoolStrs
 0002:0000033C       CText
 0002:00001618       curAlloc
 0002:00001688       CurrencyDecimals
 0002:00001684       CurrencyFormat
 0002:00001680       CurrencyString
 0001:00008E24       CurrentYear
 0001:0000877C       CurrToStr
 0001:0000EEF0       CurrToWStrViaOS
 0001:00020C00       CustomGetters
 0001:00006EDC       CvtInt
 0001:00006F48       CvtInt64
 0002:0000018C       CWNear
 0001:00017030       DataToStr2
 0001:0001E014       DataTypeToRegData
 0001:00008DB0       Date
 0002:00001689       DateSeparator
 0001:00009B18       DateTimeToStr
 0001:00009A6C       DateTimeToString
 0001:000088E8       DateTimeToTimeStamp
 0001:00009AD8       DateToStr
 0001:0000EF28       DateToWStrViaOS
 0001:00008D80       DayOfWeek
 0002:00000188       DCon10
 0002:0000002C       DebugHook
 0002:00001687       DecimalSeparator
 0001:00008D50       DecodeDate
 0001:00008BD4       DecodeDateFully
 0001:000089F0       DecodeTime
 0001:0000080C       Decommit
 0001:00000F38       DecommitFree
 0002:000015F4       decommittedRoot
 0002:0000093C       DecompressionBufferSize
 0002:00000024       Default8087CW
 0002:00000038       DefaultTextLineBreakStyle
 0002:000015B8       DefaultUserCodePage
 0002:00000218       DefLongDayNames
 0002:000001CC       DefLongMonthNames
 0002:000001FC       DefShortDayNames
 0002:0000019C       DefShortMonthNames
 0002:00000858       Deities
 0001:00004914       DelayLoadResourceModule
 0001:00000428       DeleteBlock
 0001:00000338       DeleteCriticalSection
 0001:000058C8       DeleteCriticalSection
 0001:000058D0       DeleteFile
 0001:00000D20       DeleteFree
 0001:000058D8       DeviceIoControl
 0002:00000094       dig
 0001:00007530       DirectoryExists
 0001:0003CAFC       DirectPlayCreate
 0002:00001A40       DirectPlayCreate_proc
 0001:0003C804       DirectPlayEnumerate
 0001:0003C8FC       DirectPlayEnumerateA
 0002:00001A38       DirectPlayEnumerateA_proc
 0001:0003C9FC       DirectPlayEnumerateW
 0002:00001A3C       DirectPlayEnumerateW_proc
 0002:00001A34       DirectPlayEnumerate_proc
 0001:0003CEA4       DirectPlayLobbyCreateA
 0002:00001A48       DirectPlayLobbyCreateA_proc
 0001:0003CD64       DirectPlayLobbyCreateW
 0002:00001A44       DirectPlayLobbyCreateW_proc
 0001:0003D67C       DisableThreadLibraryCalls
 0002:00001000       DispCallByIDProc
 0001:00006AE8       DivMod
 0001:0003D0F8       DllCanUnloadNow
 0001:0003D198       DllGetClassObject
 0002:00001664       DllProc
 0002:00001A28       DoFinalize
 0002:00001A24       DoInitialize
 0002:00000930       DoInterpretCommand
 0001:0000B90C       DoneExceptions
 0001:00014D2C       DoneThreadSynchronization
 0001:0002068C       DoReport
 0002:000003AC       DotSep
 0001:0001210C       DoWrite
 0001:0003D5C4       Do_LoadTime_CodeInjections
 0001:0001BB18       DPlay
 0001:0003DFA0       dplayx
 0001:0003C76C       DPlayxHandleInvalid
 0002:00000958       dplayxLibHandle
 0001:0003D2B0       Dplayx_exports
 0001:0001BC3C       DPLobby
 0001:0003C764       DPLobbyWrapper
 0001:000046C8       DynArrayClear
 0001:000046D0       DynArraySetLength
 0001:0000B24C       EHeapException.FreeInstance
 0001:00015754       Elapsed
 0002:000017FC       EmptyParam
 0002:000000D4       EmptyStr
 0002:000000D8       EmptyWideStr
 0001:00008B98       EncodeDate
 0001:000089AC       EncodeTime
 0001:00000328       EnterCriticalSection
 0001:000058E0       EnterCriticalSection
 0001:000058E8       EnumCalendarInfoA
 0001:0000A8B8       EnumEraNames
 0001:0000A904       EnumEraYearOffsets
 0002:00001750       EraNames
 0001:00009E68       EraToYear
 0002:0000176C       EraYearOffsets
 0002:0000006C       errCaption
 0001:00001B1C       Error
 0002:00000004       ErrorAddr
 0001:00001AD0       ErrorAt
 0001:0000B32C       ErrorHandler
 0001:00021834       ErrorLog_ExtraData
 0001:000217F0       Errorlog_Thunk1
 0001:000214AC       Errorlog_Thunk2
 0002:00000234       ErrorMap
 0002:00001008       ErrorProc
 0001:0001A248       ErrorString
 0002:000013E0       ErrOutput
 0001:00001A98       ExceptAddr
 0002:0000100C       ExceptClsProc
 0001:0000B85C       ExceptHandler
 0001:0000AF9C       Exception.Create
 0001:0000AFE4       Exception.CreateFmt
 0001:0000B1B4       Exception.CreateFmtHelp
 0001:0000B160       Exception.CreateHelp
 0001:0000B074       Exception.CreateRes
 0001:0000B0BC       Exception.CreateResFmt
 0002:0000101C       ExceptionClass
 0001:0000AD08       ExceptionErrorMessage
 0002:0000026C       ExceptMap
 0002:00001010       ExceptObjProc
 0002:00001004       ExceptProc
 0001:0000BF74       ExcludeTrailingPathDelimiter
 0002:00000000       ExitCode
 0001:00003744       ExitDll
 0002:00001040       ExitProc
 0001:000001DC       ExitProcess
 0002:00001024       ExitProcessProc
 0001:00005738       ExitProcessTLS
 0001:00005710       ExitThreadTLS
 0001:000078C8       ExpandFileName
 0002:00000924       ExpectedData
 0001:000077B8       ExtractFileDir
 0001:00007868       ExtractFileExt
 0001:00007824       ExtractFileName
 0001:00007778       ExtractFilePath
 0002:0000178C       FalseBoolStrs
 0002:0000017C       FCon1E18
 0001:000074A0       FileAge
 0001:0000748C       FileClose
 0001:0000738C       FileCreate
 0001:000073C0       FileCreate
 0001:00007510       FileExists
 0002:0000089C       FileFlags
 0002:0000000C       FileMode
 0001:00001ED8       FileNOPProc
 0001:0000731C       FileOpen
 0001:000073E0       FileRead
 0001:00007450       FileSeek
 0001:000058F0       FileTimeToDosDateTime
 0001:000058F8       FileTimeToLocalFileTime
 0001:00007418       FileWrite
 0002:00000434       FILE_SHARING_ERRORS
 0001:00000E58       FillAfterGap
 0001:00000DF8       FillBeforeGap
 0001:00000EF8       FillerSizeAfterGap
 0001:00000E80       FillerSizeBeforeGap
 0001:0001764C       Finalization
 0001:0002053C       Finalization
 0001:000245E0       Finalization
 0001:0003D644       Finalization
 0001:000177E0       Finalization
 0001:00020B18       Finalization
 0001:0003D580       Finalization
 0001:0001936C       Finalization
 0001:00005828       Finalization
 0001:00024514       Finalization
 0001:000057F0       Finalization
 0001:000104E4       Finalization
 0001:00024C24       Finalization
 0001:00010698       Finalization
 0001:00024DA0       Finalization
 0001:0003D3B4       Finalization
 0001:00018774       Finalization
 0001:000187E0       Finalization
 0001:000106FC       Finalization
 0001:00010754       Finalization
 0001:00024288       Finalization
 0001:00005F14       Finalization
 0001:0000D370       Finalization
 0001:00018820       Finalization
 0001:00024EF0       Finalization
 0001:00020E84       Finalization
 0001:00024030       Finalization
 0001:00023E44       Finalization
 0001:00022678       Finalization
 0001:000250F8       Finalization
 0001:00021218       Finalization
 0001:00021E74       Finalization
 0001:0003D280       Finalization
 0001:00021250       Finalization
 0001:00021A50       Finalization
 0001:00025130       Finalization
 0001:0001BC0C       Finalization
 0001:000264D0       Finalization
 0001:00026AD8       Finalization
 0001:0000DDB4       Finalization
 0001:0001BAE8       Finalization
 0001:00005534       Finalization
 0001:000218A0       Finalization
 0001:00021804       Finalization
 0001:0001A130       Finalization
 0001:0003C734       Finalization
 0001:0003B1AC       Finalization
 0001:000196C8       Finalization
 0001:00020018       Finalization
 0001:00017614       Finalization
 0001:00005BCC       Finalization
 0001:00024720       Finalization
 0001:0001EBF0       Finalization
 0001:00005B94       Finalization
 0001:0001C05C       Finalization
 0001:0001C0C4       Finalization
 0001:0001DDE4       Finalization
 0001:0001CD28       Finalization
 0001:00016FF8       Finalization
 0001:0001C450       Finalization
 0001:000248D0       Finalization
 0001:00016FC0       Finalization
 0001:00014DD8       Finalization
 0001:000152C0       Finalization
 0001:0003DD40       Finalization
 0001:0003DD08       Finalization
 0001:0003DC88       Finalization
 0001:000154EC       Finalization
 0001:00015310       Finalization
 0001:0003DB7C       Finalization
 0001:000046C0       FinalizeArray
 0001:000034F4       FinalizeUnits
 0001:000049A4       FindBS
 0001:00005900       FindClose
 0001:000001EC       FindClose
 0001:00000DB4       FindCommitted
 0001:0001042C       FindCustomVariantType
 0001:000001F4       FindFirstFile
 0001:00005908       FindFirstFile
 0002:0000185C       FindGlobalComponentProcs
 0001:000048EC       FindHInstance
 0001:00037140       FindHostPlayer
 0001:0000DA64       FindProc
 0001:0000495C       FindResourceHInstance
 0002:000018C4       fIsWin9x
 0001:00021A88       FixModsINI
 0002:0000179C       FLanguages
 0001:0000840C       FloatToDecimal
 0001:0000874C       FloatToStr
 0001:000087AC       FloatToStrF
 0001:00008138       FloatToText
 0001:000021A4       Flush
 0001:00005910       FlushFileBuffers
 0001:00005918       FlushInstructionCache
 0002:00000190       FMSecsPerDay
 0001:00008018       FmtStr
 0001:00021EF0       fnRemoveInvalidChar
 0001:00007568       ForceDirectories
 0001:00007FF0       Format
 0002:00000198       Format
 0001:00007C20       FormatBuf
 0001:00007C0C       FormatClearStr
 0001:00009B34       FormatDateTime
 0001:00007B6C       FormatError
 0002:00000174       FormatErrorStrs
 0001:00005920       FormatMessage
 0001:00007BD4       FormatVarToStr
 0001:00002754       FPower10
 0001:0000D07C       FreeAndNil
 0001:00000AB4       FreeCommitted
 0001:000010EC       FreeCurAlloc
 0001:00014D48       FreeIntConstList
 0001:00005928       FreeLibrary
 0001:000001FC       FreeLibrary
 0001:00018810       FreeListU
 0001:00000684       FreeSpace
 0001:0000CA1C       FreeTerminateProcs
 0002:000008A0       fVersionLazyInited
 0001:000245B0       GameUnit_LOS_MiniMap_UnitsProjectiles_IsOwner
 0001:00024714       GameUnit_LOS_PlayerSeeUnit_EpilogCode_Exit
 0001:000246C0       GameUnit_LOS_PlayerSeeUnit_IsOwnerAllowedToSee
 0001:000243A0       GameUnit_LOS_Radar_CanDirectlySeeUnit
 0001:00024454       GameUnit_LOS_Radar_LoopCondition
 0001:000243FC       GameUnit_LOS_Radar_LoopStart
 0001:00024A60       GameUnit_LOS_Update_1_Retry
 0001:00024A44       GameUnit_LOS_Update_1_Start
 0001:00024B4C       GameUnit_LOS_Update_2_Retry
 0001:00024B30       GameUnit_LOS_Update_2_Start
 0002:0000092C       Game_SetLOSState
 0002:00001A2C       gdwDPlaySPRefCount
 0001:00005930       GetACP
 0001:00000340       GetBlockDesc
 0001:00017170       GetChar
 0001:000002DC       GetCmdShow
 0001:00024C5C       GetCodeInjections
 0001:00024908       GetCodeInjections
 0001:000242C0       GetCodeInjections
 0001:0002454C       GetCodeInjections
 0001:00024618       GetCodeInjections
 0001:00024758       GetCodeInjections
 0001:00000204       GetCommandLine
 0001:000008C8       GetCommitted
 0001:00000970       GetCommittedAt
 0001:00008F18       GetCount
 0001:00005938       GetCPInfo
 0001:00005940       GetCurrentProcess
 0001:00005948       GetCurrentThreadId
 0001:000002BC       GetCurrentThreadId
 0001:00008F50       GetDate
 0001:00005950       GetDateFormat
 0001:00009D34       GetDateOrder
 0001:00005958       GetDiskFreeSpaceA
 0002:00000148       GetDiskFreeSpaceEx
 0001:00002DA8       GetDynaMethod
 0001:0000A990       GetEraNamesAndYearOffsets
 0001:00009E04       GetEraYearOffset
 0001:0000B56C       GetExceptionClass
 0001:0000B77C       GetExceptionObject
 0001:00005960       GetFileAttributes
 0001:00005968       GetFileSize
 0001:0000018C       GetFileSize
 0001:00000184       GetFileType
 0001:0001920C       GetFileVersion
 0001:00005AE8       GetFileVersionInfo
 0001:00005AF0       GetFileVersionInfoSize
 0001:00019000       GetFileVersion_internal
 0001:0000C454       GetFormatSettings
 0001:00005970       GetFullPathName
 0001:000220DC       GetINIFileName
 0001:00002A40       GetKeyboardType
 0001:0000020C       GetLastError
 0001:00005978       GetLastError
 0001:00018534       GetLineNumberFromAddress
 0001:0000A704       GetLocaleChar
 0001:00000214       GetLocaleInfo
 0001:00005988       GetLocaleInfo
 0001:0000A6A8       GetLocaleStr
 0001:00005980       GetLocalTime
 0001:00018728       GetMapAddressFromAddress
 0001:00018630       GetMapFileName
 0001:0000021C       GetModuleFileName
 0001:00005990       GetModuleFileName
 0001:00000224       GetModuleHandle
 0001:00005998       GetModuleHandle
 0001:00018448       GetModuleNameFromAddress
 0001:0000A784       GetMonthDayNames
 0001:00018940       GetMyDocs
 0001:00001BFC       GetParamStr
 0001:00021290       GetPlugin
 0001:00021844       GetPlugin
 0001:000218E0       GetPlugin
 0001:00020B58       GetPlugin
 0001:0003D4AC       GetPlugin
 0001:0003D2EC       GetPlugin
 0001:00024F4C       GetPlugin
 0001:00024E38       GetPlugin
 0001:00024228       GetPlugin
 0001:000059A0       GetPrivateProfileString
 0001:000059A8       GetProcAddress
 0001:0000022C       GetProcAddress
 0001:000184C4       GetProcNameFromAddress
 0001:000005A8       GetSpace
 0001:0000060C       GetSpaceAt
 0001:00000234       GetStartupInfo
 0001:000059B0       GetStdHandle
 0001:00000194       GetStdHandle
 0001:000059B8       GetStringTypeEx
 0001:000189A0       GetSysDir
 0001:000059C0       GetSystemDirectory
 0001:000059C8       GetSystemInfo
 0001:00005B20       GetSystemMetrics
 0001:000192F4       GetTADemoVersion
 0001:000059D0       GetTempFileName
 0001:000059D8       GetTempPath
 0001:0000023C       GetThreadLocale
 0001:000059E0       GetThreadLocale
 0001:000059E8       GetTickCount
 0001:000002D4       GetTickCount
 0001:00008F88       GetTime
 0001:00005698       GetTlsSize
 0001:000002C4       GetVersion
 0001:000059F0       GetVersionEx
 0001:000059F8       GetVolumeInformation
 0001:00018AE0       GetVolumePathName
 0001:00005A00       GlobalAlloc
 0001:00005B54       GlobalAllocPtr
 0002:00001860       GlobalFixupList
 0001:00005A08       GlobalFree
 0001:00005B80       GlobalFreePtr
 0001:00005A18       GlobalHandle
 0001:00005A10       GlobalLock
 0002:00001848       GlobalNameSpace
 0001:00005A20       GlobalReAlloc
 0001:00005B64       GlobalReAllocPtr
 0001:00005A28       GlobalUnlock
 0001:00016FF0       GPHugeF
 0002:00000028       HeapAllocFlags
 0002:000015C0       heapErrorCode
 0002:000015C4       heapLock
 0002:00000144       HexDisplayPrefix
 0001:00014C78       HexToBin
 0002:00001660       HInstance
 0001:00005B38       HiWord
 0001:0003B1E8       idplay
 0002:000008B8       IID_IDirectPlay
 0002:000008A8       IID_IDirectPlay3
 0002:000008C8       IID_IDirectPlayLobby2
 0002:00000194       IMSecsPerDay
 0001:0000E8EC       InBounds
 0001:0000EB8C       InBounds
 0001:0000BF20       IncludeTrailingPathDelimiter
 0001:0000EBBC       Increment
 0001:0000E91C       Increment
 0002:000019A0       iniFileName_cache
 0001:0001DE2C       IniFiles
 0002:0000197C       iniSettings
 0001:00000B48       InitAllocator
 0001:0003DBAC       InitCode
 0001:0003DCB8       InitCode_CoreExePatching
 0002:00001630       InitContext
 0001:0000CA50       InitDriveSpacePtr
 0001:0000B884       InitExceptions
 0001:00000320       InitializeCriticalSection
 0001:00005A30       InitializeCriticalSection
 0002:000015BC       initialized
 0001:0000579C       InitializeModule
 0001:0000DAA8       InitializeVarUtils
 0001:0000C204       InitLeadBytes
 0001:0000B990       InitPlatformId
 0001:000056E4       InitProcessTLS
 0001:0000C2A8       InitSysLocale
 0001:00014CF4       InitThreadSynchronization
 0001:000056A0       InitThreadTLS
 0001:0003DC7C       InitThunk_Stage1
 0001:0003DBFC       InitThunk_Stage2
 0001:00020EBC       InitToolHelp
 0001:00003564       InitUnits
 0001:000226C4       INI_Options
 0002:00001048       Input
 0001:00024068       InputHandler
 0001:000242B8       InputHook
 0001:00000FF4       InsertFree
 0001:0001FCF0       InstallPlugins
 0002:00001854       IntConstList
 0001:0000CAC0       InterlockedDecrement
 0001:000002B4       InterlockedDecrement
 0001:0000CACC       InterlockedExchange
 0001:0000CAD4       InterlockedExchangeAdd
 0001:0000CAB4       InterlockedIncrement
 0001:000002AC       InterlockedIncrement
 0001:00001F18       InternalClose
 0001:0000215C       InternalFlush
 0001:00000E34       InternalFreeMem
 0001:00003DC0       InternalUniqueString
 0001:00007064       IntToHex
 0001:0000703C       IntToHex
 0001:00006F28       IntToStr
 0001:00007014       IntToStr
 0002:00001798       InvalidPointer
 0001:00002C70       InvokeImplGetter
 0001:00001B9C       IOResult
 0001:00005A38       IsBadReadPtr
 0002:00001044       IsConsole
 0001:0000BEC4       IsDelimiter
 0001:00008A50       IsLeapYear
 0002:00001034       IsLibrary
 0002:00001045       IsMultiThread
 0001:0000BE78       IsPathDelimiter
 0001:0001DF9C       IsRelative
 0001:000170E4       IsStrBool
 0001:0001BF98       IsTAHookRunning
 0001:00020674       IsTAVersion31
 0002:00001919       IsTAVersion31_Cache
 0001:0000C284       IsWesternGroup
 0001:00018A80       IsWin9x
 0002:00000030       JITEnable
 0002:00001924       KernelHandle
 0002:000018BC       kernellib
 0001:00007668       LastDelimiter
 0001:000054C0       LCIDToCodePage
 0001:0000C18C       LCIDToCodePage
 0002:00000124       LeadBytes
 0001:00005A40       LeaveCriticalSection
 0001:00000330       LeaveCriticalSection
 0002:0000003C       LibModuleList
 0001:0003DBD4       LibraryProc
 0002:000018A4       LineNumbers
 0001:0001BCB8       ListCheats
 0002:0000174E       ListSeparator
 0001:000152F0       ListsU
 0001:000181C4       LoadAndParseMapFile
 0001:00005A48       LoadLibrary
 0001:00000244       LoadLibraryEx
 0001:00004BA8       LoadResourceModule
 0001:00005468       LoadResString
 0001:0000024C       LoadString
 0001:00005B28       LoadString
 0001:00000300       LocalAlloc
 0001:0000565C       LocalAlloc
 0001:00005664       LocalFree
 0001:00000308       LocalFree
 0001:0000A740       LocalGetLocaleStr
 0001:0001C480       log2
 0002:000008A4       logdir
 0001:00019884       LogError
 0001:00019770       LogException
 0002:000018D8       logFilename
 0001:0001A174       logging
 0002:00000950       logsave
 0002:000018DC       Log_
 0002:00001690       LongDateFormat
 0002:00001724       LongDayNames
 0002:000016D8       LongMonthNames
 0002:000016A4       LongTimeFormat
 0001:00024DD0       LOS_AllyPlayer
 0001:00024F20       LOS_extensions
 0001:00024900       LOS_GUIText
 0001:00024864       LOS_GUIText_SeeCommHealth
 0001:0002489C       LOS_GUIText_Unit_KillsNStuff
 0001:00024824       LOS_GUIText_Unit_Resources
 0001:00024610       LOS_MiniMapUnits
 0001:00024750       LOS_PlayerSeeUnit
 0001:00024544       LOS_Radar
 0002:000019E4       LOS_Updates_PTR
 0001:00024C54       LOS_UpdateTables
 0001:00006BE8       LowerCase
 0002:0000094C       LowerLimit
 0001:00000254       lstrcpyn
 0002:00001820       LVarTypes
 0002:00001824       LVarTypeSync
 0002:0000102C       MainInstance
 0002:00001030       MainThreadID
 0001:000003C4       MakeEmpty
 0001:000036E8       MakeErrorMessage
 0001:00018F5C       MakeTempFilename
 0001:0000B4B8       MapException
 0002:00000854       MapFileName
 0002:000018A8       MapFileSetup
 0001:0000336C       MapToRunError
 0001:00005A50       MapViewOfFile
 0001:0001767C       Math
 0001:0001C08C       MemMappedDataStructure
 0002:00000044       MemoryManager
 0001:0000045C       MergeBlockAfter
 0001:00001138       MergeCommit
 0001:000001E4       MessageBox
 0001:00005B30       MessageBox
 0001:00005BFC       Messages
 0001:00015340       MMSystem
 0001:00021EA4       ModsList
 0002:000000AC       Module
 0001:000211B0       Module32First
 0001:000211E4       Module32Next
 0001:00021464       ModuleInfoComparer
 0002:0000165D       ModuleIsCpp
 0002:0000165C       ModuleIsLib
 0001:00014DC4       ModuleUnload
 0002:00000040       ModuleUnloadList
 0002:000000F4       MonthDays
 0001:00001BBC       Move
 0001:0003D5BC       MultiAILimit
 0001:00000264       MultiByteToWideChar
 0002:00001685       NegCurrFormat
 0001:000011C4       NewCommit
 0001:000011F0       NewCommitAt
 0002:00000934       NewUnitLimit
 0001:0000BE24       NextCharIndex
 0002:00000034       NoErrMsg
 0001:00002F24       NotifyAnyExcept
 0001:00002EF8       NotifyExcept
 0001:00002F58       NotifyExceptFinally
 0001:00004EE4       NotifyModuleUnload
 0001:00002ED4       NotifyNonDelphiException
 0001:00002F10       NotifyOnExcept
 0001:00002EB8       NotifyReRaise
 0001:00002F80       NotifyTerminate
 0001:00002F9C       NotifyUnhandled
 0001:00008DDC       Now
 0002:00000330       NullAsStringValue
 0002:0000032C       NullStrictConvert
 0002:000018B0       ObjectsToFree
 0001:0001687C       OffsetPtr
 0001:0003DB44       OnFinalize
 0001:000187D0       OnFinalize
 0001:0003C794       OnInit
 0001:0003D710       OnInitialize
 0001:000187B8       OnInitialize
 0001:000241F8       OnInstall
 0001:0003D2E4       OnInstall
 0001:0003D3EC       OnInstall
 0001:0002183C       OnInstall
 0001:00021288       OnInstall
 0001:00020B50       OnInstallCobExtensions
 0001:00024DF4       OnInstallShareLOS
 0001:00024F3C       OnInstallSpeedHack
 0001:000218D8       OnInstallUnitLimit
 0001:00021840       OnUnInstall
 0001:0003D2E8       OnUninstall
 0001:0002128C       OnUnInstall
 0001:00024218       OnUnInstall
 0001:0003D3F0       OnUninstall
 0001:00020B54       OnUninstallCobExtensions
 0001:00024E00       OnUninstallShareLOS
 0001:00024F48       OnUninstallSpeedHack
 0001:000218DC       OnUninstallUnitLimit
 0001:0001BFE8       OpenMemMap
 0001:00001E2C       OpenText
 0002:00001794       OutOfMemory
 0002:00001214       Output
 0001:000356AC       OutputInfo
 0001:0001C0F4       PacketBufferU
 0001:00023E74       packet_old
 0001:00001D60       ParamStr
 0001:000171C8       ParseParams
 0001:0001EF68       PatchNJump
 0001:0003D38C       PauseHandling
 0001:0003D3E4       PauseLock
 0001:00026500       PlayerDataU
 0002:000019BC       PlayerPtr
 0002:000019E8       PlayerPtr
 0002:000019D0       PlayerPtr
 0001:00024D70       Player_SetAlliedState_JumpHook
 0001:00024D88       Player_SetAlliedState_RetHook
 0001:00024060       PluginCommandHandlerU
 0002:000019AC       PluginCommands
 0001:00020058       PluginEngine
 0001:0003D674       Plugins
 0002:00001908       Plugins
 0001:00011274       PointerInModule
 0002:000018C8       proc
 0002:00001A5C       proc
 0002:000018A0       Procedures
 0001:00014364       PropValueError
 0002:000000A8       PtrToNil
 0001:000173F4       PtrToStr
 0001:000080F4       PutExponent
 0001:000002CC       QueryPerformanceCounter
 0001:00011A08       QuickSort
 0001:0000B454       RaiseAssertException
 0001:0000019C       RaiseException
 0001:000138C4       RaiseException
 0002:00001014       RaiseExceptionProc
 0001:0000C94C       RaiseLastOSError
 0001:00001DC4       Randomize
 0002:00000008       RandSeed
 0001:00014344       ReadError
 0001:0001DF68       ReadError
 0001:000001A4       ReadFile
 0001:00005A58       ReadFile
 0001:000222E8       ReadINISettings
 0001:000023DC       ReadLine
 0001:00021D3C       ReadModsIniField
 0001:00005A60       ReadProcessMemory
 0002:00001818       RefAnyProc
 0001:00005860       RegCloseKey
 0001:0000026C       RegCloseKey
 0001:00005868       RegCreateKeyEx
 0001:0001DFC4       RegDataToDataType
 0001:00005870       RegFlushKey
 0002:00001858       RegGroups
 0001:00004F40       RegisterModule
 0001:0001FC8C       RegisterPlugin
 0001:0001EC38       Registry
 0001:00005878       RegOpenKeyEx
 0001:00000274       RegOpenKeyEx
 0001:00005880       RegQueryValueEx
 0001:0000027C       RegQueryValueEx
 0001:00005888       RegSetValueEx
 0002:00000050       reMap
 0002:00001614       remBytes
 0001:000004E4       RemoveBlock
 0001:000141F4       RemoveFixupReferences
 0001:000142B0       RemoveFixups
 0001:0001759C       RemoveInvalid
 0001:00004E34       RemoveModuleUnloadProc
 0001:00004E5C       RemoveModuleUnloadProc
 0001:00005A68       ResetEvent
 0001:00024F28       ResetGameSpeedLimits
 0001:00024DD8       ResetShareLosState
 0001:00001728       ResizeInPlace
 0001:00012290       ReturnAddr
 0001:000116AC       ReturnAddr
 0002:00001610       rover
 0001:000106C8       RTLConsts
 0001:000001AC       RtlUnwind
 0002:00001018       RTLUnwindProc
 0002:00000074       runErrMsg
 0001:00001AC4       RunErrorAt
 0001:0000DA44       SafeArrayCreate
 0001:0000DA4C       SafeArrayGetLBound
 0001:0000DA54       SafeArrayGetUBound
 0001:0000DA5C       SafeArrayPtrOfIndex
 0001:00006CA8       SameText
 0001:00009B58       ScanBlanks
 0001:00009CE4       ScanChar
 0001:00009ED0       ScanDate
 0001:00009B98       ScanNumber
 0001:00009C4C       ScanString
 0001:0000A264       ScanTime
 0001:00009D9C       ScanToNumber
 0001:00001224       SearchSmallBlocks
 0001:00018DEC       SelfLocation
 0002:000018CC       SelfLocation_cache
 0001:00010158       SetClearVarToEmptyParam
 0001:000001B4       SetEndOfFile
 0001:00005A70       SetEndOfFile
 0001:00005A78       SetEvent
 0001:000034AC       SetExceptionHandler
 0001:000001BC       SetFilePointer
 0001:00005A80       SetFilePointer
 0001:00001B48       SetInOutRes
 0001:00005A88       SetLastError
 0001:0002018C       SetLongword
 0001:00010140       SetVarAsError
 0001:00020170       SetWord
 0002:00000894       ShareFlags
 0002:00000160       ShareMode
 0001:00018850       SHFolder
 0001:00018818       SHGetFolderPath
 0002:0000168C       ShortDateFormat
 0002:00001708       ShortDayNames
 0002:000016A8       ShortMonthNames
 0002:000016A0       ShortTimeFormat
 0001:0000AEC0       ShowException
 0001:00024D2C       Signal_AlliedStateChange
 0001:000174D0       SimpleCrypt
 0001:00014754       SkipBinary
 0001:00014788       SkipCollection
 0001:00014728       SkipList
 0001:00005A90       Sleep
 0001:0000C944       Sleep
 0002:0000161C       smallTab
 0002:000015E4       spaceRoot
 0001:00025128       SpeedHack
 0001:00025068       SpeedState_DecreaseSpeed_Check
 0001:000250A0       SpeedState_IncreaseSpeed_Check
 0001:000250D0       SpeedState_SetSpeed_Check
 0001:0001EF98       SpliceInJump
 0002:00001A14       StartedFrom
 0002:00000928       State_COB_extensions
 0002:00000964       State_MultiAILimit
 0002:0000095C       State_PauseLock
 0002:00000944       State_SpeedHack
 0002:00000938       State_UnitLimit
 0002:00000954       statslog
 0001:0001CD58       statslogging
 0001:0002523C       StatusToStr
 0002:00000960       StopPauseStateChange
 0001:00007B00       StrAlloc
 0001:0000BAF0       StrByteType
 0001:0000BD84       StrCharLength
 0001:000136E4       StringListCompareStrings
 0001:0000C7E8       StringReplace
 0001:00017968       StripFromString
 0001:000079FC       StrLCopy
 0001:000079B8       StrLen
 0001:00007F98       StrLFmt
 0001:00007A30       StrLIComp
 0001:000079D0       StrMove
 0001:00007B2C       StrNew
 0001:0000BDB8       StrNextChar
 0001:00007AAC       StrPos
 0001:00007A74       StrScan
 0001:0000A480       StrToDate
 0001:0000A578       StrToDateTime
 0001:000087E8       StrToFloat
 0001:00007094       StrToInt
 0001:000070D4       StrToIntDef
 0001:0000A4FC       StrToTime
 0001:0003D23C       StubCall
 0001:00018BE4       SupportsCompression
 0002:0000184C       SyncEvent
 0001:00017AB8       SyncHeaders
 0002:00000430       SyncList
 0001:0001551C       SyncObjs
 0001:00000294       SysAllocStringLen
 0001:00005F44       SysConst
 0001:0000A644       SysErrorMessage
 0001:00001550       SysFreeMem
 0001:000002A4       SysFreeString
 0001:000013A4       SysGetMem
 0001:00005820       SysInit
 0002:00001740       SysLocale
 0001:0000192C       SysReallocMem
 0001:0000029C       SysReAllocStringLen
 0001:00005588       System
 0001:0000D4F0       SysUtils
 0002:00001910       TAData
 0001:000193C8       TADemoConsts
 0002:000018D0       TADemoVersion_cache
 0001:000208C4       TAMem.getActualUnitLimit
 0001:00020870       TAMem.getGameSpeed
 0001:000208F0       TAMem.getIsAlteredUnitLimit
 0001:00020898       TAMem.getMaxUnitLimit
 0001:00020944       TAMem.getPlayerIndex
 0001:000209C8       TAMem.GetUnitPtr
 0001:0002091C       TAMem.getUnitsPtr
 0001:00020848       TAMem.getViewPLayer
 0001:000207B0       TAMem.IsTAVersion31
 0001:0002056C       TAMemManipulations
 0001:00020A2C       TAPlayer.GetAlliedState
 0001:00020A74       TAPlayer.PlayerType
 0001:00020A9C       TAUnit.getKills
 0001:00020AF0       TAUnit.GetOwnerIndex
 0001:00020AC8       TAUnit.GetOwnerPtr
 0001:00021280       TA_FunctionsU
 0001:00020B48       TA_MemoryLocations
 0001:00025160       TA_NetworkingMessages
 0001:0001F104       TCodeInjection.Create
 0001:0001F148       TCodeInjection.RestoreProc
 0001:0001F5F0       TCodeInjection_RelativeJmp.Create
 0001:0001F658       TCodeInjection_RelativeJmp.WriteProc
 0001:0001F288       TCodeInjection_Replacement.WriteProc
 0001:0001F43C       TCodeInjection_StaticCall.WriteProc
 0001:000265E0       TCommandHandler.Create
 0001:000269A4       TCommands.AddCommand
 0001:00026840       TCommands.AddCommandAlias
 0001:00026798       TCommands.ClearCommands
 0001:00026684       TCommands.Create
 0001:000266F0       TCommands.destroy
 0001:00026734       TCommands.GetCount
 0001:00026764       TCommands.GetItem
 0001:000267F8       TCommands.LookUpCommand
 0001:000154BC       TCriticalSection.Acquire
 0001:0001542C       TCriticalSection.Create
 0001:0001547C       TCriticalSection.Destroy
 0001:000154D4       TCriticalSection.Release
 0001:0001CF38       TCustomIniFile.Create
 0001:0001D5C4       TCustomIniFile.ReadBinaryStream
 0001:0001D0B0       TCustomIniFile.ReadBool
 0001:0001D0E4       TCustomIniFile.ReadDate
 0001:0001D1A0       TCustomIniFile.ReadDateTime
 0001:0001D25C       TCustomIniFile.ReadFloat
 0001:0001CF80       TCustomIniFile.ReadInteger
 0001:0001D318       TCustomIniFile.ReadTime
 0001:0001D738       TCustomIniFile.WriteBinaryStream
 0001:0001D590       TCustomIniFile.WriteBool
 0001:0001D3D4       TCustomIniFile.WriteDate
 0001:0001D43C       TCustomIniFile.WriteDateTime
 0001:0001D4A4       TCustomIniFile.WriteFloat
 0001:0001D04C       TCustomIniFile.WriteInteger
 0001:0001D510       TCustomIniFile.WriteTime
 0001:00013EF8       TCustomMemoryStream.Read
 0001:00013F68       TCustomMemoryStream.Seek
 0001:00013ED0       TCustomMemoryStream.SetPointer
 0001:000101F4       TCustomVariantType.BinaryOp
 0001:00010200       TCustomVariantType.Cast
 0001:00010238       TCustomVariantType.CastTo
 0001:000102C4       TCustomVariantType.CastToOle
 0001:00010280       TCustomVariantType.Compare
 0001:0001028C       TCustomVariantType.CompareOp
 0001:00010300       TCustomVariantType.Destroy
 0001:000103E0       TCustomVariantType.DispInvoke
 0001:0001038C       TCustomVariantType.IsClear
 0001:00010390       TCustomVariantType.LeftPromotion
 0001:000103A4       TCustomVariantType.OlePromotion
 0001:00010404       TCustomVariantType.QueryInterface
 0001:000103AC       TCustomVariantType.RaiseCastError
 0001:000103BC       TCustomVariantType.RaiseDispError
 0001:000103B4       TCustomVariantType.RaiseInvalidOp
 0001:000103C4       TCustomVariantType.RightPromotion
 0001:000103D8       TCustomVariantType.UnaryOp
 0001:000103EC       TCustomVariantType._AddRef
 0001:000103F8       TCustomVariantType._Release
 0001:00030D4C       TDPlay.AddGroupToGroup
 0001:0002FDC8       TDPlay.AddPlayerToGroup
 0001:000296A8       TDPlay.ChatMsgHandler
 0001:00027E68       TDPlay.checkForCheats
 0001:000373F4       TDPlay.Close
 0001:00038280       TDPlay.Create
 0001:0003072C       TDPlay.CreateGroup
 0001:0002FEC8       TDPlay.CreateGroup
 0001:00030DC8       TDPlay.CreateGroupInGroup
 0001:0002A308       TDPlay.createlogfile
 0001:0002FE44       TDPlay.CreatePlayer
 0001:000313D8       TDPlay.CreatePlayer
 0001:00030E54       TDPlay.DeleteGroupFromGroup
 0001:0002FF48       TDPlay.DeletePlayerFromGroup
 0001:0003B0F4       TDPlay.Destroy
 0001:0002FFC4       TDPlay.DestroyGroup
 0001:0003168C       TDPlay.DestroyPlayer
 0001:00028EB0       TDPlay.dobase
 0001:0003003C       TDPlay.EnableNewPlayers
 0001:00031AA8       TDPlay.EnumConnections
 0001:000307B4       TDPlay.EnumGroupPlayers
 0001:000300B4       TDPlay.EnumGroupPlayers
 0001:0003083C       TDPlay.EnumGroups
 0001:00030138       TDPlay.EnumGroups
 0001:00030ED0       TDPlay.EnumGroupsInGroup
 0001:000301BC       TDPlay.EnumPlayers
 0001:000317B0       TDPlay.EnumPlayers
 0001:00031870       TDPlay.EnumSessions
 0001:00030240       TDPlay.EnumSessions
 0001:00036E04       TDPlay.ExceptMessage
 0001:00037DA4       TDPlay.Exiting
 0001:0002B720       TDPlay.facexpshandler
 0001:000308C0       TDPlay.GetCaps
 0001:000302C8       TDPlay.GetCaps
 0001:00033180       TDPlay.GetFixFacExps
 0001:00037094       TDPlay.GetGoodSource
 0001:00030F58       TDPlay.GetGroupConnectionSettings
 0001:0003093C       TDPlay.GetGroupData
 0001:000311E0       TDPlay.GetGroupFlags
 0001:000309C0       TDPlay.GetGroupName
 0001:0003125C       TDPlay.GetGroupParent
 0001:00030340       TDPlay.GetMessageCount
 0001:000312D8       TDPlay.GetPlayerAccount
 0001:000318F4       TDPlay.GetPlayerAddress
 0001:00030A40       TDPlay.GetPlayerCaps
 0001:000303BC       TDPlay.GetPlayerCaps
 0001:00030AC0       TDPlay.GetPlayerData
 0001:0003135C       TDPlay.GetPlayerFlags
 0001:00031BA8       TDPlay.GetPlayerName
 0001:00030438       TDPlay.GetPlayerName
 0001:000331B4       TDPlay.GetProtectDT
 0001:00027EA0       TDPlay.GetRandomMap
 0001:000295C4       TDPlay.getRecorderStatusString
 0001:000371C4       TDPlay.GetServerPlayer
 0001:000319B8       TDPlay.GetSessionDesc
 0001:0002B380       TDPlay.Handleunitdata
 0001:00037208       TDPlay.ImServer
 0001:00028400       TDPlay.initbuilding
 0001:00028494       TDPlay.initfastbase
 0001:000304C0       TDPlay.Initialize
 0001:00031B2C       TDPlay.InitializeConnection
 0001:0003670C       TDPlay.On3dta
 0001:00035D84       TDPlay.OnAbout
 0001:00034DC8       TDPlay.OnAutoPause
 0001:00035490       TDPlay.OnBase
 0001:00034D4C       TDPlay.OnBaseOff
 0001:00034FC8       TDPlay.OnCmdwarp
 0001:00035BCC       TDPlay.OnCrash
 0001:000369B4       TDPlay.OnCreatetxt
 0001:00033DA0       TDPlay.OnDate
 0001:00035544       TDPlay.OnDoBase
 0001:00033474       TDPlay.OnEhaoff
 0001:00033540       TDPlay.OnEhaOn
 0001:000336D8       TDPlay.Onehareport
 0001:00036DE4       TDPlay.OnException
 0001:00034F18       TDPlay.Onf1off
 0001:00036C3C       TDPlay.OnFakeWatch
 0001:00035ED0       TDPlay.OnFixall
 0001:000332F4       TDPlay.OnFixDisabled
 0001:000333B4       TDPlay.OnFixEnabled
 0001:00035F38       TDPlay.OnFixFactoryExplosions
 0001:00036CC8       TDPlay.OnForceCd
 0001:00034220       TDPlay.OnForceGo
 0001:0003428C       TDPlay.OnGive
 0001:000357D4       TDPlay.OnHelp
 0001:00034C5C       TDPlay.OnHookReport
 0001:00036A58       TDPlay.OnLockOn
 0001:00036910       TDPlay.OnOnlyUnits
 0001:00035CC8       TDPlay.OnPanic
 0001:00033858       TDPlay.OnPlayers
 0001:00036020       TDPlay.OnProtectDT
 0001:00036B70       TDPlay.OnRandMap
 0001:000363E8       TDPlay.OnRecord
 0001:00037114       TDPlay.OnRemovePlayer
 0001:00033AB0       TDPlay.OnReport
 0001:00033BE8       TDPlay.OnReportMod
 0001:000331E8       TDPlay.OnShareLos
 0001:000360F8       TDPlay.OnSharemapPos
 0001:00035A9C       TDPlay.OnStatus
 0001:000343C8       TDPlay.OnStopGive
 0001:000368C4       TDPlay.OnStopLog
 0001:00035434       TDPlay.OnSyncOff
 0001:00035078       TDPlay.OnSyncon
 0001:0003360C       TDPlay.OnTaHookOff
 0001:00034860       TDPlay.OnTake
 0001:00036230       TDPlay.OnTime
 0001:000344AC       TDPlay.OnUnits
 0001:00034094       TDPlay.OnVoteGo
 0001:00033EB0       TDPlay.OnVoteReady
 0001:00035B74       TDPlay.OnYankspank
 0001:00030538       TDPlay.Open
 0001:00037240       TDPlay.Open
 0001:0002BAA8       TDPlay.PacketHandler
 0001:0002A000       TDPlay.PacketLostHandler
 0001:000305B0       TDPlay.Receive
 0001:00032638       TDPlay.Receive
 0001:000374A4       TDPlay.ResetRecorder
 0001:00030638       TDPlay.SaveSession
 0001:00030FDC       TDPlay.SecureOpen
 0001:000321DC       TDPlay.Send
 0001:00027874       TDPlay.SendAlliedChat
 0001:00027398       TDPlay.SendChat
 0001:000274DC       TDPlay.SendChatLocal
 0001:0002760C       TDPlay.SendChatLocal2
 0001:00031060       TDPlay.SendChatMessage
 0001:00027DA0       TDPlay.SendClipboard
 0001:00027700       TDPlay.SendLocal
 0001:000276D0       TDPlay.SendLocal
 0001:00027C18       TDPlay.SendRecorderToRecorderMsg
 0001:00027944       TDPlay.SendRecorderToRecorderMsg2
 0001:0002B9A8       TDPlay.SetAutoPauseAtStart
 0001:0002B9C8       TDPlay.SetCommanderWarp
 0001:0002BA04       TDPlay.SetF1Disable
 0001:0002BA60       TDPlay.SetFastSpeed
 0001:000310E4       TDPlay.SetGroupConnectionSettings
 0001:00030B44       TDPlay.SetGroupData
 0001:00030BC8       TDPlay.SetGroupName
 0001:00030C48       TDPlay.SetPlayerData
 0001:000306AC       TDPlay.SetPlayerName
 0001:00030CCC       TDPlay.SetPlayerName
 0001:00031A30       TDPlay.SetSessionDesc
 0001:0002BA84       TDPlay.SetSlowSpeed
 0001:0002BA40       TDPlay.SetSpeedLock
 0001:0002B114       TDPlay.SmartPak
 0001:00031164       TDPlay.StartSession
 0001:00029F38       TDPlay.UnitCountChange
 0001:00018EBC       TempPath
 0002:00000320       TerminateProcList
 0002:00001046       Test8086
 0001:00020060       TestByte
 0001:00020098       TestByte
 0001:000200E4       TestBytes
 0002:000019EC       TestPlayer
 0002:000019D4       TestPlayer
 0002:000019B4       TestPlayerIndex
 0002:000019B8       TestPlayerPtr
 0001:00001F28       TextClose
 0001:00024E0C       TextCommand_View_Hook
 0001:00017644       textdata
 0001:000196F8       TextFileU
 0001:00001E9C       TextIn
 0001:00001F48       TextOpen
 0001:00001EDC       TextOut
 0001:00008638       TextToFloat
 0001:00013CD8       TFileStream.Create
 0001:00013D28       TFileStream.Create
 0001:00013E88       TFileStream.Destroy
 0001:000157D0       TGpHugeFile.AccessFile
 0001:00016674       TGpHugeFile.AllocBuffer
 0001:00015FE4       TGpHugeFile.BlockWrite
 0001:00016BD0       TGpHugeFile.BlockWriteUnsafe
 0001:00015E20       TGpHugeFile.CheckHandle
 0001:00015D68       TGpHugeFile.Close
 0001:00015660       TGpHugeFile.CreateEx
 0001:00015718       TGpHugeFile.Destroy
 0001:00016510       TGpHugeFile.FilePos
 0001:00016F10       TGpHugeFile.FileSize
 0001:00015E8C       TGpHugeFile.FileSizeNoCache
 0001:000165D4       TGpHugeFile.Flush
 0001:00016B0C       TGpHugeFile.FlushBuffer
 0001:000167AC       TGpHugeFile.FreeBuffer
 0001:00016F8C       TGpHugeFile.InitReadBuffer
 0001:00016F58       TGpHugeFile.InitWriteBuffer
 0001:00016C8C       TGpHugeFile.IsOpen
 0001:00016EA8       TGpHugeFile.LoadedToTheEOF
 0001:00015A78       TGpHugeFile.ResetEx
 0001:00015C04       TGpHugeFile.RewriteEx
 0001:00016648       TGpHugeFile.RoundToPageSize
 0001:000163A0       TGpHugeFile.Seek
 0001:00016898       TGpHugeFile.Transmit
 0001:00016424       TGpHugeFile.Truncate
 0001:00016E60       TGpHugeFile.Win32Check
 0001:0001613C       TGpHugeFile._Seek
 0001:00013B94       THandleStream.Create
 0001:00013BE4       THandleStream.Read
 0001:00013C54       THandleStream.Seek
 0001:00013CA8       THandleStream.SetSize
 0001:00013C88       THandleStream.SetSize
 0001:00013C1C       THandleStream.Write
 0002:00001686       ThousandSeparator
 0002:00001864       ThreadLock
 0001:0003DD38       threadlogging
 0001:000218D0       Thread_marshaller
 0001:00016CA8       ThrowCase1
 0001:00016DA0       ThrowCase2
 0002:00001698       TimeAMString
 0001:000152F8       timeBeginPeriod
 0001:00015300       timeGetDevCaps
 0001:00015308       timeGetTime
 0002:0000169C       TimePMString
 0002:00001694       TimeSeparator
 0001:00009AF8       TimeToStr
 0001:0001DD88       TIniFile.DeleteKey
 0001:0001D8A8       TIniFile.Destroy
 0001:0001DD2C       TIniFile.EraseSection
 0001:0001DAC0       TIniFile.ReadSection
 0001:0001D9B4       TIniFile.ReadSections
 0001:0001DBD8       TIniFile.ReadSectionValues
 0001:0001D8E4       TIniFile.ReadString
 0001:0001DDC0       TIniFile.UpdateFile
 0001:0001D944       TIniFile.WriteString
 0001:00005024       TInterfacedObject.AfterConstruction
 0001:00005030       TInterfacedObject.BeforeDestruction
 0001:00005040       TInterfacedObject.NewInstance
 0001:00005050       TInterfacedObject.QueryInterface
 0001:00005078       TInterfacedObject._AddRef
 0001:0000508C       TInterfacedObject._Release
 0001:00021248       TlHelp32
 0001:000115A0       TList.Add
 0001:000115F8       TList.Clear
 0001:00011618       TList.Delete
 0001:00011574       TList.Destroy
 0001:000116F4       TList.Error
 0001:000116B4       TList.Error
 0001:00011B14       TList.Extract
 0001:00011754       TList.Get
 0001:0001179C       TList.Grow
 0001:000117F4       TList.IndexOf
 0001:00011B70       TList.Notify
 0001:00011840       TList.Put
 0001:000118D0       TList.Remove
 0001:00011904       TList.SetCapacity
 0001:00011960       TList.SetCount
 0001:00011AD8       TList.Sort
 0001:0003B434       TLobby.Connect
 0001:0003C618       TLobby.Create
 0001:0003B5E4       TLobby.CreateAddress
 0001:0003C560       TLobby.CreateCompoundAddress
 0001:0003B698       TLobby.EnumAddress
 0001:0003B744       TLobby.EnumAddressTypes
 0001:0003B7F4       TLobby.EnumLocalApplications
 0001:0003B8A4       TLobby.GetConnectionSettings
 0001:0003B954       TLobby.ReceiveLobbyMessage
 0001:0003BB1C       TLobby.RunApplication
 0001:0003C288       TLobby.SendLobbyMessage
 0001:0003C400       TLobby.SetConnectionSettings
 0001:0003C4B0       TLobby.SetLobbyMessageEvent
 0001:00019EBC       TLog.Add
 0001:0001A0B4       TLog.Add
 0001:00019F40       TLog.Add
 0001:00019DA4       TLog.Add2
 0001:000199D8       TLog.Create
 0001:00019CD0       TLog.Destroy
 0001:00019D78       TLog.Flush
 0001:0001C258       TLog2.Add
 0001:0001C160       TLog2.Create
 0001:0001C414       TLog2.Destroy
 0001:0001C230       TLog2.Flush
 0001:0000566C       TlsAlloc
 0002:0000166C       tlsBuffer
 0001:00005674       TlsFree
 0001:0000567C       TlsGetValue
 0002:000000A4       TlsIndex
 0002:FF8C100C       TlsLast
 0002:000000C4       TlsProc
 0001:00005684       TlsSetValue
 0001:00013FFC       TMemoryStream.Clear
 0001:00013FC0       TMemoryStream.Destroy
 0001:0001409C       TMemoryStream.Realloc
 0001:00014020       TMemoryStream.SetCapacity
 0001:00014054       TMemoryStream.SetSize
 0001:00014164       TMemoryStream.Write
 0001:00021384       TModuleInfo.Create
 0001:0000CF70       TMultiReadExclusiveWriteSynchronizer.BeginRead
 0001:0000CE28       TMultiReadExclusiveWriteSynchronizer.BeginWrite
 0001:0000CDA0       TMultiReadExclusiveWriteSynchronizer.BlockReaders
 0001:0000CCB4       TMultiReadExclusiveWriteSynchronizer.Create
 0001:0000CD44       TMultiReadExclusiveWriteSynchronizer.Destroy
 0001:0000CFF8       TMultiReadExclusiveWriteSynchronizer.EndRead
 0001:0000CF04       TMultiReadExclusiveWriteSynchronizer.EndWrite
 0001:0000CDD0       TMultiReadExclusiveWriteSynchronizer.UnblockOneWriter
 0001:0000CDB8       TMultiReadExclusiveWriteSynchronizer.UnblockReaders
 0001:0000CDE8       TMultiReadExclusiveWriteSynchronizer.WaitForReadSignal
 0001:0000CE08       TMultiReadExclusiveWriteSynchronizer.WaitForWriteSignal
 0001:00002E10       TObject.AfterConstruction
 0001:00002E14       TObject.BeforeDestruction
 0001:00002B64       TObject.ClassName
 0001:00002B78       TObject.ClassParent
 0001:00002B58       TObject.ClassType
 0001:00002C50       TObject.CleanupInstance
 0001:00002BBC       TObject.Create
 0001:00002E0C       TObject.DefaultHandler
 0001:00002BDC       TObject.Destroy
 0001:00002E18       TObject.Dispatch
 0001:00002BEC       TObject.Free
 0001:00002BA0       TObject.FreeInstance
 0001:00002CA0       TObject.GetInterface
 0001:00002D40       TObject.GetInterfaceEntry
 0001:00002DF0       TObject.InheritsFrom
 0001:00002BF8       TObject.InitInstance
 0001:00002BB4       TObject.InstanceSize
 0001:00002B84       TObject.NewInstance
 0001:00002E04       TObject.SafeCallException
 0001:000176EC       TObjectList.Add
 0001:00017710       TObjectList.Create
 0001:00017760       TObjectList.Extract
 0001:00017784       TObjectList.GetItem
 0001:000177A8       TObjectList.Notify
 0001:000049D0       ToLongPath
 0001:000238B4       TPacket.Compress
 0001:00022734       TPacket.Create
 0001:000233F8       TPacket.Decompress
 0001:00023188       TPacket.Decrypt
 0001:000232D0       TPacket.Encrypt
 0001:000228AC       TPacket.GetRawData2
 0001:000228E8       TPacket.GetTAData
 0001:00022870       TPacket.GetTimestamp
 0001:0002294C       TPacket.PacketLength
 0001:000227E0       TPacket.SJCreateNew
 0001:00022E18       TPacket.Split2
 0001:00011CE4       TPersistent.Assign
 0001:00011D10       TPersistent.AssignError
 0001:00011DE8       TPersistent.AssignTo
 0001:00011E04       TPersistent.DefineProperties
 0001:00011CA8       TPersistent.Destroy
 0001:00011E14       TPersistent.GetNamePath
 0001:00011ECC       TPersistent.GetOwner
 0001:000252CC       TPlayerData.Create
 0001:00025418       TPlayerData.IsSelf
 0001:000254AC       TPlayerData.IsServer
 0001:000253A0       TPlayerData.OnPlayerRemoved
 0001:00025828       TPlayers.Add
 0001:00025738       TPlayers.Clear
 0001:000261E4       TPlayers.Convert
 0001:00026360       TPlayers.ConvertId
 0001:00025548       TPlayers.Create
 0001:000256DC       TPlayers.Destroy
 0001:00025DC8       TPlayers.getCount
 0001:00025FE4       TPlayers.GetData_
 0001:00025E88       TPlayers.Name
 0001:00025DE4       TPlayers.Name
 0001:00025D8C       TPlayers.Remove
 0001:0002587C       TPlayers.Remove
 0001:00023F88       TPluginCommands.ClearCommands
 0001:00023ED8       TPluginCommands.Create
 0001:00023F44       TPluginCommands.destroy
 0001:00023FE8       TPluginCommands.LookUpCommand
 0001:0001F8B4       TPluginData.create
 0001:0001FA20       TPluginData.MakeNOPReplacement
 0001:0001F958       TPluginData.MakeRelativeJmp
 0001:0001FAC4       TPluginData.MakeReplacement
 0001:0001F9CC       TPluginData.MakeStaticCall
 0001:0001FB7C       TPluginData.NewCodeInjection
 0001:0000AA54       TranslateDateFormat
 0001:0000E604       TranslateResult
 0001:00014374       TReader.CheckValue
 0001:000143A4       TReader.EndOfList
 0001:000143C8       TReader.NextValue
 0001:000143EC       TReader.Read
 0001:00014438       TReader.ReadBuffer
 0001:0001448C       TReader.ReadListBegin
 0001:000144A0       TReader.ReadListEnd
 0001:000144B4       TReader.ReadStr
 0001:000144FC       TReader.ReadString
 0001:000146B8       TReader.ReadValue
 0001:000145C0       TReader.ReadWideString
 0001:000149E8       TReader.SkipBytes
 0001:00014998       TReader.SkipProperty
 0001:000146D8       TReader.SkipSetBody
 0001:000147FC       TReader.SkipValue
 0001:00011198       TRegGroup.Create
 0001:00011220       TRegGroup.Destroy
 0001:000112A4       TRegGroup.UnregisterModuleClasses
 0001:00011380       TRegGroups.Create
 0001:0001140C       TRegGroups.Destroy
 0001:00011488       TRegGroups.Lock
 0001:000114A0       TRegGroups.Unlock
 0001:000114B8       TRegGroups.UnregisterModuleClasses
 0001:0001E774       TRegIniFile.Create
 0001:0001E7C0       TRegIniFile.Create
 0001:0001EBA4       TRegIniFile.ReadBool
 0001:0001E9A4       TRegIniFile.ReadInteger
 0001:0001E824       TRegIniFile.ReadString
 0001:0001EAB0       TRegIniFile.WriteInteger
 0001:0001E8F4       TRegIniFile.WriteString
 0001:0001E1CC       TRegistry.ChangeKey
 0001:0001E13C       TRegistry.CloseKey
 0001:0001E0B0       TRegistry.Create
 0001:0001E058       TRegistry.Create
 0001:0001E254       TRegistry.CreateKey
 0001:0001E100       TRegistry.Destroy
 0001:0001E200       TRegistry.GetBaseKey
 0001:0001E630       TRegistry.GetData
 0001:0001E470       TRegistry.GetDataInfo
 0001:0001E4CC       TRegistry.GetDataSize
 0001:0001E6D4       TRegistry.GetKey
 0001:0001E338       TRegistry.OpenKey
 0001:0001E5C0       TRegistry.PutData
 0001:0001E534       TRegistry.ReadString
 0001:0001E238       TRegistry.SetCurrentKey
 0001:0001E184       TRegistry.SetRootKey
 0001:0001E6B0       TRegistry.ValueExists
 0001:0001E500       TRegistry.WriteString
 0001:00006E18       Trim
 0001:00006E8C       TrimLeft
 0002:00001788       TrueBoolStrs
 0001:00008A94       TryEncodeDate
 0001:0000892C       TryEncodeTime
 0001:0000125C       TryHarder
 0001:00002334       TryOpenForInput
 0001:000025D8       TryOpenForOutput
 0001:00007214       TryStrToBool
 0001:000088C0       TryStrToCurr
 0001:0000A4B8       TryStrToDate
 0001:0000A5B0       TryStrToDateTime
 0001:00008828       TryStrToFloat
 0001:00008850       TryStrToFloat
 0001:00008888       TryStrToFloat
 0001:00007104       TryStrToInt
 0001:0000A534       TryStrToTime
 0001:0001C5EC       TStatsLogging.Add
 0001:0001C4F4       TStatsLogging.Create
 0001:0001C97C       TStatsLogging.Damage_StatEvent
 0001:0001CCEC       TStatsLogging.Destroy
 0001:0001C5C4       TStatsLogging.Flush
 0001:0001CA70       TStatsLogging.Kill_StatEvent
 0001:0001C7B4       TStatsLogging.NewUnit_StatEvent
 0001:0001CB4C       TStatsLogging.Stats_StatEvent
 0001:0001C8AC       TStatsLogging.UnitFinished_StatEvent
 0001:00013A9C       TStream.CopyFrom
 0001:000137CC       TStream.GetPosition
 0001:00013810       TStream.GetSize
 0001:00013A0C       TStream.ReadBuffer
 0001:00013910       TStream.Seek
 0001:0001399C       TStream.Seek
 0001:000137F4       TStream.SetPosition
 0001:0001385C       TStream.SetSize
 0001:0001386C       TStream.SetSize
 0001:00013A54       TStream.WriteBuffer
 0001:00012EA4       TStringList.Add
 0001:00012ECC       TStringList.AddObject
 0001:00012F44       TStringList.Changed
 0001:00012F70       TStringList.Changing
 0001:00012F9C       TStringList.Clear
 0001:0001378C       TStringList.CompareStrings
 0001:0001373C       TStringList.CustomSort
 0001:00012FF0       TStringList.Delete
 0001:00012E28       TStringList.Destroy
 0001:00013090       TStringList.Exchange
 0001:0001310C       TStringList.ExchangeItems
 0001:00013178       TStringList.Find
 0001:00013210       TStringList.Get
 0001:0001325C       TStringList.GetCapacity
 0001:00013278       TStringList.GetCount
 0001:00013294       TStringList.GetObject
 0001:000132DC       TStringList.Grow
 0001:00013334       TStringList.IndexOf
 0001:00013380       TStringList.Insert
 0001:00013410       TStringList.InsertItem
 0001:000133A8       TStringList.InsertObject
 0001:000134B8       TStringList.Put
 0001:00013530       TStringList.PutObject
 0001:0001358C       TStringList.QuickSort
 0001:00013650       TStringList.SetCapacity
 0001:0001367C       TStringList.SetSorted
 0001:000136B4       TStringList.SetUpdateState
 0001:00013720       TStringList.Sort
 0001:00015018       TStringQueue.Clear
 0001:00014FA8       TStringQueue.Create
 0001:000151D0       TStringQueue.DeQueue
 0001:0001514C       TStringQueue.EnQueue
 0001:00015278       TStringQueue.Examine
 0001:0001503C       TStringQueue.Grow
 0001:00011F20       TStrings.Add
 0001:00011F50       TStrings.AddObject
 0001:00011F84       TStrings.AddStrings
 0001:00012044       TStrings.Assign
 0001:000120E8       TStrings.BeginUpdate
 0001:00012DA4       TStrings.CompareStrings
 0001:0001216C       TStrings.DefineProperties
 0001:00011EE4       TStrings.Destroy
 0001:000121B8       TStrings.EndUpdate
 0001:000121DC       TStrings.Equals
 0001:000122D8       TStrings.Error
 0001:00012298       TStrings.Error
 0001:00012338       TStrings.Exchange
 0001:00012424       TStrings.GetCapacity
 0001:00012DC8       TStrings.GetNameValueSeparator
 0001:00012440       TStrings.GetObject
 0001:00012458       TStrings.GetText
 0001:000124B4       TStrings.GetTextStr
 0001:000125FC       TStrings.IndexOf
 0001:00012688       TStrings.IndexOfName
 0001:00012764       TStrings.IndexOfObject
 0001:000127B0       TStrings.InsertObject
 0001:000127E4       TStrings.LoadFromFile
 0001:00012840       TStrings.LoadFromStream
 0001:000128F4       TStrings.Move
 0001:000129B0       TStrings.Put
 0001:000129F0       TStrings.PutObject
 0001:00012A04       TStrings.ReadData
 0001:00012AB4       TStrings.SaveToFile
 0001:00012B14       TStrings.SaveToStream
 0001:00012B74       TStrings.SetCapacity
 0001:00012DF4       TStrings.SetNameValueSeparator
 0001:00012B84       TStrings.SetStringsAdapter
 0001:00012BD0       TStrings.SetText
 0001:00012C28       TStrings.SetTextStr
 0001:00012D08       TStrings.SetUpdateState
 0001:00012D18       TStrings.WriteData
 0001:00015414       TSynchroObject.Acquire
 0001:00015420       TSynchroObject.Release
 0001:00019428       TTextFile.Create_Append
 0001:00019500       TTextFile.Create_Rewrite
 0001:000195C0       TTextFile.Destroy
 0001:000195FC       TTextFile.Flush
 0001:00019624       TTextFile.Writeln
 0001:00011B84       TThreadList.Create
 0001:00011BEC       TThreadList.Destroy
 0001:00011C68       TThreadList.LockList
 0001:00011C90       TThreadList.UnlockList
 0001:0000CC2C       TThreadLocalCounter.Delete
 0001:0000CADC       TThreadLocalCounter.Destroy
 0001:0000CB58       TThreadLocalCounter.HashIndex
 0001:0000CB7C       TThreadLocalCounter.Open
 0001:0000CC50       TThreadLocalCounter.Recycle
 0002:000000F0       TwoDigitYearCenturyWindow
 0001:00014A44       TWriter.Write
 0001:00014A90       TWriter.WriteBuffer
 0001:00014ABC       TWriter.WriteListBegin
 0001:00014AD0       TWriter.WriteListEnd
 0001:00014AE4       TWriter.WriteMinStr
 0001:00014B94       TWriter.WriteString
 0001:00014BF0       TWriter.WriteValue
 0001:00005858       Types
 0001:0001074C       TypInfo
 0001:000187B0       uDebug
 0001:000001C4       UnhandledExceptionFilter
 0001:000050B4       UnicodeToUtf8
 0001:00000C20       UninitAllocator
 0001:0003D638       UninstallCodeInjections
 0001:0001FEB8       UnInstallPlugins
 0001:00003E04       UniqueString
 0001:00021A80       UnitLimit
[...]
    52 0001:0003597D    55 0001:0003598B    56 0001:000359C4    59 0001:00035A9C
    60 0001:00035AC5    61 0001:00035AC9    62 0001:00035B09    69 0001:00035B38
    72 0001:00035B74    73 0001:00035B83    74 0001:00035B87    75 0001:00035B99
    95 0001:00035BCC    96 0001:00035BDB    97 0001:00035BDF    99 0001:00035BEB
   100 0001:00035BFA   102 0001:00035C09   106 0001:00035C15   107 0001:00035C24
   109 0001:00035C31   112 0001:00035CC8   113 0001:00035CEB   114 0001:00035CEF
   115 0001:00035D29   116 0001:00035D53   119 0001:00035D84   120 0001:00035DAA
   121 0001:00035DAE   122 0001:00035DD3   123 0001:00035DE2   124 0001:00035DF1
   125 0001:00035E25   128 0001:00035ED0   129 0001:00035EDF   130 0001:00035EE3
   132 0001:00035EEF   133 0001:00035EF9   136 0001:00035F03   138 0001:00035F15
   141 0001:00035F38   142 0001:00035F47   143 0001:00035F4B   145 0001:00035F57
   146 0001:00035F66   148 0001:00035F68   150 0001:00035F74   151 0001:00035F7E
   155 0001:00035F8F   156 0001:00035F99   158 0001:00035FAB   161 0001:00036020
   162 0001:0003602F   163 0001:00036033   165 0001:0003603F   166 0001:0003604E
   168 0001:00036050   170 0001:0003605C   171 0001:00036066   175 0001:00036077
   176 0001:00036081   178 0001:00036093   182 0001:000360F8   183 0001:00036107
   184 0001:0003610B   185 0001:00036118   186 0001:00036121   187 0001:0003612A
   189 0001:00036141   190 0001:00036148   192 0001:0003614F   193 0001:0003616F
   194 0001:0003618F   190 0001:00036192   195 0001:00036198   196 0001:000361AB
   200 0001:000361BA   201 0001:000361C1   203 0001:000361D1   209 0001:00036230
   210 0001:00036259   211 0001:0003625D   212 0001:0003626C   214 0001:0003628C
   215 0001:000362C0   216 0001:000362CB   217 0001:000362DB   219 0001:00036347
   212 0001:0003634A   221 0001:00036380   337 0001:000363E8   338 0001:00036414
   339 0001:00036418   341 0001:00036425   342 0001:00036431   344 0001:0003644E
   346 0001:00036459   347 0001:00036488   348 0001:000364C8   349 0001:000364DA
   351 0001:000364FC   353 0001:0003650B   354 0001:0003651B   358 0001:0003654D
   360 0001:0003655A   361 0001:00036566   363 0001:00036583   365 0001:0003658E
   366 0001:000365AB   367 0001:000365EB   369 0001:000365F4   370 0001:00036610
   373 0001:00036618   375 0001:00036621   376 0001:00036628   377 0001:00036633
   380 0001:00036678   414 0001:0003670C   415 0001:0003672F   416 0001:00036733
   418 0001:00036748   419 0001:00036751   421 0001:00036762   423 0001:00036773
   425 0001:0003678F   427 0001:00036795   428 0001:0003679C   432 0001:000367AD
   433 0001:000367B4   437 0001:000367C5   438 0001:000367F2   441 0001:000368C4
   442 0001:000368D3   443 0001:000368D7   445 0001:000368DE   446 0001:000368F0
   449 0001:00036910   450 0001:0003691F   451 0001:00036923   453 0001:0003692F
   454 0001:00036939   458 0001:0003694A   459 0001:00036954   461 0001:00036966
   464 0001:000369B4   465 0001:000369C3   466 0001:000369C7   468 0001:000369D0
   469 0001:000369D7   473 0001:000369E8   474 0001:000369EF   476 0001:00036A01
   482 0001:00036A58   483 0001:00036A81   484 0001:00036A85   485 0001:00036A92
   486 0001:00036A9F   488 0001:00036ABC   489 0001:00036AD4   490 0001:00036AF2
   491 0001:00036B1B   489 0001:00036B37   493 0001:00036B69   498 0001:00036B70
   499 0001:00036B96   500 0001:00036B9A   501 0001:00036BA6   503 0001:00036BB5
   505 0001:00036BC2   506 0001:00036BCE   508 0001:00036BDB   509 0001:00036C1F
   518 0001:00036C3C   519 0001:00036C4B   520 0001:00036C4F   522 0001:00036C58
   523 0001:00036C5F   527 0001:00036C70   528 0001:00036C77   530 0001:00036C89
   533 0001:00036CC8   534 0001:00036CEE   535 0001:00036CF2   536 0001:00036CFC
   537 0001:00036D0A   538 0001:00036D13   540 0001:00036D45   541 0001:00036D9A

Line numbers for idplay(idplay.pas) segment .text

  3281 0001:00036DE4  3282 0001:00036DF0  3283 0001:00036DF8  3307 0001:00036DFF
  3310 0001:00036E04  3312 0001:00036E20  3314 0001:00036E33  3316 0001:00036E63
  3317 0001:00036E72  3318 0001:00036E81  3319 0001:00036E90  3320 0001:00036E9F
  3321 0001:00036EAE  3322 0001:00036EDA  3329 0001:00037094  3330 0001:0003709D
  3331 0001:000370A2  3332 0001:000370A9  3333 0001:000370C7  3335 0001:000370E0
  3336 0001:000370F7  3337 0001:000370FD  3332 0001:00037100  3338 0001:00037105
  3339 0001:0003710E  3344 0001:00037114  3345 0001:00037120  3346 0001:0003712E
  3347 0001:00037139  3359 0001:00037140  3360 0001:00037146  3361 0001:0003714D
  3363 0001:00037153  3364 0001:00037162  3365 0001:00037169  3367 0001:0003717F
  3369 0001:0003718A  3370 0001:000371A2  3371 0001:000371A8  3372 0001:000371B4
  3376 0001:000371BC  3386 0001:000371C4  3387 0001:000371CD  3388 0001:000371D9
  3389 0001:000371F3  3390 0001:00037202  3393 0001:00037208  3394 0001:00037212
  3395 0001:00037238  3400 0001:00037240  3401 0001:0003725C  3402 0001:0003726A
  3403 0001:00037274  3404 0001:00037282  3407 0001:000372B8  3408 0001:000372CA
  3409 0001:000372E1  3411 0001:000372E7  3414 0001:000372F1  3415 0001:000372FA
  3418 0001:00037334  3421 0001:00037362  3423 0001:00037365  3426 0001:000373AA
  3431 0001:000373F4  3432 0001:000373FD  3433 0001:0003740B  3434 0001:00037415
  3440 0001:00037423  3441 0001:0003742B  3443 0001:00037447  3446 0001:00037475
  3448 0001:00037478  3451 0001:0003749B  3456 0001:000374A4  3457 0001:000374C8
  3458 0001:000374D2  3459 0001:000374E0  3460 0001:000374F4  3464 0001:00037502
  3466 0001:0003750B  3467 0001:0003751C  3468 0001:0003752B  3470 0001:00037536
  3471 0001:00037548  3472 0001:0003754F  3473 0001:00037558  3474 0001:00037561
  3476 0001:00037573  3477 0001:0003757E  3478 0001:00037591  3483 0001:00037598
  3485 0001:0003759F  3486 0001:000375A9  3488 0001:000375C8  3489 0001:000375E5
  3490 0001:00037602  3491 0001:0003761C  3492 0001:00037636  3494 0001:00037650
  3495 0001:0003765A  3496 0001:00037674  3497 0001:0003768E  3498 0001:000376A8
  3499 0001:000376C4  3500 0001:000376DE  3501 0001:0003770F  3504 0001:00037740
  3505 0001:0003775E  3507 0001:0003777E  3508 0001:0003778B  3509 0001:00037799
  3511 0001:000377A3  3512 0001:000377AE  3514 0001:000377EE  3516 0001:000377FB
  3518 0001:00037821  3519 0001:00037824  3521 0001:00037834  3523 0001:00037841
  3524 0001:00037857  3526 0001:00037864  3527 0001:00037885  3528 0001:00037893
  3530 0001:000378B9  3531 0001:000378BC  3533 0001:000378CC  3534 0001:000378D5
  3538 0001:000378EE  3539 0001:000378FD  3541 0001:00037918  3542 0001:00037923
  3543 0001:00037945  3545 0001:0003796A  3547 0001:00037974  3548 0001:00037985
  3550 0001:00037997  3551 0001:000379A2  3552 0001:000379C4  3554 0001:000379E7
  3555 0001:000379F1  3556 0001:000379FB  3557 0001:00037A05  3559 0001:00037A0C
  3560 0001:00037A15  3562 0001:00037A1E  3564 0001:00037A28  3565 0001:00037A32
  3567 0001:00037A3C  3568 0001:00037A43  3569 0001:00037A4E  3571 0001:00037A5B
  3572 0001:00037A60  3574 0001:00037A65  3575 0001:00037A6C  3576 0001:00037A73
  3577 0001:00037A7E  3579 0001:00037A8B  3580 0001:00037A96  3581 0001:00037AA0
  3582 0001:00037AB1  3584 0001:00037ABA  3585 0001:00037AC5  3586 0001:00037AD0
  3588 0001:00037AD8  3590 0001:00037AE5  3593 0001:00037AEC  3594 0001:00037AFA
  3595 0001:00037B08  3597 0001:00037B16  3599 0001:00037B37  3602 0001:00037B54
  3604 0001:00037B89  3611 0001:00037DA4  3612 0001:00037DC7  3613 0001:00037DD1
  3614 0001:00037DDF  3616 0001:00037DE8  3617 0001:00037DFC  3619 0001:00037E06
  3621 0001:00037E0F  3622 0001:00037E23  3625 0001:00037E2D  3626 0001:00037E43
  3627 0001:00037E4D  3628 0001:00037E57  3630 0001:00037E65  3631 0001:00037E79
  3632 0001:00037E87  3634 0001:00037EAE  3638 0001:00037EBE  3640 0001:00037EC7
  3641 0001:00037EDB  3643 0001:00037EE5  3645 0001:00037EEE  3646 0001:00037F02
  3649 0001:00037F0C  3651 0001:00037F33  3653 0001:00037F54  3654 0001:00037F69
  3655 0001:00037F77  3656 0001:00037FA8  3657 0001:00037FB5  3658 0001:00037FD1
  3657 0001:00037FF0  3659 0001:00037FF5  3660 0001:00038013  3661 0001:0003803D
  3662 0001:0003806C  3665 0001:00038079  3667 0001:00038094  3669 0001:000380A4
  3672 0001:000380AF  3674 0001:000380B9  3675 0001:000380C2  3685 0001:000380EC
  3687 0001:000380EF  3691 0001:00038115  3692 0001:0003811C  3694 0001:00038151
  3697 0001:00038280  3698 0001:000382B1  3699 0001:000382BB  3706 0001:000382CD
  3707 0001:000382DB  3710 0001:000382F8  3712 0001:00038308  3713 0001:00038322
  3714 0001:0003833C  3715 0001:00038351

Line numbers for idplay(AddCommands.inc) segment .text

    17 0001:00038381    21 0001:000383B2    28 0001:000383E3    32 0001:00038414
    35 0001:00038445    38 0001:00038476    41 0001:000384A7    44 0001:000384D8
    47 0001:00038509    50 0001:0003853A    53 0001:0003856B    56 0001:0003859C
    59 0001:000385CD    62 0001:00038601    65 0001:00038635    68 0001:00038666
    71 0001:00038697    74 0001:000386C8    77 0001:000386F9    81 0001:0003872A
    85 0001:0003875B    88 0001:00038773    94 0001:000387A4    97 0001:000387D5
   100 0001:00038806   103 0001:00038837   108 0001:00038868   111 0001:0003889C
   114 0001:000388CD   119 0001:00038901   125 0001:00038932   133 0001:00038966
   136 0001:00038997   140 0001:000389C8   144 0001:000389F9   147 0001:00038A2A
   152 0001:00038A5B   155 0001:00038A8C   158 0001:00038ABD   161 0001:00038AEE
   164 0001:00038B1F   168 0001:00038B53   171 0001:00038B87   174 0001:00038BBB
   177 0001:00038BEC   181 0001:00038C1D   185 0001:00038C4E   188 0001:00038C7F
   191 0001:00038CB0   198 0001:00038CE4   202 0001:00038D15

Line numbers for idplay(idplay.pas) segment .text

  3722 0001:00038D46  3723 0001:00038D86  3726 0001:0003B0F4  3727 0001:0003B105
  3728 0001:0003B10F  3729 0001:0003B11A  3738 0001:0003B122  3739 0001:0003B12E
  3740 0001:0003B13B  3741 0001:0003B149  3742 0001:0003B156  3743 0001:0003B163
  3744 0001:0003B170  3745 0001:0003B17A  3746 0001:0003B17F  3747 0001:0003B18A
  3748 0001:0003B1A6  3750 0001:0003B1E8  3750 0001:0003B1EF

Line numbers for DPLobbyWrapper(DPLobbyWrapper.pas) segment .text

    47 0001:0003B1F0    63 0001:0003B434    64 0001:0003B45B    65 0001:0003B469
    66 0001:0003B484    67 0001:0003B498    68 0001:0003B4B0    69 0001:0003B4BA
    70 0001:0003B4D1    71 0001:0003B4E3    74 0001:0003B4FE    76 0001:0003B51B
    78 0001:0003B545    80 0001:0003B548    81 0001:0003B550    82 0001:0003B558
    85 0001:0003B592    89 0001:0003B5E4    90 0001:0003B5ED    91 0001:0003B5FB
    92 0001:0003B622    93 0001:0003B636    95 0001:0003B65B    97 0001:0003B65E
    98 0001:0003B666   101 0001:0003B673   105 0001:0003B698   106 0001:0003B6A1
   107 0001:0003B6AF   108 0001:0003B6CE   109 0001:0003B6E2   111 0001:0003B707
   113 0001:0003B70A   114 0001:0003B712   117 0001:0003B71F   122 0001:0003B744
   123 0001:0003B74D   124 0001:0003B75B   125 0001:0003B77A   126 0001:0003B78E
   128 0001:0003B7B3   130 0001:0003B7B6   131 0001:0003B7BE   134 0001:0003B7CB
   139 0001:0003B7F4   140 0001:0003B7FD   141 0001:0003B80B   142 0001:0003B826
   143 0001:0003B83A   145 0001:0003B85F   147 0001:0003B862   148 0001:0003B86A
   151 0001:0003B877   155 0001:0003B8A4   156 0001:0003B8AD   157 0001:0003B8BB
   158 0001:0003B8D6   159 0001:0003B8EA   161 0001:0003B90F   163 0001:0003B912
   164 0001:0003B91A   167 0001:0003B927   172 0001:0003B954   173 0001:0003B95D
   174 0001:0003B96B   176 0001:0003B98E   177 0001:0003B9A2   179 0001:0003B9A8
   180 0001:0003B9C0   181 0001:0003B9DA   182 0001:0003B9F2   186 0001:0003BA0E
   187 0001:0003BA22   189 0001:0003BA47   191 0001:0003BA4A   192 0001:0003BA52
   195 0001:0003BA5F   199 0001:0003BB1C   200 0001:0003BB3A   201 0001:0003BB48
   202 0001:0003BB67   203 0001:0003BB7B   204 0001:0003BB93   205 0001:0003BBAD
   207 0001:0003BBC8   208 0001:0003BBE6   209 0001:0003BC04   210 0001:0003BC22
   211 0001:0003BC40   212 0001:0003BC5E   213 0001:0003BC91   214 0001:0003BCAF
   215 0001:0003BCCD   216 0001:0003BCEB   218 0001:0003BD09   219 0001:0003BD3C
   221 0001:0003BD6F   222 0001:0003BD8A   223 0001:0003BDA5   225 0001:0003BDC0
   226 0001:0003BDD8   228 0001:0003BDFD   230 0001:0003BE00   231 0001:0003BE08
   234 0001:0003BE37   238 0001:0003C288   239 0001:0003C291   240 0001:0003C29F
   241 0001:0003C2BE   242 0001:0003C2D2   244 0001:0003C2D8   245 0001:0003C2F0
   246 0001:0003C308   250 0001:0003C322   251 0001:0003C336   253 0001:0003C35B
   255 0001:0003C35E   256 0001:0003C366   259 0001:0003C373   263 0001:0003C400
   264 0001:0003C409   265 0001:0003C417   266 0001:0003C432   267 0001:0003C446
   269 0001:0003C46B   271 0001:0003C46E   272 0001:0003C476   275 0001:0003C483
   279 0001:0003C4B0   280 0001:0003C4B9   281 0001:0003C4C7   282 0001:0003C4E2
   283 0001:0003C4F6   285 0001:0003C51B   287 0001:0003C51E   288 0001:0003C526
   291 0001:0003C533   298 0001:0003C560   299 0001:0003C569   300 0001:0003C577
   301 0001:0003C596   302 0001:0003C5AA   304 0001:0003C5CF   306 0001:0003C5D2
   307 0001:0003C5DA   310 0001:0003C5E7   315 0001:0003C618   316 0001:0003C64C
   317 0001:0003C65A   318 0001:0003C664   319 0001:0003C672   321 0001:0003C68F
   322 0001:0003C6A3   324 0001:0003C6C8   326 0001:0003C6CB   327 0001:0003C6D3
   330 0001:0003C715   332 0001:0003C764   332 0001:0003C76B

Line numbers for Dplayx_exports(Dplayx_exports.pas) segment .text

   117 0001:0003C76C   118 0001:0003C770   119 0001:0003C78E   122 0001:0003C794
   133 0001:0003C798   135 0001:0003C7A1   136 0001:0003C7AA   137 0001:0003C7B2
   138 0001:0003C7BB   140 0001:0003C7D1   141 0001:0003C7D8   148 0001:0003C804
   149 0001:0003C80D   150 0001:0003C827   151 0001:0003C835   152 0001:0003C83E
   153 0001:0003C853   154 0001:0003C85C   156 0001:0003C86D   157 0001:0003C881
   159 0001:0003C8A6   161 0001:0003C8A9   162 0001:0003C8B1   165 0001:0003C8BE
   171 0001:0003C8FC   172 0001:0003C905   173 0001:0003C91F   174 0001:0003C92D
   175 0001:0003C936   176 0001:0003C94B   177 0001:0003C954   179 0001:0003C965
   180 0001:0003C979   182 0001:0003C99E   184 0001:0003C9A1   185 0001:0003C9A9
   188 0001:0003C9B6   195 0001:0003C9FC   196 0001:0003CA05   197 0001:0003CA1F
   198 0001:0003CA2D   199 0001:0003CA36   200 0001:0003CA4B   201 0001:0003CA54
   203 0001:0003CA65   204 0001:0003CA79   206 0001:0003CA9E   208 0001:0003CAA1
   209 0001:0003CAA9   212 0001:0003CAB6   220 0001:0003CAFC   221 0001:0003CB1F
   222 0001:0003CB39   223 0001:0003CB47   224 0001:0003CB50   225 0001:0003CB65
   226 0001:0003CB6E   227 0001:0003CB83   229 0001:0003CB89   230 0001:0003CB9D
   231 0001:0003CBB5   232 0001:0003CBBF   233 0001:0003CBE2   237 0001:0003CBF3
   238 0001:0003CC07   239 0001:0003CC1F   240 0001:0003CC4C   243 0001:0003CC71
   245 0001:0003CC74   246 0001:0003CC7C   249 0001:0003CCBB   257 0001:0003CD64
   258 0001:0003CD83   259 0001:0003CD9D   260 0001:0003CDAB   261 0001:0003CDB4
   262 0001:0003CDC9   263 0001:0003CDD2   265 0001:0003CDEF   266 0001:0003CE03
   268 0001:0003CE28   270 0001:0003CE2B   271 0001:0003CE33   274 0001:0003CE5D
   283 0001:0003CEA4   284 0001:0003CEC7   285 0001:0003CEE1   286 0001:0003CEEF
   287 0001:0003CEF8   288 0001:0003CF0D   289 0001:0003CF16   290 0001:0003CF33
   292 0001:0003CF39   293 0001:0003CF4D   294 0001:0003CF65   298 0001:0003CF6F
   303 0001:0003CF91   304 0001:0003CFA5   305 0001:0003CFBD   306 0001:0003CFEA
   309 0001:0003D00F   311 0001:0003D012   312 0001:0003D01A   315 0001:0003D059
   326 0001:0003D0F8   327 0001:0003D101   328 0001:0003D111   329 0001:0003D11F
   331 0001:0003D124   332 0001:0003D138   334 0001:0003D15D   336 0001:0003D160
   337 0001:0003D168   340 0001:0003D175   343 0001:0003D198   344 0001:0003D1A1
   345 0001:0003D1B1   346 0001:0003D1BF   348 0001:0003D1C4   349 0001:0003D1D8
   351 0001:0003D1FD   353 0001:0003D200   354 0001:0003D208   357 0001:0003D215
   363 0001:0003D23C   365 0001:0003D23F   367 0001:0003D246   368 0001:0003D25F
   401 0001:0003D280   401 0001:0003D2AC   370 0001:0003D2B0   392 0001:0003D2BC
   393 0001:0003D2C5   394 0001:0003D2CF   395 0001:0003D2D8   397 0001:0003D2E2

Line numbers for PauseLock(plugins\PauseLock.pas) segment .text

    39 0001:0003D2E4    43 0001:0003D2E8    46 0001:0003D2EC    47 0001:0003D2F0
    50 0001:0003D302    55 0001:0003D32A    67 0001:0003D347    68 0001:0003D34F
    82 0001:0003D38C    83 0001:0003D391    84 0001:0003D394    86 0001:0003D396
    89 0001:0003D39C    90 0001:0003D3A1    94 0001:0003D3A6    95 0001:0003D3AB
    96 0001:0003D3B0    98 0001:0003D3E4    98 0001:0003D3EB

Line numbers for MultiAILimit(plugins\MultiAILimit.pas) segment .text

    32 0001:0003D3EC    36 0001:0003D3F0    64 0001:0003D408    65 0001:0003D40E
    66 0001:0003D415    67 0001:0003D47F    68 0001:0003D489    72 0001:0003D490
    74 0001:0003D497    75 0001:0003D498    76 0001:0003D499    78 0001:0003D49A
    81 0001:0003D49F    82 0001:0003D4A4    83 0001:0003D4A9    87 0001:0003D4AC
    88 0001:0003D4B0    90 0001:0003D4C2    94 0001:0003D4EA    95 0001:0003D504
    99 0001:0003D525   100 0001:0003D52D   102 0001:0003D5BC   102 0001:0003D5C3

Line numbers for Plugins(Plugins.pas) segment .text

    30 0001:0003D5C4    32 0001:0003D5CB    34 0001:0003D5D1    35 0001:0003D5DB
    37 0001:0003D5E5    38 0001:0003D5EF    39 0001:0003D5F9    40 0001:0003D603
    42 0001:0003D60D    43 0001:0003D617    44 0001:0003D621    49 0001:0003D62B
    50 0001:0003D633    53 0001:0003D638    54 0001:0003D63B    55 0001:0003D640
    57 0001:0003D674    57 0001:0003D67B

Line numbers for InitCode(InitCode.pas) segment .text

    87 0001:0003D67C    88 0001:0003D680    89 0001:0003D687    90 0001:0003D691
    91 0001:0003D6A3    93 0001:0003D6AD    94 0001:0003D6C4    95 0001:0003D6CD
    97 0001:0003D6DD   103 0001:0003D710   107 0001:0003D734   108 0001:0003D742
   110 0001:0003D74C   114 0001:0003D751   118 0001:0003D75C   119 0001:0003D767
   121 0001:0003D770   122 0001:0003D78D   124 0001:0003D7C5   125 0001:0003D7CF
   127 0001:0003D7FF   128 0001:0003D809   129 0001:0003D829   130 0001:0003D850
   131 0001:0003D859   132 0001:0003D86A   133 0001:0003D873   134 0001:0003D884
   135 0001:0003D88D   137 0001:0003D8A3   138 0001:0003D8CA   139 0001:0003D8D4
   140 0001:0003D902   144 0001:0003D931   150 0001:0003D93A   155 0001:0003D965
   164 0001:0003D96A   166 0001:0003D98D   168 0001:0003D990   169 0001:0003D998
   172 0001:0003D9C4   175 0001:0003DB44   176 0001:0003DB47   177 0001:0003DB4C
   179 0001:0003DB51   181 0001:0003DB5A   182 0001:0003DB67   185 0001:0003DB70
   187 0001:0003DB7A   189 0001:0003DBAC   190 0001:0003DBB8   191 0001:0003DBC5
   192 0001:0003DBD2

Line numbers for InitCode_CoreExePatching(InitCode_CoreExePatching.pas) segment .text

    50 0001:0003DBD4    51 0001:0003DBDC    53 0001:0003DBE2    54 0001:0003DBEC
    56 0001:0003DBF6    71 0001:0003DBFC    72 0001:0003DC03    73 0001:0003DC0D
    74 0001:0003DC17    75 0001:0003DC25    77 0001:0003DC4C    79 0001:0003DC4F
    80 0001:0003DC57    81 0001:0003DC69    84 0001:0003DC73    88 0001:0003DC7C
    90 0001:0003DC81    91 0001:0003DC86    92 0001:0003DC87    94 0001:0003DCB8
    95 0001:0003DCC4    96 0001:0003DCD1   100 0001:0003DCDE   101 0001:0003DCE8
   102 0001:0003DCF2   104 0001:0003DCFC   105 0001:0003DD06

Line numbers for threadlogging(threadlogging.pas) segment .text

   145 0001:0003DD38   145 0001:0003DD3F

Line numbers for dplayx(F:\TA\TADR\SVN\trunk\src\Recorder\Dplayx.dpr) segment .text

    55 0001:0003DFA0    56 0001:0003DFB0

Bound resource files

dplayx.res
dplayx.drf


Program entry point at 0001:0003DFA0
