
 Start         Length     Name                   Class
 0001:00000000 0003D9CCH .text                   CODE
 0002:00000000 00000C3CH .data                   DATA
 0002:00000C3C 00000A7DH .bss                    BSS


Detailed map of segments

 0001:00000000 0000565B C=CODE     S=.text    G=(none)   M=System   ACBP=A9
 0001:0000565C 000001CC C=CODE     S=.text    G=(none)   M=SysInit  ACBP=A9
 0001:00005828 00000038 C=CODE     S=.text    G=(none)   M=Types    ACBP=A9
 0001:00005860 00000384 C=CODE     S=.text    G=(none)   M=Windows  ACBP=A9
 0001:00005BE4 00000038 C=CODE     S=.text    G=(none)   M=Messages ACBP=A9
 0001:00005C1C 00000348 C=CODE     S=.text    G=(none)   M=SysConst ACBP=A9
 0001:00005F64 000075C4 C=CODE     S=.text    G=(none)   M=SysUtils ACBP=A9
 0001:0000D528 00000887 C=CODE     S=.text    G=(none)   M=VarUtils ACBP=A9
 0001:0000DDB0 0000280E C=CODE     S=.text    G=(none)   M=Variants ACBP=A9
 0001:000105C0 000000C8 C=CODE     S=.text    G=(none)   M=RTLConsts ACBP=A9
 0001:00010688 00000084 C=CODE     S=.text    G=(none)   M=TypInfo  ACBP=A9
 0001:0001070C 00000038 C=CODE     S=.text    G=(none)   M=ActiveX  ACBP=A9
 0001:00010744 0000478E C=CODE     S=.text    G=(none)   M=Classes  ACBP=A9
 0001:00014ED4 000003DC C=CODE     S=.text    G=(none)   M=ListsU   ACBP=A9
 0001:000152B0 00000050 C=CODE     S=.text    G=(none)   M=MMSystem ACBP=A9
 0001:00015300 000001DC C=CODE     S=.text    G=(none)   M=SyncObjs ACBP=A9
 0001:000154DC 00001AD4 C=CODE     S=.text    G=(none)   M=GPHugeF  ACBP=A9
 0001:00016FB0 00000038 C=CODE     S=.text    G=(none)   M=Consts   ACBP=A9
 0001:00016FE8 0000061C C=CODE     S=.text    G=(none)   M=textdata ACBP=A9
 0001:00017604 00000038 C=CODE     S=.text    G=(none)   M=Math     ACBP=A9
 0001:0001763C 00000194 C=CODE     S=.text    G=(none)   M=Contnrs  ACBP=A9
 0001:000177D0 00000FA0 C=CODE     S=.text    G=(none)   M=uDebug   ACBP=A9
 0001:00018770 00000060 C=CODE     S=.text    G=(none)   M=FreeListU ACBP=A9
 0001:000187D0 00000040 C=CODE     S=.text    G=(none)   M=SHFolder ACBP=A9
 0001:00018810 00000B78 C=CODE     S=.text    G=(none)   M=TADemoConsts ACBP=A9
 0001:00019388 00000330 C=CODE     S=.text    G=(none)   M=TextFileU ACBP=A9
 0001:000196B8 00000A7C C=CODE     S=.text    G=(none)   M=logging  ACBP=A9
 0001:0001A134 000019A4 C=CODE     S=.text    G=(none)   M=DPlay    ACBP=A9
 0001:0001BAD8 00000124 C=CODE     S=.text    G=(none)   M=DPLobby  ACBP=A9
 0001:0001BBFC 00000450 C=CODE     S=.text    G=(none)   M=MemMappedDataStructure ACBP=A9
 0001:0001C04C 00000068 C=CODE     S=.text    G=(none)   M=PacketBufferU ACBP=A9
 0001:0001C0B4 0000038C C=CODE     S=.text    G=(none)   M=log2     ACBP=A9
 0001:0001C440 000010D4 C=CODE     S=.text    G=(none)   M=IniFiles ACBP=A9
 0001:0001D514 00000E0C C=CODE     S=.text    G=(none)   M=Registry ACBP=A9
 0001:0001E320 00001420 C=CODE     S=.text    G=(none)   M=PluginEngine ACBP=A9
 0001:0001F740 00000514 C=CODE     S=.text    G=(none)   M=TAMemManipulations ACBP=A9
 0001:0001FC54 000005DC C=CODE     S=.text    G=(none)   M=TA_MemoryLocations ACBP=A9
 0001:00020230 0000036C C=CODE     S=.text    G=(none)   M=COB_extensions ACBP=A9
 0001:0002059C 00000394 C=CODE     S=.text    G=(none)   M=TlHelp32 ACBP=A9
 0001:00020930 00000038 C=CODE     S=.text    G=(none)   M=TA_FunctionsU ACBP=A9
 0001:00020968 000005B4 C=CODE     S=.text    G=(none)   M=ErrorLog_ExtraData ACBP=A9
 0001:00020F1C 0000009C C=CODE     S=.text    G=(none)   M=Thread_marshaller ACBP=A9
 0001:00020FB8 000001B0 C=CODE     S=.text    G=(none)   M=UnitLimit ACBP=A9
 0001:00021168 00000424 C=CODE     S=.text    G=(none)   M=ModsList ACBP=A9
 0001:0002158C 000007E8 C=CODE     S=.text    G=(none)   M=INI_Options ACBP=A9
 0001:00021D74 000017B0 C=CODE     S=.text    G=(none)   M=packet_old ACBP=A9
 0001:00023524 000001EC C=CODE     S=.text    G=(none)   M=PluginCommandHandlerU ACBP=A9
 0001:00023710 00000258 C=CODE     S=.text    G=(none)   M=InputHook ACBP=A9
 0001:00023968 0000028C C=CODE     S=.text    G=(none)   M=LOS_Radar ACBP=A9
 0001:00023BF4 000000CC C=CODE     S=.text    G=(none)   M=LOS_MiniMapUnits ACBP=A9
 0001:00023CC0 00000140 C=CODE     S=.text    G=(none)   M=LOS_PlayerSeeUnit ACBP=A9
 0001:00023E00 000001B0 C=CODE     S=.text    G=(none)   M=LOS_GUIText ACBP=A9
 0001:00023FB0 00000354 C=CODE     S=.text    G=(none)   M=LOS_UpdateTables ACBP=A9
 0001:00024304 0000017C C=CODE     S=.text    G=(none)   M=LOS_AllyPlayer ACBP=A9
 0001:00024480 00000150 C=CODE     S=.text    G=(none)   M=LOS_extensions ACBP=A9
 0001:000245D0 00000208 C=CODE     S=.text    G=(none)   M=SpeedHack ACBP=A9
 0001:000247D8 00000038 C=CODE     S=.text    G=(none)   M=TA_NetworkingMessages ACBP=A9
 0001:00024810 000002CC C=CODE     S=.text    G=(none)   M=BattleRoomScroll ACBP=A9
 0001:00024ADC 000013A0 C=CODE     S=.text    G=(none)   M=PlayerDataU ACBP=A9
 0001:00025E7C 00000608 C=CODE     S=.text    G=(none)   M=CommandHandlerU ACBP=A9
 0001:00026484 00014788 C=CODE     S=.text    G=(none)   M=idplay   ACBP=A9
 0001:0003AC0C 0000157C C=CODE     S=.text    G=(none)   M=DPLobbyWrapper ACBP=A9
 0001:0003C188 00000B78 C=CODE     S=.text    G=(none)   M=Dplayx_exports ACBP=A9
 0001:0003CD00 00000108 C=CODE     S=.text    G=(none)   M=PauseLock ACBP=A9
 0001:0003CE08 000001D8 C=CODE     S=.text    G=(none)   M=MultiAILimit ACBP=A9
 0001:0003CFE0 000000B8 C=CODE     S=.text    G=(none)   M=Plugins  ACBP=A9
 0001:0003D098 00000550 C=CODE     S=.text    G=(none)   M=InitCode ACBP=A9
 0001:0003D5E8 00000134 C=CODE     S=.text    G=(none)   M=InitCode_CoreExePatching ACBP=A9
 0001:0003D71C 00000038 C=CODE     S=.text    G=(none)   M=threadlogging ACBP=A9
 0001:0003D754 00000275 C=CODE     S=.text    G=(none)   M=dplayx   ACBP=A9
 0002:00000000 000000A4 C=DATA     S=.data    G=DGROUP   M=System   ACBP=A9
 0002:000000A4 00000030 C=DATA     S=.data    G=DGROUP   M=SysInit  ACBP=A9
 0002:000000D4 00000250 C=DATA     S=.data    G=DGROUP   M=SysUtils ACBP=A9
 0002:00000324 00000008 C=DATA     S=.data    G=DGROUP   M=VarUtils ACBP=A9
 0002:0000032C 00000076 C=DATA     S=.data    G=DGROUP   M=Variants ACBP=A9
 0002:000003A4 0000000C C=DATA     S=.data    G=DGROUP   M=TypInfo  ACBP=A9
 0002:000003B0 00000084 C=DATA     S=.data    G=DGROUP   M=Classes  ACBP=A9
 0002:00000434 00000020 C=DATA     S=.data    G=DGROUP   M=GPHugeF  ACBP=A9
 0002:00000454 00000400 C=DATA     S=.data    G=DGROUP   M=textdata ACBP=A9
 0002:00000854 00000004 C=DATA     S=.data    G=DGROUP   M=uDebug   ACBP=A9
 0002:00000858 00000049 C=DATA     S=.data    G=DGROUP   M=TADemoConsts ACBP=A9
 0002:000008A4 00000004 C=DATA     S=.data    G=DGROUP   M=logging  ACBP=A9
 0002:000008A8 00000020 C=DATA     S=.data    G=DGROUP   M=DPlay    ACBP=A9
 0002:000008C8 00000010 C=DATA     S=.data    G=DGROUP   M=DPLobby  ACBP=A9
 0002:000008D8 00000038 C=DATA     S=.data    G=DGROUP   M=MemMappedDataStructure ACBP=A9
 0002:00000910 00000008 C=DATA     S=.data    G=DGROUP   M=IniFiles ACBP=A9
 0002:00000918 00000008 C=DATA     S=.data    G=DGROUP   M=Registry ACBP=A9
 0002:00000920 00000007 C=DATA     S=.data    G=DGROUP   M=TA_MemoryLocations ACBP=A9
 0002:00000928 00000001 C=DATA     S=.data    G=DGROUP   M=COB_extensions ACBP=A9
 0002:0000092C 0000000C C=DATA     S=.data    G=DGROUP   M=TA_FunctionsU ACBP=A9
 0002:00000938 00000005 C=DATA     S=.data    G=DGROUP   M=UnitLimit ACBP=A9
 0002:00000940 00000005 C=DATA     S=.data    G=DGROUP   M=packet_old ACBP=A9
 0002:00000948 0000000A C=DATA     S=.data    G=DGROUP   M=SpeedHack ACBP=A9
 0002:00000954 00000001 C=DATA     S=.data    G=DGROUP   M=BattleRoomScroll ACBP=A9
 0002:00000958 00000004 C=DATA     S=.data    G=DGROUP   M=idplay   ACBP=A9
 0002:0000095C 00000004 C=DATA     S=.data    G=DGROUP   M=Dplayx_exports ACBP=A9
 0002:00000960 00000008 C=DATA     S=.data    G=DGROUP   M=PauseLock ACBP=A9
 0002:00000968 00000008 C=DATA     S=.data    G=DGROUP   M=MultiAILimit ACBP=A9
 0002:00001000 0000065C C=BSS      S=.bss     G=DGROUP   M=System   ACBP=A9
 0002:0000165C 00000014 C=BSS      S=.bss     G=DGROUP   M=SysInit  ACBP=A9
 0002:00001670 00000004 C=BSS      S=.bss     G=DGROUP   M=Types    ACBP=A9
 0002:00001674 00000004 C=BSS      S=.bss     G=DGROUP   M=Windows  ACBP=A9
 0002:00001678 00000004 C=BSS      S=.bss     G=DGROUP   M=Messages ACBP=A9
 0002:0000167C 00000004 C=BSS      S=.bss     G=DGROUP   M=SysConst ACBP=A9
 0002:00001680 00000120 C=BSS      S=.bss     G=DGROUP   M=SysUtils ACBP=A9
 0002:000017A0 0000005C C=BSS      S=.bss     G=DGROUP   M=VarUtils ACBP=A9
 0002:000017FC 00000040 C=BSS      S=.bss     G=DGROUP   M=Variants ACBP=A9
 0002:0000183C 00000004 C=BSS      S=.bss     G=DGROUP   M=RTLConsts ACBP=A9
 0002:00001840 00000004 C=BSS      S=.bss     G=DGROUP   M=TypInfo  ACBP=A9
 0002:00001844 00000004 C=BSS      S=.bss     G=DGROUP   M=ActiveX  ACBP=A9
 0002:00001848 00000034 C=BSS      S=.bss     G=DGROUP   M=Classes  ACBP=A9
 0002:0000187C 00000004 C=BSS      S=.bss     G=DGROUP   M=ListsU   ACBP=A9
 0002:00001880 00000004 C=BSS      S=.bss     G=DGROUP   M=MMSystem ACBP=A9
 0002:00001884 00000004 C=BSS      S=.bss     G=DGROUP   M=SyncObjs ACBP=A9
 0002:00001888 00000004 C=BSS      S=.bss     G=DGROUP   M=GPHugeF  ACBP=A9
 0002:0000188C 00000004 C=BSS      S=.bss     G=DGROUP   M=Consts   ACBP=A9
 0002:00001890 00000004 C=BSS      S=.bss     G=DGROUP   M=textdata ACBP=A9
 0002:00001894 00000004 C=BSS      S=.bss     G=DGROUP   M=Math     ACBP=A9
 0002:00001898 00000004 C=BSS      S=.bss     G=DGROUP   M=Contnrs  ACBP=A9
 0002:0000189C 00000014 C=BSS      S=.bss     G=DGROUP   M=uDebug   ACBP=A9
 0002:000018B0 00000008 C=BSS      S=.bss     G=DGROUP   M=FreeListU ACBP=A9
 0002:000018B8 00000004 C=BSS      S=.bss     G=DGROUP   M=SHFolder ACBP=A9
 0002:000018BC 00000018 C=BSS      S=.bss     G=DGROUP   M=TADemoConsts ACBP=A9
 0002:000018D4 00000004 C=BSS      S=.bss     G=DGROUP   M=TextFileU ACBP=A9
 0002:000018D8 0000000C C=BSS      S=.bss     G=DGROUP   M=logging  ACBP=A9
 0002:000018E4 00000004 C=BSS      S=.bss     G=DGROUP   M=DPlay    ACBP=A9
 0002:000018E8 00000004 C=BSS      S=.bss     G=DGROUP   M=DPLobby  ACBP=A9
 0002:000018EC 00000004 C=BSS      S=.bss     G=DGROUP   M=MemMappedDataStructure ACBP=A9
 0002:000018F0 00000004 C=BSS      S=.bss     G=DGROUP   M=PacketBufferU ACBP=A9
 0002:000018F4 00000004 C=BSS      S=.bss     G=DGROUP   M=log2     ACBP=A9
 0002:000018F8 00000004 C=BSS      S=.bss     G=DGROUP   M=IniFiles ACBP=A9
 0002:000018FC 00000004 C=BSS      S=.bss     G=DGROUP   M=Registry ACBP=A9
 0002:00001900 00000008 C=BSS      S=.bss     G=DGROUP   M=PluginEngine ACBP=A9
 0002:00001908 00000004 C=BSS      S=.bss     G=DGROUP   M=TAMemManipulations ACBP=A9
 0002:0000190C 0000000A C=BSS      S=.bss     G=DGROUP   M=TA_MemoryLocations ACBP=A9
 0002:00001918 00000004 C=BSS      S=.bss     G=DGROUP   M=COB_extensions ACBP=A9
 0002:0000191C 00000048 C=BSS      S=.bss     G=DGROUP   M=TlHelp32 ACBP=A9
 0002:00001964 00000004 C=BSS      S=.bss     G=DGROUP   M=TA_FunctionsU ACBP=A9
 0002:00001968 00000004 C=BSS      S=.bss     G=DGROUP   M=ErrorLog_ExtraData ACBP=A9
 0002:0000196C 00000004 C=BSS      S=.bss     G=DGROUP   M=Thread_marshaller ACBP=A9
 0002:00001970 00000004 C=BSS      S=.bss     G=DGROUP   M=UnitLimit ACBP=A9
 0002:00001974 00000004 C=BSS      S=.bss     G=DGROUP   M=ModsList ACBP=A9
 0002:00001978 00000024 C=BSS      S=.bss     G=DGROUP   M=INI_Options ACBP=A9
 0002:0000199C 00000004 C=BSS      S=.bss     G=DGROUP   M=packet_old ACBP=A9
 0002:000019A0 00000004 C=BSS      S=.bss     G=DGROUP   M=PluginCommandHandlerU ACBP=A9
 0002:000019A4 00000008 C=BSS      S=.bss     G=DGROUP   M=InputHook ACBP=A9
 0002:000019AC 00000014 C=BSS      S=.bss     G=DGROUP   M=LOS_Radar ACBP=A9
 0002:000019C0 00000004 C=BSS      S=.bss     G=DGROUP   M=LOS_MiniMapUnits ACBP=A9
 0002:000019C4 00000014 C=BSS      S=.bss     G=DGROUP   M=LOS_PlayerSeeUnit ACBP=A9
 0002:000019D8 00000004 C=BSS      S=.bss     G=DGROUP   M=LOS_GUIText ACBP=A9
 0002:000019DC 00000010 C=BSS      S=.bss     G=DGROUP   M=LOS_UpdateTables ACBP=A9
 0002:000019EC 00000008 C=BSS      S=.bss     G=DGROUP   M=LOS_AllyPlayer ACBP=A9
 0002:000019F4 00000008 C=BSS      S=.bss     G=DGROUP   M=LOS_extensions ACBP=A9
 0002:000019FC 00000004 C=BSS      S=.bss     G=DGROUP   M=SpeedHack ACBP=A9
 0002:00001A00 00000004 C=BSS      S=.bss     G=DGROUP   M=TA_NetworkingMessages ACBP=A9
 0002:00001A04 0000000C C=BSS      S=.bss     G=DGROUP   M=BattleRoomScroll ACBP=A9
 0002:00001A10 00000004 C=BSS      S=.bss     G=DGROUP   M=PlayerDataU ACBP=A9
 0002:00001A14 00000004 C=BSS      S=.bss     G=DGROUP   M=CommandHandlerU ACBP=A9
 0002:00001A18 0000000C C=BSS      S=.bss     G=DGROUP   M=idplay   ACBP=A9
 0002:00001A24 00000004 C=BSS      S=.bss     G=DGROUP   M=DPLobbyWrapper ACBP=A9
 0002:00001A28 00000028 C=BSS      S=.bss     G=DGROUP   M=Dplayx_exports ACBP=A9
 0002:00001A50 00000004 C=BSS      S=.bss     G=DGROUP   M=PauseLock ACBP=A9
 0002:00001A54 00000004 C=BSS      S=.bss     G=DGROUP   M=MultiAILimit ACBP=A9
 0002:00001A58 00000004 C=BSS      S=.bss     G=DGROUP   M=Plugins  ACBP=A9
 0002:00001A5C 00000008 C=BSS      S=.bss     G=DGROUP   M=InitCode ACBP=A9
 0002:00001A64 00000014 C=BSS      S=.bss     G=DGROUP   M=InitCode_CoreExePatching ACBP=A9
 0002:00001A78 00000004 C=BSS      S=.bss     G=DGROUP   M=threadlogging ACBP=A9


  Address         Publics by Name

 0002:0000167C       .1
 0002:000019FC       .1
 0002:000019F8       .1
 0002:000019F0       .1
 0002:00001A58       .1
 0002:000019E8       .1
 0002:000019D8       .1
 0002:000019D4       .1
 0002:00001908       .1
 0002:00001A0C       .1
 0002:0000188C       .1
 0002:000018B8       .1
 0002:00001918       .1
 0002:00001A54       .1
 0002:000018B4       .1
 0002:00001670       .1
 0002:00001A50       .1
 0002:0000191C       .1
 0002:00001964       .1
 0002:000018E8       .1
 0002:00001968       .1
 0002:0000196C       .1
 0002:000018AC       .1
 0002:00001970       .1
 0002:0000183C       .1
 0002:00001974       .1
 0002:000018EC       .1
 0002:00001994       .1
 0002:00001A00       .1
 0002:00001668       .1
 0002:00001678       .1
 0002:00001A34       .1
 0002:00001890       .1
 0002:00001A64       .1
 0002:000019A8       .1
 0002:000019BC       .1
 0002:00001A78       .1
 0002:000019C0       .1
 0002:000018E4       .1
 0002:00001894       .2
 0002:00001A24       .2
 0002:0000199C       .2
 0002:000018F4       .2
 0002:000018C0       .2
 0002:000018D4       .2
 0002:00001A5C       .2
 0002:000018E0       .2
 0002:00001898       .21
 0002:000018F0       .3
 0002:000019A0       .3
 0002:00001844       .3
 0002:00001674       .3
 0002:00001A14       .3
 0002:00001790       .35
 0002:00001A10       .4
 0002:00001910       .4
 0002:00001850       .45
 0002:000018FC       .5
 0002:000015B4       .5
 0002:00001888       .5
 0002:000017F8       .5
 0002:00001840       .6
 0002:00001A20       .6
 0002:00001884       .6
 0002:00001900       .6
 0002:00001880       .7
 0002:000018F8       .8
 0002:0000181C       .81
 0002:0000187C       .9
 0001:00001E10       @AbstractError
 0001:00002E98       @AfterConstruction
 0001:000038F8       @Assert
 0001:000020F4       @Assign
 0001:00002250       @AStrCmp
 0001:00002EA8       @BeforeDestruction
 0001:00002B48       @BoundErr
 0001:00002DD8       @CallDynaInst
 0001:00002E40       @ClassCreate
 0001:00002E90       @ClassDestroy
 0001:000021BC       @Close
 0001:00001B58       @Copy
 0001:00004580       @CopyArray
 0001:00004464       @CopyRecord
 0001:00004674       @DispCallByIDError
 0001:0000E850       @DispInvokeError
 0001:00003324       @DoneExcept
 0001:000048C4       @DynArrayAsg
 0001:00004888       @DynArrayClear
 0001:000046A8       @DynArrayHigh
 0001:000046A0       @DynArrayLength
 0001:0000487C       @DynArraySetLength
 0001:000022C0       @EofText
 0001:0000340C       @ExceptionHandler
 0001:000022F8       @FillChar
 0001:00004440       @Finalize
 0001:00004354       @FinalizeArray
 0001:00004308       @FinalizeRecord
 0001:000021B0       @Flush
 0001:00002B3C       @FpuInit
 0001:00002A78       @FpuMaskInit
 0001:00001A28       @FreeMem
 0001:000019F8       @GetMem
 0001:0000575C       @GetTls
 0001:000038E0       @Halt
 0001:00003800       @Halt0
 0001:00002FBC       @HandleAnyException
 0001:00003270       @HandleFinally
 0001:000030E8       @HandleOnException
 0001:00004274       @InitializeArray
 0001:00004244       @InitializeRecord
 0001:000036C4       @InitImports
 0001:000057A8       @InitLib
 0001:0000369C       @InitResStringImports
 0001:00005018       @IntfAddRef
 0001:00004FD4       @IntfClear
 0001:00004FEC       @IntfCopy
 0001:00002B50       @IntOver
 0001:00002D84       @IsClass
 0001:00002A48       @isNECWindows
 0001:00003DA4       @LStrAddRef
 0001:0000393C       @LStrArrayClr
 0001:0000396C       @LStrAsg
 0001:00003BBC       @LStrCat
 0001:00003C00       @LStrCat3
 0001:00003C74       @LStrCatN
 0001:00003918       @LStrClr
 0001:00003D00       @LStrCmp
 0001:00003E14       @LStrCopy
 0001:00003E54       @LStrDelete
 0001:00003B88       @LStrFromArray
 0001:00003B00       @LStrFromChar
 0001:00003B10       @LStrFromPChar
 0001:00003A08       @LStrFromPCharLen
 0001:00003B40       @LStrFromPWChar
 0001:00003A74       @LStrFromPWCharLen
 0001:00003B7C       @LStrFromString
 0001:00003BA0       @LStrFromWStr
 0001:000039B0       @LStrLAsg
 0001:00003BB4       @LStrLen
 0001:00003E9C       @LStrPos
 0001:00003EE4       @LStrSetLength
 0001:00003DB4       @LStrToPChar
 0001:000039DC       @NewAnsiString
 0001:00003F8C       @NewWideString
 0001:0000275C       @Pow10
 0001:00002244       @PStrCpy
 0001:00002214       @PStrNCat
 0001:000032D0       @RaiseAgain
 0001:000032A8       @RaiseExcept
 0001:00002318       @RandInt
 0001:00002370       @ReadChar
 0001:000024D4       @ReadLn
 0001:00002468       @ReadLString
 0001:0000245C       @ReadString
 0001:00001A48       @ReallocMem
 0001:00001E84       @ResetText
 0001:00001E90       @RewritText
 0001:000038EC       @RunError
 0001:00002740       @SetEq
 0001:000035D4       @StartLib
 0001:0000025C       @strlen
 0001:00001DEC       @TRUNC
 0001:00003354       @TryFinallyExit
 0001:00003E0C       @UniqueStringA
 0001:00002504       @ValLong
 0001:0000FE04       @VarAddRef
 0001:0000EB28       @VarClear
 0001:0000433C       @VarClr
 0001:0000EB3C       @VarClr
 0001:0000444C       @VarCopy
 0001:0000EE64       @VarCopy
 0001:0000F190       @VarToLStr
 0001:0000F8B0       @VarToWStr
 0001:00003F48       @Write0LString
 0001:0000261C       @WriteBytes
 0001:000026EC       @WriteLn
 0001:00003F64       @WriteLString
 0001:00002670       @WriteSpaces
 0001:00003FCC       @WStrArrayClr
 0001:00003FF0       @WStrAsg
 0001:00003FB4       @WStrClr
 0001:0000412C       @WStrCmp
 0001:000041B0       @WStrCopy
 0001:00004100       @WStrFromLStr
 0001:00004014       @WStrFromPCharLen
 0001:000040C4       @WStrFromPWChar
 0001:000040A0       @WStrFromPWCharLen
 0001:00004120       @WStrLen
 0001:000041FC       @WStrSetLength
 0001:00004110       @WStrToPWChar
 0001:00001B28       @_IOTest
 0001:0000467C       @_llmul
 0001:0000B454       AbstractErrorHandler
 0002:00001028       AbstractErrorProc
 0002:00000154       AccessMode
 0002:0000088C       AccessMode
 0001:0001073C       ActiveX
 0001:000003CC       AddBlockAfter
 0001:0001BC1C       AddCheatDescription
 0001:0001800C       AddLineNo
 0001:00004E3C       AddModuleUnloadProc
 0001:00004E2C       AddModuleUnloadProc
 0001:00017E58       AddProcedure
 0001:00017C74       AddUnit
 0002:0000096C       AIName
 0002:000019EC       AlliedStateChanged
 0001:00006B6C       AllocMem
 0002:000015AC       AllocMemCount
 0002:000015B0       AllocMemSize
 0001:0000568C       AllocTlsBuffer
 0001:00006D74       AnsiCompareStr
 0001:00006DC0       AnsiCompareText
 0001:00006D2C       AnsiLowerCase
 0001:0000BF78       AnsiPos
 0001:00006E0C       AnsiSameText
 0001:0000BFC4       AnsiStrPos
 0001:0000C09C       AnsiStrRScan
 0001:0000C0EC       AnsiStrScan
 0001:00005418       AnsiToUtf8
 0001:00006CE4       AnsiUpperCase
 0001:00008E20       AppendChars
 0001:00009240       AppendFormat
 0001:00008EA4       AppendNumber
 0001:00008E80       AppendString
 0001:0000B41C       AssertErrorHandler
 0002:00001020       AssertErrorProc
 0002:00001604       avail
 0001:00007924       BackfillGetDiskFreeSpaceEx
 0001:0000D800       BackupVarBoolFromStr
 0001:0000D97C       BackupVarBStrFromBool
 0001:0000D884       BackupVarBStrFromCy
 0001:0000D900       BackupVarBStrFromDate
 0001:0000D78C       BackupVarCyFromStr
 0001:0000D718       BackupVarDateFromStr
 0001:0000D5BC       BackupVarI4FromStr
 0001:0000D548       BackupVariantChangeTypeEx
 0001:0000D630       BackupVarR4FromStr
 0001:0000D6A4       BackupVarR8FromStr
 0001:00024AD4       BattleRoomScroll
 0001:00024968       BattleRoomScrollBackAfterTextReceived
 0001:00024998       BattleRoomScrollBarKeyboardHookFunction
 0001:00024938       BattleRoomTextReceived
 0001:0003CE24       BetterAIName
 0001:0003CEAC       BetterAINameStub
 0001:00014BC8       BinToHex
 0001:000173E0       BinToInt
 0001:0000D594       BiUnimplemented
 0002:000015DC       blockDescBlockList
 0002:000015E0       blockDescFreeList
 0002:000003A4       BooleanIdents
 0002:00000334       BooleanToStringRule
 0001:000072D8       BoolToStr
 0001:0000EF18       BoolToWStrViaOS
 0002:00000920       BoolValues
 0001:0000BB14       ByteToCharIndex
 0001:0000BAD8       ByteToCharLen
 0001:0000BA74       ByteType
 0001:0000B9C8       ByteTypeTest
 0002:00001914       CacheUsed
 0001:00017508       CalcCRC
 0001:00005B00       CallNextHookEx
 0002:00001814       ChangeAnyProc
 0001:000076F0       ChangeFileExt
 0001:00003A38       CharFromWChar
 0001:0000BD8C       CharLength
 0001:00005B08       CharLowerBuff
 0001:000001D4       CharNext
 0001:00005B10       CharNext
 0001:0000BC50       CharToByteIndex
 0001:0000BCC8       CharToByteLen
 0001:00005B18       CharToOemA
 0001:00005B20       CharUpperBuff
 0002:00001A1C       chatview
 0001:0001BBFC       CheatEnabled
 0002:000008F0       Cheat_BuildAnywhere
 0002:000008EC       Cheat_ControlMenu
 0002:0000090C       Cheat_DoubleShot
 0002:00000900       Cheat_ExtraDamage
 0002:000008E0       Cheat_FastBuild
 0002:000008E4       Cheat_InfiniteResources
 0002:00000904       Cheat_InstantBuild
 0002:000008F4       Cheat_InstantCapture
 0002:000008DC       Cheat_Invisible
 0002:000008D8       Cheat_Invulnerability
 0002:000008FC       Cheat_JamAll
 0002:000008E8       Cheat_LosRadar
 0002:00000908       Cheat_ResourcesFreeze
 0002:000008F8       Cheat_SpecialMove
 0001:0001F884       CheckForCheats
 0001:00002F38       CheckJmp
 0002:00000338       CInvalidCustomVariantType
 0001:00014E40       Classes
 0001:000183D4       CleanUpMapFile
 0002:00001810       ClearAnyProc
 0001:00010140       ClearVariantTypeList
 0001:00005890       CloseHandle
 0001:00000174       CloseHandle
 0002:0000103C       CmdLine
 0002:00001038       CmdShow
 0001:0000D5A8       CmpUnimplemented
 0001:00020594       COB_extensions
 0001:000204E4       COB_Extensions_Handling
 0002:00001A68       CodeInjectionData
 0001:0002647C       CommandHandlerU
 0001:0000074C       Commit
 0002:00001620       committedRoot
 0001:0002B504       compare
 0001:000179E4       CompareHeaders
 0001:00005898       CompareString
 0001:00006C6C       CompareText
 0001:000071DC       CompareWith
 0001:00018B24       Compress
 0001:000155A0       Compress
 0001:00016FE0       Consts
 0001:000177C8       Contnrs
 0002:000003C0       Convert
 0002:000003B0       Convert
 0001:0000ACB0       ConvertAddr
 0001:00008FA4       ConvertEraString
 0001:00006B1C       ConvertError
 0001:00006B3C       ConvertErrorFmt
 0001:00009128       ConvertYearString
 0001:000046B0       CopyArray
 0001:000058A0       CopyFile
 0001:0000BB98       CountChars
 0001:000174D0       CRC32
 0002:00000454       CRC32tab
 0001:0000B354       CreateAssertException
 0001:0000B550       CreateAVObject
 0001:000079A4       CreateDir
 0001:000058A8       CreateDirectory
 0001:000058B0       CreateEvent
 0001:000058B8       CreateFile
 0001:0000017C       CreateFileA
 0001:000058C0       CreateFileMapping
 0001:0000B240       CreateInOutError
 0002:00000934       CreateMultiplayerMapsList
 0001:0002085C       CreateToolhelp32Snapshot
 0002:00000390       CRelationshipToBoolean
 0002:00000324       CResult
 0002:0000014C       cSimpleBoolStrs
 0002:0000033C       CText
 0002:00001618       curAlloc
 0002:00001688       CurrencyDecimals
 0002:00001684       CurrencyFormat
 0002:00001680       CurrencyString
 0001:00008E00       CurrentYear
 0001:00008794       CurrToStr
 0001:0000EEA8       CurrToWStrViaOS
 0001:000202E0       CustomGetters
 0001:00006EF4       CvtInt
 0001:00006F60       CvtInt64
 0002:0000018C       CWNear
 0001:00016FE8       DataToStr2
 0001:0001D6F4       DataTypeToRegData
 0001:00008D8C       Date
 0002:00001689       DateSeparator
 0001:00009AF4       DateTimeToStr
 0001:00009A48       DateTimeToString
 0001:000088C4       DateTimeToTimeStamp
 0001:00009AB4       DateToStr
 0001:0000EEE0       DateToWStrViaOS
 0001:00008D5C       DayOfWeek
 0002:00000188       DCon10
 0002:0000002C       DebugHook
 0002:00001687       DecimalSeparator
 0001:00008D2C       DecodeDate
 0001:00008BB0       DecodeDateFully
 0001:000089CC       DecodeTime
 0001:0000080C       Decommit
 0001:00000F38       DecommitFree
 0002:000015F4       decommittedRoot
 0002:00000940       DecompressionBufferSize
 0002:00000024       Default8087CW
 0002:00000038       DefaultTextLineBreakStyle
 0002:000015B8       DefaultUserCodePage
 0002:00000218       DefLongDayNames
 0002:000001CC       DefLongMonthNames
 0002:000001FC       DefShortDayNames
 0002:0000019C       DefShortMonthNames
 0002:00000858       Deities
 0001:00004914       DelayLoadResourceModule
 0001:00000428       DeleteBlock
 0001:000058C8       DeleteCriticalSection
 0001:00000338       DeleteCriticalSection
 0001:000058D0       DeleteFile
 0001:00000D20       DeleteFree
 0001:000058D8       DeviceIoControl
 0002:00000094       dig
 0001:00007548       DirectoryExists
 0001:0003C518       DirectPlayCreate
 0002:00001A44       DirectPlayCreate_proc
 0001:0003C220       DirectPlayEnumerate
 0001:0003C318       DirectPlayEnumerateA
 0002:00001A3C       DirectPlayEnumerateA_proc
 0001:0003C418       DirectPlayEnumerateW
 0002:00001A40       DirectPlayEnumerateW_proc
 0002:00001A38       DirectPlayEnumerate_proc
 0001:0003C8C0       DirectPlayLobbyCreateA
 0002:00001A4C       DirectPlayLobbyCreateA_proc
 0001:0003C780       DirectPlayLobbyCreateW
 0002:00001A48       DirectPlayLobbyCreateW_proc
 0001:0003D098       DisableThreadLibraryCalls
 0002:00001000       DispCallByIDProc
 0001:00006B00       DivMod
 0001:0003CB14       DllCanUnloadNow
 0001:0003CBB4       DllGetClassObject
 0002:00001664       DllProc
 0002:00001A2C       DoFinalize
 0002:00001A28       DoInitialize
 0002:00000930       DoInterpretCommand
 0001:0000B8C4       DoneExceptions
 0001:00014CE4       DoneThreadSynchronization
 0001:0001FD6C       DoReport
 0002:000003AC       DotSep
 0001:000120C4       DoWrite
 0001:0003CFE0       Do_LoadTime_CodeInjections
 0001:0001BAD0       DPlay
 0001:0003D9B4       dplayx
 0001:0003C188       DPlayxHandleInvalid
 0002:0000095C       dplayxLibHandle
 0001:0003CCCC       Dplayx_exports
 0001:0001BBF4       DPLobby
 0001:0003C180       DPLobbyWrapper
 0001:000046C8       DynArrayClear
 0001:000046D0       DynArraySetLength
 0001:0000B204       EHeapException.FreeInstance
 0001:0001570C       Elapsed
 0002:000017FC       EmptyParam
 0002:000000D4       EmptyStr
 0002:000000D8       EmptyWideStr
 0001:00008B74       EncodeDate
 0001:00008988       EncodeTime
 0001:000058E0       EnterCriticalSection
 0001:00000328       EnterCriticalSection
 0001:000058E8       EnumCalendarInfoA
 0001:0000A870       EnumEraNames
 0001:0000A8BC       EnumEraYearOffsets
 0002:00001750       EraNames
 0001:00009E20       EraToYear
 0002:0000176C       EraYearOffsets
 0002:0000006C       errCaption
 0001:00001B1C       Error
 0002:00000004       ErrorAddr
 0001:00001AD0       ErrorAt
 0001:0000B2E4       ErrorHandler
 0001:00020F14       ErrorLog_ExtraData
 0001:00020ED0       Errorlog_Thunk1
 0001:00020B8C       Errorlog_Thunk2
 0002:00000234       ErrorMap
 0002:00001008       ErrorProc
 0001:0001A200       ErrorString
 0002:000013E0       ErrOutput
 0001:00001A98       ExceptAddr
 0002:0000100C       ExceptClsProc
 0001:0000B814       ExceptHandler
 0001:0000AF54       Exception.Create
 0001:0000AF9C       Exception.CreateFmt
 0001:0000B16C       Exception.CreateFmtHelp
 0001:0000B118       Exception.CreateHelp
 0001:0000B02C       Exception.CreateRes
 0001:0000B074       Exception.CreateResFmt
 0002:0000101C       ExceptionClass
 0001:0000ACC0       ExceptionErrorMessage
 0002:0000026C       ExceptMap
 0002:00001010       ExceptObjProc
 0002:00001004       ExceptProc
 0001:0000BF2C       ExcludeTrailingPathDelimiter
 0002:00000000       ExitCode
 0001:00003744       ExitDll
 0002:00001040       ExitProc
 0001:000001DC       ExitProcess
 0002:00001024       ExitProcessProc
 0001:00005738       ExitProcessTLS
 0001:00005710       ExitThreadTLS
 0001:000078E0       ExpandFileName
 0002:00000924       ExpectedData
 0001:000077D0       ExtractFileDir
 0001:00007880       ExtractFileExt
 0001:0000783C       ExtractFileName
 0001:00007790       ExtractFilePath
 0002:0000178C       FalseBoolStrs
 0002:0000017C       FCon1E18
 0001:000074B8       FileAge
 0001:000074A4       FileClose
 0001:000073D8       FileCreate
 0001:000073A4       FileCreate
 0001:00007528       FileExists
 0002:0000089C       FileFlags
 0002:0000000C       FileMode
 0001:00001ED8       FileNOPProc
 0001:00007334       FileOpen
 0001:000073F8       FileRead
 0001:00007468       FileSeek
 0001:000058F0       FileTimeToDosDateTime
 0001:000058F8       FileTimeToLocalFileTime
 0001:00007430       FileWrite
 0002:00000434       FILE_SHARING_ERRORS
 0001:00000E58       FillAfterGap
 0001:00000DF8       FillBeforeGap
 0001:00000EF8       FillerSizeAfterGap
 0001:00000E80       FillerSizeBeforeGap
 0001:0001049C       Finalization
 0001:00010650       Finalization
 0001:000106B4       Finalization
 0001:0001070C       Finalization
 0001:00014D90       Finalization
 0001:00015278       Finalization
 0001:000152C8       Finalization
 0001:000154A4       Finalization
 0001:00016F78       Finalization
 0001:00016FB0       Finalization
 0001:000175CC       Finalization
 0001:00017604       Finalization
 0001:00017798       Finalization
 0001:000057F0       Finalization
 0001:0001872C       Finalization
 0001:00005828       Finalization
 0001:00018798       Finalization
 0001:000187D8       Finalization
 0001:0000DD6C       Finalization
 0001:00019324       Finalization
 0001:0001A0E8       Finalization
 0001:0001BAA0       Finalization
 0001:0001BBC4       Finalization
 0001:0001C014       Finalization
 0001:0001C07C       Finalization
 0001:0001C408       Finalization
 0001:0001D4C4       Finalization
 0001:0001E2D0       Finalization
 0001:0001F6F8       Finalization
 0001:0001FC1C       Finalization
 0001:000201F8       Finalization
 0001:00020564       Finalization
 0001:00005F2C       Finalization
 0001:000208F8       Finalization
 0001:0000D328       Finalization
 0001:00005BE4       Finalization
 0001:00020930       Finalization
 0001:00005BAC       Finalization
 0001:00020EE4       Finalization
 0001:00020F80       Finalization
 0001:00021130       Finalization
 0001:00021554       Finalization
 0001:00021D20       Finalization
 0001:000234EC       Finalization
 0001:000236D8       Finalization
 0001:00023930       Finalization
 0001:00023BBC       Finalization
 0001:00023C88       Finalization
 0001:00023DC8       Finalization
 0001:00023F78       Finalization
 0001:000242CC       Finalization
 0001:00024448       Finalization
 0001:00024598       Finalization
 0001:000247A0       Finalization
 0001:000247D8       Finalization
 0001:00024AA4       Finalization
 0001:00025E44       Finalization
 0001:0002644C       Finalization
 0001:0003ABC8       Finalization
 0001:0003C150       Finalization
 0001:0003CC9C       Finalization
 0001:0003CDD0       Finalization
 0001:0003CF9C       Finalization
 0001:0003D060       Finalization
 0001:0003D590       Finalization
 0001:0003D69C       Finalization
 0001:0003D71C       Finalization
 0001:0003D754       Finalization
 0001:00005534       Finalization
 0001:00019680       Finalization
 0001:000046C0       FinalizeArray
 0001:000034F4       FinalizeUnits
 0001:000049A4       FindBS
 0001:000001EC       FindClose
 0001:00005900       FindClose
 0001:00000DB4       FindCommitted
 0001:000103E4       FindCustomVariantType
 0001:00005908       FindFirstFile
 0001:000001F4       FindFirstFile
 0002:0000185C       FindGlobalComponentProcs
 0001:000048EC       FindHInstance
 0001:00036BC4       FindHostPlayer
 0001:0000DA1C       FindProc
 0001:0000495C       FindResourceHInstance
 0002:000018C4       fIsWin9x
 0001:00021168       FixModsINI
 0002:0000179C       FLanguages
 0001:00008424       FloatToDecimal
 0001:00008764       FloatToStr
 0001:00008150       FloatToText
 0001:000021A4       Flush
 0001:00005910       FlushFileBuffers
 0001:00005918       FlushInstructionCache
 0002:00000190       FMSecsPerDay
 0001:00008030       FmtStr
 0001:000215C8       fnRemoveInvalidChar
 0001:00007580       ForceDirectories
 0001:00008008       Format
 0002:00000198       Format
 0001:00007C38       FormatBuf
 0001:00007C24       FormatClearStr
 0001:00007B84       FormatError
 0002:00000174       FormatErrorStrs
 0001:00005920       FormatMessage
 0001:00007BEC       FormatVarToStr
 0001:00002754       FPower10
 0001:0000D034       FreeAndNil
 0001:00000AB4       FreeCommitted
 0001:000010EC       FreeCurAlloc
 0001:00014D00       FreeIntConstList
 0001:00005928       FreeLibrary
 0001:000001FC       FreeLibrary
 0001:000187C8       FreeListU
 0001:00000684       FreeSpace
 0001:0000C9D4       FreeTerminateProcs
 0002:000008A0       fVersionLazyInited
 0001:00023C58       GameUnit_LOS_MiniMap_UnitsProjectiles_IsOwner
 0001:00023DBC       GameUnit_LOS_PlayerSeeUnit_EpilogCode_Exit
 0001:00023D68       GameUnit_LOS_PlayerSeeUnit_IsOwnerAllowedToSee
 0001:00023A48       GameUnit_LOS_Radar_CanDirectlySeeUnit
 0001:00023AFC       GameUnit_LOS_Radar_LoopCondition
 0001:00023AA4       GameUnit_LOS_Radar_LoopStart
 0001:00024108       GameUnit_LOS_Update_1_Retry
 0001:000240EC       GameUnit_LOS_Update_1_Start
 0001:000241F4       GameUnit_LOS_Update_2_Retry
 0001:000241D8       GameUnit_LOS_Update_2_Start
 0002:0000092C       Game_SetLOSState
 0002:00001A30       gdwDPlaySPRefCount
 0001:00005930       GetACP
 0001:00000340       GetBlockDesc
 0001:00017128       GetChar
 0001:000002DC       GetCmdShow
 0001:00023FB0       GetCodeInjections
 0001:00023CC0       GetCodeInjections
 0001:00023E00       GetCodeInjections
 0001:00024304       GetCodeInjections
 0001:00023968       GetCodeInjections
 0001:00023BF4       GetCodeInjections
 0001:00000204       GetCommandLine
 0001:000008C8       GetCommitted
 0001:00000970       GetCommittedAt
 0001:00008EF4       GetCount
 0001:00005938       GetCPInfo
 0001:00005940       GetCurrentProcess
 0001:000002BC       GetCurrentThreadId
 0001:00005948       GetCurrentThreadId
 0001:00008F2C       GetDate
 0001:00005950       GetDateFormat
 0001:00009CEC       GetDateOrder
 0001:00005958       GetDiskFreeSpaceA
 0002:00000148       GetDiskFreeSpaceEx
 0001:00002DA8       GetDynaMethod
 0001:0000A948       GetEraNamesAndYearOffsets
 0001:00009DBC       GetEraYearOffset
 0001:0000B524       GetExceptionClass
 0001:0000B734       GetExceptionObject
 0001:00005960       GetFileAttributes
 0001:0000018C       GetFileSize
 0001:00005968       GetFileSize
 0001:00000184       GetFileType
 0001:000191C4       GetFileVersion
 0001:00005AE8       GetFileVersionInfo
 0001:00005AF0       GetFileVersionInfoSize
 0001:00018FB8       GetFileVersion_internal
 0001:0000C40C       GetFormatSettings
 0001:00005970       GetFullPathName
 0001:000217B4       GetINIFileName
 0001:00002A40       GetKeyboardType
 0001:00005978       GetLastError
 0001:0000020C       GetLastError
 0001:000184EC       GetLineNumberFromAddress
 0001:0000A6BC       GetLocaleChar
 0001:00000214       GetLocaleInfo
 0001:00005988       GetLocaleInfo
 0001:0000A660       GetLocaleStr
 0001:00005980       GetLocalTime
 0001:000186E0       GetMapAddressFromAddress
 0001:000185E8       GetMapFileName
 0001:0000021C       GetModuleFileName
 0001:00005990       GetModuleFileName
 0001:00005998       GetModuleHandle
 0001:00000224       GetModuleHandle
 0001:00018400       GetModuleNameFromAddress
 0001:0000A73C       GetMonthDayNames
 0001:000188F8       GetMyDocs
 0001:00001BFC       GetParamStr
 0001:0003CEC8       GetPlugin
 0001:00020F24       GetPlugin
 0001:00020FC0       GetPlugin
 0001:00020970       GetPlugin
 0001:000238D0       GetPlugin
 0001:0003CD08       GetPlugin
 0001:0002484C       GetPlugin
 0001:000244E0       GetPlugin
 0001:00020238       GetPlugin
 0001:000245F4       GetPlugin
 0001:000059A0       GetPrivateProfileString
 0001:000059A8       GetProcAddress
 0001:0000022C       GetProcAddress
 0001:0001847C       GetProcNameFromAddress
 0001:000005A8       GetSpace
 0001:0000060C       GetSpaceAt
 0001:00000234       GetStartupInfo
 0001:00000194       GetStdHandle
 0001:000059B0       GetStdHandle
 0001:000059B8       GetStringTypeEx
 0001:00018958       GetSysDir
 0001:000059C0       GetSystemDirectory
 0001:000059C8       GetSystemInfo
 0001:00005B28       GetSystemMetrics
 0001:000192AC       GetTADemoVersion
 0001:000059D0       GetTempFileName
 0001:000059D8       GetTempPath
 0001:0000023C       GetThreadLocale
 0001:000059E0       GetThreadLocale
 0001:000059E8       GetTickCount
 0001:000002D4       GetTickCount
 0001:00008F64       GetTime
 0001:00005698       GetTlsSize
 0001:000002C4       GetVersion
 0001:000059F0       GetVersionEx
 0001:000059F8       GetVolumeInformation
 0001:00018A98       GetVolumePathName
 0001:00005A00       GlobalAlloc
 0001:00005B6C       GlobalAllocPtr
 0002:00001860       GlobalFixupList
 0001:00005A08       GlobalFree
 0001:00005B98       GlobalFreePtr
 0001:00005A18       GlobalHandle
 0001:00005A10       GlobalLock
 0002:00001848       GlobalNameSpace
 0001:00005A20       GlobalReAlloc
 0001:00005B7C       GlobalReAllocPtr
 0001:00005A28       GlobalUnlock
 0001:00016FA8       GPHugeF
 0002:00001A08       hBattleRoomScrollBarKeyboardHook
 0002:00000028       HeapAllocFlags
 0002:000015C0       heapErrorCode
 0002:000015C4       heapLock
 0002:00000144       HexDisplayPrefix
 0001:00014C30       HexToBin
 0002:00001660       HInstance
 0001:00005B50       HiWord
 0001:0003AC04       idplay
 0002:000008B8       IID_IDirectPlay
 0002:000008A8       IID_IDirectPlay3
 0002:000008C8       IID_IDirectPlayLobby2
 0002:00000194       IMSecsPerDay
 0001:0000E8A4       InBounds
 0001:0000EB44       InBounds
 0001:0000BED8       IncludeTrailingPathDelimiter
 0001:0000EB74       Increment
 0001:0000E8D4       Increment
 0002:00001998       iniFileName_cache
 0001:0001D50C       IniFiles
 0002:00001978       iniSettings
 0001:00000B48       InitAllocator
 0001:0003D5C0       InitCode
 0001:0003D6CC       InitCode_CoreExePatching
 0002:00001630       InitContext
 0001:0000CA08       InitDriveSpacePtr
 0001:0000B83C       InitExceptions
 0001:00000320       InitializeCriticalSection
 0001:00005A30       InitializeCriticalSection
 0002:000015BC       initialized
 0001:0000579C       InitializeModule
 0001:0000DA60       InitializeVarUtils
 0001:0000C1BC       InitLeadBytes
 0001:0000B948       InitPlatformId
 0001:000056E4       InitProcessTLS
 0001:0000C260       InitSysLocale
 0001:00014CAC       InitThreadSynchronization
 0001:000056A0       InitThreadTLS
 0001:0003D690       InitThunk_Stage1
 0001:0003D610       InitThunk_Stage2
 0001:0002059C       InitToolHelp
 0001:00003564       InitUnits
 0001:00021D6C       INI_Options
 0002:00001048       Input
 0001:00023710       InputHandler
 0001:00023960       InputHook
 0001:00000FF4       InsertFree
 0001:0001F3D0       InstallPlugins
 0002:00001854       IntConstList
 0001:000002B4       InterlockedDecrement
 0001:0000CA78       InterlockedDecrement
 0001:0000CA84       InterlockedExchange
 0001:0000CA8C       InterlockedExchangeAdd
 0001:000002AC       InterlockedIncrement
 0001:0000CA6C       InterlockedIncrement
 0001:00001F18       InternalClose
 0001:0000215C       InternalFlush
 0001:00000E34       InternalFreeMem
 0001:00003DC0       InternalUniqueString
 0001:00007054       IntToHex
 0001:0000707C       IntToHex
 0001:0000702C       IntToStr
 0001:00006F40       IntToStr
 0002:00001798       InvalidPointer
 0001:00002C70       InvokeImplGetter
 0001:00001B9C       IOResult
 0001:00005A38       IsBadReadPtr
 0002:00001044       IsConsole
 0001:0000BE7C       IsDelimiter
 0001:00008A2C       IsLeapYear
 0002:00001034       IsLibrary
 0002:00001045       IsMultiThread
 0001:0000BE30       IsPathDelimiter
 0001:0001D67C       IsRelative
 0001:0001709C       IsStrBool
 0001:0001BF50       IsTAHookRunning
 0001:0001FD54       IsTAVersion31
 0002:00001915       IsTAVersion31_Cache
 0001:0000C23C       IsWesternGroup
 0001:00018A38       IsWin9x
 0002:00000030       JITEnable
 0002:00001920       KernelHandle
 0002:000018BC       kernellib
 0001:00007680       LastDelimiter
 0001:0000C144       LCIDToCodePage
 0001:000054C0       LCIDToCodePage
 0002:00000124       LeadBytes
 0001:00005A40       LeaveCriticalSection
 0001:00000330       LeaveCriticalSection
 0002:0000003C       LibModuleList
 0001:0003D5E8       LibraryProc
 0002:000018A4       LineNumbers
 0001:0001BC70       ListCheats
 0002:0000174E       ListSeparator
 0001:000152A8       ListsU
 0001:0001817C       LoadAndParseMapFile
 0001:00005A48       LoadLibrary
 0001:00000244       LoadLibraryEx
 0001:00004BA8       LoadResourceModule
 0001:00005468       LoadResString
 0001:0000024C       LoadString
 0001:00005B30       LoadString
 0001:00000300       LocalAlloc
 0001:0000565C       LocalAlloc
 0001:00000308       LocalFree
 0001:00005664       LocalFree
 0001:0000A6F8       LocalGetLocaleStr
 0001:0001C438       log2
 0002:000008A4       logdir
 0001:0001983C       LogError
 0001:00019728       LogException
 0002:000018D8       logFilename
 0001:0001A12C       logging
 0002:00000958       logsave
 0002:000018DC       Log_
 0002:00001690       LongDateFormat
 0002:00001724       LongDayNames
 0002:000016D8       LongMonthNames
 0002:000016A4       LongTimeFormat
 0001:00024478       LOS_AllyPlayer
 0001:000245C8       LOS_extensions
 0001:00023FA8       LOS_GUIText
 0001:00023F0C       LOS_GUIText_SeeCommHealth
 0001:00023F44       LOS_GUIText_Unit_KillsNStuff
 0001:00023ECC       LOS_GUIText_Unit_Resources
 0001:00023CB8       LOS_MiniMapUnits
 0001:00023DF8       LOS_PlayerSeeUnit
 0001:00023BEC       LOS_Radar
 0002:000019DC       LOS_Updates_PTR
 0001:000242FC       LOS_UpdateTables
 0001:00006C00       LowerCase
 0002:00000950       LowerLimit
 0001:00000254       lstrcpyn
 0002:00001820       LVarTypes
 0002:00001824       LVarTypeSync
 0002:0000102C       MainInstance
 0002:00001030       MainThreadID
 0001:000003C4       MakeEmpty
 0001:000036E8       MakeErrorMessage
 0001:00018F14       MakeTempFilename
 0001:0000B470       MapException
 0002:00000854       MapFileName
 0002:000018A8       MapFileSetup
 0001:0000336C       MapToRunError
 0001:00005A50       MapViewOfFile
 0001:00017634       Math
 0001:0001C044       MemMappedDataStructure
 0002:00000044       MemoryManager
 0001:0000045C       MergeBlockAfter
 0001:00001138       MergeCommit
 0001:000001E4       MessageBox
 0001:00005B38       MessageBox
 0001:00005C14       Messages
 0001:000152F8       MMSystem
 0001:00021584       ModsList
 0002:000000AC       Module
 0001:00020890       Module32First
 0001:000208C4       Module32Next
 0001:00020B44       ModuleInfoComparer
 0002:0000165D       ModuleIsCpp
 0002:0000165C       ModuleIsLib
 0001:00014D7C       ModuleUnload
 0002:00000040       ModuleUnloadList
 0002:000000F4       MonthDays
 0001:00001BBC       Move
 0001:0003CFD8       MultiAILimit
 0001:00000264       MultiByteToWideChar
 0002:00001685       NegCurrFormat
 0001:000011C4       NewCommit
 0001:000011F0       NewCommitAt
 0002:00000938       NewUnitLimit
 0001:0000BDDC       NextCharIndex
 0002:00000034       NoErrMsg
 0001:00002F24       NotifyAnyExcept
 0001:00002EF8       NotifyExcept
 0001:00002F58       NotifyExceptFinally
 0001:00004EE4       NotifyModuleUnload
 0001:00002ED4       NotifyNonDelphiException
 0001:00002F10       NotifyOnExcept
 0001:00002EB8       NotifyReRaise
 0001:00002F80       NotifyTerminate
 0001:00002F9C       NotifyUnhandled
 0001:00008DB8       Now
 0002:00000330       NullAsStringValue
 0002:0000032C       NullStrictConvert
 0002:00001A04       nUpClicks
 0002:000018B0       ObjectsToFree
 0001:00016834       OffsetPtr
 0001:00018788       OnFinalize
 0001:0003D558       OnFinalize
 0001:0003C1B0       OnInit
 0001:00018770       OnInitialize
 0001:0003D12C       OnInitialize
 0001:0003CE08       OnInstall
 0001:0003CD00       OnInstall
 0001:00020968       OnInstall
 0001:00020F1C       OnInstall
 0001:000238A0       OnInstall
 0001:00024810       OnInstallBattleRoomScroll
 0001:00020230       OnInstallCobExtensions
 0001:0002449C       OnInstallShareLOS
 0001:000245E4       OnInstallSpeedHack
 0001:00020FB8       OnInstallUnitLimit
 0001:00020F20       OnUnInstall
 0001:0002096C       OnUnInstall
 0001:000238C0       OnUnInstall
 0001:0003CE0C       OnUninstall
 0001:0003CD04       OnUninstall
 0001:00024830       OnUninstallBattleRoomScroll
 0001:00020234       OnUninstallCobExtensions
 0001:000244A8       OnUninstallShareLOS
 0001:000245F0       OnUninstallSpeedHack
 0001:00020FBC       OnUninstallUnitLimit
 0001:0001BFA0       OpenMemMap
 0001:00001E2C       OpenText
 0002:00001794       OutOfMemory
 0002:00001214       Output
 0001:000350FC       OutputInfo
 0001:0001C0AC       PacketBufferU
 0001:0002351C       packet_old
 0001:00001D60       ParamStr
 0001:00017180       ParseParams
 0001:0001E648       PatchNJump
 0001:0003CDA8       PauseHandling
 0001:0003CE00       PauseLock
 0001:00025E74       PlayerDataU
 0002:000019C8       PlayerPtr
 0002:000019E0       PlayerPtr
 0002:000019B4       PlayerPtr
 0001:00024418       Player_SetAlliedState_JumpHook
 0001:00024430       Player_SetAlliedState_RetHook
 0001:00023708       PluginCommandHandlerU
 0002:000019A4       PluginCommands
 0001:0001F738       PluginEngine
 0002:00001904       Plugins
 0001:0003D090       Plugins
 0001:0001122C       PointerInModule
 0002:000018C8       proc
 0002:00001A60       proc
 0002:000018A0       Procedures
 0001:0001431C       PropValueError
 0002:000000A8       PtrToNil
 0001:000173AC       PtrToStr
 0001:0000810C       PutExponent
 0001:000002CC       QueryPerformanceCounter
 0001:000119C0       QuickSort
 0001:0000B40C       RaiseAssertException
 0001:0001387C       RaiseException
 0001:0000019C       RaiseException
 0002:00001014       RaiseExceptionProc
 0001:0000C904       RaiseLastOSError
 0001:00001DC4       Randomize
 0002:00000008       RandSeed
 0001:000142FC       ReadError
 0001:0001D648       ReadError
 0001:000001A4       ReadFile
 0001:00005A58       ReadFile
 0001:000219C0       ReadINISettings
 0001:000023DC       ReadLine
 0001:0002141C       ReadModsIniField
 0001:00005A60       ReadProcessMemory
 0002:00001818       RefAnyProc
 0001:0000026C       RegCloseKey
 0001:00005860       RegCloseKey
 0001:00005868       RegCreateKeyEx
 0001:0001D6A4       RegDataToDataType
 0001:00005870       RegFlushKey
 0002:00001858       RegGroups
 0001:00004F40       RegisterModule
 0001:0001F36C       RegisterPlugin
 0001:0001E318       Registry
 0001:00005878       RegOpenKeyEx
 0001:00000274       RegOpenKeyEx
 0001:00005880       RegQueryValueEx
 0001:0000027C       RegQueryValueEx
 0001:00005888       RegSetValueEx
 0002:00000050       reMap
 0002:00001614       remBytes
 0001:000004E4       RemoveBlock
 0001:000141AC       RemoveFixupReferences
 0001:00014268       RemoveFixups
 0001:00017554       RemoveInvalid
 0001:00004E5C       RemoveModuleUnloadProc
 0001:00004E34       RemoveModuleUnloadProc
 0001:00005A68       ResetEvent
 0001:000245D0       ResetGameSpeedLimits
 0001:00024480       ResetShareLosState
 0001:00001728       ResizeInPlace
 0001:00012248       ReturnAddr
 0001:00011664       ReturnAddr
 0002:00001610       rover
 0001:00010680       RTLConsts
 0001:000001AC       RtlUnwind
 0002:00001018       RTLUnwindProc
 0002:00000074       runErrMsg
 0001:00001AC4       RunErrorAt
 0001:0000D9FC       SafeArrayCreate
 0001:0000DA04       SafeArrayGetLBound
 0001:0000DA0C       SafeArrayGetUBound
 0001:0000DA14       SafeArrayPtrOfIndex
 0001:00006CC0       SameText
 0001:00009B10       ScanBlanks
 0001:00009C9C       ScanChar
 0001:00009E88       ScanDate
 0001:00009B50       ScanNumber
 0001:00009C04       ScanString
 0001:0000A21C       ScanTime
 0001:00009D54       ScanToNumber
 0001:00024A50       ScrollBattleRoomTextWindowDown
 0001:000249EC       ScrollBattleRoomTextWindowUp
 0001:00001224       SearchSmallBlocks
 0001:00018DA4       SelfLocation
 0002:000018CC       SelfLocation_cache
 0001:00010110       SetClearVarToEmptyParam
 0001:000001B4       SetEndOfFile
 0001:00005A70       SetEndOfFile
 0001:00005A78       SetEvent
 0001:000034AC       SetExceptionHandler
 0001:00005A80       SetFilePointer
 0001:000001BC       SetFilePointer
 0001:00001B48       SetInOutRes
 0001:00005A88       SetLastError
 0001:0001F86C       SetLongword
 0001:000100F8       SetVarAsError
 0001:00005B40       SetWindowsHookEx
 0001:0001F850       SetWord
 0002:00000894       ShareFlags
 0002:00000160       ShareMode
 0001:00018808       SHFolder
 0001:000187D0       SHGetFolderPath
 0002:0000168C       ShortDateFormat
 0002:00001708       ShortDayNames
 0002:000016A8       ShortMonthNames
 0002:000016A0       ShortTimeFormat
 0001:0000AE78       ShowException
 0001:000243D4       Signal_AlliedStateChange
 0001:00017488       SimpleCrypt
 0001:0001470C       SkipBinary
 0001:00014740       SkipCollection
 0001:000146E0       SkipList
 0001:0000C8FC       Sleep
 0001:00005A90       Sleep
 0002:0000161C       smallTab
 0002:000015E4       spaceRoot
 0001:000247D0       SpeedHack
 0001:00024710       SpeedState_DecreaseSpeed_Check
 0001:00024748       SpeedState_IncreaseSpeed_Check
 0001:00024778       SpeedState_SetSpeed_Check
 0001:0001E678       SpliceInJump
 0002:00001A18       StartedFrom
 0002:00000954       State_BattleRoomScroll
 0002:00000928       State_COB_extensions
 0002:00000968       State_MultiAILimit
 0002:00000960       State_PauseLock
 0002:00000948       State_SpeedHack
 0002:0000093C       State_UnitLimit
 0001:00024BB0       StatusToStr
 0002:00000964       StopPauseStateChange
 0001:00007B18       StrAlloc
 0001:0000BAA8       StrByteType
 0001:0000BD3C       StrCharLength
 0001:0001369C       StringListCompareStrings
 0001:0000C7A0       StringReplace
 0001:00017920       StripFromString
 0001:00007A14       StrLCopy
 0001:000079D0       StrLen
 0001:00007FB0       StrLFmt
 0001:00007A48       StrLIComp
 0001:000079E8       StrMove
 0001:00007B44       StrNew
 0001:0000BD70       StrNextChar
 0001:00007AC4       StrPos
 0001:00007A8C       StrScan
 0001:0000A438       StrToDate
 0001:0000A530       StrToDateTime
 0001:000087C4       StrToFloat
 0001:000070AC       StrToInt
 0001:000070EC       StrToIntDef
 0001:0000A4B4       StrToTime
 0001:0003CC58       StubCall
 0001:00018B9C       SupportsCompression
 0002:0000184C       SyncEvent
 0001:00017A70       SyncHeaders
 0002:00000430       SyncList
 0001:000154D4       SyncObjs
 0001:00000294       SysAllocStringLen
 0001:00005F5C       SysConst
 0001:0000A5FC       SysErrorMessage
 0001:00001550       SysFreeMem
 0001:000002A4       SysFreeString
 0001:000013A4       SysGetMem
 0001:00005820       SysInit
 0002:00001740       SysLocale
 0001:0000192C       SysReallocMem
 0001:0000029C       SysReAllocStringLen
 0001:00005588       System
 0001:0000D4A8       SysUtils
 0002:0000190C       TAData
 0001:00019380       TADemoConsts
 0002:000018D0       TADemoVersion_cache
 0001:0001FFA4       TAMem.getActualUnitLimit
 0001:0001FF50       TAMem.getGameSpeed
 0001:0001FFD0       TAMem.getIsAlteredUnitLimit
 0001:0001FF78       TAMem.getMaxUnitLimit
 0001:00020024       TAMem.getPlayerIndex
 0001:000200A8       TAMem.GetUnitPtr
 0001:0001FFFC       TAMem.getUnitsPtr
 0001:0001FF28       TAMem.getViewPLayer
 0001:0001FE90       TAMem.IsTAVersion31
 0001:0001FC4C       TAMemManipulations
 0001:0002010C       TAPlayer.GetAlliedState
 0001:00020154       TAPlayer.PlayerType
 0001:0002017C       TAUnit.getKills
 0001:000201D0       TAUnit.GetOwnerIndex
 0001:000201A8       TAUnit.GetOwnerPtr
 0001:00020960       TA_FunctionsU
 0001:00020228       TA_MemoryLocations
 0001:00024808       TA_NetworkingMessages
 0001:0001E7E4       TCodeInjection.Create
 0001:0001E828       TCodeInjection.RestoreProc
 0001:0001ECD0       TCodeInjection_RelativeJmp.Create
 0001:0001ED38       TCodeInjection_RelativeJmp.WriteProc
 0001:0001E968       TCodeInjection_Replacement.WriteProc
 0001:0001EB1C       TCodeInjection_StaticCall.WriteProc
 0001:00025F54       TCommandHandler.Create
 0001:00026318       TCommands.AddCommand
 0001:000261B4       TCommands.AddCommandAlias
 0001:0002610C       TCommands.ClearCommands
 0001:00025FF8       TCommands.Create
 0001:00026064       TCommands.destroy
 0001:000260A8       TCommands.GetCount
 0001:000260D8       TCommands.GetItem
 0001:0002616C       TCommands.LookUpCommand
 0001:00015474       TCriticalSection.Acquire
 0001:000153E4       TCriticalSection.Create
 0001:00015434       TCriticalSection.Destroy
 0001:0001548C       TCriticalSection.Release
 0001:0001C618       TCustomIniFile.Create
 0001:0001CCA4       TCustomIniFile.ReadBinaryStream
 0001:0001C790       TCustomIniFile.ReadBool
 0001:0001C7C4       TCustomIniFile.ReadDate
 0001:0001C880       TCustomIniFile.ReadDateTime
 0001:0001C93C       TCustomIniFile.ReadFloat
 0001:0001C660       TCustomIniFile.ReadInteger
 0001:0001C9F8       TCustomIniFile.ReadTime
 0001:0001CE18       TCustomIniFile.WriteBinaryStream
 0001:0001CC70       TCustomIniFile.WriteBool
 0001:0001CAB4       TCustomIniFile.WriteDate
 0001:0001CB1C       TCustomIniFile.WriteDateTime
 0001:0001CB84       TCustomIniFile.WriteFloat
 0001:0001C72C       TCustomIniFile.WriteInteger
 0001:0001CBF0       TCustomIniFile.WriteTime
 0001:00013EB0       TCustomMemoryStream.Read
 0001:00013F20       TCustomMemoryStream.Seek
 0001:00013E88       TCustomMemoryStream.SetPointer
 0001:000101AC       TCustomVariantType.BinaryOp
 0001:000101B8       TCustomVariantType.Cast
 0001:000101F0       TCustomVariantType.CastTo
 0001:0001027C       TCustomVariantType.CastToOle
 0001:00010238       TCustomVariantType.Compare
 0001:00010244       TCustomVariantType.CompareOp
 0001:000102B8       TCustomVariantType.Destroy
 0001:00010398       TCustomVariantType.DispInvoke
 0001:00010344       TCustomVariantType.IsClear
 0001:00010348       TCustomVariantType.LeftPromotion
 0001:0001035C       TCustomVariantType.OlePromotion
 0001:000103BC       TCustomVariantType.QueryInterface
 0001:00010364       TCustomVariantType.RaiseCastError
 0001:00010374       TCustomVariantType.RaiseDispError
 0001:0001036C       TCustomVariantType.RaiseInvalidOp
 0001:0001037C       TCustomVariantType.RightPromotion
 0001:00010390       TCustomVariantType.UnaryOp
 0001:000103A4       TCustomVariantType._AddRef
 0001:000103B0       TCustomVariantType._Release
 0001:000308DC       TDPlay.AddGroupToGroup
 0001:0002F958       TDPlay.AddPlayerToGroup
 0001:0002932C       TDPlay.ChatMsgHandler
 0001:000277DC       TDPlay.checkForCheats
 0001:00036E78       TDPlay.Close
 0001:00037C88       TDPlay.Create
 0001:000302BC       TDPlay.CreateGroup
 0001:0002FA58       TDPlay.CreateGroup
 0001:00030958       TDPlay.CreateGroupInGroup
 0001:00029F9C       TDPlay.createlogfile
 0001:0002F9D4       TDPlay.CreatePlayer
 0001:00030F68       TDPlay.CreatePlayer
 0001:000309E4       TDPlay.DeleteGroupFromGroup
 0001:0002FAD8       TDPlay.DeletePlayerFromGroup
 0001:0003AB10       TDPlay.Destroy
 0001:0002FB54       TDPlay.DestroyGroup
 0001:0003121C       TDPlay.DestroyPlayer
 0001:00028B34       TDPlay.dobase
 0001:0002FBCC       TDPlay.EnableNewPlayers
 0001:00031638       TDPlay.EnumConnections
 0001:0002FC44       TDPlay.EnumGroupPlayers
 0001:00030344       TDPlay.EnumGroupPlayers
 0001:0002FCC8       TDPlay.EnumGroups
 0001:000303CC       TDPlay.EnumGroups
 0001:00030A60       TDPlay.EnumGroupsInGroup
 0001:00031340       TDPlay.EnumPlayers
 0001:0002FD4C       TDPlay.EnumPlayers
 0001:0002FDD0       TDPlay.EnumSessions
 0001:00031400       TDPlay.EnumSessions
 0001:00036888       TDPlay.ExceptMessage
 0001:0003780C       TDPlay.Exiting
 0001:0002B2C0       TDPlay.facexpshandler
 0001:0002FE58       TDPlay.GetCaps
 0001:00030450       TDPlay.GetCaps
 0001:00032CF0       TDPlay.GetFixFacExps
 0001:00036B18       TDPlay.GetGoodSource
 0001:00030AE8       TDPlay.GetGroupConnectionSettings
 0001:000304CC       TDPlay.GetGroupData
 0001:00030D70       TDPlay.GetGroupFlags
 0001:00030550       TDPlay.GetGroupName
 0001:00030DEC       TDPlay.GetGroupParent
 0001:0002FED0       TDPlay.GetMessageCount
 0001:00030E68       TDPlay.GetPlayerAccount
 0001:00031484       TDPlay.GetPlayerAddress
 0001:0002FF4C       TDPlay.GetPlayerCaps
 0001:000305D0       TDPlay.GetPlayerCaps
 0001:00030650       TDPlay.GetPlayerData
 0001:00030EEC       TDPlay.GetPlayerFlags
 0001:0002FFC8       TDPlay.GetPlayerName
 0001:00031738       TDPlay.GetPlayerName
 0001:00032D24       TDPlay.GetProtectDT
 0001:00027814       TDPlay.GetRandomMap
 0001:00027D74       TDPlay.GetRandomMapEx
 0001:00029248       TDPlay.getRecorderStatusString
 0001:00036C48       TDPlay.GetServerPlayer
 0001:00031548       TDPlay.GetSessionDesc
 0001:0002AF20       TDPlay.Handleunitdata
 0001:00036C8C       TDPlay.ImServer
 0001:00028084       TDPlay.initbuilding
 0001:00028118       TDPlay.initfastbase
 0001:00030050       TDPlay.Initialize
 0001:000316BC       TDPlay.InitializeConnection
 0001:00036160       TDPlay.On3dta
 0001:000357D4       TDPlay.OnAbout
 0001:00034814       TDPlay.OnAutoPause
 0001:00034EE0       TDPlay.OnBase
 0001:00034798       TDPlay.OnBaseOff
 0001:00034A14       TDPlay.OnCmdwarp
 0001:0003561C       TDPlay.OnCrash
 0001:00036408       TDPlay.OnCreatetxt
 0001:00033914       TDPlay.OnDate
 0001:00034F94       TDPlay.OnDoBase
 0001:00032FE4       TDPlay.OnEhaoff
 0001:000330B0       TDPlay.OnEhaOn
 0001:00033248       TDPlay.Onehareport
 0001:00036868       TDPlay.OnException
 0001:00034964       TDPlay.Onf1off
 0001:000366C0       TDPlay.OnFakeWatch
 0001:00035920       TDPlay.OnFixall
 0001:00032E64       TDPlay.OnFixDisabled
 0001:00032F24       TDPlay.OnFixEnabled
 0001:00035988       TDPlay.OnFixFactoryExplosions
 0001:0003674C       TDPlay.OnForceCd
 0001:00033CD4       TDPlay.OnGive
 0001:00035224       TDPlay.OnHelp
 0001:000346A8       TDPlay.OnHookReport
 0001:000364AC       TDPlay.OnLockOn
 0001:00036364       TDPlay.OnOnlyUnits
 0001:00035718       TDPlay.OnPanic
 0001:000333C8       TDPlay.OnPlayers
 0001:00035A70       TDPlay.OnProtectDT
 0001:000365C4       TDPlay.OnRandMap
 0001:00036690       TDPlay.OnRandMapEx
 0001:00035E38       TDPlay.OnRecord
 0001:00036B98       TDPlay.OnRemovePlayer
 0001:00033620       TDPlay.OnReport
 0001:00033758       TDPlay.OnReportMod
 0001:00032D58       TDPlay.OnShareLos
 0001:00035B48       TDPlay.OnSharemapPos
 0001:000354EC       TDPlay.OnStatus
 0001:00033E10       TDPlay.OnStopGive
 0001:00036318       TDPlay.OnStopLog
 0001:00034E84       TDPlay.OnSyncOff
 0001:00034AC4       TDPlay.OnSyncon
 0001:0003317C       TDPlay.OnTaHookOff
 0001:000342AC       TDPlay.OnTake
 0001:00035C80       TDPlay.OnTime
 0001:00033EF4       TDPlay.OnUnits
 0001:00033C08       TDPlay.OnVoteGo
 0001:00033A24       TDPlay.OnVoteReady
 0001:000355C4       TDPlay.OnYankspank
 0001:000300C8       TDPlay.Open
 0001:00036CC4       TDPlay.Open
 0001:0002B64C       TDPlay.PacketHandler
 0001:00029C90       TDPlay.PacketLostHandler
 0001:000321B8       TDPlay.Receive
 0001:00030140       TDPlay.Receive
 0001:00036F28       TDPlay.ResetRecorder
 0001:000301C8       TDPlay.SaveSession
 0001:00030B6C       TDPlay.SecureOpen
 0001:00031D6C       TDPlay.Send
 0001:000271E0       TDPlay.SendAlliedChat
 0001:00026D04       TDPlay.SendChat
 0001:00026E48       TDPlay.SendChatLocal
 0001:00026F78       TDPlay.SendChatLocal2
 0001:00030BF0       TDPlay.SendChatMessage
 0001:00027714       TDPlay.SendClipboard
 0001:0002703C       TDPlay.SendLocal
 0001:0002706C       TDPlay.SendLocal
 0001:00027588       TDPlay.SendRecorderToRecorderMsg
 0001:000272B0       TDPlay.SendRecorderToRecorderMsg2
 0001:0002B54C       TDPlay.SetAutoPauseAtStart
 0001:0002B56C       TDPlay.SetCommanderWarp
 0001:0002B5A8       TDPlay.SetF1Disable
 0001:0002B604       TDPlay.SetFastSpeed
 0001:00030C74       TDPlay.SetGroupConnectionSettings
 0001:000306D4       TDPlay.SetGroupData
 0001:00030758       TDPlay.SetGroupName
 0001:000307D8       TDPlay.SetPlayerData
 0001:0003023C       TDPlay.SetPlayerName
 0001:0003085C       TDPlay.SetPlayerName
 0001:000315C0       TDPlay.SetSessionDesc
 0001:0002B628       TDPlay.SetSlowSpeed
 0001:0002B5E4       TDPlay.SetSpeedLock
 0001:0002ACB4       TDPlay.SmartPak
 0001:00030CF4       TDPlay.StartSession
 0001:00029BC8       TDPlay.UnitCountChange
 0001:00018E74       TempPath
 0002:00000320       TerminateProcList
 0002:00001046       Test8086
 0001:0001F778       TestByte
 0001:0001F740       TestByte
 0001:0001F7C4       TestBytes
 0002:000019CC       TestPlayer
 0002:000019E4       TestPlayer
 0002:000019AC       TestPlayerIndex
 0002:000019B0       TestPlayerPtr
 0001:00001F28       TextClose
 0001:000244B4       TextCommand_View_Hook
 0001:000175FC       textdata
 0001:000196B0       TextFileU
 0001:00001E9C       TextIn
 0001:00001F48       TextOpen
 0001:00001EDC       TextOut
 0001:00008650       TextToFloat
 0001:00013CE0       TFileStream.Create
 0001:00013C90       TFileStream.Create
 0001:00013E40       TFileStream.Destroy
 0001:00015788       TGpHugeFile.AccessFile
 0001:0001662C       TGpHugeFile.AllocBuffer
 0001:00015F9C       TGpHugeFile.BlockWrite
 0001:00016B88       TGpHugeFile.BlockWriteUnsafe
 0001:00015DD8       TGpHugeFile.CheckHandle
 0001:00015D20       TGpHugeFile.Close
 0001:00015618       TGpHugeFile.CreateEx
 0001:000156D0       TGpHugeFile.Destroy
 0001:000164C8       TGpHugeFile.FilePos
 0001:00016EC8       TGpHugeFile.FileSize
 0001:00015E44       TGpHugeFile.FileSizeNoCache
 0001:0001658C       TGpHugeFile.Flush
 0001:00016AC4       TGpHugeFile.FlushBuffer
 0001:00016764       TGpHugeFile.FreeBuffer
 0001:00016F44       TGpHugeFile.InitReadBuffer
 0001:00016F10       TGpHugeFile.InitWriteBuffer
 0001:00016C44       TGpHugeFile.IsOpen
 0001:00016E60       TGpHugeFile.LoadedToTheEOF
 0001:00015A30       TGpHugeFile.ResetEx
 0001:00015BBC       TGpHugeFile.RewriteEx
 0001:00016600       TGpHugeFile.RoundToPageSize
 0001:00016358       TGpHugeFile.Seek
 0001:00016850       TGpHugeFile.Transmit
 0001:000163DC       TGpHugeFile.Truncate
 0001:00016E18       TGpHugeFile.Win32Check
 0001:000160F4       TGpHugeFile._Seek
 0001:00013B4C       THandleStream.Create
 0001:00013B9C       THandleStream.Read
 0001:00013C0C       THandleStream.Seek
 0001:00013C40       THandleStream.SetSize
 0001:00013C60       THandleStream.SetSize
 0001:00013BD4       THandleStream.Write
 0002:00001686       ThousandSeparator
 0002:00001864       ThreadLock
 0001:0003D74C       threadlogging
 0001:00020FB0       Thread_marshaller
 0001:00016C60       ThrowCase1
 0001:00016D58       ThrowCase2
 0002:00001698       TimeAMString
 0001:000152B0       timeBeginPeriod
 0001:000152B8       timeGetDevCaps
 0001:000152C0       timeGetTime
 0002:0000169C       TimePMString
 0002:00001694       TimeSeparator
 0001:00009AD4       TimeToStr
 0001:0001D468       TIniFile.DeleteKey
 0001:0001CF88       TIniFile.Destroy
 0001:0001D40C       TIniFile.EraseSection
 0001:0001D1A0       TIniFile.ReadSection
 0001:0001D094       TIniFile.ReadSections
 0001:0001D2B8       TIniFile.ReadSectionValues
 0001:0001CFC4       TIniFile.ReadString
 0001:0001D4A0       TIniFile.UpdateFile
 0001:0001D024       TIniFile.WriteString
 0001:00005024       TInterfacedObject.AfterConstruction
 0001:00005030       TInterfacedObject.BeforeDestruction
 0001:00005040       TInterfacedObject.NewInstance
 0001:00005050       TInterfacedObject.QueryInterface
 0001:00005078       TInterfacedObject._AddRef
 0001:0000508C       TInterfacedObject._Release
 0001:00020928       TlHelp32
 0001:00011558       TList.Add
 0001:000115B0       TList.Clear
 0001:000115D0       TList.Delete
 0001:0001152C       TList.Destroy
 0001:000116AC       TList.Error
 0001:0001166C       TList.Error
 0001:00011ACC       TList.Extract
 0001:0001170C       TList.Get
 0001:00011754       TList.Grow
 0001:000117AC       TList.IndexOf
 0001:00011B28       TList.Notify
 0001:000117F8       TList.Put
 0001:00011888       TList.Remove
 0001:000118BC       TList.SetCapacity
 0001:00011918       TList.SetCount
 0001:00011A90       TList.Sort
 0001:0003AE50       TLobby.Connect
 0001:0003C034       TLobby.Create
 0001:0003B000       TLobby.CreateAddress
 0001:0003BF7C       TLobby.CreateCompoundAddress
 0001:0003B0B4       TLobby.EnumAddress
 0001:0003B160       TLobby.EnumAddressTypes
 0001:0003B210       TLobby.EnumLocalApplications
 0001:0003B2C0       TLobby.GetConnectionSettings
 0001:0003B370       TLobby.ReceiveLobbyMessage
 0001:0003B538       TLobby.RunApplication
 0001:0003BCA4       TLobby.SendLobbyMessage
 0001:0003BE1C       TLobby.SetConnectionSettings
 0001:0003BECC       TLobby.SetLobbyMessageEvent
 0001:00019EF8       TLog.Add
 0001:00019E74       TLog.Add
 0001:0001A06C       TLog.Add
 0001:00019D5C       TLog.Add2
 0001:00019990       TLog.Create
 0001:00019C88       TLog.Destroy
 0001:00019D30       TLog.Flush
 0001:0001C210       TLog2.Add
 0001:0001C118       TLog2.Create
 0001:0001C3CC       TLog2.Destroy
 0001:0001C1E8       TLog2.Flush
 0001:0000566C       TlsAlloc
 0002:0000166C       tlsBuffer
 0001:00005674       TlsFree
 0001:0000567C       TlsGetValue
 0002:000000A4       TlsIndex
 0002:FF8C100C       TlsLast
 0002:000000C4       TlsProc
 0001:00005684       TlsSetValue
 0001:00013FB4       TMemoryStream.Clear
 0001:00013F78       TMemoryStream.Destroy
 0001:00014054       TMemoryStream.Realloc
 0001:00013FD8       TMemoryStream.SetCapacity
 0001:0001400C       TMemoryStream.SetSize
 0001:0001411C       TMemoryStream.Write
 0001:00020A64       TModuleInfo.Create
 0001:0000CF28       TMultiReadExclusiveWriteSynchronizer.BeginRead
 0001:0000CDE0       TMultiReadExclusiveWriteSynchronizer.BeginWrite
 0001:0000CD58       TMultiReadExclusiveWriteSynchronizer.BlockReaders
 0001:0000CC6C       TMultiReadExclusiveWriteSynchronizer.Create
 0001:0000CCFC       TMultiReadExclusiveWriteSynchronizer.Destroy
 0001:0000CFB0       TMultiReadExclusiveWriteSynchronizer.EndRead
 0001:0000CEBC       TMultiReadExclusiveWriteSynchronizer.EndWrite
 0001:0000CD88       TMultiReadExclusiveWriteSynchronizer.UnblockOneWriter
 0001:0000CD70       TMultiReadExclusiveWriteSynchronizer.UnblockReaders
 0001:0000CDA0       TMultiReadExclusiveWriteSynchronizer.WaitForReadSignal
 0001:0000CDC0       TMultiReadExclusiveWriteSynchronizer.WaitForWriteSignal
 0001:00002E10       TObject.AfterConstruction
 0001:00002E14       TObject.BeforeDestruction
 0001:00002B64       TObject.ClassName
 0001:00002B78       TObject.ClassParent
 0001:00002B58       TObject.ClassType
 0001:00002C50       TObject.CleanupInstance
 0001:00002BBC       TObject.Create
 0001:00002E0C       TObject.DefaultHandler
 0001:00002BDC       TObject.Destroy
 0001:00002E18       TObject.Dispatch
 0001:00002BEC       TObject.Free
 0001:00002BA0       TObject.FreeInstance
 0001:00002CA0       TObject.GetInterface
 0001:00002D40       TObject.GetInterfaceEntry
 0001:00002DF0       TObject.InheritsFrom
 0001:00002BF8       TObject.InitInstance
 0001:00002BB4       TObject.InstanceSize
 0001:00002B84       TObject.NewInstance
 0001:00002E04       TObject.SafeCallException
 0001:000176A4       TObjectList.Add
 0001:000176C8       TObjectList.Create
 0001:00017718       TObjectList.Extract
 0001:0001773C       TObjectList.GetItem
 0001:00017760       TObjectList.Notify
 0001:000049D0       ToLongPath
 0001:00022F5C       TPacket.Compress
 0001:00021DDC       TPacket.Create
 0001:00022AA0       TPacket.Decompress
 0001:00022830       TPacket.Decrypt
 0001:00022978       TPacket.Encrypt
 0001:00021F54       TPacket.GetRawData2
 0001:00021F90       TPacket.GetTAData
 0001:00021F18       TPacket.GetTimestamp
 0001:00021FF4       TPacket.PacketLength
 0001:00021E88       TPacket.SJCreateNew
 0001:000224C0       TPacket.Split2
 0001:00011C9C       TPersistent.Assign
 0001:00011CC8       TPersistent.AssignError
 0001:00011DA0       TPersistent.AssignTo
 0001:00011DBC       TPersistent.DefineProperties
 0001:00011C60       TPersistent.Destroy
 0001:00011DCC       TPersistent.GetNamePath
 0001:00011E84       TPersistent.GetOwner
 0001:00024C40       TPlayerData.Create
 0001:00024D8C       TPlayerData.IsSelf
 0001:00024E20       TPlayerData.IsServer
 0001:00024D14       TPlayerData.OnPlayerRemoved
 0001:0002519C       TPlayers.Add
 0001:000250AC       TPlayers.Clear
 0001:00025B58       TPlayers.Convert
 0001:00025CD4       TPlayers.ConvertId
 0001:00024EBC       TPlayers.Create
 0001:00025050       TPlayers.Destroy
 0001:0002573C       TPlayers.getCount
 0001:00025958       TPlayers.GetData_
 0001:000257FC       TPlayers.Name
 0001:00025758       TPlayers.Name
 0001:000251F0       TPlayers.Remove
 0001:00025700       TPlayers.Remove
 0001:00023630       TPluginCommands.ClearCommands
 0001:00023580       TPluginCommands.Create
 0001:000235EC       TPluginCommands.destroy
 0001:00023690       TPluginCommands.LookUpCommand
 0001:0001EF94       TPluginData.create
 0001:0001F100       TPluginData.MakeNOPReplacement
 0001:0001F038       TPluginData.MakeRelativeJmp
 0001:0001F1A4       TPluginData.MakeReplacement
 0001:0001F0AC       TPluginData.MakeStaticCall
 0001:0001F25C       TPluginData.NewCodeInjection
 0001:0000AA0C       TranslateDateFormat
 0001:0000E5BC       TranslateResult
 0001:0001432C       TReader.CheckValue
 0001:0001435C       TReader.EndOfList
 0001:00014380       TReader.NextValue
 0001:000143A4       TReader.Read
 0001:000143F0       TReader.ReadBuffer
 0001:00014444       TReader.ReadListBegin
 0001:00014458       TReader.ReadListEnd
 0001:0001446C       TReader.ReadStr
 0001:000144B4       TReader.ReadString
 0001:00014670       TReader.ReadValue
 0001:00014578       TReader.ReadWideString
 0001:000149A0       TReader.SkipBytes
 0001:00014950       TReader.SkipProperty
 0001:00014690       TReader.SkipSetBody
 0001:000147B4       TReader.SkipValue
 0001:00011150       TRegGroup.Create
 0001:000111D8       TRegGroup.Destroy
 0001:0001125C       TRegGroup.UnregisterModuleClasses
 0001:00011338       TRegGroups.Create
 0001:000113C4       TRegGroups.Destroy
 0001:00011440       TRegGroups.Lock
 0001:00011458       TRegGroups.Unlock
 0001:00011470       TRegGroups.UnregisterModuleClasses
 0001:0001DE54       TRegIniFile.Create
 0001:0001DEA0       TRegIniFile.Create
 0001:0001E284       TRegIniFile.ReadBool
 0001:0001E084       TRegIniFile.ReadInteger
 0001:0001DF04       TRegIniFile.ReadString
 0001:0001E190       TRegIniFile.WriteInteger
 0001:0001DFD4       TRegIniFile.WriteString
 0001:0001D8AC       TRegistry.ChangeKey
 0001:0001D81C       TRegistry.CloseKey
 0001:0001D738       TRegistry.Create
 0001:0001D790       TRegistry.Create
 0001:0001D934       TRegistry.CreateKey
 0001:0001D7E0       TRegistry.Destroy
 0001:0001D8E0       TRegistry.GetBaseKey
 0001:0001DD10       TRegistry.GetData
 0001:0001DB50       TRegistry.GetDataInfo
 0001:0001DBAC       TRegistry.GetDataSize
 0001:0001DDB4       TRegistry.GetKey
 0001:0001DA18       TRegistry.OpenKey
 0001:0001DCA0       TRegistry.PutData
 0001:0001DC14       TRegistry.ReadString
 0001:0001D918       TRegistry.SetCurrentKey
 0001:0001D864       TRegistry.SetRootKey
 0001:0001DD90       TRegistry.ValueExists
 0001:0001DBE0       TRegistry.WriteString
 0001:00006E30       Trim
 0001:00006EA4       TrimLeft
 0002:00001788       TrueBoolStrs
 0001:00008A70       TryEncodeDate
 0001:00008908       TryEncodeTime
 0001:0000125C       TryHarder
 0001:00002334       TryOpenForInput
 0001:000025D8       TryOpenForOutput
 0001:0000722C       TryStrToBool
 0001:0000889C       TryStrToCurr
 0001:0000A470       TryStrToDate
 0001:0000A568       TryStrToDateTime
 0001:00008864       TryStrToFloat
 0001:00008804       TryStrToFloat
 0001:0000882C       TryStrToFloat
 0001:0000711C       TryStrToInt
 0001:0000A4EC       TryStrToTime
 0001:00013A54       TStream.CopyFrom
 0001:00013784       TStream.GetPosition
 0001:000137C8       TStream.GetSize
 0001:000139C4       TStream.ReadBuffer
 0001:00013954       TStream.Seek
 0001:000138C8       TStream.Seek
 0001:000137AC       TStream.SetPosition
 0001:00013824       TStream.SetSize
 0001:00013814       TStream.SetSize
 0001:00013A0C       TStream.WriteBuffer
 0001:00012E5C       TStringList.Add
 0001:00012E84       TStringList.AddObject
 0001:00012EFC       TStringList.Changed
 0001:00012F28       TStringList.Changing
 0001:00012F54       TStringList.Clear
 0001:00013744       TStringList.CompareStrings
 0001:000136F4       TStringList.CustomSort
 0001:00012FA8       TStringList.Delete
 0001:00012DE0       TStringList.Destroy
 0001:00013048       TStringList.Exchange
 0001:000130C4       TStringList.ExchangeItems
 0001:00013130       TStringList.Find
 0001:000131C8       TStringList.Get
 0001:00013214       TStringList.GetCapacity
 0001:00013230       TStringList.GetCount
 0001:0001324C       TStringList.GetObject
 0001:00013294       TStringList.Grow
 0001:000132EC       TStringList.IndexOf
 0001:00013338       TStringList.Insert
 0001:000133C8       TStringList.InsertItem
 0001:00013360       TStringList.InsertObject
 0001:00013470       TStringList.Put
 0001:000134E8       TStringList.PutObject
 0001:00013544       TStringList.QuickSort
 0001:00013608       TStringList.SetCapacity
 0001:00013634       TStringList.SetSorted
 0001:0001366C       TStringList.SetUpdateState
 0001:000136D8       TStringList.Sort
 0001:00014FD0       TStringQueue.Clear
 0001:00014F60       TStringQueue.Create
 0001:00015188       TStringQueue.DeQueue
 0001:00015104       TStringQueue.EnQueue
 0001:00015230       TStringQueue.Examine
 0001:00014FF4       TStringQueue.Grow
 0001:00011ED8       TStrings.Add
 0001:00011F08       TStrings.AddObject
 0001:00011F3C       TStrings.AddStrings
 0001:00011FFC       TStrings.Assign
 0001:000120A0       TStrings.BeginUpdate
 0001:00012D5C       TStrings.CompareStrings
 0001:00012124       TStrings.DefineProperties
 0001:00011E9C       TStrings.Destroy
 0001:00012170       TStrings.EndUpdate
 0001:00012194       TStrings.Equals
 0001:00012250       TStrings.Error
 0001:00012290       TStrings.Error
 0001:000122F0       TStrings.Exchange
 0001:000123DC       TStrings.GetCapacity
 0001:00012D80       TStrings.GetNameValueSeparator
 0001:000123F8       TStrings.GetObject
 0001:00012410       TStrings.GetText
 0001:0001246C       TStrings.GetTextStr
 0001:000125B4       TStrings.IndexOf
 0001:00012640       TStrings.IndexOfName
 0001:0001271C       TStrings.IndexOfObject
 0001:00012768       TStrings.InsertObject
 0001:0001279C       TStrings.LoadFromFile
 0001:000127F8       TStrings.LoadFromStream
 0001:000128AC       TStrings.Move
 0001:00012968       TStrings.Put
 0001:000129A8       TStrings.PutObject
 0001:000129BC       TStrings.ReadData
 0001:00012A6C       TStrings.SaveToFile
 0001:00012ACC       TStrings.SaveToStream
 0001:00012B2C       TStrings.SetCapacity
 0001:00012DAC       TStrings.SetNameValueSeparator
 0001:00012B3C       TStrings.SetStringsAdapter
 0001:00012B88       TStrings.SetText
 0001:00012BE0       TStrings.SetTextStr
 0001:00012CC0       TStrings.SetUpdateState
 0001:00012CD0       TStrings.WriteData
 0001:000153CC       TSynchroObject.Acquire
 0001:000153D8       TSynchroObject.Release
 0001:000193E0       TTextFile.Create_Append
 0001:000194B8       TTextFile.Create_Rewrite
 0001:00019578       TTextFile.Destroy
 0001:000195B4       TTextFile.Flush
 0001:000195DC       TTextFile.Writeln
 0001:00011B3C       TThreadList.Create
 0001:00011BA4       TThreadList.Destroy
 0001:00011C20       TThreadList.LockList
 0001:00011C48       TThreadList.UnlockList
 0001:0000CBE4       TThreadLocalCounter.Delete
 0001:0000CA94       TThreadLocalCounter.Destroy
 0001:0000CB10       TThreadLocalCounter.HashIndex
 0001:0000CB34       TThreadLocalCounter.Open
 0001:0000CC08       TThreadLocalCounter.Recycle
 0002:000000F0       TwoDigitYearCenturyWindow
 0001:000149FC       TWriter.Write
 0001:00014A48       TWriter.WriteBuffer
 0001:00014A74       TWriter.WriteListBegin
 0001:00014A88       TWriter.WriteListEnd
 0001:00014A9C       TWriter.WriteMinStr
 0001:00014B4C       TWriter.WriteString
 0001:00014BA8       TWriter.WriteValue
 0001:00005858       Types
 0001:00010704       TypInfo
 0001:00018768       uDebug
[...]
    47 0001:000353AB    48 0001:000353B8    43 0001:000353BB    49 0001:000353C0
    52 0001:000353CD    55 0001:000353DB    56 0001:00035414    59 0001:000354EC
    60 0001:00035515    61 0001:00035519    62 0001:00035559    69 0001:00035588
    72 0001:000355C4    73 0001:000355D3    74 0001:000355D7    75 0001:000355E9
    95 0001:0003561C    96 0001:0003562B    97 0001:0003562F    99 0001:0003563B
   100 0001:0003564A   102 0001:00035659   106 0001:00035665   107 0001:00035674
   109 0001:00035681   112 0001:00035718   113 0001:0003573B   114 0001:0003573F
   115 0001:00035779   116 0001:000357A3   119 0001:000357D4   120 0001:000357FA
   121 0001:000357FE   122 0001:00035823   123 0001:00035832   124 0001:00035841
   125 0001:00035875   128 0001:00035920   129 0001:0003592F   130 0001:00035933
   132 0001:0003593F   133 0001:00035949   136 0001:00035953   138 0001:00035965
   141 0001:00035988   142 0001:00035997   143 0001:0003599B   145 0001:000359A7
   146 0001:000359B6   148 0001:000359B8   150 0001:000359C4   151 0001:000359CE
   155 0001:000359DF   156 0001:000359E9   158 0001:000359FB   161 0001:00035A70
   162 0001:00035A7F   163 0001:00035A83   165 0001:00035A8F   166 0001:00035A9E
   168 0001:00035AA0   170 0001:00035AAC   171 0001:00035AB6   175 0001:00035AC7
   176 0001:00035AD1   178 0001:00035AE3   182 0001:00035B48   183 0001:00035B57
   184 0001:00035B5B   185 0001:00035B68   186 0001:00035B71   187 0001:00035B7A
   189 0001:00035B91   190 0001:00035B98   192 0001:00035B9F   193 0001:00035BBF
   194 0001:00035BDF   190 0001:00035BE2   195 0001:00035BE8   196 0001:00035BFB
   200 0001:00035C0A   201 0001:00035C11   203 0001:00035C21   209 0001:00035C80
   210 0001:00035CA9   211 0001:00035CAD   212 0001:00035CBC   214 0001:00035CDC
   215 0001:00035D10   216 0001:00035D1B   217 0001:00035D2B   219 0001:00035D97
   212 0001:00035D9A   221 0001:00035DD0   337 0001:00035E38   338 0001:00035E64
   339 0001:00035E68   341 0001:00035E75   342 0001:00035E81   344 0001:00035E9E
   346 0001:00035EA9   347 0001:00035ED8   348 0001:00035F18   349 0001:00035F2A
   351 0001:00035F4C   353 0001:00035F5B   354 0001:00035F6B   358 0001:00035F9D
   360 0001:00035FAA   361 0001:00035FB6   363 0001:00035FD3   365 0001:00035FDE
   366 0001:00035FFB   367 0001:0003603B   369 0001:00036044   370 0001:00036060
   373 0001:00036068   375 0001:00036071   376 0001:00036078   377 0001:00036086
   380 0001:000360CB   414 0001:00036160   415 0001:00036183   416 0001:00036187
   418 0001:0003619C   419 0001:000361A5   421 0001:000361B6   423 0001:000361C7
   425 0001:000361E3   427 0001:000361E9   428 0001:000361F0   432 0001:00036201
   433 0001:00036208   437 0001:00036219   438 0001:00036246   441 0001:00036318
   442 0001:00036327   443 0001:0003632B   445 0001:00036332   446 0001:00036344
   449 0001:00036364   450 0001:00036373   451 0001:00036377   453 0001:00036383
   454 0001:0003638D   458 0001:0003639E   459 0001:000363A8   461 0001:000363BA
   464 0001:00036408   465 0001:00036417   466 0001:0003641B   468 0001:00036424
   469 0001:0003642B   473 0001:0003643C   474 0001:00036443   476 0001:00036455
   482 0001:000364AC   483 0001:000364D5   484 0001:000364D9   485 0001:000364E6
   486 0001:000364F3   488 0001:00036510   489 0001:00036528   490 0001:00036546
   491 0001:0003656F   489 0001:0003658B   493 0001:000365BD   498 0001:000365C4
   499 0001:000365EA   500 0001:000365EE   501 0001:000365FA   503 0001:00036609
   505 0001:00036616   506 0001:00036622   508 0001:0003662F   509 0001:00036673
   512 0001:00036690   513 0001:0003669F   514 0001:000366A3   515 0001:000366BA
   518 0001:000366C0   519 0001:000366CF   520 0001:000366D3   522 0001:000366DC
   523 0001:000366E3   527 0001:000366F4   528 0001:000366FB   530 0001:0003670D
   533 0001:0003674C   534 0001:00036772   535 0001:00036776   536 0001:00036780
   537 0001:0003678E   538 0001:00036797   540 0001:000367C9   541 0001:0003681E

Line numbers for idplay(idplay.pas) segment .text

  3250 0001:00036868  3251 0001:00036874  3252 0001:0003687C  3276 0001:00036883
  3279 0001:00036888  3281 0001:000368A4  3283 0001:000368B7  3285 0001:000368E7
  3286 0001:000368F6  3287 0001:00036905  3288 0001:00036914  3289 0001:00036923
  3290 0001:00036932  3291 0001:0003695E  3298 0001:00036B18  3299 0001:00036B21
  3300 0001:00036B26  3301 0001:00036B2D  3302 0001:00036B4B  3304 0001:00036B64
  3305 0001:00036B7B  3306 0001:00036B81  3301 0001:00036B84  3307 0001:00036B89
  3308 0001:00036B92  3313 0001:00036B98  3314 0001:00036BA4  3315 0001:00036BB2
  3316 0001:00036BBD  3328 0001:00036BC4  3329 0001:00036BCA  3330 0001:00036BD1
  3332 0001:00036BD7  3333 0001:00036BE6  3334 0001:00036BED  3336 0001:00036C03
  3338 0001:00036C0E  3339 0001:00036C26  3340 0001:00036C2C  3341 0001:00036C38
  3345 0001:00036C40  3355 0001:00036C48  3356 0001:00036C51  3357 0001:00036C5D
  3358 0001:00036C77  3359 0001:00036C86  3362 0001:00036C8C  3363 0001:00036C96
  3364 0001:00036CBC  3369 0001:00036CC4  3370 0001:00036CE0  3371 0001:00036CEE
  3372 0001:00036CF8  3373 0001:00036D06  3376 0001:00036D3C  3377 0001:00036D4E
  3378 0001:00036D65  3380 0001:00036D6B  3383 0001:00036D75  3384 0001:00036D7E
  3387 0001:00036DB8  3390 0001:00036DE6  3392 0001:00036DE9  3395 0001:00036E2E
  3400 0001:00036E78  3401 0001:00036E81  3402 0001:00036E8F  3403 0001:00036E99
  3409 0001:00036EA7  3410 0001:00036EAF  3412 0001:00036ECB  3415 0001:00036EF9
  3417 0001:00036EFC  3420 0001:00036F1F  3425 0001:00036F28  3426 0001:00036F4C
  3427 0001:00036F56  3428 0001:00036F64  3429 0001:00036F78  3433 0001:00036F86
  3435 0001:00036F8F  3436 0001:00036FA0  3437 0001:00036FAF  3439 0001:00036FBA
  3440 0001:00036FCC  3441 0001:00036FD3  3442 0001:00036FDC  3443 0001:00036FE5
  3445 0001:00036FF7  3446 0001:00037002  3447 0001:00037015  3449 0001:0003701C
  3451 0001:00037023  3452 0001:0003702D  3454 0001:0003704C  3455 0001:00037069
  3456 0001:00037086  3457 0001:000370A0  3459 0001:000370BA  3460 0001:000370C4
  3461 0001:000370DE  3462 0001:000370F8  3463 0001:00037112  3464 0001:0003712E
  3465 0001:0003714B  3466 0001:0003717C  3467 0001:000371AF  3468 0001:000371CD
  3470 0001:000371ED  3471 0001:000371FD  3472 0001:0003720B  3474 0001:00037215
  3475 0001:00037220  3477 0001:00037263  3479 0001:00037273  3481 0001:0003729C
  3482 0001:0003729F  3484 0001:000372B1  3486 0001:000372C1  3487 0001:000372D9
  3489 0001:000372E9  3490 0001:0003730F  3491 0001:0003731D  3493 0001:00037346
  3494 0001:00037349  3496 0001:0003735B  3497 0001:00037367  3501 0001:00037383
  3502 0001:00037392  3504 0001:000373AD  3505 0001:000373B8  3506 0001:000373DA
  3508 0001:000373FF  3509 0001:0003741A  3510 0001:00037425  3511 0001:00037447
  3513 0001:0003746A  3514 0001:00037474  3515 0001:0003747E  3516 0001:00037488
  3518 0001:0003748F  3519 0001:00037498  3521 0001:000374A1  3523 0001:000374AB
  3524 0001:000374B5  3526 0001:000374BF  3527 0001:000374C6  3528 0001:000374D1
  3530 0001:000374DE  3531 0001:000374E3  3533 0001:000374E8  3534 0001:000374EF
  3535 0001:000374F6  3536 0001:00037501  3538 0001:0003750E  3539 0001:00037519
  3540 0001:00037523  3541 0001:00037534  3543 0001:0003753D  3544 0001:00037548
  3545 0001:00037555  3547 0001:0003755D  3549 0001:0003756A  3550 0001:00037571
  3552 0001:00037578  3553 0001:00037586  3554 0001:00037594  3556 0001:000375A2
  3558 0001:000375C3  3561 0001:000375E0  3563 0001:00037615  3570 0001:0003780C
  3571 0001:0003782F  3572 0001:00037839  3573 0001:00037847  3575 0001:00037850
  3576 0001:00037864  3579 0001:0003786E  3580 0001:00037884  3581 0001:0003788E
  3582 0001:00037898  3584 0001:000378A6  3585 0001:000378BA  3586 0001:000378C8
  3588 0001:000378EF  3592 0001:000378FF  3594 0001:00037908  3595 0001:0003791C
  3598 0001:00037926  3600 0001:0003794D  3602 0001:0003796E  3603 0001:00037983
  3604 0001:00037991  3605 0001:000379C2  3606 0001:000379CF  3607 0001:000379EB
  3606 0001:00037A0A  3608 0001:00037A0F  3609 0001:00037A30  3610 0001:00037A5A
  3611 0001:00037A89  3614 0001:00037A96  3616 0001:00037AB4  3618 0001:00037AC4
  3621 0001:00037ACF  3623 0001:00037AD9  3624 0001:00037AE2  3634 0001:00037B0C
  3636 0001:00037B0F  3640 0001:00037B35  3641 0001:00037B3C  3643 0001:00037B71
  3646 0001:00037C88  3647 0001:00037CB9  3648 0001:00037CC3  3655 0001:00037CD5
  3656 0001:00037CE3  3659 0001:00037D00  3661 0001:00037D10  3662 0001:00037D2A
  3663 0001:00037D44  3664 0001:00037D59

Line numbers for idplay(AddCommands.inc) segment .text

    17 0001:00037D89    21 0001:00037DBA    28 0001:00037DEB    32 0001:00037E1C
    35 0001:00037E4D    38 0001:00037E7E    41 0001:00037EAF    44 0001:00037EE0
    47 0001:00037F11    50 0001:00037F42    53 0001:00037F73    56 0001:00037FA4
    59 0001:00037FD8    62 0001:0003800C    65 0001:0003803D    68 0001:0003806E
    71 0001:0003809F    74 0001:000380D0    78 0001:00038101    82 0001:00038132
    85 0001:0003814A    91 0001:0003817B    94 0001:000381AC    97 0001:000381DD
   100 0001:0003820E   105 0001:0003823F   108 0001:00038273   111 0001:000382A4
   116 0001:000382D8   122 0001:00038309   130 0001:0003833D   133 0001:0003836E
   137 0001:0003839F   141 0001:000383D0   144 0001:00038401   149 0001:00038432
   152 0001:00038463   155 0001:00038494   158 0001:000384C5   161 0001:000384F6
   165 0001:0003852A   168 0001:0003855E   171 0001:00038592   174 0001:000385C3
   178 0001:000385F4   182 0001:00038625   185 0001:00038656   188 0001:00038687
   192 0001:000386BB   195 0001:000386EC   199 0001:0003871D

Line numbers for idplay(idplay.pas) segment .text

  3671 0001:0003874E  3672 0001:0003878E  3675 0001:0003AB10  3676 0001:0003AB21
  3677 0001:0003AB2B  3678 0001:0003AB36  3687 0001:0003AB3E  3688 0001:0003AB4A
  3689 0001:0003AB57  3690 0001:0003AB65  3691 0001:0003AB72  3692 0001:0003AB7F
  3693 0001:0003AB8C  3694 0001:0003AB96  3695 0001:0003AB9B  3696 0001:0003ABA6
  3697 0001:0003ABC2  3699 0001:0003AC04  3699 0001:0003AC0B

Line numbers for DPLobbyWrapper(DPLobbyWrapper.pas) segment .text

    47 0001:0003AC0C    63 0001:0003AE50    64 0001:0003AE77    65 0001:0003AE85
    66 0001:0003AEA0    67 0001:0003AEB4    68 0001:0003AECC    69 0001:0003AED6
    70 0001:0003AEED    71 0001:0003AEFF    74 0001:0003AF1A    76 0001:0003AF37
    78 0001:0003AF61    80 0001:0003AF64    81 0001:0003AF6C    82 0001:0003AF74
    85 0001:0003AFAE    89 0001:0003B000    90 0001:0003B009    91 0001:0003B017
    92 0001:0003B03E    93 0001:0003B052    95 0001:0003B077    97 0001:0003B07A
    98 0001:0003B082   101 0001:0003B08F   105 0001:0003B0B4   106 0001:0003B0BD
   107 0001:0003B0CB   108 0001:0003B0EA   109 0001:0003B0FE   111 0001:0003B123
   113 0001:0003B126   114 0001:0003B12E   117 0001:0003B13B   122 0001:0003B160
   123 0001:0003B169   124 0001:0003B177   125 0001:0003B196   126 0001:0003B1AA
   128 0001:0003B1CF   130 0001:0003B1D2   131 0001:0003B1DA   134 0001:0003B1E7
   139 0001:0003B210   140 0001:0003B219   141 0001:0003B227   142 0001:0003B242
   143 0001:0003B256   145 0001:0003B27B   147 0001:0003B27E   148 0001:0003B286
   151 0001:0003B293   155 0001:0003B2C0   156 0001:0003B2C9   157 0001:0003B2D7
   158 0001:0003B2F2   159 0001:0003B306   161 0001:0003B32B   163 0001:0003B32E
   164 0001:0003B336   167 0001:0003B343   172 0001:0003B370   173 0001:0003B379
   174 0001:0003B387   176 0001:0003B3AA   177 0001:0003B3BE   179 0001:0003B3C4
   180 0001:0003B3DC   181 0001:0003B3F6   182 0001:0003B40E   186 0001:0003B42A
   187 0001:0003B43E   189 0001:0003B463   191 0001:0003B466   192 0001:0003B46E
   195 0001:0003B47B   199 0001:0003B538   200 0001:0003B556   201 0001:0003B564
   202 0001:0003B583   203 0001:0003B597   204 0001:0003B5AF   205 0001:0003B5C9
   207 0001:0003B5E4   208 0001:0003B602   209 0001:0003B620   210 0001:0003B63E
   211 0001:0003B65C   212 0001:0003B67A   213 0001:0003B6AD   214 0001:0003B6CB
   215 0001:0003B6E9   216 0001:0003B707   218 0001:0003B725   219 0001:0003B758
   221 0001:0003B78B   222 0001:0003B7A6   223 0001:0003B7C1   225 0001:0003B7DC
   226 0001:0003B7F4   228 0001:0003B819   230 0001:0003B81C   231 0001:0003B824
   234 0001:0003B853   238 0001:0003BCA4   239 0001:0003BCAD   240 0001:0003BCBB
   241 0001:0003BCDA   242 0001:0003BCEE   244 0001:0003BCF4   245 0001:0003BD0C
   246 0001:0003BD24   250 0001:0003BD3E   251 0001:0003BD52   253 0001:0003BD77
   255 0001:0003BD7A   256 0001:0003BD82   259 0001:0003BD8F   263 0001:0003BE1C
   264 0001:0003BE25   265 0001:0003BE33   266 0001:0003BE4E   267 0001:0003BE62
   269 0001:0003BE87   271 0001:0003BE8A   272 0001:0003BE92   275 0001:0003BE9F
   279 0001:0003BECC   280 0001:0003BED5   281 0001:0003BEE3   282 0001:0003BEFE
   283 0001:0003BF12   285 0001:0003BF37   287 0001:0003BF3A   288 0001:0003BF42
   291 0001:0003BF4F   298 0001:0003BF7C   299 0001:0003BF85   300 0001:0003BF93
   301 0001:0003BFB2   302 0001:0003BFC6   304 0001:0003BFEB   306 0001:0003BFEE
   307 0001:0003BFF6   310 0001:0003C003   315 0001:0003C034   316 0001:0003C068
   317 0001:0003C076   318 0001:0003C080   319 0001:0003C08E   321 0001:0003C0AB
   322 0001:0003C0BF   324 0001:0003C0E4   326 0001:0003C0E7   327 0001:0003C0EF
   330 0001:0003C131   332 0001:0003C180   332 0001:0003C187

Line numbers for Dplayx_exports(Dplayx_exports.pas) segment .text

   117 0001:0003C188   118 0001:0003C18C   119 0001:0003C1AA   122 0001:0003C1B0
   133 0001:0003C1B4   135 0001:0003C1BD   136 0001:0003C1C6   137 0001:0003C1CE
   138 0001:0003C1D7   140 0001:0003C1ED   141 0001:0003C1F4   148 0001:0003C220
   149 0001:0003C229   150 0001:0003C243   151 0001:0003C251   152 0001:0003C25A
   153 0001:0003C26F   154 0001:0003C278   156 0001:0003C289   157 0001:0003C29D
   159 0001:0003C2C2   161 0001:0003C2C5   162 0001:0003C2CD   165 0001:0003C2DA
   171 0001:0003C318   172 0001:0003C321   173 0001:0003C33B   174 0001:0003C349
   175 0001:0003C352   176 0001:0003C367   177 0001:0003C370   179 0001:0003C381
   180 0001:0003C395   182 0001:0003C3BA   184 0001:0003C3BD   185 0001:0003C3C5
   188 0001:0003C3D2   195 0001:0003C418   196 0001:0003C421   197 0001:0003C43B
   198 0001:0003C449   199 0001:0003C452   200 0001:0003C467   201 0001:0003C470
   203 0001:0003C481   204 0001:0003C495   206 0001:0003C4BA   208 0001:0003C4BD
   209 0001:0003C4C5   212 0001:0003C4D2   220 0001:0003C518   221 0001:0003C53B
   222 0001:0003C555   223 0001:0003C563   224 0001:0003C56C   225 0001:0003C581
   226 0001:0003C58A   227 0001:0003C59F   229 0001:0003C5A5   230 0001:0003C5B9
   231 0001:0003C5D1   232 0001:0003C5DB   233 0001:0003C5FE   237 0001:0003C60F
   238 0001:0003C623   239 0001:0003C63B   240 0001:0003C668   243 0001:0003C68D
   245 0001:0003C690   246 0001:0003C698   249 0001:0003C6D7   257 0001:0003C780
   258 0001:0003C79F   259 0001:0003C7B9   260 0001:0003C7C7   261 0001:0003C7D0
   262 0001:0003C7E5   263 0001:0003C7EE   265 0001:0003C80B   266 0001:0003C81F
   268 0001:0003C844   270 0001:0003C847   271 0001:0003C84F   274 0001:0003C879
   283 0001:0003C8C0   284 0001:0003C8E3   285 0001:0003C8FD   286 0001:0003C90B
   287 0001:0003C914   288 0001:0003C929   289 0001:0003C932   290 0001:0003C94F
   292 0001:0003C955   293 0001:0003C969   294 0001:0003C981   298 0001:0003C98B
   303 0001:0003C9AD   304 0001:0003C9C1   305 0001:0003C9D9   306 0001:0003CA06
   309 0001:0003CA2B   311 0001:0003CA2E   312 0001:0003CA36   315 0001:0003CA75
   326 0001:0003CB14   327 0001:0003CB1D   328 0001:0003CB2D   329 0001:0003CB3B
   331 0001:0003CB40   332 0001:0003CB54   334 0001:0003CB79   336 0001:0003CB7C
   337 0001:0003CB84   340 0001:0003CB91   343 0001:0003CBB4   344 0001:0003CBBD
   345 0001:0003CBCD   346 0001:0003CBDB   348 0001:0003CBE0   349 0001:0003CBF4
   351 0001:0003CC19   353 0001:0003CC1C   354 0001:0003CC24   357 0001:0003CC31
   363 0001:0003CC58   365 0001:0003CC5B   367 0001:0003CC62   368 0001:0003CC7B
   401 0001:0003CC9C   401 0001:0003CCC8   370 0001:0003CCCC   392 0001:0003CCD8
   393 0001:0003CCE1   394 0001:0003CCEB   395 0001:0003CCF4   397 0001:0003CCFE

Line numbers for PauseLock(plugins\PauseLock.pas) segment .text

    39 0001:0003CD00    43 0001:0003CD04    46 0001:0003CD08    47 0001:0003CD0C
    50 0001:0003CD1E    55 0001:0003CD46    67 0001:0003CD63    68 0001:0003CD6B
    82 0001:0003CDA8    83 0001:0003CDAD    84 0001:0003CDB0    86 0001:0003CDB2
    89 0001:0003CDB8    90 0001:0003CDBD    94 0001:0003CDC2    95 0001:0003CDC7
    96 0001:0003CDCC    98 0001:0003CE00    98 0001:0003CE07

Line numbers for MultiAILimit(plugins\MultiAILimit.pas) segment .text

    32 0001:0003CE08    36 0001:0003CE0C    64 0001:0003CE24    65 0001:0003CE2A
    66 0001:0003CE31    67 0001:0003CE9B    68 0001:0003CEA5    72 0001:0003CEAC
    74 0001:0003CEB3    75 0001:0003CEB4    76 0001:0003CEB5    78 0001:0003CEB6
    81 0001:0003CEBB    82 0001:0003CEC0    83 0001:0003CEC5    87 0001:0003CEC8
    88 0001:0003CECC    90 0001:0003CEDE    94 0001:0003CF06    95 0001:0003CF20
    99 0001:0003CF41   100 0001:0003CF49   102 0001:0003CFD8   102 0001:0003CFDF

Line numbers for Plugins(Plugins.pas) segment .text

    28 0001:0003CFE0    30 0001:0003CFE7    32 0001:0003CFED    33 0001:0003CFF7
    36 0001:0003D001    37 0001:0003D00B    38 0001:0003D015    40 0001:0003D01F
    41 0001:0003D029    42 0001:0003D033    43 0001:0003D03D    46 0001:0003D047
    47 0001:0003D04F    50 0001:0003D054    51 0001:0003D057    52 0001:0003D05C
    54 0001:0003D090    54 0001:0003D097

Line numbers for InitCode(InitCode.pas) segment .text

    87 0001:0003D098    88 0001:0003D09C    89 0001:0003D0A3    90 0001:0003D0AD
    91 0001:0003D0BF    93 0001:0003D0C9    94 0001:0003D0E0    95 0001:0003D0E9
    97 0001:0003D0F9   103 0001:0003D12C   107 0001:0003D150   108 0001:0003D15E
   110 0001:0003D168   114 0001:0003D16D   118 0001:0003D178   119 0001:0003D183
   121 0001:0003D18C   122 0001:0003D1A9   124 0001:0003D1E1   125 0001:0003D1EB
   127 0001:0003D21B   128 0001:0003D225   129 0001:0003D245   130 0001:0003D26C
   131 0001:0003D275   132 0001:0003D286   133 0001:0003D28F   134 0001:0003D2A0
   135 0001:0003D2A9   137 0001:0003D2BF   138 0001:0003D2E6   139 0001:0003D314
   143 0001:0003D343   149 0001:0003D34C   154 0001:0003D377   163 0001:0003D37C
   165 0001:0003D39F   167 0001:0003D3A2   168 0001:0003D3AA   171 0001:0003D3D6
   174 0001:0003D558   175 0001:0003D55B   176 0001:0003D560   178 0001:0003D565
   180 0001:0003D56E   181 0001:0003D57B   184 0001:0003D584   186 0001:0003D58E
   188 0001:0003D5C0   189 0001:0003D5CC   190 0001:0003D5D9   191 0001:0003D5E6

Line numbers for InitCode_CoreExePatching(InitCode_CoreExePatching.pas) segment .text

    50 0001:0003D5E8    51 0001:0003D5F0    53 0001:0003D5F6    54 0001:0003D600
    56 0001:0003D60A    71 0001:0003D610    72 0001:0003D617    73 0001:0003D621
    74 0001:0003D62B    75 0001:0003D639    77 0001:0003D660    79 0001:0003D663
    80 0001:0003D66B    81 0001:0003D67D    84 0001:0003D687    88 0001:0003D690
    90 0001:0003D695    91 0001:0003D69A    92 0001:0003D69B    94 0001:0003D6CC
    95 0001:0003D6D8    96 0001:0003D6E5   100 0001:0003D6F2   101 0001:0003D6FC
   102 0001:0003D706   104 0001:0003D710   105 0001:0003D71A

Line numbers for threadlogging(threadlogging.pas) segment .text

   145 0001:0003D74C   145 0001:0003D753

Line numbers for dplayx(F:\TADR_ALWAYS_SVN\trunk\src\Recorder\Dplayx.dpr) segment .text

    52 0001:0003D9B4    53 0001:0003D9C4

Bound resource files

dplayx.res
dplayx.drf


Program entry point at 0001:0003D9B4
