
 Start         Length     Name                   Class
 0001:00000000 0005F9ECH .text                   CODE
 0002:00000000 00001828H .data                   DATA
 0002:00001828 00002CCDH .bss                    BSS


Detailed map of segments

 0001:00000000 0000557B C=CODE     S=.text    G=(none)   M=System   ACBP=A9
 0001:0000557C 000001CC C=CODE     S=.text    G=(none)   M=SysInit  ACBP=A9
 0001:00005748 00000038 C=CODE     S=.text    G=(none)   M=Types    ACBP=A9
 0001:00005780 00000454 C=CODE     S=.text    G=(none)   M=Windows  ACBP=A9
 0001:00005BD4 00000038 C=CODE     S=.text    G=(none)   M=Messages ACBP=A9
 0001:00005C0C 00000348 C=CODE     S=.text    G=(none)   M=SysConst ACBP=A9
 0001:00005F54 000085B4 C=CODE     S=.text    G=(none)   M=SysUtils ACBP=A9
 0001:0000E508 00000887 C=CODE     S=.text    G=(none)   M=VarUtils ACBP=A9
 0001:0000ED90 00002A42 C=CODE     S=.text    G=(none)   M=Variants ACBP=A9
 0001:000117D4 00000128 C=CODE     S=.text    G=(none)   M=RTLConsts ACBP=A9
 0001:000118FC 00000A10 C=CODE     S=.text    G=(none)   M=TypInfo  ACBP=A9
 0001:0001230C 00000038 C=CODE     S=.text    G=(none)   M=ActiveX  ACBP=A9
 0001:00012344 000089F2 C=CODE     S=.text    G=(none)   M=Classes  ACBP=A9
 0001:0001AD38 000003DC C=CODE     S=.text    G=(none)   M=ListsU   ACBP=A9
 0001:0001B114 00000050 C=CODE     S=.text    G=(none)   M=MMSystem ACBP=A9
 0001:0001B164 00000420 C=CODE     S=.text    G=(none)   M=SyncObjs ACBP=A9
 0001:0001B584 00001AD4 C=CODE     S=.text    G=(none)   M=GPHugeF  ACBP=A9
 0001:0001D058 00000038 C=CODE     S=.text    G=(none)   M=Consts   ACBP=A9
 0001:0001D090 00000740 C=CODE     S=.text    G=(none)   M=textdata ACBP=A9
 0001:0001D7D0 00000168 C=CODE     S=.text    G=(none)   M=Math     ACBP=A9
 0001:0001D938 000001DC C=CODE     S=.text    G=(none)   M=Contnrs  ACBP=A9
 0001:0001DB14 00000FA0 C=CODE     S=.text    G=(none)   M=uDebug   ACBP=A9
 0001:0001EAB4 00000060 C=CODE     S=.text    G=(none)   M=FreeListU ACBP=A9
 0001:0001EB14 00000A80 C=CODE     S=.text    G=(none)   M=logging  ACBP=A9
 0001:0001F594 00000040 C=CODE     S=.text    G=(none)   M=SHFolder ACBP=A9
 0001:0001F5D4 00000CA0 C=CODE     S=.text    G=(none)   M=TADemoConsts ACBP=A9
 0001:00020274 00000330 C=CODE     S=.text    G=(none)   M=TextFileU ACBP=A9
 0001:000205A4 000019A4 C=CODE     S=.text    G=(none)   M=DPlay    ACBP=A9
 0001:00021F48 00000124 C=CODE     S=.text    G=(none)   M=DPLobby  ACBP=A9
 0001:0002206C 0000061C C=CODE     S=.text    G=(none)   M=CommandHandlerU ACBP=A9
 0001:00022688 00000060 C=CODE     S=.text    G=(none)   M=DateUtils ACBP=A9
 0001:000226E8 000001FC C=CODE     S=.text    G=(none)   M=StopWatch ACBP=A9
 0001:000228E4 000002B8 C=CODE     S=.text    G=(none)   M=ConsoleTimer ACBP=A9
 0001:00022B9C 00000488 C=CODE     S=.text    G=(none)   M=MemMappedDataStructure ACBP=A9
 0001:00023024 00000068 C=CODE     S=.text    G=(none)   M=PacketBufferU ACBP=A9
 0001:0002308C 00000388 C=CODE     S=.text    G=(none)   M=log2     ACBP=A9
 0001:00023414 00001418 C=CODE     S=.text    G=(none)   M=PluginEngine ACBP=A9
 0001:0002482C 00000280 C=CODE     S=.text    G=(none)   M=TA_MemoryStructures ACBP=A9
 0001:00024AAC 000000D8 C=CODE     S=.text    G=(none)   M=TA_FunctionsU ACBP=A9
 0001:00024B84 00000038 C=CODE     S=.text    G=(none)   M=TA_MemoryConstants ACBP=A9
 0001:00024BBC 000011B0 C=CODE     S=.text    G=(none)   M=IniFiles ACBP=A9
 0001:00025D6C 00000E10 C=CODE     S=.text    G=(none)   M=Registry ACBP=A9
 0001:00026B7C 000017CC C=CODE     S=.text    G=(none)   M=packet_old ACBP=A9
 0001:00028348 000001EC C=CODE     S=.text    G=(none)   M=PluginCommandHandlerU ACBP=A9
 0001:00028534 00000258 C=CODE     S=.text    G=(none)   M=InputHook ACBP=A9
 0001:0002878C 0000028C C=CODE     S=.text    G=(none)   M=LOS_Radar ACBP=A9
 0001:00028A18 000000CC C=CODE     S=.text    G=(none)   M=LOS_MiniMapUnits ACBP=A9
 0001:00028AE4 00000140 C=CODE     S=.text    G=(none)   M=LOS_PlayerSeeUnit ACBP=A9
 0001:00028C24 000001B0 C=CODE     S=.text    G=(none)   M=LOS_GUIText ACBP=A9
 0001:00028DD4 00000354 C=CODE     S=.text    G=(none)   M=LOS_UpdateTables ACBP=A9
 0001:00029128 0000017C C=CODE     S=.text    G=(none)   M=LOS_AllyPlayer ACBP=A9
 0001:000292A4 00000150 C=CODE     S=.text    G=(none)   M=LOS_extensions ACBP=A9
 0001:000293F4 00000208 C=CODE     S=.text    G=(none)   M=SpeedHack ACBP=A9
 0001:000295FC 00000038 C=CODE     S=.text    G=(none)   M=TA_NetworkingMessages ACBP=A9
 0001:00029634 00000038 C=CODE     S=.text    G=(none)   M=SynLZ    ACBP=A9
 0001:0002966C 000020DC C=CODE     S=.text    G=(none)   M=SynCommons ACBP=A9
 0001:0002B748 00002424 C=CODE     S=.text    G=(none)   M=COB_extensions ACBP=A9
 0001:0002DB6C 000006F0 C=CODE     S=.text    G=(none)   M=DropUnitsWeaponsList ACBP=A9
 0001:0002E25C 00000AEC C=CODE     S=.text    G=(none)   M=KeyboardHook ACBP=A9
 0001:0002ED48 0001645C C=CODE     S=.text    G=(none)   M=idplay   ACBP=A9
 0001:000451A4 0000041C C=CODE     S=.text    G=(none)   M=ModsList ACBP=A9
 0001:000455C0 000000B0 C=CODE     S=.text    G=(none)   M=StrUtils ACBP=A9
 0001:00045670 000015EC C=CODE     S=.text    G=(none)   M=IniOptions ACBP=A9
 0001:00046C5C 00000738 C=CODE     S=.text    G=(none)   M=ExplodeBitmaps ACBP=A9
 0001:00047394 0000596C C=CODE     S=.text    G=(none)   M=TA_MemoryLocations ACBP=A9
 0001:0004CD00 00000FF4 C=CODE     S=.text    G=(none)   M=StatsLogging ACBP=A9
 0001:0004DCF4 000001AC C=CODE     S=.text    G=(none)   M=IdException ACBP=A9
 0001:0004DEA0 000001E8 C=CODE     S=.text    G=(none)   M=IdResourceStrings ACBP=A9
 0001:0004E088 0000117F C=CODE     S=.text    G=(none)   M=IdWinSock2 ACBP=A9
 0001:0004F208 00000038 C=CODE     S=.text    G=(none)   M=IdStackConsts ACBP=A9
 0001:0004F240 000008C8 C=CODE     S=.text    G=(none)   M=IdStack  ACBP=A9
 0001:0004FB08 0000145C C=CODE     S=.text    G=(none)   M=IdStackWindows ACBP=A9
 0001:00050F64 00000038 C=CODE     S=.text    G=(none)   M=IdURI    ACBP=A9
 0001:00050F9C 00000750 C=CODE     S=.text    G=(none)   M=IdGlobal ACBP=A9
 0001:000516EC 00000038 C=CODE     S=.text    G=(none)   M=IdMultipartFormData ACBP=A9
 0001:00051724 00000038 C=CODE     S=.text    G=(none)   M=IdAssignedNumbers ACBP=A9
 0001:0005175C 00000ABC C=CODE     S=.text    G=(none)   M=IdHeaderList ACBP=A9
 0001:00052218 000000FC C=CODE     S=.text    G=(none)   M=IdBaseComponent ACBP=A9
 0001:00052314 0000026C C=CODE     S=.text    G=(none)   M=IdCoder  ACBP=A9
 0001:00052580 0000073C C=CODE     S=.text    G=(none)   M=IdCoder3to4 ACBP=A9
 0001:00052CBC 000001C7 C=CODE     S=.text    G=(none)   M=IdCoderMIME ACBP=A9
 0001:00052E84 00000984 C=CODE     S=.text    G=(none)   M=IdAuthentication ACBP=A9
 0001:00053808 00000038 C=CODE     S=.text    G=(none)   M=IdHTTPHeaderInfo ACBP=A9
 0001:00053840 00000038 C=CODE     S=.text    G=(none)   M=IdAntiFreezeBase ACBP=A9
 0001:00053878 000000BD C=CODE     S=.text    G=(none)   M=IdComponent ACBP=A9
 0001:00053938 00000038 C=CODE     S=.text    G=(none)   M=IdSocketHandle ACBP=A9
 0001:00053970 0000009C C=CODE     S=.text    G=(none)   M=IdSSLOpenSSLHeaders ACBP=A9
 0001:00053A0C 00000038 C=CODE     S=.text    G=(none)   M=IdIOHandler ACBP=A9
 0001:00053A44 00000038 C=CODE     S=.text    G=(none)   M=IdIntercept ACBP=A9
 0001:00053A7C 00000038 C=CODE     S=.text    G=(none)   M=IdRFCReply ACBP=A9
 0001:00053AB4 00000038 C=CODE     S=.text    G=(none)   M=IdSocks  ACBP=A9
 0001:00053AEC 00000038 C=CODE     S=.text    G=(none)   M=IdTCPStream ACBP=A9
 0001:00053B24 00000038 C=CODE     S=.text    G=(none)   M=IdStream ACBP=A9
 0001:00053B5C 00000038 C=CODE     S=.text    G=(none)   M=IdIOHandlerSocket ACBP=A9
 0001:00053B94 00000038 C=CODE     S=.text    G=(none)   M=IdTCPConnection ACBP=A9
 0001:00053BCC 00000038 C=CODE     S=.text    G=(none)   M=IdThread ACBP=A9
 0001:00053C04 00000038 C=CODE     S=.text    G=(none)   M=IdThreadMgrDefault ACBP=A9
 0001:00053C3C 00000038 C=CODE     S=.text    G=(none)   M=IdServerIOHandler ACBP=A9
 0001:00053C74 00000038 C=CODE     S=.text    G=(none)   M=IdServerIOHandlerSocket ACBP=A9
 0001:00053CAC 00000038 C=CODE     S=.text    G=(none)   M=IdStrings ACBP=A9
 0001:00053CE4 00000038 C=CODE     S=.text    G=(none)   M=IdThreadSafe ACBP=A9
 0001:00053D1C 00000038 C=CODE     S=.text    G=(none)   M=IdThreadMgr ACBP=A9
 0001:00053D54 00000038 C=CODE     S=.text    G=(none)   M=IdTCPServer ACBP=A9
 0001:00053D8C 0000006C C=CODE     S=.text    G=(none)   M=IdSSLOpenSSL ACBP=A9
 0001:00053DF8 00000038 C=CODE     S=.text    G=(none)   M=IdTCPClient ACBP=A9
 0001:00053E30 00000148 C=CODE     S=.text    G=(none)   M=IdCookie ACBP=A9
 0001:00053F78 00000038 C=CODE     S=.text    G=(none)   M=IdCookieManager ACBP=A9
 0001:00053FB0 00000038 C=CODE     S=.text    G=(none)   M=IdAuthenticationManager ACBP=A9
 0001:00053FE8 00000068 C=CODE     S=.text    G=(none)   M=IdHTTP   ACBP=A9
 0001:00054050 000007B8 C=CODE     S=.text    G=(none)   M=TAMemManipulations ACBP=A9
 0001:00054808 0000138C C=CODE     S=.text    G=(none)   M=PlayerDataU ACBP=A9
 0001:00055B94 0000157C C=CODE     S=.text    G=(none)   M=DPLobbyWrapper ACBP=A9
 0001:00057110 00000B78 C=CODE     S=.text    G=(none)   M=Dplayx_exports ACBP=A9
 0001:00057C88 00000394 C=CODE     S=.text    G=(none)   M=TlHelp32 ACBP=A9
 0001:0005801C 000005B4 C=CODE     S=.text    G=(none)   M=ErrorLog_ExtraData ACBP=A9
 0001:000585D0 0000009C C=CODE     S=.text    G=(none)   M=Thread_marshaller ACBP=A9
 0001:0005866C 00000360 C=CODE     S=.text    G=(none)   M=RegPathFix ACBP=A9
 0001:000589CC 00000138 C=CODE     S=.text    G=(none)   M=PauseLock ACBP=A9
 0001:00058B04 000001D8 C=CODE     S=.text    G=(none)   M=UnitLimit ACBP=A9
 0001:00058CDC 000001D8 C=CODE     S=.text    G=(none)   M=MultiAILimit ACBP=A9
 0001:00058EB4 00000370 C=CODE     S=.text    G=(none)   M=WeaponsExtend ACBP=A9
 0001:00059224 000005F4 C=CODE     S=.text    G=(none)   M=UnitsExtend ACBP=A9
 0001:00059818 000002EC C=CODE     S=.text    G=(none)   M=Builders ACBP=A9
 0001:00059B04 00000638 C=CODE     S=.text    G=(none)   M=ScriptCallsExtend ACBP=A9
 0001:0005A13C 00000390 C=CODE     S=.text    G=(none)   M=ResurrectPatrol ACBP=A9
 0001:0005A4CC 0000048C C=CODE     S=.text    G=(none)   M=UnitActions ACBP=A9
 0001:0005A958 0000057C C=CODE     S=.text    G=(none)   M=WeaponAimNTrajectory ACBP=A9
 0001:0005AED4 00000748 C=CODE     S=.text    G=(none)   M=TAExceptionsLog ACBP=A9
 0001:0005B61C 00000514 C=CODE     S=.text    G=(none)   M=Colors   ACBP=A9
 0001:0005BB30 0000035C C=CODE     S=.text    G=(none)   M=ClockPosition ACBP=A9
 0001:0005BE8C 00002C88 C=CODE     S=.text    G=(none)   M=GUIEnhancements ACBP=A9
 0001:0005EB14 000001AC C=CODE     S=.text    G=(none)   M=BattlerRoomMemFix ACBP=A9
 0001:0005ECC0 00000194 C=CODE     S=.text    G=(none)   M=Plugins  ACBP=A9
 0001:0005EE54 0000051C C=CODE     S=.text    G=(none)   M=InitCode ACBP=A9
 0001:0005F370 00000134 C=CODE     S=.text    G=(none)   M=InitCode_CoreExePatching ACBP=A9
 0001:0005F4A4 00000038 C=CODE     S=.text    G=(none)   M=threadlogging ACBP=A9
 0001:0005F4DC 00000038 C=CODE     S=.text    G=(none)   M=StartBuilding ACBP=A9
 0001:0005F514 00000038 C=CODE     S=.text    G=(none)   M=KillDamage ACBP=A9
 0001:0005F54C 0000049D C=CODE     S=.text    G=(none)   M=dplayx   ACBP=A9
 0002:00000000 000000A4 C=DATA     S=.data    G=DGROUP   M=System   ACBP=A9
 0002:000000A4 00000030 C=DATA     S=.data    G=DGROUP   M=SysInit  ACBP=A9
 0002:000000D4 00000250 C=DATA     S=.data    G=DGROUP   M=SysUtils ACBP=A9
 0002:00000324 00000008 C=DATA     S=.data    G=DGROUP   M=VarUtils ACBP=A9
 0002:0000032C 0000008E C=DATA     S=.data    G=DGROUP   M=Variants ACBP=A9
 0002:000003BC 0000000C C=DATA     S=.data    G=DGROUP   M=TypInfo  ACBP=A9
 0002:000003C8 00000094 C=DATA     S=.data    G=DGROUP   M=Classes  ACBP=A9
 0002:0000045C 00000020 C=DATA     S=.data    G=DGROUP   M=GPHugeF  ACBP=A9
 0002:0000047C 00000400 C=DATA     S=.data    G=DGROUP   M=textdata ACBP=A9
 0002:0000087C 00000004 C=DATA     S=.data    G=DGROUP   M=uDebug   ACBP=A9
 0002:00000880 00000004 C=DATA     S=.data    G=DGROUP   M=logging  ACBP=A9
 0002:00000884 00000049 C=DATA     S=.data    G=DGROUP   M=TADemoConsts ACBP=A9
 0002:000008D0 00000020 C=DATA     S=.data    G=DGROUP   M=DPlay    ACBP=A9
 0002:000008F0 00000010 C=DATA     S=.data    G=DGROUP   M=DPLobby  ACBP=A9
 0002:00000900 0000003C C=DATA     S=.data    G=DGROUP   M=MemMappedDataStructure ACBP=A9
 0002:0000093C 00000014 C=DATA     S=.data    G=DGROUP   M=TA_MemoryStructures ACBP=A9
 0002:00000950 00000114 C=DATA     S=.data    G=DGROUP   M=TA_FunctionsU ACBP=A9
 0002:00000A64 00000008 C=DATA     S=.data    G=DGROUP   M=IniFiles ACBP=A9
 0002:00000A6C 00000008 C=DATA     S=.data    G=DGROUP   M=Registry ACBP=A9
 0002:00000A74 00000005 C=DATA     S=.data    G=DGROUP   M=packet_old ACBP=A9
 0002:00000A7C 0000000A C=DATA     S=.data    G=DGROUP   M=SpeedHack ACBP=A9
 0002:00000A88 00000099 C=DATA     S=.data    G=DGROUP   M=SynCommons ACBP=A9
 0002:00000B24 00000001 C=DATA     S=.data    G=DGROUP   M=COB_extensions ACBP=A9
 0002:00000B28 00000001 C=DATA     S=.data    G=DGROUP   M=KeyboardHook ACBP=A9
 0002:00000B2C 00000004 C=DATA     S=.data    G=DGROUP   M=idplay   ACBP=A9
 0002:00000B30 00000001 C=DATA     S=.data    G=DGROUP   M=IniOptions ACBP=A9
 0002:00000B34 00000040 C=DATA     S=.data    G=DGROUP   M=ExplodeBitmaps ACBP=A9
 0002:00000B74 00000007 C=DATA     S=.data    G=DGROUP   M=TA_MemoryLocations ACBP=A9
 0002:00000B7C 00000008 C=DATA     S=.data    G=DGROUP   M=StatsLogging ACBP=A9
 0002:00000B84 00000544 C=DATA     S=.data    G=DGROUP   M=IdWinSock2 ACBP=A9
 0002:000010C8 00000008 C=DATA     S=.data    G=DGROUP   M=IdStack  ACBP=A9
 0002:000010D0 00000001 C=DATA     S=.data    G=DGROUP   M=IdStackWindows ACBP=A9
 0002:000010D4 0000009C C=DATA     S=.data    G=DGROUP   M=IdGlobal ACBP=A9
 0002:00001170 00000004 C=DATA     S=.data    G=DGROUP   M=IdCoderMIME ACBP=A9
 0002:00001174 00000004 C=DATA     S=.data    G=DGROUP   M=IdAuthentication ACBP=A9
 0002:00001178 00000024 C=DATA     S=.data    G=DGROUP   M=IdComponent ACBP=A9
 0002:0000119C 0000000C C=DATA     S=.data    G=DGROUP   M=IdSSLOpenSSLHeaders ACBP=A9
 0002:000011A8 0000004C C=DATA     S=.data    G=DGROUP   M=IdCookie ACBP=A9
 0002:000011F4 00000008 C=DATA     S=.data    G=DGROUP   M=IdHTTP   ACBP=A9
 0002:000011FC 00000004 C=DATA     S=.data    G=DGROUP   M=Dplayx_exports ACBP=A9
 0002:00001200 00000001 C=DATA     S=.data    G=DGROUP   M=RegPathFix ACBP=A9
 0002:00001204 00000008 C=DATA     S=.data    G=DGROUP   M=PauseLock ACBP=A9
 0002:0000120C 00000005 C=DATA     S=.data    G=DGROUP   M=UnitLimit ACBP=A9
 0002:00001214 00000008 C=DATA     S=.data    G=DGROUP   M=MultiAILimit ACBP=A9
 0002:0000121C 00000014 C=DATA     S=.data    G=DGROUP   M=WeaponsExtend ACBP=A9
 0002:00001230 00000020 C=DATA     S=.data    G=DGROUP   M=UnitsExtend ACBP=A9
 0002:00001250 00000001 C=DATA     S=.data    G=DGROUP   M=Builders ACBP=A9
 0002:00001254 00000001 C=DATA     S=.data    G=DGROUP   M=ScriptCallsExtend ACBP=A9
 0002:00001258 00000001 C=DATA     S=.data    G=DGROUP   M=ResurrectPatrol ACBP=A9
 0002:0000125C 00000001 C=DATA     S=.data    G=DGROUP   M=UnitActions ACBP=A9
 0002:00001260 00000001 C=DATA     S=.data    G=DGROUP   M=WeaponAimNTrajectory ACBP=A9
 0002:00001264 00000001 C=DATA     S=.data    G=DGROUP   M=TAExceptionsLog ACBP=A9
 0002:00001268 00000001 C=DATA     S=.data    G=DGROUP   M=Colors   ACBP=A9
 0002:0000126C 00000001 C=DATA     S=.data    G=DGROUP   M=ClockPosition ACBP=A9
 0002:00001270 0000001C C=DATA     S=.data    G=DGROUP   M=GUIEnhancements ACBP=A9
 0002:0000128C 00000001 C=DATA     S=.data    G=DGROUP   M=BattlerRoomMemFix ACBP=A9
 0002:00002000 0000065C C=BSS      S=.bss     G=DGROUP   M=System   ACBP=A9
 0002:0000265C 00000014 C=BSS      S=.bss     G=DGROUP   M=SysInit  ACBP=A9
 0002:00002670 00000004 C=BSS      S=.bss     G=DGROUP   M=Types    ACBP=A9
 0002:00002674 00000004 C=BSS      S=.bss     G=DGROUP   M=Windows  ACBP=A9
 0002:00002678 00000004 C=BSS      S=.bss     G=DGROUP   M=Messages ACBP=A9
 0002:0000267C 00000004 C=BSS      S=.bss     G=DGROUP   M=SysConst ACBP=A9
 0002:00002680 00000120 C=BSS      S=.bss     G=DGROUP   M=SysUtils ACBP=A9
 0002:000027A0 0000005C C=BSS      S=.bss     G=DGROUP   M=VarUtils ACBP=A9
 0002:000027FC 00000040 C=BSS      S=.bss     G=DGROUP   M=Variants ACBP=A9
 0002:0000283C 00000004 C=BSS      S=.bss     G=DGROUP   M=RTLConsts ACBP=A9
 0002:00002840 00000004 C=BSS      S=.bss     G=DGROUP   M=TypInfo  ACBP=A9
 0002:00002844 00000004 C=BSS      S=.bss     G=DGROUP   M=ActiveX  ACBP=A9
 0002:00002848 00000038 C=BSS      S=.bss     G=DGROUP   M=Classes  ACBP=A9
 0002:00002880 00000004 C=BSS      S=.bss     G=DGROUP   M=ListsU   ACBP=A9
 0002:00002884 00000004 C=BSS      S=.bss     G=DGROUP   M=MMSystem ACBP=A9
 0002:00002888 00000004 C=BSS      S=.bss     G=DGROUP   M=SyncObjs ACBP=A9
 0002:0000288C 00000004 C=BSS      S=.bss     G=DGROUP   M=GPHugeF  ACBP=A9
 0002:00002890 00000004 C=BSS      S=.bss     G=DGROUP   M=Consts   ACBP=A9
 0002:00002894 00000004 C=BSS      S=.bss     G=DGROUP   M=textdata ACBP=A9
 0002:00002898 00000004 C=BSS      S=.bss     G=DGROUP   M=Math     ACBP=A9
 0002:0000289C 00000004 C=BSS      S=.bss     G=DGROUP   M=Contnrs  ACBP=A9
 0002:000028A0 00000014 C=BSS      S=.bss     G=DGROUP   M=uDebug   ACBP=A9
 0002:000028B4 00000008 C=BSS      S=.bss     G=DGROUP   M=FreeListU ACBP=A9
 0002:000028BC 0000000C C=BSS      S=.bss     G=DGROUP   M=logging  ACBP=A9
 0002:000028C8 00000004 C=BSS      S=.bss     G=DGROUP   M=SHFolder ACBP=A9
 0002:000028CC 00000018 C=BSS      S=.bss     G=DGROUP   M=TADemoConsts ACBP=A9
 0002:000028E4 00000004 C=BSS      S=.bss     G=DGROUP   M=TextFileU ACBP=A9
 0002:000028E8 00000004 C=BSS      S=.bss     G=DGROUP   M=DPlay    ACBP=A9
 0002:000028EC 00000004 C=BSS      S=.bss     G=DGROUP   M=DPLobby  ACBP=A9
 0002:000028F0 00000004 C=BSS      S=.bss     G=DGROUP   M=CommandHandlerU ACBP=A9
 0002:000028F4 00000004 C=BSS      S=.bss     G=DGROUP   M=DateUtils ACBP=A9
 0002:000028F8 00000004 C=BSS      S=.bss     G=DGROUP   M=StopWatch ACBP=A9
 0002:000028FC 00000004 C=BSS      S=.bss     G=DGROUP   M=ConsoleTimer ACBP=A9
 0002:00002900 00000004 C=BSS      S=.bss     G=DGROUP   M=MemMappedDataStructure ACBP=A9
 0002:00002904 00000004 C=BSS      S=.bss     G=DGROUP   M=PacketBufferU ACBP=A9
 0002:00002908 00000004 C=BSS      S=.bss     G=DGROUP   M=log2     ACBP=A9
 0002:0000290C 00000008 C=BSS      S=.bss     G=DGROUP   M=PluginEngine ACBP=A9
 0002:00002914 0000171C C=BSS      S=.bss     G=DGROUP   M=TA_MemoryStructures ACBP=A9
 0002:00004030 00000004 C=BSS      S=.bss     G=DGROUP   M=TA_FunctionsU ACBP=A9
 0002:00004034 00000004 C=BSS      S=.bss     G=DGROUP   M=TA_MemoryConstants ACBP=A9
 0002:00004038 00000004 C=BSS      S=.bss     G=DGROUP   M=IniFiles ACBP=A9
 0002:0000403C 00000004 C=BSS      S=.bss     G=DGROUP   M=Registry ACBP=A9
 0002:00004040 00000004 C=BSS      S=.bss     G=DGROUP   M=packet_old ACBP=A9
 0002:00004044 00000004 C=BSS      S=.bss     G=DGROUP   M=PluginCommandHandlerU ACBP=A9
 0002:00004048 00000008 C=BSS      S=.bss     G=DGROUP   M=InputHook ACBP=A9
 0002:00004050 00000014 C=BSS      S=.bss     G=DGROUP   M=LOS_Radar ACBP=A9
 0002:00004064 00000004 C=BSS      S=.bss     G=DGROUP   M=LOS_MiniMapUnits ACBP=A9
 0002:00004068 00000014 C=BSS      S=.bss     G=DGROUP   M=LOS_PlayerSeeUnit ACBP=A9
 0002:0000407C 00000004 C=BSS      S=.bss     G=DGROUP   M=LOS_GUIText ACBP=A9
 0002:00004080 00000010 C=BSS      S=.bss     G=DGROUP   M=LOS_UpdateTables ACBP=A9
 0002:00004090 00000008 C=BSS      S=.bss     G=DGROUP   M=LOS_AllyPlayer ACBP=A9
 0002:00004098 00000008 C=BSS      S=.bss     G=DGROUP   M=LOS_extensions ACBP=A9
 0002:000040A0 00000004 C=BSS      S=.bss     G=DGROUP   M=SpeedHack ACBP=A9
 0002:000040A4 00000004 C=BSS      S=.bss     G=DGROUP   M=TA_NetworkingMessages ACBP=A9
 0002:000040A8 00000004 C=BSS      S=.bss     G=DGROUP   M=SynLZ    ACBP=A9
 0002:000040AC 000005C0 C=BSS      S=.bss     G=DGROUP   M=SynCommons ACBP=A9
 0002:0000466C 00000094 C=BSS      S=.bss     G=DGROUP   M=COB_extensions ACBP=A9
 0002:00004700 00000004 C=BSS      S=.bss     G=DGROUP   M=DropUnitsWeaponsList ACBP=A9
 0002:00004704 00000010 C=BSS      S=.bss     G=DGROUP   M=KeyboardHook ACBP=A9
 0002:00004714 00000010 C=BSS      S=.bss     G=DGROUP   M=idplay   ACBP=A9
 0002:00004724 00000004 C=BSS      S=.bss     G=DGROUP   M=ModsList ACBP=A9
 0002:00004728 00000004 C=BSS      S=.bss     G=DGROUP   M=StrUtils ACBP=A9
 0002:0000472C 000000F4 C=BSS      S=.bss     G=DGROUP   M=IniOptions ACBP=A9
 0002:00004820 00000008 C=BSS      S=.bss     G=DGROUP   M=ExplodeBitmaps ACBP=A9
 0002:00004828 0000000E C=BSS      S=.bss     G=DGROUP   M=TA_MemoryLocations ACBP=A9
 0002:00004838 00000008 C=BSS      S=.bss     G=DGROUP   M=StatsLogging ACBP=A9
 0002:00004840 00000004 C=BSS      S=.bss     G=DGROUP   M=IdException ACBP=A9
 0002:00004844 00000004 C=BSS      S=.bss     G=DGROUP   M=IdResourceStrings ACBP=A9
 0002:00004848 000001C8 C=BSS      S=.bss     G=DGROUP   M=IdWinSock2 ACBP=A9
 0002:00004A10 00000004 C=BSS      S=.bss     G=DGROUP   M=IdStackConsts ACBP=A9
 0002:00004A14 00000008 C=BSS      S=.bss     G=DGROUP   M=IdStack  ACBP=A9
 0002:00004A1C 00000004 C=BSS      S=.bss     G=DGROUP   M=IdStackWindows ACBP=A9
 0002:00004A20 00000004 C=BSS      S=.bss     G=DGROUP   M=IdURI    ACBP=A9
 0002:00004A24 00000014 C=BSS      S=.bss     G=DGROUP   M=IdGlobal ACBP=A9
 0002:00004A38 00000004 C=BSS      S=.bss     G=DGROUP   M=IdMultipartFormData ACBP=A9
 0002:00004A3C 00000004 C=BSS      S=.bss     G=DGROUP   M=IdAssignedNumbers ACBP=A9
 0002:00004A40 00000004 C=BSS      S=.bss     G=DGROUP   M=IdHeaderList ACBP=A9
 0002:00004A44 00000004 C=BSS      S=.bss     G=DGROUP   M=IdBaseComponent ACBP=A9
 0002:00004A48 00000004 C=BSS      S=.bss     G=DGROUP   M=IdCoder  ACBP=A9
 0002:00004A4C 00000004 C=BSS      S=.bss     G=DGROUP   M=IdCoder3to4 ACBP=A9
 0002:00004A50 00000084 C=BSS      S=.bss     G=DGROUP   M=IdCoderMIME ACBP=A9
 0002:00004AD4 00000004 C=BSS      S=.bss     G=DGROUP   M=IdAuthentication ACBP=A9
 0002:00004AD8 00000004 C=BSS      S=.bss     G=DGROUP   M=IdHTTPHeaderInfo ACBP=A9
 0002:00004ADC 00000004 C=BSS      S=.bss     G=DGROUP   M=IdAntiFreezeBase ACBP=A9
 0002:00004AE0 00000008 C=BSS      S=.bss     G=DGROUP   M=IdComponent ACBP=A9
 0002:00004AE8 00000004 C=BSS      S=.bss     G=DGROUP   M=IdSocketHandle ACBP=A9
 0002:00004AEC 00000004 C=BSS      S=.bss     G=DGROUP   M=IdSSLOpenSSLHeaders ACBP=A9
 0002:00004AF0 00000004 C=BSS      S=.bss     G=DGROUP   M=IdIOHandler ACBP=A9
 0002:00004AF4 00000004 C=BSS      S=.bss     G=DGROUP   M=IdIntercept ACBP=A9
 0002:00004AF8 00000004 C=BSS      S=.bss     G=DGROUP   M=IdRFCReply ACBP=A9
 0002:00004AFC 00000004 C=BSS      S=.bss     G=DGROUP   M=IdSocks  ACBP=A9
 0002:00004B00 00000004 C=BSS      S=.bss     G=DGROUP   M=IdTCPStream ACBP=A9
 0002:00004B04 00000004 C=BSS      S=.bss     G=DGROUP   M=IdStream ACBP=A9
 0002:00004B08 00000004 C=BSS      S=.bss     G=DGROUP   M=IdIOHandlerSocket ACBP=A9
 0002:00004B0C 00000004 C=BSS      S=.bss     G=DGROUP   M=IdTCPConnection ACBP=A9
 0002:00004B10 00000004 C=BSS      S=.bss     G=DGROUP   M=IdThread ACBP=A9
 0002:00004B14 00000004 C=BSS      S=.bss     G=DGROUP   M=IdThreadMgrDefault ACBP=A9
 0002:00004B18 00000004 C=BSS      S=.bss     G=DGROUP   M=IdServerIOHandler ACBP=A9
 0002:00004B1C 00000004 C=BSS      S=.bss     G=DGROUP   M=IdServerIOHandlerSocket ACBP=A9
 0002:00004B20 00000004 C=BSS      S=.bss     G=DGROUP   M=IdStrings ACBP=A9
 0002:00004B24 00000004 C=BSS      S=.bss     G=DGROUP   M=IdThreadSafe ACBP=A9
 0002:00004B28 00000004 C=BSS      S=.bss     G=DGROUP   M=IdThreadMgr ACBP=A9
 0002:00004B2C 00000004 C=BSS      S=.bss     G=DGROUP   M=IdTCPServer ACBP=A9
 0002:00004B30 00000010 C=BSS      S=.bss     G=DGROUP   M=IdSSLOpenSSL ACBP=A9
 0002:00004B40 00000004 C=BSS      S=.bss     G=DGROUP   M=IdTCPClient ACBP=A9
 0002:00004B44 00000004 C=BSS      S=.bss     G=DGROUP   M=IdCookie ACBP=A9
 0002:00004B48 00000004 C=BSS      S=.bss     G=DGROUP   M=IdCookieManager ACBP=A9
 0002:00004B4C 00000004 C=BSS      S=.bss     G=DGROUP   M=IdAuthenticationManager ACBP=A9
 0002:00004B50 00000004 C=BSS      S=.bss     G=DGROUP   M=IdHTTP   ACBP=A9
 0002:00004B54 00000005 C=BSS      S=.bss     G=DGROUP   M=TAMemManipulations ACBP=A9
 0002:00004B5C 00000004 C=BSS      S=.bss     G=DGROUP   M=PlayerDataU ACBP=A9
 0002:00004B60 00000004 C=BSS      S=.bss     G=DGROUP   M=DPLobbyWrapper ACBP=A9
 0002:00004B64 00000028 C=BSS      S=.bss     G=DGROUP   M=Dplayx_exports ACBP=A9
 0002:00004B8C 00000048 C=BSS      S=.bss     G=DGROUP   M=TlHelp32 ACBP=A9
 0002:00004BD4 00000004 C=BSS      S=.bss     G=DGROUP   M=ErrorLog_ExtraData ACBP=A9
 0002:00004BD8 00000004 C=BSS      S=.bss     G=DGROUP   M=Thread_marshaller ACBP=A9
 0002:00004BDC 00000008 C=BSS      S=.bss     G=DGROUP   M=RegPathFix ACBP=A9
 0002:00004BE4 00000004 C=BSS      S=.bss     G=DGROUP   M=PauseLock ACBP=A9
 0002:00004BE8 00000004 C=BSS      S=.bss     G=DGROUP   M=UnitLimit ACBP=A9
 0002:00004BEC 00000004 C=BSS      S=.bss     G=DGROUP   M=MultiAILimit ACBP=A9
 0002:00004BF0 00000048 C=BSS      S=.bss     G=DGROUP   M=WeaponsExtend ACBP=A9
 0002:00004C38 00000008 C=BSS      S=.bss     G=DGROUP   M=UnitsExtend ACBP=A9
 0002:00004C40 00000008 C=BSS      S=.bss     G=DGROUP   M=Builders ACBP=A9
 0002:00004C48 0000000C C=BSS      S=.bss     G=DGROUP   M=ScriptCallsExtend ACBP=A9
 0002:00004C54 00000014 C=BSS      S=.bss     G=DGROUP   M=ResurrectPatrol ACBP=A9
 0002:00004C68 00000008 C=BSS      S=.bss     G=DGROUP   M=UnitActions ACBP=A9
 0002:00004C70 00000008 C=BSS      S=.bss     G=DGROUP   M=WeaponAimNTrajectory ACBP=A9
 0002:00004C78 00000008 C=BSS      S=.bss     G=DGROUP   M=TAExceptionsLog ACBP=A9
 0002:00004C80 00000008 C=BSS      S=.bss     G=DGROUP   M=Colors   ACBP=A9
 0002:00004C88 00000008 C=BSS      S=.bss     G=DGROUP   M=ClockPosition ACBP=A9
 0002:00004C90 00000008 C=BSS      S=.bss     G=DGROUP   M=GUIEnhancements ACBP=A9
 0002:00004C98 00000008 C=BSS      S=.bss     G=DGROUP   M=BattlerRoomMemFix ACBP=A9
 0002:00004CA0 00000004 C=BSS      S=.bss     G=DGROUP   M=Plugins  ACBP=A9
 0002:00004CA4 00000008 C=BSS      S=.bss     G=DGROUP   M=InitCode ACBP=A9
 0002:00004CAC 00000014 C=BSS      S=.bss     G=DGROUP   M=InitCode_CoreExePatching ACBP=A9
 0002:00004CC0 00000004 C=BSS      S=.bss     G=DGROUP   M=threadlogging ACBP=A9
 0002:00004CC4 00000004 C=BSS      S=.bss     G=DGROUP   M=StartBuilding ACBP=A9
 0002:00004CC8 00000004 C=BSS      S=.bss     G=DGROUP   M=KillDamage ACBP=A9


  Address         Publics by Name

 0002:000028C8       .1
 0002:00002678       .1
 0002:00004AEC       .1
 0002:000028B8       .1
 0002:00002668       .1
 0002:00004C90       .1
 0002:00004B70       .1
 0002:00004A3C       .1
 0002:00004BD4       .1
 0002:000028B0       .1
 0002:00004BD8       .1
 0002:00004A10       .1
 0002:00004C98       .1
 0002:00004844       .1
 0002:00004CAC       .1
 0002:00004820       .1
 0002:00004818       .1
 0002:00004728       .1
 0002:00004724       .1
 0002:00004710       .1
 0002:0000267C       .1
 0002:000046FC       .1
 0002:00004B8C       .1
 0002:000040A8       .1
 0002:00004CC8       .1
 0002:0000283C       .1
 0002:00004C88       .1
 0002:000028E8       .1
 0002:000028EC       .1
 0002:00004C80       .1
 0002:00004CC4       .1
 0002:00004C78       .1
 0002:000028F4       .1
 0002:00004C70       .1
 0002:00004CC0       .1
 0002:00004CA0       .1
 0002:00004C68       .1
 0002:00002900       .1
 0002:00004B20       .1
 0002:00002670       .1
 0002:00004C54       .1
 0002:00004030       .1
 0002:00004034       .1
 0002:00002890       .1
 0002:00002894       .1
 0002:0000404C       .1
 0002:00004C48       .1
 0002:00004060       .1
 0002:00004064       .1
 0002:00004078       .1
 0002:0000407C       .1
 0002:00004C40       .1
 0002:00004C38       .1
 0002:00004BF0       .1
 0002:0000408C       .1
 0002:00004094       .1
 0002:0000409C       .1
 0002:000040A0       .1
 0002:000040A4       .1
 0002:00004BEC       .1
 0002:00004BE8       .1
 0002:00004BE4       .1
 0002:00004BDC       .1
 0002:00004B2C       .11
 0002:00004A2C       .11
 0002:00004ADC       .2
 0002:00004B48       .2
 0002:00004B60       .2
 0002:00004A44       .2
 0002:00004A40       .2
 0002:00004B40       .2
 0002:00004AF0       .2
 0002:00004838       .2
 0002:00004700       .2
 0002:00004AFC       .2
 0002:00004040       .2
 0002:00002908       .2
 0002:000028FC       .2
 0002:000028F8       .2
 0002:00004B1C       .2
 0002:000028E4       .2
 0002:000028D0       .2
 0002:000028C4       .2
 0002:00004B18       .2
 0002:00002898       .2
 0002:00004B00       .2
 0002:00004B14       .2
 0002:00004CA4       .2
 0002:00004B08       .2
 0002:0000289C       .21
 0002:00004B30       .22
 0002:00004AE0       .3
 0002:00004A4C       .3
 0002:00004A48       .3
 0002:00004A20       .3
 0002:00004A1C       .3
 0002:00004A08       .3
 0002:00004AF8       .3
 0002:00004044       .3
 0002:00002904       .3
 0002:000028F0       .3
 0002:00002674       .3
 0002:00004B04       .3
 0002:00002844       .3
 0002:00004B54       .3
 0002:00004AD0       .3
 0002:00004B0C       .31
 0002:00002790       .35
 0002:0000402C       .4
 0002:00004B5C       .4
 0002:00004AD4       .4
 0002:00004B4C       .4
 0002:00004B28       .4
 0002:00004AF4       .4
 0002:00002850       .45
 0002:00004B10       .5
 0002:00004A38       .5
 0002:000027F8       .5
 0002:0000403C       .5
 0002:00004AD8       .5
 0002:00004830       .5
 0002:0000288C       .5
 0002:000025B4       .5
 0002:00002840       .6
 0002:0000290C       .6
 0002:00004A18       .6
 0002:00004720       .6
 0002:00002888       .6
 0002:00004840       .64
 0002:000045A0       .66
 0002:00002884       .7
 0002:00004B24       .7
 0002:00004038       .8
 0002:00004B50       .8
 0002:0000281C       .81
 0002:00002880       .9
 0002:00004B44       .9
 0002:00004AE8       .9
 0001:00001B70       @AbstractError
 0001:00002D14       @AfterConstruction
 0001:00002B60       @AsClass
 0001:0000374C       @Assert
 0001:00001E54       @Assign
 0001:00001FCC       @AStrCmp
 0001:00002D24       @BeforeDestruction
 0001:000028E8       @BoundErr
 0001:00002BAC       @CallDynaInst
 0001:00002CBC       @ClassCreate
 0001:00002D0C       @ClassDestroy
 0001:00001F1C       @Close
 0001:000018CC       @Copy
 0001:00004490       @CopyArray
 0001:00004374       @CopyRecord
 0001:00001AE4       @COS
 0001:00004584       @DispCallByIDError
 0001:0000F830       @DispInvokeError
 0001:000031A0       @DoneExcept
 0001:0000488C       @DynArrayAsg
 0001:00004850       @DynArrayClear
 0001:00004690       @DynArrayHigh
 0001:00004688       @DynArrayLength
 0001:00004844       @DynArraySetLength
 0001:0000203C       @EofText
 0001:00003288       @ExceptionHandler
 0001:00001AF4       @EXP
 0001:00002074       @FillChar
 0001:00004350       @Finalize
 0001:00004264       @FinalizeArray
 0001:00004218       @FinalizeRecord
 0001:00001F10       @Flush
 0001:000028DC       @FpuInit
 0001:00002818       @FpuMaskInit
 0001:00001B1C       @FRAC
 0001:00001754       @FreeMem
 0001:00001734       @GetMem
 0001:0000567C       @GetTls
 0001:00003734       @Halt
 0001:0000365C       @Halt0
 0001:00002E38       @HandleAnyException
 0001:000030EC       @HandleFinally
 0001:00002F64       @HandleOnException
 0001:00004184       @InitializeArray
 0001:00004154       @InitializeRecord
 0001:00003520       @InitImports
 0001:000056C8       @InitLib
 0001:000034F8       @InitResStringImports
 0001:00004F38       @IntfAddRef
 0001:00004EF4       @IntfClear
 0001:00004F0C       @IntfCopy
 0001:000028F0       @IntOver
 0001:00002B3C       @IsClass
 0001:000027E8       @isNECWindows
 0001:00003CA0       @LStrAddRef
 0001:00003814       @LStrArrayClr
 0001:00003844       @LStrAsg
 0001:00003AB8       @LStrCat
 0001:00003AFC       @LStrCat3
 0001:00003B70       @LStrCatN
 0001:000037F0       @LStrClr
 0001:00003BFC       @LStrCmp
 0001:00003D10       @LStrCopy
 0001:00003D50       @LStrDelete
 0001:00003A60       @LStrFromArray
 0001:000039D8       @LStrFromChar
 0001:000039E8       @LStrFromPChar
 0001:000038E0       @LStrFromPCharLen
 0001:00003A18       @LStrFromPWChar
 0001:0000394C       @LStrFromPWCharLen
 0001:00003A54       @LStrFromString
 0001:00003A78       @LStrFromWStr
 0001:00003888       @LStrLAsg
 0001:00003AB0       @LStrLen
 0001:00003E44       @LStrOfChar
 0001:00003D98       @LStrPos
 0001:00003DE0       @LStrSetLength
 0001:00003CB0       @LStrToPChar
 0001:00003A8C       @LStrToString
 0001:000038B4       @NewAnsiString
 0001:00003EA0       @NewWideString
 0001:000024FC       @Pow10
 0001:00001FA4       @PStrCpy
 0001:00001F74       @PStrNCat
 0001:00001FB0       @PStrNCpy
 0001:0000314C       @RaiseAgain
 0001:00003124       @RaiseExcept
 0001:00002094       @RandInt
 0001:000020EC       @ReadChar
 0001:00002250       @ReadLn
 0001:000021E4       @ReadLString
 0001:000021D8       @ReadString
 0001:00001774       @ReallocMem
 0001:00001BE4       @ResetText
 0001:00001BF0       @RewritText
 0001:00001B40       @ROUND
 0001:00003740       @RunError
 0001:000024D4       @SetEq
 0001:000024E8       @SetUnion
 0001:00001B0C       @SIN
 0001:00003430       @StartLib
 0001:00000304       @strlen
 0001:00001B4C       @TRUNC
 0001:000031D0       @TryFinallyExit
 0001:00003D08       @UniqueStringA
 0001:00002280       @ValLong
 0001:00010F28       @VarAddRef
 0001:0000FB1C       @VarClear
 0001:0000424C       @VarClr
 0001:0000FB30       @VarClr
 0001:0000435C       @VarCopy
 0001:0000FE44       @VarCopy
 0001:00010E60       @VarFromBool
 0001:00010EB0       @VarFromCurr
 0001:00010DF8       @VarFromInt
 0001:00010E34       @VarFromInt64
 0001:00010EC4       @VarFromLStr
 0001:00010E88       @VarFromReal
 0001:00010E9C       @VarFromTDateTime
 0001:00010EF0       @VarFromWStr
 0001:0000F884       @VarNull
 0001:00010170       @VarToLStr
 0001:00010898       @VarToWStr
 0001:00003E70       @Write0LString
 0001:00002398       @WriteBytes
 0001:00002468       @WriteLn
 0001:00003E78       @WriteLString
 0001:000023EC       @WriteSpaces
 0001:00003EE0       @WStrArrayClr
 0001:00003F04       @WStrAsg
 0001:00003EC8       @WStrClr
 0001:00004040       @WStrCmp
 0001:000040C4       @WStrCopy
 0001:00004014       @WStrFromLStr
 0001:00003F28       @WStrFromPCharLen
 0001:00003FD8       @WStrFromPWChar
 0001:00003FB4       @WStrFromPWCharLen
 0001:00004034       @WStrLen
 0001:00004110       @WStrSetLength
 0001:00004024       @WStrToPWChar
 0001:000024B0       @_CLenToPasStr
 0001:0000189C       @_IOTest
 0001:000045D4       @_lldiv
 0001:00004650       @_lldivo
 0001:0000458C       @_llmul
 0001:000045B0       @_llmulo
 0001:0000BF9C       AbstractErrorHandler
 0002:00002028       AbstractErrorProc
 0002:0000484C       accept
 0002:000049FC       AcceptEx
 0002:00000154       AccessMode
 0002:000008B8       AccessMode
 0001:00001804       AcquireExceptionObject
 0001:0001233C       ActiveX
 0001:00000440       AddBlockAfter
 0001:00022BBC       AddCheatDescription
 0001:0001E350       AddLineNo
 0001:00004D88       AddModuleUnloadProc
 0001:00004D98       AddModuleUnloadProc
 0001:0001E19C       AddProcedure
 0001:000174B0       AddSubComponentsToLoaded
 0001:00019870       AddThread
 0001:0001DFB8       AddUnit
 0002:00001218       AIName
 0002:00004090       AlliedStateChanged
 0001:00006C44       AllocMem
 0002:000025AC       AllocMemCount
 0002:000025B0       AllocMemSize
 0001:000055AC       AllocTlsBuffer
 0002:00000A2C       AllowMemReadWrite
 0001:00006E4C       AnsiCompareStr
 0001:00006E98       AnsiCompareText
 0001:00006E04       AnsiLowerCase
 0001:0000CAC0       AnsiPos
 0001:00006EE4       AnsiSameText
 0001:0000CB0C       AnsiStrPos
 0001:0000CBE4       AnsiStrRScan
 0001:0000CC34       AnsiStrScan
 0001:00005338       AnsiToUtf8
 0001:00006DBC       AnsiUpperCase
 0001:000097C0       AppendChars
 0001:00009BE0       AppendFormat
 0001:00009844       AppendNumber
 0001:00009820       AppendString
 0001:0000BF64       AssertErrorHandler
 0002:00002020       AssertErrorProc
 0001:00011CE0       AssignLongStr
 0001:00012148       AssignVariant
 0002:00004A34       ATempPath
 0002:00001174       AuthList
 0002:00002604       avail
 0001:00007AC0       BackfillGetDiskFreeSpaceEx
 0001:0000E7E0       BackupVarBoolFromStr
 0001:0000E95C       BackupVarBStrFromBool
 0001:0000E864       BackupVarBStrFromCy
 0001:0000E8E0       BackupVarBStrFromDate
 0001:0000E76C       BackupVarCyFromStr
 0001:0000E6F8       BackupVarDateFromStr
 0001:0000E59C       BackupVarI4FromStr
 0001:0000E528       BackupVariantChangeTypeEx
 0001:0000E610       BackupVarR4FromStr
 0001:0000E684       BackupVarR8FromStr
 0001:0005ECB8       BattlerRoomMemFix
 0002:00004C9C       BattlerRoomMemFixPlugin
 0001:0005EC54       BattlerRoomMemFix_GetMemory
 0001:000037A4       BeginThread
 0001:00058CF8       BetterAIName
 0001:00058D80       BetterAINameStub
 0002:0000127C       BIGUNIT
 0002:00004850       bind
 0001:000196F4       BinToHex
 0001:0001D518       BinToInt
 0001:0000E574       BiUnimplemented
 0002:000025DC       blockDescBlockList
 0002:000025E0       blockDescFreeList
 0002:000003BC       BooleanIdents
 0002:00000338       BooleanToStringRule
 0001:00007474       BoolToStr
 0001:0000FEF8       BoolToWStrViaOS
 0002:00000B74       BoolValues
 0001:00059AFC       Builders
 0002:00004C44       BuildersPlugin
 0001:00059A30       Builders_MobileAddBuild
 0001:00059A84       Builders_PlantBuildNonMobile
 0001:0000C65C       ByteToCharIndex
 0001:0000C620       ByteToCharLen
 0001:0000C5BC       ByteType
 0001:0000C510       ByteTypeTest
 0002:00004834       CacheUsed
 0001:0001D640       CalcCRC
 0001:00005A80       CallNextHookEx
 0001:00059E78       CallWeaponHit
 0002:00000A1C       CanAttachAtGridSpot
 0002:00000A20       CanCloseOrOpenYard
 0002:00002814       ChangeAnyProc
 0001:0000788C       ChangeFileExt
 0001:00003910       CharFromWChar
 0001:0000C8D4       CharLength
 0001:00005A88       CharLowerBuff
 0001:0000026C       CharNext
 0001:00005A90       CharNext
 0001:0000C798       CharToByteIndex
 0001:0000C810       CharToByteLen
 0001:00005A98       CharToOemA
 0001:00005AA0       CharUpperBuff
 0002:00004718       chatview
 0001:00022B9C       CheatEnabled
 0002:00000918       Cheat_BuildAnywhere
 0002:00000914       Cheat_ControlMenu
 0002:00000934       Cheat_DoubleShot
 0002:00000928       Cheat_ExtraDamage
 0002:00000908       Cheat_FastBuild
 0002:0000090C       Cheat_InfiniteResources
 0002:0000092C       Cheat_InstantBuild
 0002:0000091C       Cheat_InstantCapture
 0002:00000904       Cheat_Invisible
 0002:00000900       Cheat_Invulnerability
 0002:00000924       Cheat_JamAll
 0002:00000910       Cheat_LosRadar
 0002:00000938       Cheat_ProhibitedTask
 0002:00000930       Cheat_ResourcesFreeze
 0002:00000920       Cheat_SpecialMove
 0001:000547AC       CheckForCheats
 0001:00002DB4       CheckJmp
 0001:000174FC       CheckSubComponents
 0001:00019890       CheckSynchronize
 0002:0000033C       CInvalidCustomVariantType
 0001:0001ACA4       Classes
 0001:000136E8       ClassNotFound
 0001:0001E718       CleanUpMapFile
 0002:00002810       ClearAnyProc
 0002:00000A14       ClearChat
 0001:00011264       ClearVariantTypeList
 0001:0005BDC0       ClockMove_LeftBottom
 0001:0005BE08       ClockMove_LeftTop
 0001:0005BDE0       ClockMove_RightBottom
 0001:0005BE28       ClockMove_RightTop
 0001:0005BE84       ClockPosition
 0002:00004C8C       ClockPositionPlugin
 0001:000057B0       CloseHandle
 0001:0000020C       CloseHandle
 0002:00004854       closesocket
 0002:0000203C       CmdLine
 0002:00002038       CmdShow
 0001:0000E588       CmpUnimplemented
 0001:0005B008       COBCallbackEmptyCOB_Message
 0001:0002DB64       COB_extensions
 0001:0002D9B8       COB_ExtensionsSetters_Handling
 0001:0002DADC       COB_Extensions_FreeMemory
 0001:0002D938       COB_Extensions_Handling
 0002:00004CB0       CodeInjectionData
 0001:0005BB28       Colors
 0002:00004C84       ColorsPlugin
 0001:00022680       CommandHandlerU
 0001:00000720       Commit
 0002:00002620       committedRoot
 0001:0003441C       compare
 0001:0001DD28       CompareHeaders
 0001:000057B8       CompareString
 0001:00006D44       CompareText
 0001:0005A7E4       CompareVTOLUnitWeight
 0001:00007378       CompareWith
 0001:0001760C       ComponentCreated
 0001:0001B648       Compress
 0001:0001FA10       Compress
 0001:00059FEC       ConfirmedKill
 0002:00004858       connect
 0001:00022B94       ConsoleTimer
 0001:0001D088       Consts
 0001:0001DB0C       Contnrs
 0002:000003D8       Convert
 0002:000003E8       Convert
 0001:0000B7F8       ConvertAddr
 0002:00004664       ConvertBase64ToBin
 0001:00009944       ConvertEraString
 0001:00006BF4       ConvertError
 0001:00006C14       ConvertErrorFmt
 0002:000043B4       ConvertHexToBin
 0001:00009AC8       ConvertYearString
 0001:0002AF94       CopyArray
 0001:00004698       CopyArray
 0001:000057C0       CopyFile
 0001:0000C6E0       CountChars
 0002:00000340       CRangeToType
 0001:0001D608       CRC32
 0002:0000047C       CRC32tab
 0001:0000BE9C       CreateAssertException
 0001:0000C098       CreateAVObject
 0001:000176A0       CreateComponent
 0001:00007B68       CreateDir
 0001:000057C8       CreateDirectory
 0001:000057D0       CreateEvent
 0001:000057D8       CreateFile
 0001:00000214       CreateFileA
 0001:000057E0       CreateFileMapping
 0001:0000BD88       CreateInOutError
 0002:00000A04       CreateMovementClass
 0002:00000A00       CreateMultiplayerMapsList
 0001:00000274       CreateThread
 0001:00057F48       CreateToolhelp32Snapshot
 0002:000003A8       CRelationshipToBoolean
 0002:00000324       CResult
 0002:0000014C       cSimpleBoolStrs
 0002:00000354       CText
 0001:0002EBF8       CtrlFDontSelectNotLabs
 0002:00002618       curAlloc
 0002:00002688       CurrencyDecimals
 0002:00002684       CurrencyFormat
 0002:00002680       CurrencyString
 0002:000040B0       CurrentAnsiConvert
 0001:000097A0       CurrentYear
 0001:000090F8       CurrToStr
 0001:0000FE88       CurrToWStrViaOS
 0001:0002B9B4       CustomGetters
 0001:0002D52C       CustomSetters
 0002:000046D0       CustomUnitFields
 0002:00004678       CustomUnitFieldsArr
 0002:000046F8       CustomUnitFieldsCount
 0002:0000467C       CustomUnitInfos
 0002:0000466C       CustomUnitInfosArray
 0002:000046EC       CustomUnitInfosCount
 0001:00007090       CvtInt
 0001:000070FC       CvtInt64
 0002:0000018C       CWNear
 0001:0001D090       DataToStr2
 0001:00025F4C       DataTypeToRegData
 0001:0000972C       Date
 0002:00002689       DateSeparator
 0001:0000A494       DateTimeToStr
 0001:0000A3E8       DateTimeToString
 0001:00009264       DateTimeToTimeStamp
 0001:0000A454       DateToStr
 0001:0000FEC0       DateToWStrViaOS
 0001:000226E0       DateUtils
 0001:000096FC       DayOfWeek
 0002:00000188       DCon10
 0002:0000002C       DebugHook
 0002:00002687       DecimalSeparator
 0001:000096CC       DecodeDate
 0001:00009550       DecodeDateFully
 0001:0000936C       DecodeTime
 0001:000007B4       Decommit
 0001:00000DD0       DecommitFree
 0002:000025F4       decommittedRoot
 0002:00000A74       DecompressionBufferSize
 0002:00000024       Default8087CW
 0002:00000A94       DefaultChar
 0002:00000038       DefaultTextLineBreakStyle
 0002:000025B8       DefaultUserCodePage
 0002:00000218       DefLongDayNames
 0002:000001CC       DefLongMonthNames
 0002:000001FC       DefShortDayNames
 0002:0000019C       DefShortMonthNames
 0002:00000884       Deities
 0001:000048DC       DelayLoadResourceModule
 0001:00000470       DeleteBlock
 0001:000057E8       DeleteCriticalSection
 0001:000003E0       DeleteCriticalSection
 0001:000057F0       DeleteFile
 0001:00000C18       DeleteFree
 0001:000057F8       DeviceIoControl
 0002:00000094       dig
 0001:000076E4       DirectoryExists
 0001:000574A0       DirectPlayCreate
 0002:00004B80       DirectPlayCreate_proc
 0001:000571A8       DirectPlayEnumerate
 0001:000572A0       DirectPlayEnumerateA
 0002:00004B78       DirectPlayEnumerateA_proc
 0001:000573A0       DirectPlayEnumerateW
 0002:00004B7C       DirectPlayEnumerateW_proc
 0002:00004B74       DirectPlayEnumerate_proc
 0001:00057848       DirectPlayLobbyCreateA
 0002:00004B88       DirectPlayLobbyCreateA_proc
 0001:00057708       DirectPlayLobbyCreateW
 0002:00004B84       DirectPlayLobbyCreateW_proc
 0001:0003C91C       DirectPlay_PlayerPoll
 0001:0005EE54       DisableThreadLibraryCalls
 0002:00002000       DispCallByIDProc
 0001:00006BD8       DivMod
 0001:00057A9C       DllCanUnloadNow
 0001:00057B3C       DllGetClassObject
 0002:00002664       DllProc
 0002:00004B68       DoFinalize
 0002:00004B64       DoInitialize
 0002:000009FC       DoInterpretCommand
 0001:0000C40C       DoneExceptions
 0001:00019810       DoneThreadSynchronization
 0001:00047500       DoReport
 0002:000003C4       DotSep
 0001:000145C4       DoWrite
 0001:0005ECC0       Do_LoadTime_CodeInjections
 0001:00021F40       DPlay
 0001:0005F9D4       dplayx
 0001:00057110       DPlayxHandleInvalid
 0002:000011FC       dplayxLibHandle
 0001:00057C54       Dplayx_exports
 0001:00022064       DPLobby
 0001:00057108       DPLobbyWrapper
 0002:000009D4       DrawBar
 0001:0005E538       DrawBuildSpotNanoframe
 0001:0005E838       DrawBuildSpotQueueNanoframe
 0001:0005E358       DrawBuildSpot_InitScript
 0001:0005E81C       DrawBuildSpot_NanoframeHook
 0001:0005EA5C       DrawBuildSpot_NanoframeShimmerHook
 0001:0005EA3C       DrawBuildSpot_QueueNanoframeHook
 0001:0005DEC8       DrawCircleUnitSelect
 0001:0005E2C0       DrawCircleUnitSelectHook
 0001:0005DDF0       DrawDevUnitStateProbes
 0002:000009DC       DrawDotteCircle
 0002:000009D8       DrawLine
 0002:000009E0       DrawText_Heavy
 0001:0005D8A8       DrawTrueIncome
 0002:00000A5C       DrawUnit
 0001:0005C24C       DrawUnitState
 0001:0002E254       DropUnitsWeaponsList
 0001:000046B0       DynArrayClear
 0001:000046B8       DynArraySetLength
 0001:0000BD4C       EHeapException.FreeInstance
 0001:0004DE14       EIdSocketError.CreateError
 0001:0004E100       EIdWS2StubError.Build
 0001:0001B7B4       Elapsed
 0002:000027FC       EmptyParam
 0002:000000D4       EmptyStr
 0002:000000D8       EmptyWideStr
 0001:00009514       EncodeDate
 0001:00009328       EncodeTime
 0001:000037E8       EndThread
 0001:000003D0       EnterCriticalSection
 0001:00005800       EnterCriticalSection
 0001:00005808       EnumCalendarInfoA
 0001:0000B3B8       EnumEraNames
 0001:0000B404       EnumEraYearOffsets
 0001:00016CAC       EnumValue
 0001:00005AA8       EnumWindows
 0001:00054284       EnumWindowsProc
 0002:00002750       EraNames
 0001:0000A7E4       EraToYear
 0002:0000276C       EraYearOffsets
 0002:0000006C       errCaption
 0001:00001890       Error
 0002:00000004       ErrorAddr
 0001:00001844       ErrorAt
 0001:0000BE2C       ErrorHandler
 0001:000585C8       ErrorLog_ExtraData
 0001:00058584       Errorlog_Thunk1
 0001:00058240       Errorlog_Thunk2
 0002:00000234       ErrorMap
 0002:00002008       ErrorProc
 0001:00020670       ErrorString
 0002:000023E0       ErrOutput
 0001:000017E4       ExceptAddr
 0002:0000200C       ExceptClsProc
 0001:0000C35C       ExceptHandler
 0001:0000BA9C       Exception.Create
 0001:0000BAE4       Exception.CreateFmt
 0001:0000BCB4       Exception.CreateFmtHelp
 0001:0000BC60       Exception.CreateHelp
 0001:0000BB74       Exception.CreateRes
 0001:0000BBBC       Exception.CreateResFmt
 0002:0000201C       ExceptionClass
 0001:0000B808       ExceptionErrorMessage
 0002:0000026C       ExceptMap
 0001:000017C4       ExceptObject
 0002:00002010       ExceptObjProc
 0002:00002004       ExceptProc
 0001:0000CA74       ExcludeTrailingPathDelimiter
 0002:0000457C       ExeVersion
 0002:00000000       ExitCode
 0001:000035A0       ExitDll
 0002:00002040       ExitProc
 0001:00000284       ExitProcess
 0002:00002024       ExitProcessProc
 0001:00005658       ExitProcessTLS
 0001:0000027C       ExitThread
 0001:00005630       ExitThreadTLS
 0001:00007A7C       ExpandFileName
 0002:00000B78       ExpectedData
 0001:0004738C       ExplodeBitmaps
 0002:00004824       ExplodeBitmapsPlugin
 0002:00002914       ExtraAnimations
 0001:0000796C       ExtractFileDir
 0001:00007A1C       ExtractFileExt
 0001:000079D8       ExtractFileName
 0001:0000792C       ExtractFilePath
 0002:00001284       EXTRALARGEUNIT
 0001:0005DE68       ExtraUnitBars_MainCall
 0002:00002958       ExtraUnitDefTags
 0002:00002954       ExtraWeaponDefTags
 0002:0000278C       FalseBoolStrs
 0002:0000017C       FCon1E18
 0002:00000994       Feature_Destroy
 0001:000513CC       Fetch
 0001:000512C4       FetchCaseInsensitive
 0002:00004A30       FIdPorts
 0001:00007654       FileAge
 0001:00007640       FileClose
 0001:00007574       FileCreate
 0001:00007540       FileCreate
 0001:000076C4       FileExists
 0002:000008C8       FileFlags
 0002:0000000C       FileMode
 0001:00001C38       FileNOPProc
 0001:000074D0       FileOpen
 0001:00007594       FileRead
 0001:00007604       FileSeek
 0001:00005810       FileTimeToDosDateTime
 0001:00005818       FileTimeToLocalFileTime
 0001:000075CC       FileWrite
 0002:0000045C       FILE_SHARING_ERRORS
 0001:00000D00       FillAfterGap
 0001:00000CAC       FillBeforeGap
 0001:0002A7E4       FillChar
 0001:0002A7DC       FillCharInvoke
 0001:0002A990       FillCharX87
 0001:00000D98       FillerSizeAfterGap
 0001:00000D28       FillerSizeBeforeGap
 0001:00025D1C       Finalization
 0001:00058634       Finalization
 0001:00024B84       Finalization
 0001:00024B4C       Finalization
 0001:00058598       Finalization
 0001:00053F14       Finalization
 0001:00057FE4       Finalization
 0001:00053F78       Finalization
 0001:00053FB0       Finalization
 0001:00054000       Finalization
 0001:0000E308       Finalization
 0001:00057C24       Finalization
 0001:000547D0       Finalization
 0001:00055B5C       Finalization
 0001:0004DE68       Finalization
 0001:000570D8       Finalization
 0001:0000ED4C       Finalization
 0001:00026B2C       Finalization
 0001:00024A54       Finalization
 0001:00053DF8       Finalization
 0001:00028310       Finalization
 0001:00058994       Finalization
 0001:00053DB4       Finalization
 0001:000284FC       Finalization
 0001:00028754       Finalization
 0001:000247E4       Finalization
 0001:00053D54       Finalization
 0001:000233DC       Finalization
 0001:00023054       Finalization
 0001:00058ACC       Finalization
 0001:00053D1C       Finalization
 0001:00058CA4       Finalization
 0001:00022FEC       Finalization
 0001:000289E0       Finalization
 0001:00053CE4       Finalization
 0001:00058E70       Finalization
 0001:00028AAC       Finalization
 0001:000591C4       Finalization
 0001:00053CAC       Finalization
 0001:00028BEC       Finalization
 0001:00059798       Finalization
 0001:00053C74       Finalization
 0001:00028D9C       Finalization
 0001:00059ACC       Finalization
 0001:00053C3C       Finalization
 0001:00053C04       Finalization
 0001:00053BCC       Finalization
 0001:00053B94       Finalization
 0001:00053B5C       Finalization
 0001:00022B64       Finalization
 0001:0005A104       Finalization
 0001:000228AC       Finalization
 0001:00053B24       Finalization
 0001:000226B0       Finalization
 0001:000290F0       Finalization
 0001:0005A494       Finalization
 0001:00053AEC       Finalization
 0001:00053AB4       Finalization
 0001:00022650       Finalization
 0001:0002926C       Finalization
 0001:00053A7C       Finalization
 0001:000116B0       Finalization
 0001:00053A44       Finalization
 0001:000118C4       Finalization
 0001:000293BC       Finalization
 0001:00022034       Finalization
 0001:0005A920       Finalization
 0001:00021F10       Finalization
 0001:0001D020       Finalization
 0001:00053A0C       Finalization
 0001:0005AE9C       Finalization
 0001:000539C8       Finalization
 0001:0002056C       Finalization
 0001:000295C4       Finalization
 0001:0005B5E4       Finalization
 0001:000295FC       Finalization
 0001:00029634       Finalization
 0001:0005BAF8       Finalization
 0001:00053938       Finalization
 0001:00020210       Finalization
 0001:000122B4       Finalization
 0001:000538C4       Finalization
 0001:0001230C       Finalization
 0001:00053840       Finalization
 0001:00053808       Finalization
 0001:00053768       Finalization
 0001:0005BE54       Finalization
 0001:00052E24       Finalization
 0001:0002B5F0       Finalization
 0001:00052C84       Finalization
 0001:00052548       Finalization
 0001:000522DC       Finalization
 0001:00005B9C       Finalization
 0001:00005454       Finalization
 0001:000521E0       Finalization
 0001:0002DAF4       Finalization
 0001:00051724       Finalization
 0001:0001ABF4       Finalization
 0001:0002E224       Finalization
 0001:00005BD4       Finalization
 0001:000516EC       Finalization
 0001:00051510       Finalization
 0001:0001F59C       Finalization
 0001:0002ED10       Finalization
 0001:00045160       Finalization
 0001:00045588       Finalization
 0001:00050F64       Finalization
 0001:00045638       Finalization
 0001:00050EF0       Finalization
 0001:0004FAD0       Finalization
 0001:00046C08       Finalization
 0001:00005F1C       Finalization
 0001:0005EAD0       Finalization
 0001:0001F548       Finalization
 0001:0001B0DC       Finalization
 0001:0004F208       Finalization
 0001:000472C0       Finalization
 0001:0004F1BC       Finalization
 0001:00005748       Finalization
 0001:0005EC88       Finalization
 0001:0001B12C       Finalization
 0001:0001EADC       Finalization
 0001:0001EA70       Finalization
 0001:0005EE1C       Finalization
 0001:0004CCC8       Finalization
 0001:0005F318       Finalization
 0001:0004DCBC       Finalization
 0001:0001B54C       Finalization
 0001:00005710       Finalization
 0001:0001DADC       Finalization
 0001:0005F424       Finalization
 0001:0005F4A4       Finalization
 0001:0001D900       Finalization
 0001:0005F4DC       Finalization
 0001:0001D798       Finalization
 0001:0005F514       Finalization
 0001:0001D058       Finalization
 0001:0005F54C       Finalization
 0001:0004E050       Finalization
 0001:000046A8       FinalizeArray
 0001:00003370       FinalizeUnits
 0001:0000494C       FindBS
 0001:00005820       FindClose
 0001:00000294       FindClose
 0001:00000C7C       FindCommitted
 0001:000115C0       FindCustomVariantType
 0001:00011508       FindCustomVariantType
 0001:00017854       FindExistingComponent
 0001:00005828       FindFirstFile
 0001:0000029C       FindFirstFile
 0002:00000A40       findfirst_HPI
 0001:00013890       FindGlobalComponent
 0002:0000285C       FindGlobalComponentProcs
 0001:000048B4       FindHInstance
 0001:00040D44       FindHostPlayer
 0001:00013800       FindIdentToInt
 0001:000543D8       FindMemoryCheats
 0001:000169F0       FindNestedComponent
 0002:00000A44       findnext_HPI
 0001:0000E9FC       FindProc
 0001:00054264       FindprohibitedProcesses
 0001:00004924       FindResourceHInstance
 0002:000009AC       fire_callback0
 0002:000009A0       fire_callback1
 0002:000009A4       fire_callback2
 0002:000009A8       fire_callback3
 0002:000028D4       fIsWin9x
 0001:0005A27C       FixFeaturePosition
 0001:000451A4       FixModsINI
 0002:0000279C       FLanguages
 0001:00008D88       FloatToDecimal
 0001:000090C8       FloatToStr
 0001:00009128       FloatToStrF
 0001:00008AB0       FloatToText
 0001:000087DC       FloatToText
 0001:00007DFC       FloatToTextEx
 0001:00001F04       Flush
 0001:00005830       FlushFileBuffers
 0001:00005838       FlushInstructionCache
 0002:00000190       FMSecsPerDay
 0001:000086B4       FmtStr
 0001:000085D8       FmtStr
 0001:0005188C       FoldWrapText
 0001:0000771C       ForceDirectories
 0002:00000198       Format
 0001:000085AC       Format
 0001:00008584       Format
 0001:00007E38       FormatBuf
 0001:000081B0       FormatBuf
 0001:00007DE8       FormatClearStr
 0001:0000A4B0       FormatDateTime
 0001:00007D48       FormatError
 0002:00000174       FormatErrorStrs
 0001:00005840       FormatMessage
 0001:00007DB0       FormatVarToStr
 0001:000024F4       FPower10
 0001:0000DF30       FreeAndNil
 0001:0005E458       FreeCob
 0001:000009E8       FreeCommitted
 0001:00000F08       FreeCurAlloc
 0001:0002DA2C       FreeExtensionsMemory
 0001:0001AB64       FreeIntConstList
 0001:000002A4       FreeLibrary
 0001:00005848       FreeLibrary
 0001:0001EB0C       FreeListU
 0002:00000984       FreeMoveClass
 0002:00000980       FreeObjectState
 0001:00000668       FreeSpace
 0001:0000D8D0       FreeTerminateProcs
 0001:0005E46C       FreeUnitMem
 0002:0000097C       FreeUnitOrders
 0002:00000988       free_MMwapper__
 0002:000008CC       fVersionLazyInited
 0001:00028A7C       GameUnit_LOS_MiniMap_UnitsProjectiles_IsOwner
 0001:00028BE0       GameUnit_LOS_PlayerSeeUnit_EpilogCode_Exit
 0001:00028B8C       GameUnit_LOS_PlayerSeeUnit_IsOwnerAllowedToSee
 0001:0002886C       GameUnit_LOS_Radar_CanDirectlySeeUnit
 0001:00028920       GameUnit_LOS_Radar_LoopCondition
 0001:000288C8       GameUnit_LOS_Radar_LoopStart
 0001:00028F2C       GameUnit_LOS_Update_1_Retry
 0001:00028F10       GameUnit_LOS_Update_1_Start
 0001:00029018       GameUnit_LOS_Update_2_Retry
 0001:00028FFC       GameUnit_LOS_Update_2_Start
 0002:00000954       Game_SetLOSState
 0002:0000459C       GarbageCollector
 0002:00001170       GBase64CodeTable
 0002:00004A50       GBase64DecodeTable
 0002:00004B6C       gdwDPlaySPRefCount
 0002:00004A00       GetAcceptExSockaddrs
 0001:00005868       GetACP
 0001:0002B56C       GetAddressFromCall
 0001:0001F71C       GetAppData
 0001:00005AB0       GetAsyncKeyState
 0001:000003E8       GetBlockDesc
 0001:0001D260       GetChar
 0001:00013758       GetClass
 0001:00000384       GetCmdShow
 0001:00028DD4       GetCodeInjections
 0001:00029128       GetCodeInjections
 0001:0002878C       GetCodeInjections
 0001:00028A18       GetCodeInjections
 0001:00028AE4       GetCodeInjections
 0001:00028C24       GetCodeInjections
 0001:000002AC       GetCommandLine
 0001:00000834       GetCommitted
 0001:000008C4       GetCommittedAt
 0001:00009894       GetCount
 0001:00005870       GetCPInfo
 0001:00005878       GetCurrentProcess
 0001:00000364       GetCurrentThreadId
 0001:00005880       GetCurrentThreadId
 0001:000098CC       GetDate
 0001:00005888       GetDateFormat
 0001:0000A6B0       GetDateOrder
 0001:00005890       GetDiskFreeSpaceA
 0002:00000148       GetDiskFreeSpaceEx
 0001:00002B7C       GetDynaMethod
 0001:0002ADE4       GetEnumName
 0001:00011934       GetEnumName
 0001:00011A3C       GetEnumNameValue
 0001:00011A88       GetEnumValue
 0001:0000B490       GetEraNamesAndYearOffsets
 0001:0000A780       GetEraYearOffset
 0001:0000C06C       GetExceptionClass
 0001:0000C27C       GetExceptionObject
 0001:00005898       GetExitCodeThread
 0001:000501CC       GetFDSet
 0002:00000990       GetFeatureTypeOfPos
 0001:000136DC       GetFieldClassTable
 0001:000058A0       GetFileAttributes
 0001:00000224       GetFileSize
 0001:000058A8       GetFileSize
 0001:0000021C       GetFileType
 0001:000200B0       GetFileVersion
 0001:00005A68       GetFileVersionInfo
 0001:00005A70       GetFileVersionInfoSize
 0001:0001FEA4       GetFileVersion_internal
 0001:0000CF54       GetFormatSettings
 0001:000058B0       GetFullPathName
 0002:00000950       GetGameingType
 0002:000048A8       gethostbyaddr
 0002:000048AC       gethostbyname
 0002:000048B0       gethostname
 0001:00045A90       GetINIFileName
 0001:000027E0       GetKeyboardType
 0001:000002B4       GetLastError
 0001:000058B8       GetLastError
 0001:0001E830       GetLineNumberFromAddress
 0001:0000B080       GetLocaleChar
 0001:0000D2E8       GetLocaleFormatSettings
 0001:000058C8       GetLocaleInfo
 0001:000002BC       GetLocaleInfo
 0001:0000B278       GetLocaleMonthDayNames
 0001:0000B024       GetLocaleStr
 0001:000058C0       GetLocalTime
 0001:0001EA24       GetMapAddressFromAddress
 0001:0001E92C       GetMapFileName
 0001:0005EB94       GetMemory
 0001:000002C4       GetModuleFileName
 0001:000058D0       GetModuleFileName
 0001:000002CC       GetModuleHandle
 0001:000058D8       GetModuleHandle
 0001:0001E744       GetModuleNameFromAddress
 0001:0000B100       GetMonthDayNames
 0001:0001F6BC       GetMyDocs
 0001:00011B80       GetOrdProp
 0001:00001970       GetParamStr
 0002:00004860       getpeername
 0001:00059820       GetPlugin
 0001:0004CE38       GetPlugin
 0001:00046D90       GetPlugin
 0001:00046B94       GetPlugin
 0001:00059B0C       GetPlugin
 0001:0002E2A8       GetPlugin
 0001:00058674       GetPlugin
 0001:000592F8       GetPlugin
 0001:00029304       GetPlugin
 0001:00058F60       GetPlugin
 0001:0005EB24       GetPlugin
 0001:0005A144       GetPlugin
 0001:00058D9C       GetPlugin
 0001:0002B87C       GetPlugin
 0001:0005A960       GetPlugin
 0001:000286F4       GetPlugin
 0001:00029418       GetPlugin
 0001:0005A4D4       GetPlugin
 0001:00058024       GetPlugin
 0001:0005BB38       GetPlugin
 0001:00058B0C       GetPlugin
 0001:000589D4       GetPlugin
 0001:0005BA90       GetPlugin
 0001:0005BF54       GetPlugin
 0001:0005AEDC       GetPlugin
 0001:000585D8       GetPlugin
 0002:00000968       GetPosHeight
 0001:000058E0       GetPrivateProfileString
 0001:000002D4       GetProcAddress
 0001:000058E8       GetProcAddress
 0001:0001E7C0       GetProcNameFromAddress
 0001:00011B10       GetPropInfo
 0002:000048C0       getprotobyname
 0002:000048BC       getprotobynumber
 0002:000048B8       getservbyname
 0002:000048B4       getservbyport
 0002:00004864       getsockname
 0002:00004868       getsockopt
 0001:0000058C       GetSpace
 0001:000005F0       GetSpaceAt
 0001:000002DC       GetStartupInfo
 0001:0000022C       GetStdHandle
 0001:000058F0       GetStdHandle
 0001:000058F8       GetStringTypeEx
 0001:0001F844       GetSysDir
 0001:00005900       GetSystemDirectory
 0001:00005908       GetSystemInfo
 0001:00005AB8       GetSystemMetrics
 0001:00020198       GetTADemoVersion
 0001:00005910       GetTempFileName
 0001:00005918       GetTempPath
 0001:000002E4       GetThreadLocale
 0001:00005920       GetThreadLocale
 0001:00005928       GetTickCount
 0001:0000037C       GetTickCount
 0001:00009904       GetTime
 0001:000055B8       GetTlsSize
 0002:00000A28       GetTPosition
 0001:00011928       GetTypeData
 0002:00000A24       GetUnitAtMouse
 0001:000594E4       GetUnitExtProperty
 0002:0000098C       GetUnit_BuildWeaponProgress
 0001:0000036C       GetVersion
 0001:0002ABCC       GetVersionEx
 0001:00005930       GetVersionEx
 0001:00005938       GetVolumeInformation
 0001:0001F984       GetVolumePathName
 0001:0005AB64       GetWeaponExtProperty
 0001:00005940       GlobalAlloc
 0001:00005B5C       GlobalAllocPtr
 0002:0000471C       GlobalDPlay
 0002:00002860       GlobalFixupList
 0001:00005948       GlobalFree
 0001:00005B88       GlobalFreePtr
 0001:00005958       GlobalHandle
 0001:00005950       GlobalLock
 0001:0005EB14       GlobalMemoryStatusEx
 0002:00002848       GlobalNameSpace
 0001:00005960       GlobalReAlloc
 0001:00005B6C       GlobalReAllocPtr
 0001:00005968       GlobalUnlock
 0001:0001D050       GPHugeF
 0002:000010CC       GServeFileProc
 0002:00004A14       GSocketListClass
 0002:000010C8       GStackClass
 0002:00004AE4       GStackCriticalSection
 0002:000010D0       GStarted
 0001:0005EB0C       GUIEnhancements
 0002:00004C94       GUIEnhancementsPlugin
 0001:0005DE4C       GUIEnhancements_DevUnitProbes
 0001:00018000       HandleException
 0002:00000028       HeapAllocFlags
 0002:000025C0       heapErrorCode
 0002:000025C4       heapLock
 0002:00000144       HexDisplayPrefix
 0001:0001975C       HexToBin
 0002:000011A0       hIdCrypto
 0002:000011A4       hIdIndySSL
 0002:0000119C       hIdSSL
 0002:00002660       HInstance
 0001:00005B20       HiWord
 0002:00004704       hKeyboardHook
 0002:0000486C       htonl
 0002:00004870       htons
 0002:00001280       HUGEUNIT
 0002:00000B84       hWS2Dll
 0001:0001D800       Hypot
 0001:00053870       IdAntiFreezeBase
 0001:00051754       IdAssignedNumbers
 0001:000537D8       IdAuthentication
 0001:00053FE0       IdAuthenticationManager
 0001:0005230C       IdBaseComponent
 0001:00052578       IdCoder
 0001:00052CB4       IdCoder3to4
 0001:00052E60       IdCoderMIME
 0001:0005390C       IdComponent
 0001:00053F70       IdCookie
 0001:00053FA8       IdCookieManager
 0001:0004DE98       IdException
 0001:000515CC       IdGlobal
 0001:00052210       IdHeaderList
 0001:00054048       IdHTTP
 0001:00053838       IdHTTPHeaderInfo
 0001:00053A74       IdIntercept
 0001:00053A3C       IdIOHandler
 0001:00053B8C       IdIOHandlerSocket
 0001:0005171C       IdMultipartFormData
 0001:0004519C       idplay
 0001:0004E080       IdResourceStrings
 0001:00053AAC       IdRFCReply
 0001:00053C6C       IdServerIOHandler
 0001:00053CA4       IdServerIOHandlerSocket
 0001:00053968       IdSocketHandle
 0001:00053AE4       IdSocks
 0001:00053DEC       IdSSLOpenSSL
 0001:00053A00       IdSSLOpenSSLHeaders
 0001:0004FB00       IdStack
 0001:0004F238       IdStackConsts
 0001:00050F34       IdStackWindows
 0002:00001178       IdStati
 0001:00053B54       IdStream
 0001:00053CDC       IdStrings
 0001:00053E28       IdTCPClient
 0001:00053BC4       IdTCPConnection
 0001:00053D84       IdTCPServer
 0001:00053B1C       IdTCPStream
 0001:00053BFC       IdThread
 0001:00053D4C       IdThreadMgr
 0001:00053C34       IdThreadMgrDefault
 0001:00053D14       IdThreadSafe
 0001:00050F94       IdURI
 0001:0004F1F4       IdWinSock2
 0002:000008E0       IID_IDirectPlay
 0002:000008D0       IID_IDirectPlay3
 0002:000008F0       IID_IDirectPlayLobby2
 0002:00000194       IMSecsPerDay
 0001:0000F898       InBounds
 0001:0000FB38       InBounds
 0001:0000CA20       IncludeTrailingPathDelimiter
 0001:00051144       IncludeTrailingSlash
 0001:0000F8C8       Increment
 0001:0000FB68       Increment
 0002:00004A24       IndyFalseBoolStrs
 0002:00001120       IndyPos
 0002:00004A28       IndyTrueBoolStrs
 0002:00004874       inet_addr
 0002:00004878       inet_ntoa
 0001:00047018       InGameChoseBitmap
 0001:00025D64       IniFiles
 0001:00046C54       IniOptions
 0002:0000481C       iniPath_cache
 0002:0000472C       IniSettings
 0001:00000A74       InitAllocator
 0001:0005F348       InitCode
 0001:0005F454       InitCode_CoreExePatching
 0002:00002630       InitContext
 0001:0000D904       InitDriveSpacePtr
 0001:0000C384       InitExceptions
 0001:00005970       InitializeCriticalSection
 0001:000003C8       InitializeCriticalSection
 0002:000025BC       initialized
 0001:000056BC       InitializeModule
 0001:0000EA40       InitializeVarUtils
 0001:0000CD04       InitLeadBytes
 0001:0000C490       InitPlatformId
 0001:00005604       InitProcessTLS
 0001:0002AA84       InitSynCommonsConversionTables
 0001:0000CDA8       InitSysLocale
 0001:000197D8       InitThreadSynchronization
 0001:000055C0       InitThreadTLS
 0001:0005F418       InitThunk_Stage1
 0001:0005F398       InitThunk_Stage2
 0001:00057C88       InitToolHelp
 0001:000033D0       InitUnits
 0002:00002048       Input
 0001:00028534       InputHandler
 0001:00028784       InputHook
 0001:00000E80       InsertFree
 0002:00000A38       InsertToHPIAry
 0001:000244BC       InstallPlugins
 0002:00002854       IntConstList
 0001:00005850       InterlockedDecrement
 0001:0000035C       InterlockedDecrement
 0001:0000D974       InterlockedDecrement
 0001:00005858       InterlockedExchange
 0001:0000D980       InterlockedExchange
 0001:0000D988       InterlockedExchangeAdd
 0001:00000354       InterlockedIncrement
 0001:00005860       InterlockedIncrement
 0001:0000D968       InterlockedIncrement
 0001:00001C78       InternalClose
 0001:00001EBC       InternalFlush
 0001:00000CDC       InternalFreeMem
 0001:00003CBC       InternalUniqueString
 0002:000009F8       InterpretCommand
 0001:00024AAC       InterpretInternalCommand
 0001:0001D7D0       IntPower
 0001:00007218       IntToHex
 0001:000071F0       IntToHex
 0001:000070DC       IntToStr
 0001:000071C8       IntToStr
 0002:00002798       InvalidPointer
 0001:00002A34       InvokeImplGetter
 0002:0000485C       ioctlsocket
 0001:00001910       IOResult
 0001:00005978       IsBadReadPtr
 0002:00002044       IsConsole
 0001:0000C9C4       IsDelimiter
 0001:00029B78       IsFixedWidthCodePage
 0001:000093CC       IsLeapYear
 0002:00002034       IsLibrary
 0002:00002045       IsMultiThread
 0001:0000C978       IsPathDelimiter
 0001:00025ED4       IsRelative
 0001:0001D1D4       IsStrBool
 0001:0001D144       IsStrByte
 0001:00022F28       IsTAHookRunning
 0001:000474E8       IsTAVersion31
 0002:00004835       IsTAVersion31_Cache
 0001:00007014       IsValidIdent
 0001:00005980       IsValidLocale
 0001:0000CD84       IsWesternGroup
 0001:0001F924       IsWin9x
 0002:000044B4       IsWow64
 0002:00000030       JITEnable
 0002:00004668       JSONCustomParsers
 0002:00000A88       JSON_BOOLEAN
 0002:00004B90       KernelHandle
 0002:000028CC       kernellib
 0001:0002ED40       KeyboardHook
 0001:0002E328       KeyboardHookFunction
 0002:00004708       keyboardHookLevel
 0001:0005F544       KillDamage
 0001:0000781C       LastDelimiter
 0002:0000470C       lastShareEnergyVal
 0002:0000483C       lastunit
 0001:0000CC8C       LCIDToCodePage
 0001:000053E0       LCIDToCodePage
 0002:00000124       LeadBytes
 0001:000003D8       LeaveCriticalSection
 0001:00005988       LeaveCriticalSection
 0001:0001D704       LeftPad
 0001:000455C0       LeftStr
 0002:0000003C       LibModuleList
 0001:0005F370       LibraryProc
 0002:000028A8       LineNumbers
 0001:00022C10       ListCheats
 0002:0000487C       listen
 0002:0000274E       ListSeparator
 0001:0001B10C       ListsU
 0001:0001E4C0       LoadAndParseMapFile
 0001:00046E7C       LoadExtraBitmaps
 0001:00005990       LoadLibrary
 0001:000002EC       LoadLibraryEx
 0001:00004B18       LoadResourceModule
 0001:00005388       LoadResString
 0001:0005889C       LoadSharedMaps
 0001:00058978       LoadSharedMapsHook
 0001:00005AC0       LoadString
 0001:000002F4       LoadString
 0001:0000557C       LocalAlloc
 0001:000003A8       LocalAlloc
 0001:000003B0       LocalFree
 0001:00005584       LocalFree
 0001:0000B0BC       LocalGetLocaleStr
 0001:0000B234       LocalGetLocaleStr
 0002:00004B34       LockInfoCB
 0002:00004B38       LockPassCB
 0002:00004B3C       LockVerifyCB
 0001:0002340C       log2
 0001:0005B4B8       LogAITooHighUnitInfo
 0002:00000880       logdir
 0001:0001EC94       LogError
 0001:0001EB84       LogException
 0002:000028BC       logFilename
 0001:0001F58C       logging
 0001:0005B240       LogMissingCob
 0002:00000B2C       logsave
 0002:000028C0       Log_
 0002:00002690       LongDateFormat
 0002:00002724       LongDayNames
 0002:000026D8       LongMonthNames
 0002:000026A4       LongTimeFormat
 0001:0002929C       LOS_AllyPlayer
 0001:000293EC       LOS_extensions
 0001:00028DCC       LOS_GUIText
 0001:00028D30       LOS_GUIText_SeeCommHealth
 0001:00028D68       LOS_GUIText_Unit_KillsNStuff
 0001:00028CF0       LOS_GUIText_Unit_Resources
 0001:00028ADC       LOS_MiniMapUnits
 0001:00028C1C       LOS_PlayerSeeUnit
 0001:00028A10       LOS_Radar
 0002:00004080       LOS_Updates_PTR
 0001:00029120       LOS_UpdateTables
 0001:00006CD8       LowerCase
 0002:00000A84       LowerLimit
 0001:000002FC       lstrcpyn
 0002:00002820       LVarTypes
 0002:00002824       LVarTypeSync
 0002:0000202C       MainInstance
 0002:00002030       MainThreadID
 0002:0000099C       MakeDamageToUnit
 0001:00000438       MakeEmpty
 0001:00003544       MakeErrorMessage
 0001:00005AF8       MakeLong
 0001:0001FE00       MakeTempFilename
 0001:0000BFB8       MapException
 0002:0000087C       MapFileName
 0002:000028AC       MapFileSetup
 0001:000031E8       MapToRunError
 0001:00005998       MapViewOfFile
 0001:0001D930       Math
 0002:00001278       MEDIUMUNIT
 0001:0002301C       MemMappedDataStructure
 0002:00000044       MemoryManager
 0001:00000488       MergeBlockAfter
 0001:00000F54       MergeCommit
 0001:00005AC8       MessageBox
 0001:0000028C       MessageBox
 0001:00005C04       Messages
 0001:00022688       MilliSecondOf
 0001:0001B15C       MMSystem
 0001:000455B8       ModsList
 0002:000000AC       Module
 0001:00057F7C       Module32First
 0001:00057FB0       Module32Next
 0001:000581F8       ModuleInfoComparer
 0002:0000265D       ModuleIsCpp
 0002:0000265C       ModuleIsLib
 0001:0001ABE0       ModuleUnload
 0002:00000040       ModuleUnloadList
 0002:000000F4       MonthDays
 0002:000010F0       monthnames
 0002:000011C4       monthnames
 0002:00001140       monthnames
 0001:00001930       Move
 0001:0002A890       Move
 0001:0002A888       MoveInvoke
 0001:00005AD0       MsgWaitForMultipleObjects
 0002:000009EC       Msg_Reminder
 0001:00058EAC       MultiAILimit
 0001:0000030C       MultiByteToWideChar
 0001:000059A0       MultiByteToWideChar
 0002:00000A98       n2u
 0002:00000958       Name2Sequence_Gaf
 0002:00002DDC       NanoSpotQueueUnitInfoSt
 0002:00002A78       NanoSpotQueueUnitSt
 0002:00002B90       NanoSpotUnitInfoSt
 0002:00002960       NanoSpotUnitSt
 0002:00001288       NanoUnitCreateInit
 0002:00002685       NegCurrFormat
 0001:00000FE0       NewCommit
 0001:0000100C       NewCommitAt
 0002:0000120C       NewUnitLimit
 0001:0000C924       NextCharIndex
 0002:000003D0       NilMethod
 0002:00000034       NoErrMsg
 0002:000041B4       NormToLower
 0002:000040B4       NormToUpper
 0002:000042B4       NormToUpperAnsi7
 0001:00002DA0       NotifyAnyExcept
 0001:00002D74       NotifyExcept
 0001:00002DD4       NotifyExceptFinally
 0001:00004E18       NotifyModuleUnload
 0001:00002D50       NotifyNonDelphiException
 0001:00002D8C       NotifyOnExcept
 0001:00002D34       NotifyReRaise
 0001:00002DFC       NotifyTerminate
 0001:00002E18       NotifyUnhandled
 0001:00009758       Now
 0002:00004880       ntohl
 0002:00004884       ntohs
 0001:000116A8       Null
 0002:00000330       NullAsStringValue
 0002:0000032C       NullStrictConvert
 0002:000028B4       ObjectsToFree
 0001:0001C8DC       OffsetPtr
 0001:0005F2E0       OnFinalize
 0001:0001EACC       OnFinalize
 0001:00057138       OnInit
 0001:0001EAB4       OnInitialize
 0001:0005EEE8       OnInitialize
 0001:000585D0       OnInstall
 0001:0005801C       OnInstall
 0001:000589CC       OnInstall
 0001:000286C4       OnInstall
 0001:00058CDC       OnInstall
 0001:0005EB1C       OnInstallBattlerRoomMemFix
 0001:00059818       OnInstallBuilders
 0001:0005BB30       OnInstallClockPosition
 0001:0002B748       OnInstallCobExtensions
 0001:0005B780       OnInstallColors
 0001:00046D88       OnInstallExplodeBitmaps
 0001:0005BEA4       OnInstallGUIEnhancements
 0001:00046B8C       OnInstallINI_Options
 0001:0002E25C       OnInstallKeyboardHook
 0001:0005866C       OnInstallRegPathFix
 0001:0005A13C       OnInstallResurrectPatrol
 0001:00059B04       OnInstallScriptCallsExtend
 0001:000292C0       OnInstallShareLOS
 0001:00029408       OnInstallSpeedHack
 0001:0004CE30       OnInstallStatsLogging
 0001:0005AED4       OnInstallTAExceptionsLog
 0001:0005A4CC       OnInstallUnitActions
 0001:00058B04       OnInstallUnitLimit
 0001:000592CC       OnInstallUnitsExtend
 0001:0005A958       OnInstallWeaponAimNTrajectory
 0001:00058F14       OnInstallWeaponsExtend
 0001:000585D4       OnUnInstall
 0001:000286E4       OnUnInstall
 0001:00058CE0       OnUninstall
 0001:000589D0       OnUninstall
 0001:00058020       OnUnInstall
 0001:0005EB20       OnUninstallBattlerRoomMemFix
 0001:0005981C       OnUninstallBuilders
 0001:0005BB34       OnUninstallClockPosition
 0001:0002B878       OnUninstallCobExtensions
 0001:0005BA8C       OnUninstallColors
 0001:00046D8C       OnUninstallExplodeBitmaps
 0001:0005BF50       OnUninstallGUIEnhancements
 0001:00046B90       OnUninstallINI_Options
 0001:0002E28C       OnUninstallKeyboardHook
 0001:00058670       OnUninstallRegPathFix
 0001:0005A140       OnUninstallResurrectPatrol
 0001:00059B08       OnUninstallScriptCallsExtend
 0001:000292CC       OnUninstallShareLOS
 0001:00029414       OnUninstallSpeedHack
 0001:0004CE34       OnUninstallStatsLogging
 0001:0005AED8       OnUninstallTAExceptionsLog
 0001:0005A4D0       OnUninstallUnitActions
 0001:00058B08       OnUninstallUnitLimit
 0001:000592F4       OnUninstallUnitsExtend
 0001:0005A95C       OnUninstallWeaponAimNTrajectory
 0001:00058F5C       OnUninstallWeaponsExtend
 0001:00022F78       OpenMemMap
 0001:00001B8C       OpenText
 0002:000009C8       Order2Unit
 0002:00004578       OSVersion
 0002:000044DC       OSVersionInfo
 0002:00002794       OutOfMemory
 0002:00002214       Output
 0001:0003E7E0       OutputInfo
 0001:0005A734       OverloadBugFix
 0001:00023084       PacketBufferU
 0001:00028340       packet_old
 0002:00000334       PackVarCreation
 0001:00001A5C       ParamStr
 0001:0001D2B8       ParseParams
 0001:0002AE08       PatchCode
 0001:0002373C       PatchNJump
 0001:00058AA4       PauseHandling
 0001:00058AFC       PauseLock
 0001:00005AD8       PeekMessage
 0001:00055B8C       PlayerDataU
 0001:0004CFE8       PlayerDied
 0002:0000482C       PlayerInfo
 0002:00004084       PlayerPtr
 0002:0000406C       PlayerPtr
 0002:00004058       PlayerPtr
 0001:0002923C       Player_SetAlliedState_JumpHook
 0001:00029254       Player_SetAlliedState_RetHook
 0002:000009F0       PlaySound_UnitSpeech
 0001:0002852C       PluginCommandHandlerU
 0002:00004048       PluginCommands
 0001:00024824       PluginEngine
 0001:0005EE4C       Plugins
 0002:00002910       Plugins
 0001:00013328       PointerInModule
 0001:0001D838       Power
[...]
   175 0001:0005B354   176 0001:0005B3A0   182 0001:0005B488   183 0001:0005B489
   184 0001:0005B48B   185 0001:0005B48D   186 0001:0005B48F   187 0001:0005B491
   188 0001:0005B495   189 0001:0005B496   190 0001:0005B497   191 0001:0005B49C
   192 0001:0005B4A1   194 0001:0005B4A6   195 0001:0005B4A8   196 0001:0005B4AB
   197 0001:0005B4AC   198 0001:0005B4B1   199 0001:0005B4B6   210 0001:0005B4B8
   211 0001:0005B4CF   212 0001:0005B53F   218 0001:0005B5A8   219 0001:0005B5AC
   220 0001:0005B5AD   221 0001:0005B5AE   222 0001:0005B5B4   223 0001:0005B5BA
   224 0001:0005B5BD   225 0001:0005B5BF   226 0001:0005B5C0   227 0001:0005B5C1
   228 0001:0005B5C2   229 0001:0005B5C7   231 0001:0005B5CC   232 0001:0005B5CD
   233 0001:0005B5CE   234 0001:0005B5CF   235 0001:0005B5D0   236 0001:0005B5D5
   237 0001:0005B5D7   238 0001:0005B5DC   239 0001:0005B5E1   241 0001:0005B614
   241 0001:0005B61B

Line numbers for Colors(plugins\Colors.pas) segment .text

    40 0001:0005B61C    41 0001:0005B645    44 0001:0005B65D    45 0001:0005B663
    46 0001:0005B67D    47 0001:0005B687    51 0001:0005B6BD    52 0001:0005B6C3
    53 0001:0005B6E9    54 0001:0005B6EF    57 0001:0005B722    58 0001:0005B728
    61 0001:0005B779    66 0001:0005B780    67 0001:0005B784    69 0001:0005B789
    71 0001:0005B7A7    72 0001:0005B836    73 0001:0005B84E    74 0001:0005B866
    75 0001:0005B87E    76 0001:0005B896    77 0001:0005B8AE    78 0001:0005B8C6
    79 0001:0005B8DE    80 0001:0005B8F6    81 0001:0005B90E    82 0001:0005B926
    83 0001:0005B93E    84 0001:0005B956    85 0001:0005B96E    86 0001:0005B986
    87 0001:0005B99E    88 0001:0005B9B6    89 0001:0005B9CE    90 0001:0005B9E6
    91 0001:0005B9FB    92 0001:0005BA10    93 0001:0005BA25    94 0001:0005BA3A
    95 0001:0005BA4F    96 0001:0005BA64    99 0001:0005BA79    67 0001:0005BA7C
   100 0001:0005BA86   104 0001:0005BA8C   107 0001:0005BA90   108 0001:0005BA94
   111 0001:0005BAA6   115 0001:0005BAD0   119 0001:0005BADA   120 0001:0005BAE2
   122 0001:0005BB28   122 0001:0005BB2F

Line numbers for ClockPosition(plugins\ClockPosition.pas) segment .text

    42 0001:0005BB30    46 0001:0005BB34    54 0001:0005BB38    55 0001:0005BB3E
    57 0001:0005BB58    58 0001:0005BB60    59 0001:0005BB68    60 0001:0005BB6E
    62 0001:0005BB74    68 0001:0005BB9E    73 0001:0005BBB0    75 0001:0005BBD0
    80 0001:0005BBF0    82 0001:0005BC10    88 0001:0005BC33    94 0001:0005BC56
   100 0001:0005BC79   108 0001:0005BC9A   110 0001:0005BCA4   111 0001:0005BCAC
   115 0001:0005BDC0   116 0001:0005BDC1   117 0001:0005BDC6   118 0001:0005BDCA
   119 0001:0005BDCB   120 0001:0005BDCC   121 0001:0005BDD2   122 0001:0005BDD7
   123 0001:0005BDDC   127 0001:0005BDE0   128 0001:0005BDE1   129 0001:0005BDE7
   130 0001:0005BDED   131 0001:0005BDF0   132 0001:0005BDF1   133 0001:0005BDF5
   134 0001:0005BDF6   135 0001:0005BDF7   136 0001:0005BDFD   137 0001:0005BE02
   138 0001:0005BE07   142 0001:0005BE08   143 0001:0005BE0A   144 0001:0005BE0F
   145 0001:0005BE13   146 0001:0005BE14   147 0001:0005BE15   148 0001:0005BE1B
   149 0001:0005BE20   150 0001:0005BE25   154 0001:0005BE28   155 0001:0005BE2A
   156 0001:0005BE30   157 0001:0005BE36   158 0001:0005BE39   159 0001:0005BE3A
   160 0001:0005BE3E   161 0001:0005BE3F   162 0001:0005BE40   163 0001:0005BE46
   164 0001:0005BE4B   165 0001:0005BE50   167 0001:0005BE84   167 0001:0005BE8B

Line numbers for GUIEnhancements(plugins\GUIEnhancements.pas) segment .text

    65 0001:0005BEA4    67 0001:0005BEB6    68 0001:0005BEC4    69 0001:0005BED4
    70 0001:0005BEE2    71 0001:0005BEF2    72 0001:0005BF00    73 0001:0005BF10
    74 0001:0005BF1E    75 0001:0005BF2E    76 0001:0005BF3C    78 0001:0005BF4C
    82 0001:0005BF50    86 0001:0005BF54    87 0001:0005BF58    89 0001:0005BF72
    95 0001:0005BF9C    98 0001:0005BFC6   103 0001:0005BFE7   108 0001:0005C008
   109 0001:0005C016   114 0001:0005C037   119 0001:0005C058   124 0001:0005C079
   129 0001:0005C09A   130 0001:0005C0A8   135 0001:0005C0C9   136 0001:0005C0D7
   146 0001:0005C0F8   148 0001:0005C102   149 0001:0005C10A   204 0001:0005C24C
   205 0001:0005C284   206 0001:0005C289   208 0001:0005C28F   211 0001:0005C2B7
   212 0001:0005C2C3   214 0001:0005C2DE   220 0001:0005C318   222 0001:0005C337
   224 0001:0005C341   225 0001:0005C34F   227 0001:0005C35B   229 0001:0005C366
   230 0001:0005C372   231 0001:0005C378   233 0001:0005C38A   234 0001:0005C395
   236 0001:0005C3A0   237 0001:0005C3B6   239 0001:0005C3C1   240 0001:0005C3D7
   242 0001:0005C3E2   243 0001:0005C3F8   245 0001:0005C400   246 0001:0005C416
   248 0001:0005C41E   249 0001:0005C429   252 0001:0005C431   253 0001:0005C43F
   256 0001:0005C464   259 0001:0005C498   261 0001:0005C4BD   262 0001:0005C4D6
   263 0001:0005C4EF   264 0001:0005C505   266 0001:0005C51B   267 0001:0005C535
   268 0001:0005C543   269 0001:0005C551   271 0001:0005C55F   272 0001:0005C5C0
   274 0001:0005C5DC   276 0001:0005C5FA   278 0001:0005C610   279 0001:0005C61A
   281 0001:0005C648   283 0001:0005C676   286 0001:0005C6A4   288 0001:0005C6BA
   289 0001:0005C6C4   291 0001:0005C6EA   293 0001:0005C710   298 0001:0005C734
   301 0001:0005C758   305 0001:0005C777   306 0001:0005C77C   307 0001:0005C781
   309 0001:0005C785   311 0001:0005C78E   312 0001:0005C7A6   313 0001:0005C7AA
   315 0001:0005C7CF   316 0001:0005C7DF   319 0001:0005C7F5   321 0001:0005C7FE
   322 0001:0005C816   323 0001:0005C81A   325 0001:0005C83F   326 0001:0005C84F
   329 0001:0005C865   331 0001:0005C86E   332 0001:0005C886   333 0001:0005C88A
   335 0001:0005C8AF   336 0001:0005C8BF   341 0001:0005C8D5   342 0001:0005C8D9
   343 0001:0005C8E7   344 0001:0005C91D   346 0001:0005C946   347 0001:0005C96F
   348 0001:0005C998   351 0001:0005C99C   353 0001:0005C9A6   354 0001:0005C9AC
   357 0001:0005C9BF   358 0001:0005C9CA   361 0001:0005C9D5   362 0001:0005C9DB
   365 0001:0005C9E0   369 0001:0005C9FA   371 0001:0005CA03   372 0001:0005CA0A
   374 0001:0005CA25   377 0001:0005CA2A   379 0001:0005CA34   380 0001:0005CA4A
   381 0001:0005CA60   382 0001:0005CA80   386 0001:0005CAA0   388 0001:0005CABA
   389 0001:0005CAC8   390 0001:0005CAD6   391 0001:0005CAE4   393 0001:0005CB21
   395 0001:0005CB27   396 0001:0005CB3D   398 0001:0005CB6B   401 0001:0005CB94
   402 0001:0005CBB8   403 0001:0005CBCE   405 0001:0005CBE7   406 0001:0005CBEB
   407 0001:0005CC37   408 0001:0005CC65   409 0001:0005CC9D   410 0001:0005CCD5
   411 0001:0005CD0D   412 0001:0005CD42   413 0001:0005CD77   423 0001:0005CDAA
   425 0001:0005CDBC   426 0001:0005CDCC   431 0001:0005CDE8   434 0001:0005CDFA
   436 0001:0005CE17   437 0001:0005CE32   439 0001:0005CE3C   440 0001:0005CE42
   442 0001:0005CE4A   443 0001:0005CE6A   445 0001:0005CE75   446 0001:0005CE7D
   447 0001:0005CE85   450 0001:0005CEA5   451 0001:0005CEC3   452 0001:0005CEF5
   456 0001:0005CF0F   457 0001:0005CF2D   458 0001:0005CF5F   462 0001:0005CF79
   463 0001:0005CF96   465 0001:0005CFA1   466 0001:0005CFC7   467 0001:0005CFED
   469 0001:0005CFFD   470 0001:0005D014   475 0001:0005D03D   476 0001:0005D05B
   477 0001:0005D07A   479 0001:0005D085   480 0001:0005D09C   481 0001:0005D0C8
   482 0001:0005D100   483 0001:0005D117   488 0001:0005D12C   493 0001:0005D177
   494 0001:0005D18D   495 0001:0005D1A3   496 0001:0005D1B9   498 0001:0005D1CF
   500 0001:0005D1E9   501 0001:0005D1F7   502 0001:0005D205   503 0001:0005D213
   505 0001:0005D272   506 0001:0005D2C4   507 0001:0005D2DA   509 0001:0005D2F6
   510 0001:0005D2FD   511 0001:0005D337   512 0001:0005D368   513 0001:0005D3A3
   514 0001:0005D3DB   515 0001:0005D413   525 0001:0005D449   526 0001:0005D457
   527 0001:0005D460   530 0001:0005D4A5   532 0001:0005D4B7   534 0001:0005D4CC
   535 0001:0005D4EE   537 0001:0005D4F5   539 0001:0005D518   542 0001:0005D527
   546 0001:0005D52E   549 0001:0005D53B   557 0001:0005D545   558 0001:0005D555
   559 0001:0005D55F   562 0001:0005D5DE   563 0001:0005D601   565 0001:0005D60B
   566 0001:0005D61B   567 0001:0005D628   569 0001:0005D638   571 0001:0005D642
   572 0001:0005D666   573 0001:0005D66C   574 0001:0005D673   575 0001:0005D67B
   576 0001:0005D682   577 0001:0005D68E   578 0001:0005D694   580 0001:0005D6B4
   581 0001:0005D6BA   583 0001:0005D6DA   585 0001:0005D6F8   588 0001:0005D753
   596 0001:0005D773   599 0001:0005D7A4   600 0001:0005D7A8   602 0001:0005D7B4
   603 0001:0005D7C6   605 0001:0005D7CC   607 0001:0005D7D0   609 0001:0005D7D6
   610 0001:0005D7EC   615 0001:0005D84C   624 0001:0005D8A8   625 0001:0005D902
   626 0001:0005D907   627 0001:0005D922   628 0001:0005D929   630 0001:0005D935
   631 0001:0005D945   633 0001:0005D957   634 0001:0005D975   635 0001:0005D983
   638 0001:0005D9D3   639 0001:0005D9E0   643 0001:0005DA30   644 0001:0005DA4E
   645 0001:0005DA5C   648 0001:0005DAA9   649 0001:0005DAB6   652 0001:0005DB01
   654 0001:0005DB24   655 0001:0005DB34   657 0001:0005DB46   658 0001:0005DB64
   659 0001:0005DB72   662 0001:0005DBC2   663 0001:0005DBCF   667 0001:0005DC1F
   668 0001:0005DC3D   669 0001:0005DC4B   672 0001:0005DC98   673 0001:0005DCA5
   676 0001:0005DCF0   677 0001:0005DD5A   680 0001:0005DDF0   682 0001:0005DDF3
   684 0001:0005DE03   685 0001:0005DE18   686 0001:0005DE25   687 0001:0005DE3A
   689 0001:0005DE47   693 0001:0005DE4C   694 0001:0005DE50   695 0001:0005DE51
   696 0001:0005DE52   697 0001:0005DE57   698 0001:0005DE58   699 0001:0005DE5A
   700 0001:0005DE5F   701 0001:0005DE64   705 0001:0005DE68   706 0001:0005DE6C
   707 0001:0005DE6D   708 0001:0005DE6E   709 0001:0005DE6F   710 0001:0005DE70
   711 0001:0005DE75   712 0001:0005DE7A   713 0001:0005DE7F   717 0001:0005DE80
   718 0001:0005DE86   719 0001:0005DE8C   720 0001:0005DE91   721 0001:0005DE92
   722 0001:0005DE99   723 0001:0005DE9A   724 0001:0005DE9E   725 0001:0005DE9F
   726 0001:0005DEA0   727 0001:0005DEA6   728 0001:0005DEAA   729 0001:0005DEAC
   730 0001:0005DEB1   732 0001:0005DEB2   733 0001:0005DEB3   735 0001:0005DEB7
   736 0001:0005DEB8   737 0001:0005DEBD   738 0001:0005DEC2   739 0001:0005DEC7
   752 0001:0005DEC8   753 0001:0005DECE   754 0001:0005DED3   755 0001:0005DEE3
   757 0001:0005DEEF   758 0001:0005DF1E   760 0001:0005DF4D   775 0001:0005DF68
   776 0001:0005DF91   777 0001:0005DFBB   781 0001:0005DFE9   782 0001:0005E012
   784 0001:0005E02D   785 0001:0005E03D   792 0001:0005E065   793 0001:0005E08E
   794 0001:0005E0A0   796 0001:0005E0A6   797 0001:0005E0B8   799 0001:0005E0E3
   801 0001:0005E0E7   808 0001:0005E178   809 0001:0005E1A1   811 0001:0005E1B3
   813 0001:0005E1B9   814 0001:0005E1BD   816 0001:0005E1E8   818 0001:0005E21E
   824 0001:0005E2B0   832 0001:0005E2C0   833 0001:0005E2C1   834 0001:0005E2C8
   835 0001:0005E2CA   836 0001:0005E2CB   839 0001:0005E2CD   840 0001:0005E2CE
   841 0001:0005E2D1   842 0001:0005E2D4   843 0001:0005E2D7   844 0001:0005E2D8
   845 0001:0005E2DA   846 0001:0005E2DB   847 0001:0005E2DC   848 0001:0005E2DD
   849 0001:0005E2DE   852 0001:0005E2E4   853 0001:0005E2E7   854 0001:0005E2EA
   855 0001:0005E2ED   856 0001:0005E2EE   857 0001:0005E2EF   858 0001:0005E2F2
   859 0001:0005E2F3   860 0001:0005E2F4   861 0001:0005E2F5   862 0001:0005E2F6
   865 0001:0005E2FC   866 0001:0005E2FF   867 0001:0005E302   868 0001:0005E305
   869 0001:0005E306   870 0001:0005E307   871 0001:0005E30A   872 0001:0005E30B
   873 0001:0005E30C   874 0001:0005E30D   875 0001:0005E30E   878 0001:0005E314
   879 0001:0005E317   880 0001:0005E319   881 0001:0005E31C   882 0001:0005E31D
   883 0001:0005E31E   884 0001:0005E321   885 0001:0005E322   886 0001:0005E323
   887 0001:0005E324   888 0001:0005E325   889 0001:0005E32B   891 0001:0005E32D
   892 0001:0005E331   893 0001:0005E332   894 0001:0005E335   895 0001:0005E338
   896 0001:0005E339   897 0001:0005E33A   898 0001:0005E33C   899 0001:0005E33F
   900 0001:0005E340   901 0001:0005E341   902 0001:0005E342   903 0001:0005E345
   904 0001:0005E346   906 0001:0005E34B   907 0001:0005E350   908 0001:0005E355
   914 0001:0005E358   915 0001:0005E359   916 0001:0005E360   917 0001:0005E363
   918 0001:0005E364   919 0001:0005E366   920 0001:0005E36B   921 0001:0005E370
   923 0001:0005E375   924 0001:0005E37B   925 0001:0005E380   926 0001:0005E385
   931 0001:0005E388   932 0001:0005E391   933 0001:0005E39D   935 0001:0005E3A7
   936 0001:0005E3B4   937 0001:0005E3C0   938 0001:0005E3CC   939 0001:0005E3D8
   940 0001:0005E3E4   941 0001:0005E3F0   942 0001:0005E3FA   943 0001:0005E405
   944 0001:0005E410   945 0001:0005E41B   946 0001:0005E426   947 0001:0005E431
   948 0001:0005E43C   949 0001:0005E447   951 0001:0005E452   955 0001:0005E458
   956 0001:0005E45B   957 0001:0005E45D   958 0001:0005E463   959 0001:0005E465
   960 0001:0005E467   961 0001:0005E46A   965 0001:0005E46C   966 0001:0005E476
   967 0001:0005E482   968 0001:0005E48F   969 0001:0005E49B   971 0001:0005E4A1
   972 0001:0005E4AB   974 0001:0005E4B6   976 0001:0005E4C2   977 0001:0005E4D5
   979 0001:0005E4E0   981 0001:0005E4E8   982 0001:0005E502   983 0001:0005E512
   985 0001:0005E519   986 0001:0005E525   987 0001:0005E532   993 0001:0005E538
   994 0001:0005E540   995 0001:0005E54F   997 0001:0005E559  1000 0001:0005E58C
  1001 0001:0005E5AC  1002 0001:0005E5CF  1005 0001:0005E5F2  1006 0001:0005E607
  1007 0001:0005E61C  1009 0001:0005E630  1010 0001:0005E645  1011 0001:0005E66B
  1013 0001:0005E691  1014 0001:0005E6BA  1016 0001:0005E6CB  1017 0001:0005E707
  1018 0001:0005E712  1019 0001:0005E751  1021 0001:0005E75C  1023 0001:0005E76A
  1026 0001:0005E779  1027 0001:0005E784  1028 0001:0005E78F  1029 0001:0005E79E
  1031 0001:0005E7AB  1032 0001:0005E7C3  1034 0001:0005E7D3  1036 0001:0005E7E1
  1038 0001:0005E7F4  1039 0001:0005E7FE  1044 0001:0005E811  1048 0001:0005E81C
  1049 0001:0005E820  1050 0001:0005E821  1051 0001:0005E826  1052 0001:0005E82C
  1053 0001:0005E831  1054 0001:0005E836  1060 0001:0005E838  1062 0001:0005E840
  1064 0001:0005E84D  1065 0001:0005E85C  1067 0001:0005E866  1068 0001:0005E87B
  1069 0001:0005E892  1070 0001:0005E8B5  1071 0001:0005E8BC  1072 0001:0005E8C3
  1074 0001:0005E8D8  1075 0001:0005E8FE  1077 0001:0005E924  1078 0001:0005E94D
  1080 0001:0005E95E  1081 0001:0005E971  1082 0001:0005E97C  1083 0001:0005E98F
  1085 0001:0005E99A  1087 0001:0005E9A8  1090 0001:0005E9B7  1091 0001:0005E9C2
  1093 0001:0005E9CF  1094 0001:0005E9E6  1096 0001:0005E9F6  1098 0001:0005EA04
  1100 0001:0005EA17  1101 0001:0005EA21  1105 0001:0005EA34  1113 0001:0005EA3C
  1114 0001:0005EA3E  1115 0001:0005EA3F  1116 0001:0005EA43  1117 0001:0005EA44
  1118 0001:0005EA45  1119 0001:0005EA46  1120 0001:0005EA4B  1121 0001:0005EA4C
  1122 0001:0005EA4F  1123 0001:0005EA54  1124 0001:0005EA59  1132 0001:0005EA5C
  1133 0001:0005EA63  1134 0001:0005EA6A  1135 0001:0005EA6D  1137 0001:0005EA6F
  1138 0001:0005EA75  1139 0001:0005EA77  1140 0001:0005EA79  1141 0001:0005EA7C
  1142 0001:0005EA82  1143 0001:0005EA85  1144 0001:0005EA87  1145 0001:0005EA8A
  1146 0001:0005EA8C  1147 0001:0005EA8E  1148 0001:0005EA91  1149 0001:0005EA94
  1151 0001:0005EA97  1152 0001:0005EA99  1153 0001:0005EA9C  1154 0001:0005EAA1
  1155 0001:0005EAA3  1157 0001:0005EAA6  1158 0001:0005EAA8  1160 0001:0005EAAA
  1161 0001:0005EAAD  1162 0001:0005EAAF  1163 0001:0005EAB4  1164 0001:0005EAB9
  1166 0001:0005EABB  1167 0001:0005EAC0  1169 0001:0005EAC5  1170 0001:0005EACA
  1171 0001:0005EACF  1269 0001:0005EB0C  1269 0001:0005EB13

Line numbers for BattlerRoomMemFix(plugins\BattlerRoomMemFix.pas) segment .text

    48 0001:0005EB14    52 0001:0005EB1C    56 0001:0005EB20    59 0001:0005EB24
    60 0001:0005EB28    62 0001:0005EB3A    68 0001:0005EB61    73 0001:0005EB7F
    75 0001:0005EB89    76 0001:0005EB91    82 0001:0005EB94    83 0001:0005EB9D
    84 0001:0005EBA3    85 0001:0005EBB2    86 0001:0005EBB9    87 0001:0005EBC7
    88 0001:0005EBD4    90 0001:0005EC00    92 0001:0005EC19    95 0001:0005EC25
    96 0001:0005EC2E    98 0001:0005EC36    99 0001:0005EC4D   112 0001:0005EC54
   113 0001:0005EC55   114 0001:0005EC56   115 0001:0005EC57   116 0001:0005EC5C
   117 0001:0005EC5E   118 0001:0005EC60   119 0001:0005EC61   120 0001:0005EC68
   121 0001:0005EC69   122 0001:0005EC6A   123 0001:0005EC6F   125 0001:0005EC74
   126 0001:0005EC75   127 0001:0005EC76   128 0001:0005EC77   129 0001:0005EC7D
   130 0001:0005EC82   131 0001:0005EC87   133 0001:0005ECB8   133 0001:0005ECBF

Line numbers for Plugins(Plugins.pas) segment .text

    45 0001:0005ECC0    47 0001:0005ECC7    49 0001:0005ECD1    50 0001:0005ECDB
    52 0001:0005ECE5    53 0001:0005ECEF    54 0001:0005ECF9    55 0001:0005ED03
    56 0001:0005ED0D    58 0001:0005ED17    59 0001:0005ED21    60 0001:0005ED2B
    63 0001:0005ED35    64 0001:0005ED3F    65 0001:0005ED49    67 0001:0005ED53
    68 0001:0005ED5E    69 0001:0005ED68    70 0001:0005ED72    71 0001:0005ED7C
    72 0001:0005ED86    74 0001:0005ED90    75 0001:0005ED9E    76 0001:0005EDA8
    78 0001:0005EDB2    79 0001:0005EDBD    80 0001:0005EDC7    81 0001:0005EDD1
    82 0001:0005EDDB    83 0001:0005EDE5    84 0001:0005EDEF    85 0001:0005EDFA
    88 0001:0005EE04    89 0001:0005EE0C    92 0001:0005EE10    93 0001:0005EE13
    94 0001:0005EE18    96 0001:0005EE4C    96 0001:0005EE53

Line numbers for InitCode(InitCode.pas) segment .text

    87 0001:0005EE54    88 0001:0005EE58    89 0001:0005EE5F    90 0001:0005EE69
    91 0001:0005EE7B    93 0001:0005EE85    94 0001:0005EE9C    95 0001:0005EEA5
    97 0001:0005EEB5   103 0001:0005EEE8   108 0001:0005EF0C   109 0001:0005EF1A
   111 0001:0005EF24   114 0001:0005EF29   118 0001:0005EF34   119 0001:0005EF3F
   121 0001:0005EF48   122 0001:0005EF65   124 0001:0005EF9D   125 0001:0005EFA7
   127 0001:0005EFD7   128 0001:0005EFE1   129 0001:0005F001   130 0001:0005F028
   131 0001:0005F031   132 0001:0005F042   133 0001:0005F04B   134 0001:0005F05C
   135 0001:0005F067   137 0001:0005F07A   138 0001:0005F0A1   139 0001:0005F0AB
   140 0001:0005F0D9   144 0001:0005F0F5   150 0001:0005F0FE   155 0001:0005F129
   164 0001:0005F12E   166 0001:0005F151   168 0001:0005F154   169 0001:0005F15C
   172 0001:0005F188   175 0001:0005F2E0   176 0001:0005F2E3   177 0001:0005F2E8
   179 0001:0005F2ED   181 0001:0005F2F6   182 0001:0005F303   185 0001:0005F30C
   187 0001:0005F316   189 0001:0005F348   190 0001:0005F354   191 0001:0005F361
   192 0001:0005F36E

Line numbers for InitCode_CoreExePatching(InitCode_CoreExePatching.pas) segment .text

    50 0001:0005F370    51 0001:0005F378    53 0001:0005F37E    54 0001:0005F388
    56 0001:0005F392    71 0001:0005F398    72 0001:0005F39F    73 0001:0005F3A9
    74 0001:0005F3B3    75 0001:0005F3C1    77 0001:0005F3E8    79 0001:0005F3EB
    80 0001:0005F3F3    81 0001:0005F405    84 0001:0005F40F    88 0001:0005F418
    92 0001:0005F41D    93 0001:0005F422    94 0001:0005F423    96 0001:0005F454
    97 0001:0005F460    98 0001:0005F46D   102 0001:0005F47A   103 0001:0005F484
   104 0001:0005F48E   106 0001:0005F498   107 0001:0005F4A2

Line numbers for threadlogging(threadlogging.pas) segment .text

   145 0001:0005F4D4   145 0001:0005F4DB

Line numbers for StartBuilding(plugins\StartBuilding.pas) segment .text

    96 0001:0005F50C    96 0001:0005F513

Line numbers for KillDamage(plugins\KillDamage.pas) segment .text

    96 0001:0005F544    96 0001:0005F54B

Line numbers for dplayx(F:\TA\TADR\SVN\trunk\src\Recorder\Dplayx.dpr) segment .text

    74 0001:0005F9D4    75 0001:0005F9E4

Bound resource files

dplayx.res
dplayx.drf


Program entry point at 0001:0005F9D4
