
 Start         Length     Name                   Class
 0001:00000000 0003F99CH .text                   CODE
 0002:00000000 00000C48H .data                   DATA
 0002:00000C48 00000AFDH .bss                    BSS


Detailed map of segments

 0001:00000000 0000565B C=CODE     S=.text    G=(none)   M=System   ACBP=A9
 0001:0000565C 000001CC C=CODE     S=.text    G=(none)   M=SysInit  ACBP=A9
 0001:00005828 00000038 C=CODE     S=.text    G=(none)   M=Types    ACBP=A9
 0001:00005860 0000036C C=CODE     S=.text    G=(none)   M=Windows  ACBP=A9
 0001:00005BCC 00000038 C=CODE     S=.text    G=(none)   M=Messages ACBP=A9
 0001:00005C04 00000348 C=CODE     S=.text    G=(none)   M=SysConst ACBP=A9
 0001:00005F4C 00007624 C=CODE     S=.text    G=(none)   M=SysUtils ACBP=A9
 0001:0000D570 00000887 C=CODE     S=.text    G=(none)   M=VarUtils ACBP=A9
 0001:0000DDF8 0000280E C=CODE     S=.text    G=(none)   M=Variants ACBP=A9
 0001:00010608 000000C8 C=CODE     S=.text    G=(none)   M=RTLConsts ACBP=A9
 0001:000106D0 00000084 C=CODE     S=.text    G=(none)   M=TypInfo  ACBP=A9
 0001:00010754 00000038 C=CODE     S=.text    G=(none)   M=ActiveX  ACBP=A9
 0001:0001078C 0000478E C=CODE     S=.text    G=(none)   M=Classes  ACBP=A9
 0001:00014F1C 000003DC C=CODE     S=.text    G=(none)   M=ListsU   ACBP=A9
 0001:000152F8 00000050 C=CODE     S=.text    G=(none)   M=MMSystem ACBP=A9
 0001:00015348 000001DC C=CODE     S=.text    G=(none)   M=SyncObjs ACBP=A9
 0001:00015524 00001AD4 C=CODE     S=.text    G=(none)   M=GPHugeF  ACBP=A9
 0001:00016FF8 00000038 C=CODE     S=.text    G=(none)   M=Consts   ACBP=A9
 0001:00017030 0000061C C=CODE     S=.text    G=(none)   M=textdata ACBP=A9
 0001:0001764C 00000038 C=CODE     S=.text    G=(none)   M=Math     ACBP=A9
 0001:00017684 00000194 C=CODE     S=.text    G=(none)   M=Contnrs  ACBP=A9
 0001:00017818 00000FA0 C=CODE     S=.text    G=(none)   M=uDebug   ACBP=A9
 0001:000187B8 00000060 C=CODE     S=.text    G=(none)   M=FreeListU ACBP=A9
 0001:00018818 00000040 C=CODE     S=.text    G=(none)   M=SHFolder ACBP=A9
 0001:00018858 00000B78 C=CODE     S=.text    G=(none)   M=TADemoConsts ACBP=A9
 0001:000193D0 00000330 C=CODE     S=.text    G=(none)   M=TextFileU ACBP=A9
 0001:00019700 00000A74 C=CODE     S=.text    G=(none)   M=logging  ACBP=A9
 0001:0001A174 000019A4 C=CODE     S=.text    G=(none)   M=DPlay    ACBP=A9
 0001:0001BB18 00000124 C=CODE     S=.text    G=(none)   M=DPLobby  ACBP=A9
 0001:0001BC3C 00000450 C=CODE     S=.text    G=(none)   M=MemMappedDataStructure ACBP=A9
 0001:0001C08C 00000068 C=CODE     S=.text    G=(none)   M=PacketBufferU ACBP=A9
 0001:0001C0F4 00000388 C=CODE     S=.text    G=(none)   M=log2     ACBP=A9
 0001:0001C47C 000008D8 C=CODE     S=.text    G=(none)   M=statslogging ACBP=A9
 0001:0001CD54 000011B0 C=CODE     S=.text    G=(none)   M=IniFiles ACBP=A9
 0001:0001DF04 00000E0C C=CODE     S=.text    G=(none)   M=Registry ACBP=A9
 0001:0001ED10 00001418 C=CODE     S=.text    G=(none)   M=PluginEngine ACBP=A9
 0001:00020128 00000038 C=CODE     S=.text    G=(none)   M=TA_FunctionsU ACBP=A9
 0001:00020160 00000038 C=CODE     S=.text    G=(none)   M=TA_NetworkingMessages ACBP=A9
 0001:00020198 000004CC C=CODE     S=.text    G=(none)   M=COB_extensions ACBP=A9
 0001:00020664 00000514 C=CODE     S=.text    G=(none)   M=TAMemManipulations ACBP=A9
 0001:00020B78 00000988 C=CODE     S=.text    G=(none)   M=TA_MemoryLocations ACBP=A9
 0001:00021500 00000420 C=CODE     S=.text    G=(none)   M=ModsList ACBP=A9
 0001:00021920 000000B0 C=CODE     S=.text    G=(none)   M=StrUtils ACBP=A9
 0001:000219D0 00001040 C=CODE     S=.text    G=(none)   M=INI_Options ACBP=A9
 0001:00022A10 000017B0 C=CODE     S=.text    G=(none)   M=packet_old ACBP=A9
 0001:000241C0 000001EC C=CODE     S=.text    G=(none)   M=PluginCommandHandlerU ACBP=A9
 0001:000243AC 00000258 C=CODE     S=.text    G=(none)   M=InputHook ACBP=A9
 0001:00024604 0000028C C=CODE     S=.text    G=(none)   M=LOS_Radar ACBP=A9
 0001:00024890 000000CC C=CODE     S=.text    G=(none)   M=LOS_MiniMapUnits ACBP=A9
 0001:0002495C 00000140 C=CODE     S=.text    G=(none)   M=LOS_PlayerSeeUnit ACBP=A9
 0001:00024A9C 000001B0 C=CODE     S=.text    G=(none)   M=LOS_GUIText ACBP=A9
 0001:00024C4C 00000354 C=CODE     S=.text    G=(none)   M=LOS_UpdateTables ACBP=A9
 0001:00024FA0 0000017C C=CODE     S=.text    G=(none)   M=LOS_AllyPlayer ACBP=A9
 0001:0002511C 00000150 C=CODE     S=.text    G=(none)   M=LOS_extensions ACBP=A9
 0001:0002526C 00000208 C=CODE     S=.text    G=(none)   M=SpeedHack ACBP=A9
 0001:00025474 00014CD4 C=CODE     S=.text    G=(none)   M=idplay   ACBP=A9
 0001:0003A148 0000138C C=CODE     S=.text    G=(none)   M=PlayerDataU ACBP=A9
 0001:0003B4D4 00000608 C=CODE     S=.text    G=(none)   M=CommandHandlerU ACBP=A9
 0001:0003BADC 0000157C C=CODE     S=.text    G=(none)   M=DPLobbyWrapper ACBP=A9
 0001:0003D058 00000B78 C=CODE     S=.text    G=(none)   M=Dplayx_exports ACBP=A9
 0001:0003DBD0 00000394 C=CODE     S=.text    G=(none)   M=TlHelp32 ACBP=A9
 0001:0003DF64 000005B4 C=CODE     S=.text    G=(none)   M=ErrorLog_ExtraData ACBP=A9
 0001:0003E518 0000009C C=CODE     S=.text    G=(none)   M=Thread_marshaller ACBP=A9
 0001:0003E5B4 00000108 C=CODE     S=.text    G=(none)   M=PauseLock ACBP=A9
 0001:0003E6BC 000001B0 C=CODE     S=.text    G=(none)   M=UnitLimit ACBP=A9
 0001:0003E86C 000001D8 C=CODE     S=.text    G=(none)   M=MultiAILimit ACBP=A9
 0001:0003EA44 00000578 C=CODE     S=.text    G=(none)   M=Colors   ACBP=A9
 0001:0003EFBC 000000CC C=CODE     S=.text    G=(none)   M=Plugins  ACBP=A9
 0001:0003F088 00000520 C=CODE     S=.text    G=(none)   M=InitCode ACBP=A9
 0001:0003F5A8 00000134 C=CODE     S=.text    G=(none)   M=InitCode_CoreExePatching ACBP=A9
 0001:0003F6DC 00000038 C=CODE     S=.text    G=(none)   M=threadlogging ACBP=A9
 0001:0003F714 00000285 C=CODE     S=.text    G=(none)   M=dplayx   ACBP=A9
 0002:00000000 000000A4 C=DATA     S=.data    G=DGROUP   M=System   ACBP=A9
 0002:000000A4 00000030 C=DATA     S=.data    G=DGROUP   M=SysInit  ACBP=A9
 0002:000000D4 00000250 C=DATA     S=.data    G=DGROUP   M=SysUtils ACBP=A9
 0002:00000324 00000008 C=DATA     S=.data    G=DGROUP   M=VarUtils ACBP=A9
 0002:0000032C 00000076 C=DATA     S=.data    G=DGROUP   M=Variants ACBP=A9
 0002:000003A4 0000000C C=DATA     S=.data    G=DGROUP   M=TypInfo  ACBP=A9
 0002:000003B0 00000084 C=DATA     S=.data    G=DGROUP   M=Classes  ACBP=A9
 0002:00000434 00000020 C=DATA     S=.data    G=DGROUP   M=GPHugeF  ACBP=A9
 0002:00000454 00000400 C=DATA     S=.data    G=DGROUP   M=textdata ACBP=A9
 0002:00000854 00000004 C=DATA     S=.data    G=DGROUP   M=uDebug   ACBP=A9
 0002:00000858 00000049 C=DATA     S=.data    G=DGROUP   M=TADemoConsts ACBP=A9
 0002:000008A4 00000004 C=DATA     S=.data    G=DGROUP   M=logging  ACBP=A9
 0002:000008A8 00000020 C=DATA     S=.data    G=DGROUP   M=DPlay    ACBP=A9
 0002:000008C8 00000010 C=DATA     S=.data    G=DGROUP   M=DPLobby  ACBP=A9
 0002:000008D8 00000038 C=DATA     S=.data    G=DGROUP   M=MemMappedDataStructure ACBP=A9
 0002:00000910 00000008 C=DATA     S=.data    G=DGROUP   M=IniFiles ACBP=A9
 0002:00000918 00000008 C=DATA     S=.data    G=DGROUP   M=Registry ACBP=A9
 0002:00000920 0000000C C=DATA     S=.data    G=DGROUP   M=TA_FunctionsU ACBP=A9
 0002:0000092C 00000001 C=DATA     S=.data    G=DGROUP   M=COB_extensions ACBP=A9
 0002:00000930 00000007 C=DATA     S=.data    G=DGROUP   M=TA_MemoryLocations ACBP=A9
 0002:00000938 00000001 C=DATA     S=.data    G=DGROUP   M=INI_Options ACBP=A9
 0002:0000093C 00000005 C=DATA     S=.data    G=DGROUP   M=packet_old ACBP=A9
 0002:00000944 0000000A C=DATA     S=.data    G=DGROUP   M=SpeedHack ACBP=A9
 0002:00000950 00000008 C=DATA     S=.data    G=DGROUP   M=idplay   ACBP=A9
 0002:00000958 00000004 C=DATA     S=.data    G=DGROUP   M=Dplayx_exports ACBP=A9
 0002:0000095C 00000008 C=DATA     S=.data    G=DGROUP   M=PauseLock ACBP=A9
 0002:00000964 00000005 C=DATA     S=.data    G=DGROUP   M=UnitLimit ACBP=A9
 0002:0000096C 00000008 C=DATA     S=.data    G=DGROUP   M=MultiAILimit ACBP=A9
 0002:00000974 00000001 C=DATA     S=.data    G=DGROUP   M=Colors   ACBP=A9
 0002:00001000 0000065C C=BSS      S=.bss     G=DGROUP   M=System   ACBP=A9
 0002:0000165C 00000014 C=BSS      S=.bss     G=DGROUP   M=SysInit  ACBP=A9
 0002:00001670 00000004 C=BSS      S=.bss     G=DGROUP   M=Types    ACBP=A9
 0002:00001674 00000004 C=BSS      S=.bss     G=DGROUP   M=Windows  ACBP=A9
 0002:00001678 00000004 C=BSS      S=.bss     G=DGROUP   M=Messages ACBP=A9
 0002:0000167C 00000004 C=BSS      S=.bss     G=DGROUP   M=SysConst ACBP=A9
 0002:00001680 00000120 C=BSS      S=.bss     G=DGROUP   M=SysUtils ACBP=A9
 0002:000017A0 0000005C C=BSS      S=.bss     G=DGROUP   M=VarUtils ACBP=A9
 0002:000017FC 00000040 C=BSS      S=.bss     G=DGROUP   M=Variants ACBP=A9
 0002:0000183C 00000004 C=BSS      S=.bss     G=DGROUP   M=RTLConsts ACBP=A9
 0002:00001840 00000004 C=BSS      S=.bss     G=DGROUP   M=TypInfo  ACBP=A9
 0002:00001844 00000004 C=BSS      S=.bss     G=DGROUP   M=ActiveX  ACBP=A9
 0002:00001848 00000034 C=BSS      S=.bss     G=DGROUP   M=Classes  ACBP=A9
 0002:0000187C 00000004 C=BSS      S=.bss     G=DGROUP   M=ListsU   ACBP=A9
 0002:00001880 00000004 C=BSS      S=.bss     G=DGROUP   M=MMSystem ACBP=A9
 0002:00001884 00000004 C=BSS      S=.bss     G=DGROUP   M=SyncObjs ACBP=A9
 0002:00001888 00000004 C=BSS      S=.bss     G=DGROUP   M=GPHugeF  ACBP=A9
 0002:0000188C 00000004 C=BSS      S=.bss     G=DGROUP   M=Consts   ACBP=A9
 0002:00001890 00000004 C=BSS      S=.bss     G=DGROUP   M=textdata ACBP=A9
 0002:00001894 00000004 C=BSS      S=.bss     G=DGROUP   M=Math     ACBP=A9
 0002:00001898 00000004 C=BSS      S=.bss     G=DGROUP   M=Contnrs  ACBP=A9
 0002:0000189C 00000014 C=BSS      S=.bss     G=DGROUP   M=uDebug   ACBP=A9
 0002:000018B0 00000008 C=BSS      S=.bss     G=DGROUP   M=FreeListU ACBP=A9
 0002:000018B8 00000004 C=BSS      S=.bss     G=DGROUP   M=SHFolder ACBP=A9
 0002:000018BC 00000018 C=BSS      S=.bss     G=DGROUP   M=TADemoConsts ACBP=A9
 0002:000018D4 00000004 C=BSS      S=.bss     G=DGROUP   M=TextFileU ACBP=A9
 0002:000018D8 0000000C C=BSS      S=.bss     G=DGROUP   M=logging  ACBP=A9
 0002:000018E4 00000004 C=BSS      S=.bss     G=DGROUP   M=DPlay    ACBP=A9
 0002:000018E8 00000004 C=BSS      S=.bss     G=DGROUP   M=DPLobby  ACBP=A9
 0002:000018EC 00000004 C=BSS      S=.bss     G=DGROUP   M=MemMappedDataStructure ACBP=A9
 0002:000018F0 00000004 C=BSS      S=.bss     G=DGROUP   M=PacketBufferU ACBP=A9
 0002:000018F4 00000004 C=BSS      S=.bss     G=DGROUP   M=log2     ACBP=A9
 0002:000018F8 00000004 C=BSS      S=.bss     G=DGROUP   M=statslogging ACBP=A9
 0002:000018FC 00000004 C=BSS      S=.bss     G=DGROUP   M=IniFiles ACBP=A9
 0002:00001900 00000004 C=BSS      S=.bss     G=DGROUP   M=Registry ACBP=A9
 0002:00001904 00000008 C=BSS      S=.bss     G=DGROUP   M=PluginEngine ACBP=A9
 0002:0000190C 00000004 C=BSS      S=.bss     G=DGROUP   M=TA_FunctionsU ACBP=A9
 0002:00001910 00000004 C=BSS      S=.bss     G=DGROUP   M=TA_NetworkingMessages ACBP=A9
 0002:00001914 00000004 C=BSS      S=.bss     G=DGROUP   M=COB_extensions ACBP=A9
 0002:00001918 00000004 C=BSS      S=.bss     G=DGROUP   M=TAMemManipulations ACBP=A9
 0002:0000191C 0000000A C=BSS      S=.bss     G=DGROUP   M=TA_MemoryLocations ACBP=A9
 0002:00001928 00000004 C=BSS      S=.bss     G=DGROUP   M=ModsList ACBP=A9
 0002:0000192C 00000004 C=BSS      S=.bss     G=DGROUP   M=StrUtils ACBP=A9
 0002:00001930 0000009C C=BSS      S=.bss     G=DGROUP   M=INI_Options ACBP=A9
 0002:000019CC 00000004 C=BSS      S=.bss     G=DGROUP   M=packet_old ACBP=A9
 0002:000019D0 00000004 C=BSS      S=.bss     G=DGROUP   M=PluginCommandHandlerU ACBP=A9
 0002:000019D4 00000008 C=BSS      S=.bss     G=DGROUP   M=InputHook ACBP=A9
 0002:000019DC 00000014 C=BSS      S=.bss     G=DGROUP   M=LOS_Radar ACBP=A9
 0002:000019F0 00000004 C=BSS      S=.bss     G=DGROUP   M=LOS_MiniMapUnits ACBP=A9
 0002:000019F4 00000014 C=BSS      S=.bss     G=DGROUP   M=LOS_PlayerSeeUnit ACBP=A9
 0002:00001A08 00000004 C=BSS      S=.bss     G=DGROUP   M=LOS_GUIText ACBP=A9
 0002:00001A0C 00000010 C=BSS      S=.bss     G=DGROUP   M=LOS_UpdateTables ACBP=A9
 0002:00001A1C 00000008 C=BSS      S=.bss     G=DGROUP   M=LOS_AllyPlayer ACBP=A9
 0002:00001A24 00000008 C=BSS      S=.bss     G=DGROUP   M=LOS_extensions ACBP=A9
 0002:00001A2C 00000004 C=BSS      S=.bss     G=DGROUP   M=SpeedHack ACBP=A9
 0002:00001A30 00000010 C=BSS      S=.bss     G=DGROUP   M=idplay   ACBP=A9
 0002:00001A40 00000004 C=BSS      S=.bss     G=DGROUP   M=PlayerDataU ACBP=A9
 0002:00001A44 00000004 C=BSS      S=.bss     G=DGROUP   M=CommandHandlerU ACBP=A9
 0002:00001A48 00000004 C=BSS      S=.bss     G=DGROUP   M=DPLobbyWrapper ACBP=A9
 0002:00001A4C 00000028 C=BSS      S=.bss     G=DGROUP   M=Dplayx_exports ACBP=A9
 0002:00001A74 00000048 C=BSS      S=.bss     G=DGROUP   M=TlHelp32 ACBP=A9
 0002:00001ABC 00000004 C=BSS      S=.bss     G=DGROUP   M=ErrorLog_ExtraData ACBP=A9
 0002:00001AC0 00000004 C=BSS      S=.bss     G=DGROUP   M=Thread_marshaller ACBP=A9
 0002:00001AC4 00000004 C=BSS      S=.bss     G=DGROUP   M=PauseLock ACBP=A9
 0002:00001AC8 00000004 C=BSS      S=.bss     G=DGROUP   M=UnitLimit ACBP=A9
 0002:00001ACC 00000004 C=BSS      S=.bss     G=DGROUP   M=MultiAILimit ACBP=A9
 0002:00001AD0 00000008 C=BSS      S=.bss     G=DGROUP   M=Colors   ACBP=A9
 0002:00001AD8 00000004 C=BSS      S=.bss     G=DGROUP   M=Plugins  ACBP=A9
 0002:00001ADC 00000008 C=BSS      S=.bss     G=DGROUP   M=InitCode ACBP=A9
 0002:00001AE4 00000014 C=BSS      S=.bss     G=DGROUP   M=InitCode_CoreExePatching ACBP=A9
 0002:00001AF8 00000004 C=BSS      S=.bss     G=DGROUP   M=threadlogging ACBP=A9


  Address         Publics by Name

 0002:00001A2C       .1
 0002:00001A28       .1
 0002:00001678       .1
 0002:00001AE4       .1
 0002:0000167C       .1
 0002:00001AF8       .1
 0002:00001890       .1
 0002:00001AD8       .1
 0002:000018E4       .1
 0002:000018E8       .1
 0002:0000188C       .1
 0002:00001670       .1
 0002:00001AD0       .1
 0002:00001A20       .1
 0002:00001A18       .1
 0002:00001A58       .1
 0002:00001A08       .1
 0002:00001A04       .1
 0002:00001ACC       .1
 0002:00001AC8       .1
 0002:00001AC4       .1
 0002:00001AC0       .1
 0002:00001ABC       .1
 0002:0000190C       .1
 0002:00001A74       .1
 0002:00001910       .1
 0002:00001914       .1
 0002:000018B8       .1
 0002:000018B4       .1
 0002:0000183C       .1
 0002:000018AC       .1
 0002:00001918       .1
 0002:000018EC       .1
 0002:000019F0       .1
 0002:000019EC       .1
 0002:00001668       .1
 0002:00001928       .1
 0002:0000192C       .1
 0002:000019D8       .1
 0002:000019C4       .1
 0002:000019CC       .2
 0002:000018E0       .2
 0002:00001894       .2
 0002:00001A48       .2
 0002:000018D4       .2
 0002:000018C0       .2
 0002:000018F8       .2
 0002:000018F4       .2
 0002:00001ADC       .2
 0002:00001898       .21
 0002:00001844       .3
 0002:000019D0       .3
 0002:00001674       .3
 0002:000018F0       .3
 0002:00001A44       .3
 0002:00001790       .35
 0002:00001920       .4
 0002:00001A40       .4
 0002:00001850       .45
 0002:00001900       .5
 0002:000015B4       .5
 0002:00001888       .5
 0002:000017F8       .5
 0002:00001840       .6
 0002:00001884       .6
 0002:00001A3C       .6
 0002:00001904       .6
 0002:00001880       .7
 0002:000018FC       .8
 0002:0000181C       .81
 0002:0000187C       .9
 0001:00001E10       @AbstractError
 0001:00002E98       @AfterConstruction
 0001:000038F8       @Assert
 0001:000020F4       @Assign
 0001:00002250       @AStrCmp
 0001:00002EA8       @BeforeDestruction
 0001:00002B48       @BoundErr
 0001:00002DD8       @CallDynaInst
 0001:00002E40       @ClassCreate
 0001:00002E90       @ClassDestroy
 0001:000021BC       @Close
 0001:00001B58       @Copy
 0001:00004580       @CopyArray
 0001:00004464       @CopyRecord
 0001:00004674       @DispCallByIDError
 0001:0000E898       @DispInvokeError
 0001:00003324       @DoneExcept
 0001:000048C4       @DynArrayAsg
 0001:00004888       @DynArrayClear
 0001:000046A8       @DynArrayHigh
 0001:000046A0       @DynArrayLength
 0001:0000487C       @DynArraySetLength
 0001:000022C0       @EofText
 0001:0000340C       @ExceptionHandler
 0001:000022F8       @FillChar
 0001:00004440       @Finalize
 0001:00004354       @FinalizeArray
 0001:00004308       @FinalizeRecord
 0001:000021B0       @Flush
 0001:00002B3C       @FpuInit
 0001:00002A78       @FpuMaskInit
 0001:00001A28       @FreeMem
 0001:000019F8       @GetMem
 0001:0000575C       @GetTls
 0001:000038E0       @Halt
 0001:00003800       @Halt0
 0001:00002FBC       @HandleAnyException
 0001:00003270       @HandleFinally
 0001:000030E8       @HandleOnException
 0001:00004274       @InitializeArray
 0001:00004244       @InitializeRecord
 0001:000036C4       @InitImports
 0001:000057A8       @InitLib
 0001:0000369C       @InitResStringImports
 0001:00005018       @IntfAddRef
 0001:00004FD4       @IntfClear
 0001:00004FEC       @IntfCopy
 0001:00002B50       @IntOver
 0001:00002D84       @IsClass
 0001:00002A48       @isNECWindows
 0001:00003DA4       @LStrAddRef
 0001:0000393C       @LStrArrayClr
 0001:0000396C       @LStrAsg
 0001:00003BBC       @LStrCat
 0001:00003C00       @LStrCat3
 0001:00003C74       @LStrCatN
 0001:00003918       @LStrClr
 0001:00003D00       @LStrCmp
 0001:00003E14       @LStrCopy
 0001:00003E54       @LStrDelete
 0001:00003B88       @LStrFromArray
 0001:00003B00       @LStrFromChar
 0001:00003B10       @LStrFromPChar
 0001:00003A08       @LStrFromPCharLen
 0001:00003B40       @LStrFromPWChar
 0001:00003A74       @LStrFromPWCharLen
 0001:00003B7C       @LStrFromString
 0001:00003BA0       @LStrFromWStr
 0001:000039B0       @LStrLAsg
 0001:00003BB4       @LStrLen
 0001:00003E9C       @LStrPos
 0001:00003EE4       @LStrSetLength
 0001:00003DB4       @LStrToPChar
 0001:000039DC       @NewAnsiString
 0001:00003F8C       @NewWideString
 0001:0000275C       @Pow10
 0001:00002244       @PStrCpy
 0001:00002214       @PStrNCat
 0001:000032D0       @RaiseAgain
 0001:000032A8       @RaiseExcept
 0001:00002318       @RandInt
 0001:00002370       @ReadChar
 0001:000024D4       @ReadLn
 0001:00002468       @ReadLString
 0001:0000245C       @ReadString
 0001:00001A48       @ReallocMem
 0001:00001E84       @ResetText
 0001:00001E90       @RewritText
 0001:000038EC       @RunError
 0001:00002740       @SetEq
 0001:000035D4       @StartLib
 0001:0000025C       @strlen
 0001:00001DEC       @TRUNC
 0001:00003354       @TryFinallyExit
 0001:00003E0C       @UniqueStringA
 0001:00002504       @ValLong
 0001:0000FE4C       @VarAddRef
 0001:0000EB70       @VarClear
 0001:0000EB84       @VarClr
 0001:0000433C       @VarClr
 0001:0000EEAC       @VarCopy
 0001:0000444C       @VarCopy
 0001:0000F1D8       @VarToLStr
 0001:0000F8F8       @VarToWStr
 0001:00003F48       @Write0LString
 0001:0000261C       @WriteBytes
 0001:000026EC       @WriteLn
 0001:00003F64       @WriteLString
 0001:00002670       @WriteSpaces
 0001:00003FCC       @WStrArrayClr
 0001:00003FF0       @WStrAsg
 0001:00003FB4       @WStrClr
 0001:0000412C       @WStrCmp
 0001:000041B0       @WStrCopy
 0001:00004100       @WStrFromLStr
 0001:00004014       @WStrFromPCharLen
 0001:000040C4       @WStrFromPWChar
 0001:000040A0       @WStrFromPWCharLen
 0001:00004120       @WStrLen
 0001:000041FC       @WStrSetLength
 0001:00004110       @WStrToPWChar
 0001:00001B28       @_IOTest
 0001:0000467C       @_llmul
 0001:0000B49C       AbstractErrorHandler
 0002:00001028       AbstractErrorProc
 0002:00000154       AccessMode
 0002:0000088C       AccessMode
 0001:00010784       ActiveX
 0001:000003CC       AddBlockAfter
 0001:0001BC5C       AddCheatDescription
 0001:00018054       AddLineNo
 0001:00004E2C       AddModuleUnloadProc
 0001:00004E3C       AddModuleUnloadProc
 0001:00017EA0       AddProcedure
 0001:00017CBC       AddUnit
 0002:00000970       AIName
 0002:00001A1C       AlliedStateChanged
 0001:00006B54       AllocMem
 0002:000015AC       AllocMemCount
 0002:000015B0       AllocMemSize
 0001:0000568C       AllocTlsBuffer
 0001:00006D5C       AnsiCompareStr
 0001:00006DA8       AnsiCompareText
 0001:00006D14       AnsiLowerCase
 0001:0000BFC0       AnsiPos
 0001:00006DF4       AnsiSameText
 0001:0000C00C       AnsiStrPos
 0001:0000C0E4       AnsiStrRScan
 0001:0000C134       AnsiStrScan
 0001:00005418       AnsiToUtf8
 0001:00006CCC       AnsiUpperCase
 0001:00008E44       AppendChars
 0001:00009264       AppendFormat
 0001:00008EC8       AppendNumber
 0001:00008EA4       AppendString
 0001:0000B464       AssertErrorHandler
 0002:00001020       AssertErrorProc
 0002:00001604       avail
 0001:0000790C       BackfillGetDiskFreeSpaceEx
 0001:0000D848       BackupVarBoolFromStr
 0001:0000D9C4       BackupVarBStrFromBool
 0001:0000D8CC       BackupVarBStrFromCy
 0001:0000D948       BackupVarBStrFromDate
 0001:0000D7D4       BackupVarCyFromStr
 0001:0000D760       BackupVarDateFromStr
 0001:0000D604       BackupVarI4FromStr
 0001:0000D590       BackupVariantChangeTypeEx
 0001:0000D678       BackupVarR4FromStr
 0001:0000D6EC       BackupVarR8FromStr
 0001:0003E888       BetterAIName
 0001:0003E910       BetterAINameStub
 0001:00014C10       BinToHex
 0001:00017428       BinToInt
 0001:0000D5DC       BiUnimplemented
 0002:000015DC       blockDescBlockList
 0002:000015E0       blockDescFreeList
 0002:000003A4       BooleanIdents
 0002:00000334       BooleanToStringRule
 0001:000072C0       BoolToStr
 0001:0000EF60       BoolToWStrViaOS
 0002:00000930       BoolValues
 0001:0000BB5C       ByteToCharIndex
 0001:0000BB20       ByteToCharLen
 0001:0000BABC       ByteType
 0001:0000BA10       ByteTypeTest
 0002:00001924       CacheUsed
 0001:00017550       CalcCRC
 0002:00001814       ChangeAnyProc
 0001:000076D8       ChangeFileExt
 0001:00003A38       CharFromWChar
 0001:0000BDD4       CharLength
 0001:00005B00       CharLowerBuff
 0001:000001D4       CharNext
 0001:00005B08       CharNext
 0001:0000BC98       CharToByteIndex
 0001:0000BD10       CharToByteLen
 0001:00005B10       CharToOemA
 0001:00005B18       CharUpperBuff
 0002:00001A34       chatview
 0001:0001BC3C       CheatEnabled
 0002:000008F0       Cheat_BuildAnywhere
 0002:000008EC       Cheat_ControlMenu
 0002:0000090C       Cheat_DoubleShot
 0002:00000900       Cheat_ExtraDamage
 0002:000008E0       Cheat_FastBuild
 0002:000008E4       Cheat_InfiniteResources
 0002:00000904       Cheat_InstantBuild
 0002:000008F4       Cheat_InstantCapture
 0002:000008DC       Cheat_Invisible
 0002:000008D8       Cheat_Invulnerability
 0002:000008FC       Cheat_JamAll
 0002:000008E8       Cheat_LosRadar
 0002:00000908       Cheat_ResourcesFreeze
 0002:000008F8       Cheat_SpecialMove
 0001:000207A8       CheckForCheats
 0001:00002F38       CheckJmp
 0002:00000338       CInvalidCustomVariantType
 0001:00014E88       Classes
 0001:0001841C       CleanUpMapFile
 0002:00001810       ClearAnyProc
 0001:00010188       ClearVariantTypeList
 0001:00000174       CloseHandle
 0001:00005890       CloseHandle
 0002:0000103C       CmdLine
 0002:00001038       CmdShow
 0001:0000D5F0       CmpUnimplemented
 0001:0002065C       COB_extensions
 0001:000205B8       COB_ExtensionsSetters_Handling
 0001:00020538       COB_Extensions_Handling
 0002:00001AE8       CodeInjectionData
 0001:0003EFB4       Colors
 0002:00001AD4       ColorsPlugin
 0001:0003BAD4       CommandHandlerU
 0001:0000074C       Commit
 0002:00001620       committedRoot
 0001:0002A7E0       compare
 0001:00017A2C       CompareHeaders
 0001:00005898       CompareString
 0001:00006C54       CompareText
 0001:000071C4       CompareWith
 0001:000155E8       Compress
 0001:00018B6C       Compress
 0001:00017028       Consts
 0001:00017810       Contnrs
 0002:000003B0       Convert
 0002:000003C0       Convert
 0001:0000ACF8       ConvertAddr
 0001:00008FC8       ConvertEraString
 0001:00006B04       ConvertError
 0001:00006B24       ConvertErrorFmt
 0001:0000914C       ConvertYearString
 0001:000046B0       CopyArray
 0001:000058A0       CopyFile
 0001:0000BBE0       CountChars
 0001:00017518       CRC32
 0002:00000454       CRC32tab
 0001:0000B39C       CreateAssertException
 0001:0000B598       CreateAVObject
 0001:0000798C       CreateDir
 0001:000058A8       CreateDirectory
 0001:000058B0       CreateEvent
 0001:000058B8       CreateFile
 0001:0000017C       CreateFileA
 0001:000058C0       CreateFileMapping
 0001:0000B288       CreateInOutError
 0002:00000928       CreateMultiplayerMapsList
 0001:0003DE90       CreateToolhelp32Snapshot
 0002:00000390       CRelationshipToBoolean
 0002:00000324       CResult
 0002:0000014C       cSimpleBoolStrs
 0002:0000033C       CText
 0002:00001618       curAlloc
 0002:00001688       CurrencyDecimals
 0002:00001684       CurrencyFormat
 0002:00001680       CurrencyString
 0001:00008E24       CurrentYear
 0001:0000877C       CurrToStr
 0001:0000EEF0       CurrToWStrViaOS
 0001:00020290       CustomGetters
 0001:0002048C       CustomSetters
 0001:00006EDC       CvtInt
 0001:00006F48       CvtInt64
 0002:0000018C       CWNear
 0001:00017030       DataToStr2
 0001:0001E0E4       DataTypeToRegData
 0001:00008DB0       Date
 0002:00001689       DateSeparator
 0001:00009B18       DateTimeToStr
 0001:00009A6C       DateTimeToString
 0001:000088E8       DateTimeToTimeStamp
 0001:00009AD8       DateToStr
 0001:0000EF28       DateToWStrViaOS
 0001:00008D80       DayOfWeek
 0002:00000188       DCon10
 0002:0000002C       DebugHook
 0002:00001687       DecimalSeparator
 0001:00008D50       DecodeDate
 0001:00008BD4       DecodeDateFully
 0001:000089F0       DecodeTime
 0001:0000080C       Decommit
 0001:00000F38       DecommitFree
 0002:000015F4       decommittedRoot
 0002:0000093C       DecompressionBufferSize
 0002:00000024       Default8087CW
 0002:00000038       DefaultTextLineBreakStyle
 0002:000015B8       DefaultUserCodePage
 0002:00000218       DefLongDayNames
 0002:000001CC       DefLongMonthNames
 0002:000001FC       DefShortDayNames
 0002:0000019C       DefShortMonthNames
 0002:00000858       Deities
 0001:00004914       DelayLoadResourceModule
 0001:00000428       DeleteBlock
 0001:000058C8       DeleteCriticalSection
 0001:00000338       DeleteCriticalSection
 0001:000058D0       DeleteFile
 0001:00000D20       DeleteFree
 0001:000058D8       DeviceIoControl
 0002:00000094       dig
 0001:00007530       DirectoryExists
 0001:0003D3E8       DirectPlayCreate
 0002:00001A68       DirectPlayCreate_proc
 0001:0003D0F0       DirectPlayEnumerate
 0001:0003D1E8       DirectPlayEnumerateA
 0002:00001A60       DirectPlayEnumerateA_proc
 0001:0003D2E8       DirectPlayEnumerateW
 0002:00001A64       DirectPlayEnumerateW_proc
 0002:00001A5C       DirectPlayEnumerate_proc
 0001:0003D790       DirectPlayLobbyCreateA
 0002:00001A70       DirectPlayLobbyCreateA_proc
 0001:0003D650       DirectPlayLobbyCreateW
 0002:00001A6C       DirectPlayLobbyCreateW_proc
 0001:0003F088       DisableThreadLibraryCalls
 0002:00001000       DispCallByIDProc
 0001:00006AE8       DivMod
 0001:0003D9E4       DllCanUnloadNow
 0001:0003DA84       DllGetClassObject
 0002:00001664       DllProc
 0002:00001A50       DoFinalize
 0002:00001A4C       DoInitialize
 0002:00000924       DoInterpretCommand
 0001:0000B90C       DoneExceptions
 0001:00014D2C       DoneThreadSynchronization
 0001:00020C90       DoReport
 0002:000003AC       DotSep
 0001:0001210C       DoWrite
 0001:0003EFBC       Do_LoadTime_CodeInjections
 0001:0001BB10       DPlay
 0001:0003F984       dplayx
 0001:0003D058       DPlayxHandleInvalid
 0002:00000958       dplayxLibHandle
 0001:0003DB9C       Dplayx_exports
 0001:0001BC34       DPLobby
 0001:0003D050       DPLobbyWrapper
 0001:000046C8       DynArrayClear
 0001:000046D0       DynArraySetLength
 0001:0000B24C       EHeapException.FreeInstance
 0001:00015754       Elapsed
 0002:000017FC       EmptyParam
 0002:000000D4       EmptyStr
 0002:000000D8       EmptyWideStr
 0001:00008B98       EncodeDate
 0001:000089AC       EncodeTime
 0001:00000328       EnterCriticalSection
 0001:000058E0       EnterCriticalSection
 0001:000058E8       EnumCalendarInfoA
 0001:0000A8B8       EnumEraNames
 0001:0000A904       EnumEraYearOffsets
 0002:00001750       EraNames
 0001:00009E68       EraToYear
 0002:0000176C       EraYearOffsets
 0002:0000006C       errCaption
 0001:00001B1C       Error
 0002:00000004       ErrorAddr
 0001:00001AD0       ErrorAt
 0001:0000B32C       ErrorHandler
 0001:0003E510       ErrorLog_ExtraData
 0001:0003E4CC       Errorlog_Thunk1
 0001:0003E188       Errorlog_Thunk2
 0002:00000234       ErrorMap
 0002:00001008       ErrorProc
 0001:0001A240       ErrorString
 0002:000013E0       ErrOutput
 0001:00001A98       ExceptAddr
 0002:0000100C       ExceptClsProc
 0001:0000B85C       ExceptHandler
 0001:0000AF9C       Exception.Create
 0001:0000AFE4       Exception.CreateFmt
 0001:0000B1B4       Exception.CreateFmtHelp
 0001:0000B160       Exception.CreateHelp
 0001:0000B074       Exception.CreateRes
 0001:0000B0BC       Exception.CreateResFmt
 0002:0000101C       ExceptionClass
 0001:0000AD08       ExceptionErrorMessage
 0002:0000026C       ExceptMap
 0002:00001010       ExceptObjProc
 0002:00001004       ExceptProc
 0001:0000BF74       ExcludeTrailingPathDelimiter
 0002:00000000       ExitCode
 0001:00003744       ExitDll
 0002:00001040       ExitProc
 0001:000001DC       ExitProcess
 0002:00001024       ExitProcessProc
 0001:00005738       ExitProcessTLS
 0001:00005710       ExitThreadTLS
 0001:000078C8       ExpandFileName
 0002:00000934       ExpectedData
 0001:000077B8       ExtractFileDir
 0001:00007868       ExtractFileExt
 0001:00007824       ExtractFileName
 0001:00007778       ExtractFilePath
 0002:0000178C       FalseBoolStrs
 0002:0000017C       FCon1E18
 0001:000074A0       FileAge
 0001:0000748C       FileClose
 0001:000073C0       FileCreate
 0001:0000738C       FileCreate
 0001:00007510       FileExists
 0002:0000089C       FileFlags
 0002:0000000C       FileMode
 0001:00001ED8       FileNOPProc
 0001:0000731C       FileOpen
 0001:000073E0       FileRead
 0001:00007450       FileSeek
 0001:000058F0       FileTimeToDosDateTime
 0001:000058F8       FileTimeToLocalFileTime
 0001:00007418       FileWrite
 0002:00000434       FILE_SHARING_ERRORS
 0001:00000E58       FillAfterGap
 0001:00000DF8       FillBeforeGap
 0001:00000EF8       FillerSizeAfterGap
 0001:00000E80       FillerSizeBeforeGap
 0001:0000D370       Finalization
 0001:0000DDB4       Finalization
 0001:000057F0       Finalization
 0001:000104E4       Finalization
 0001:00010698       Finalization
 0001:000106FC       Finalization
 0001:00005828       Finalization
 0001:00010754       Finalization
 0001:00014DD8       Finalization
 0001:000152C0       Finalization
 0001:00015310       Finalization
 0001:000154EC       Finalization
 0001:00016FC0       Finalization
 0001:00016FF8       Finalization
 0001:00017614       Finalization
 0001:0001764C       Finalization
 0001:000177E0       Finalization
 0001:00018774       Finalization
 0001:000187E0       Finalization
 0001:00018820       Finalization
 0001:0001936C       Finalization
 0001:0001A128       Finalization
 0001:0001BAE0       Finalization
 0001:0001BC04       Finalization
 0001:00005F14       Finalization
 0001:00005BCC       Finalization
 0001:0001C054       Finalization
 0001:00005B94       Finalization
 0001:0001C0BC       Finalization
 0001:0001C444       Finalization
 0001:0001CD1C       Finalization
 0001:0001DEB4       Finalization
 0001:0001ECC0       Finalization
 0001:000200E0       Finalization
 0001:00020128       Finalization
 0001:00020160       Finalization
 0001:0002062C       Finalization
 0001:00020B40       Finalization
 0001:000214C8       Finalization
 0001:000218E8       Finalization
 0001:00021998       Finalization
 0001:000229BC       Finalization
 0001:00024188       Finalization
 0001:00024374       Finalization
 0001:000245CC       Finalization
 0001:00024858       Finalization
 0001:00024924       Finalization
 0001:00024A64       Finalization
 0001:00024C14       Finalization
 0001:00024F68       Finalization
 0001:000250E4       Finalization
 0001:00005534       Finalization
 0001:00025234       Finalization
 0001:0002543C       Finalization
 0001:0003A104       Finalization
 0001:0003B49C       Finalization
 0001:0003BAA4       Finalization
 0001:0003D020       Finalization
 0001:0003DB6C       Finalization
 0001:0003DF2C       Finalization
 0001:0003E4E0       Finalization
 0001:0003E57C       Finalization
 0001:0003E684       Finalization
 0001:0003E834       Finalization
 0001:0003EA00       Finalization
 0001:0003EF84       Finalization
 0001:0003F050       Finalization
 0001:0003F550       Finalization
 0001:0003F65C       Finalization
 0001:0003F6DC       Finalization
 0001:0003F714       Finalization
 0001:000196C8       Finalization
 0001:000046C0       FinalizeArray
 0001:000034F4       FinalizeUnits
 0001:000049A4       FindBS
 0001:000001EC       FindClose
 0001:00005900       FindClose
 0001:00000DB4       FindCommitted
 0001:0001042C       FindCustomVariantType
 0001:000001F4       FindFirstFile
 0001:00005908       FindFirstFile
 0002:0000185C       FindGlobalComponentProcs
 0001:000048EC       FindHInstance
 0001:00036014       FindHostPlayer
 0001:0000DA64       FindProc
 0001:0000495C       FindResourceHInstance
 0002:000018C4       fIsWin9x
 0001:00021500       FixModsINI
 0002:0000179C       FLanguages
 0001:0000840C       FloatToDecimal
 0001:0000874C       FloatToStr
 0001:000087AC       FloatToStrF
 0001:00008138       FloatToText
 0001:000021A4       Flush
 0001:00005910       FlushFileBuffers
 0001:00005918       FlushInstructionCache
 0002:00000190       FMSecsPerDay
 0001:00008018       FmtStr
 0001:00007568       ForceDirectories
 0001:00007FF0       Format
 0002:00000198       Format
 0001:00007C20       FormatBuf
 0001:00007C0C       FormatClearStr
 0001:00009B34       FormatDateTime
 0001:00007B6C       FormatError
 0002:00000174       FormatErrorStrs
 0001:00005920       FormatMessage
 0001:00007BD4       FormatVarToStr
 0001:00002754       FPower10
 0001:0000D07C       FreeAndNil
 0001:00000AB4       FreeCommitted
 0001:000010EC       FreeCurAlloc
 0001:00014D48       FreeIntConstList
 0001:00005928       FreeLibrary
 0001:000001FC       FreeLibrary
 0001:00018810       FreeListU
 0001:00000684       FreeSpace
 0001:0000CA1C       FreeTerminateProcs
 0002:000008A0       fVersionLazyInited
 0001:000248F4       GameUnit_LOS_MiniMap_UnitsProjectiles_IsOwner
 0001:00024A58       GameUnit_LOS_PlayerSeeUnit_EpilogCode_Exit
 0001:00024A04       GameUnit_LOS_PlayerSeeUnit_IsOwnerAllowedToSee
 0001:000246E4       GameUnit_LOS_Radar_CanDirectlySeeUnit
 0001:00024798       GameUnit_LOS_Radar_LoopCondition
 0001:00024740       GameUnit_LOS_Radar_LoopStart
 0001:00024DA4       GameUnit_LOS_Update_1_Retry
 0001:00024D88       GameUnit_LOS_Update_1_Start
 0001:00024E90       GameUnit_LOS_Update_2_Retry
 0001:00024E74       GameUnit_LOS_Update_2_Start
 0002:00000920       Game_SetLOSState
 0002:00001A54       gdwDPlaySPRefCount
 0001:00005930       GetACP
 0001:00000340       GetBlockDesc
 0001:00017170       GetChar
 0001:000002DC       GetCmdShow
 0001:00024FA0       GetCodeInjections
 0001:0002495C       GetCodeInjections
 0001:00024A9C       GetCodeInjections
 0001:00024604       GetCodeInjections
 0001:00024890       GetCodeInjections
 0001:00024C4C       GetCodeInjections
 0001:00000204       GetCommandLine
 0001:000008C8       GetCommitted
 0001:00000970       GetCommittedAt
 0001:00008F18       GetCount
 0001:00005938       GetCPInfo
 0001:00005940       GetCurrentProcess
 0001:00005948       GetCurrentThreadId
 0001:000002BC       GetCurrentThreadId
 0001:00008F50       GetDate
 0001:00005950       GetDateFormat
 0001:00009D34       GetDateOrder
 0001:00005958       GetDiskFreeSpaceA
 0002:00000148       GetDiskFreeSpaceEx
 0001:00002DA8       GetDynaMethod
 0001:0000A990       GetEraNamesAndYearOffsets
 0001:00009E04       GetEraYearOffset
 0001:0000B56C       GetExceptionClass
 0001:0000B77C       GetExceptionObject
 0001:00005960       GetFileAttributes
 0001:00005968       GetFileSize
 0001:0000018C       GetFileSize
 0001:00000184       GetFileType
 0001:0001920C       GetFileVersion
 0001:00005AE8       GetFileVersionInfo
 0001:00005AF0       GetFileVersionInfoSize
 0001:00019000       GetFileVersion_internal
 0001:0000C454       GetFormatSettings
 0001:00005970       GetFullPathName
 0001:00021A14       GetINIFileName
 0001:00002A40       GetKeyboardType
 0001:0000020C       GetLastError
 0001:00005978       GetLastError
 0001:00018534       GetLineNumberFromAddress
 0001:0000A704       GetLocaleChar
 0001:00005988       GetLocaleInfo
 0001:00000214       GetLocaleInfo
 0001:0000A6A8       GetLocaleStr
 0001:00005980       GetLocalTime
 0001:00018728       GetMapAddressFromAddress
 0001:00018630       GetMapFileName
 0001:0000021C       GetModuleFileName
 0001:00005990       GetModuleFileName
 0001:00005998       GetModuleHandle
 0001:00000224       GetModuleHandle
 0001:00018448       GetModuleNameFromAddress
 0001:0000A784       GetMonthDayNames
 0001:00018940       GetMyDocs
 0001:00001BFC       GetParamStr
 0001:00025290       GetPlugin
 0001:0003E5BC       GetPlugin
 0001:000201A0       GetPlugin
 0001:0003E520       GetPlugin
 0001:0002517C       GetPlugin
 0001:0003E92C       GetPlugin
 0001:00022948       GetPlugin
 0001:0003E6C4       GetPlugin
 0001:0003EF1C       GetPlugin
 0001:0003DF6C       GetPlugin
 0001:0002456C       GetPlugin
 0001:000059A0       GetPrivateProfileString
 0001:0000022C       GetProcAddress
 0001:000059A8       GetProcAddress
 0001:000184C4       GetProcNameFromAddress
 0001:000005A8       GetSpace
 0001:0000060C       GetSpaceAt
 0001:00000234       GetStartupInfo
 0001:00000194       GetStdHandle
 0001:000059B0       GetStdHandle
 0001:000059B8       GetStringTypeEx
 0001:000189A0       GetSysDir
 0001:000059C0       GetSystemDirectory
 0001:000059C8       GetSystemInfo
 0001:00005B20       GetSystemMetrics
 0001:000192F4       GetTADemoVersion
 0001:000059D0       GetTempFileName
 0001:000059D8       GetTempPath
 0001:000059E0       GetThreadLocale
 0001:0000023C       GetThreadLocale
 0001:000002D4       GetTickCount
 0001:000059E8       GetTickCount
 0001:00008F88       GetTime
 0001:00005698       GetTlsSize
 0001:000002C4       GetVersion
 0001:000059F0       GetVersionEx
 0001:000059F8       GetVolumeInformation
 0001:00018AE0       GetVolumePathName
 0001:00005A00       GlobalAlloc
 0001:00005B54       GlobalAllocPtr
 0002:00001A38       GlobalDPlay
 0002:00001860       GlobalFixupList
 0001:00005A08       GlobalFree
 0001:00005B80       GlobalFreePtr
 0001:00005A18       GlobalHandle
 0001:00005A10       GlobalLock
 0002:00001848       GlobalNameSpace
 0001:00005A20       GlobalReAlloc
 0001:00005B64       GlobalReAllocPtr
 0001:00005A28       GlobalUnlock
 0001:00016FF0       GPHugeF
 0002:00000028       HeapAllocFlags
 0002:000015C0       heapErrorCode
 0002:000015C4       heapLock
 0002:00000144       HexDisplayPrefix
 0001:00014C78       HexToBin
 0002:00001660       HInstance
 0001:00005B38       HiWord
 0001:0003A140       idplay
 0002:000008B8       IID_IDirectPlay
 0002:000008A8       IID_IDirectPlay3
 0002:000008C8       IID_IDirectPlayLobby2
 0002:00000194       IMSecsPerDay
 0001:0000EB8C       InBounds
 0001:0000E8EC       InBounds
 0001:0000BF20       IncludeTrailingPathDelimiter
 0001:0000EBBC       Increment
 0001:0000E91C       Increment
 0002:000019C8       iniFileName_cache
 0001:0001DEFC       IniFiles
 0002:00001930       iniSettings
 0001:00000B48       InitAllocator
 0001:0003F580       InitCode
 0001:0003F68C       InitCode_CoreExePatching
 0002:00001630       InitContext
 0001:0000CA50       InitDriveSpacePtr
 0001:0000B884       InitExceptions
 0001:00005A30       InitializeCriticalSection
 0001:00000320       InitializeCriticalSection
 0002:000015BC       initialized
 0001:0000579C       InitializeModule
 0001:0000DAA8       InitializeVarUtils
 0001:0000C204       InitLeadBytes
 0001:0000B990       InitPlatformId
 0001:000056E4       InitProcessTLS
 0001:0000C2A8       InitSysLocale
 0001:00014CF4       InitThreadSynchronization
 0001:000056A0       InitThreadTLS
 0001:0003F650       InitThunk_Stage1
 0001:0003F5D0       InitThunk_Stage2
 0001:0003DBD0       InitToolHelp
 0001:00003564       InitUnits
 0001:00022A08       INI_Options
 0002:00001048       Input
 0001:000243AC       InputHandler
 0001:000245FC       InputHook
 0001:00000FF4       InsertFree
 0001:0001FDB8       InstallPlugins
 0002:00001854       IntConstList
 0001:000002B4       InterlockedDecrement
 0001:0000CAC0       InterlockedDecrement
 0001:0000CACC       InterlockedExchange
 0001:0000CAD4       InterlockedExchangeAdd
 0001:000002AC       InterlockedIncrement
 0001:0000CAB4       InterlockedIncrement
 0001:00001F18       InternalClose
 0001:0000215C       InternalFlush
 0001:00000E34       InternalFreeMem
 0001:00003DC0       InternalUniqueString
 0001:0000703C       IntToHex
 0001:00007064       IntToHex
 0001:00006F28       IntToStr
 0001:00007014       IntToStr
 0002:00001798       InvalidPointer
 0001:00002C70       InvokeImplGetter
 0001:00001B9C       IOResult
 0001:00005A38       IsBadReadPtr
 0002:00001044       IsConsole
 0001:0000BEC4       IsDelimiter
 0001:00008A50       IsLeapYear
 0002:00001034       IsLibrary
 0002:00001045       IsMultiThread
 0001:0000BE78       IsPathDelimiter
 0001:0001E06C       IsRelative
 0001:000170E4       IsStrBool
 0001:0001BF90       IsTAHookRunning
 0001:00020C78       IsTAVersion31
 0002:00001925       IsTAVersion31_Cache
 0001:0000C284       IsWesternGroup
 0001:00018A80       IsWin9x
 0002:00000030       JITEnable
 0002:00001A78       KernelHandle
 0002:000018BC       kernellib
 0001:00007668       LastDelimiter
 0001:0000C18C       LCIDToCodePage
 0001:000054C0       LCIDToCodePage
 0002:00000124       LeadBytes
 0001:00000330       LeaveCriticalSection
 0001:00005A40       LeaveCriticalSection
 0001:00021920       LeftStr
 0002:0000003C       LibModuleList
 0001:0003F5A8       LibraryProc
 0002:000018A4       LineNumbers
 0001:0001BCB0       ListCheats
 0002:0000174E       ListSeparator
 0001:000152F0       ListsU
 0001:000181C4       LoadAndParseMapFile
 0001:00005A48       LoadLibrary
 0001:00000244       LoadLibraryEx
 0001:00004BA8       LoadResourceModule
 0001:00005468       LoadResString
 0001:0000024C       LoadString
 0001:00005B28       LoadString
 0001:00000300       LocalAlloc
 0001:0000565C       LocalAlloc
 0001:00000308       LocalFree
 0001:00005664       LocalFree
 0001:0000A740       LocalGetLocaleStr
 0001:0001C474       log2
 0002:000008A4       logdir
 0001:00019880       LogError
 0001:00019770       LogException
 0002:000018D8       logFilename
 0001:0001A16C       logging
 0002:00000950       logsave
 0002:000018DC       Log_
 0002:00001690       LongDateFormat
 0002:00001724       LongDayNames
 0002:000016D8       LongMonthNames
 0002:000016A4       LongTimeFormat
 0001:00025114       LOS_AllyPlayer
 0001:00025264       LOS_extensions
 0001:00024C44       LOS_GUIText
 0001:00024BA8       LOS_GUIText_SeeCommHealth
 0001:00024BE0       LOS_GUIText_Unit_KillsNStuff
 0001:00024B68       LOS_GUIText_Unit_Resources
 0001:00024954       LOS_MiniMapUnits
 0001:00024A94       LOS_PlayerSeeUnit
 0001:00024888       LOS_Radar
 0002:00001A0C       LOS_Updates_PTR
 0001:00024F98       LOS_UpdateTables
 0001:00006BE8       LowerCase
 0002:0000094C       LowerLimit
 0001:00000254       lstrcpyn
 0002:00001820       LVarTypes
 0002:00001824       LVarTypeSync
 0002:0000102C       MainInstance
 0002:00001030       MainThreadID
 0001:000003C4       MakeEmpty
 0001:000036E8       MakeErrorMessage
 0001:00018F5C       MakeTempFilename
 0001:0000B4B8       MapException
 0002:00000854       MapFileName
 0002:000018A8       MapFileSetup
 0001:0000336C       MapToRunError
 0001:00005A50       MapViewOfFile
 0001:0001767C       Math
 0001:0001C084       MemMappedDataStructure
 0002:00000044       MemoryManager
 0001:0000045C       MergeBlockAfter
 0001:00001138       MergeCommit
 0001:00005B30       MessageBox
 0001:000001E4       MessageBox
 0001:00005BFC       Messages
 0001:00015340       MMSystem
 0001:00021918       ModsList
 0002:000000AC       Module
 0001:0003DEC4       Module32First
 0001:0003DEF8       Module32Next
 0001:0003E140       ModuleInfoComparer
 0002:0000165D       ModuleIsCpp
 0002:0000165C       ModuleIsLib
 0001:00014DC4       ModuleUnload
 0002:00000040       ModuleUnloadList
 0002:000000F4       MonthDays
 0001:00001BBC       Move
 0001:0003EA3C       MultiAILimit
 0001:00000264       MultiByteToWideChar
 0002:00001685       NegCurrFormat
 0001:000011C4       NewCommit
 0001:000011F0       NewCommitAt
 0002:00000964       NewUnitLimit
 0001:0000BE24       NextCharIndex
 0002:00000034       NoErrMsg
 0001:00002F24       NotifyAnyExcept
 0001:00002EF8       NotifyExcept
 0001:00002F58       NotifyExceptFinally
 0001:00004EE4       NotifyModuleUnload
 0001:00002ED4       NotifyNonDelphiException
 0001:00002F10       NotifyOnExcept
 0001:00002EB8       NotifyReRaise
 0001:00002F80       NotifyTerminate
 0001:00002F9C       NotifyUnhandled
 0001:00008DDC       Now
 0002:00000330       NullAsStringValue
 0002:0000032C       NullStrictConvert
 0002:000018B0       ObjectsToFree
 0001:0001687C       OffsetPtr
 0001:0003F518       OnFinalize
 0001:000187D0       OnFinalize
 0001:0003D080       OnInit
 0001:0003F11C       OnInitialize
 0001:000187B8       OnInitialize
 0001:0003E5B4       OnInstall
 0001:0002453C       OnInstall
 0001:0003DF64       OnInstall
 0001:0003E518       OnInstall
 0001:0003E86C       OnInstall
 0001:00020198       OnInstallCobExtensions
 0001:0003EBD0       OnInstallColors
 0001:00022940       OnInstallINI_Options
 0001:00025138       OnInstallShareLOS
 0001:00025280       OnInstallSpeedHack
 0001:0003E6BC       OnInstallUnitLimit
 0001:0003E51C       OnUnInstall
 0001:0003E870       OnUninstall
 0001:0003E5B8       OnUninstall
 0001:0002455C       OnUnInstall
 0001:0003DF68       OnUnInstall
 0001:0002019C       OnUninstallCobExtensions
 0001:0003EF18       OnUninstallColors
 0001:00022944       OnUninstallINI_Options
 0001:00025144       OnUninstallShareLOS
 0001:0002528C       OnUninstallSpeedHack
 0001:0003E6C0       OnUninstallUnitLimit
 0001:0001BFE0       OpenMemMap
 0001:00001E2C       OpenText
 0002:00001794       OutOfMemory
 0002:00001214       Output
 0001:00034584       OutputInfo
 0001:0001C0EC       PacketBufferU
 0001:000241B8       packet_old
 0001:00001D60       ParamStr
 0001:000171C8       ParseParams
 0001:0001F038       PatchNJump
 0001:0003E65C       PauseHandling
 0001:0003E6B4       PauseLock
 0001:0003B4CC       PlayerDataU
 0002:000019F8       PlayerPtr
 0002:000019E4       PlayerPtr
 0002:00001A10       PlayerPtr
 0001:000250B4       Player_SetAlliedState_JumpHook
 0001:000250CC       Player_SetAlliedState_RetHook
 0001:000243A4       PluginCommandHandlerU
 0002:000019D4       PluginCommands
 0001:00020120       PluginEngine
 0001:0003F080       Plugins
 0002:00001908       Plugins
 0001:00011274       PointerInModule
 0002:00001AE0       proc
 0002:000018C8       proc
 0002:000018A0       Procedures
 0001:00014364       PropValueError
 0002:000000A8       PtrToNil
 0001:000173F4       PtrToStr
 0001:000080F4       PutExponent
 0001:000002CC       QueryPerformanceCounter
 0001:00011A08       QuickSort
 0001:0000B454       RaiseAssertException
 0001:000138C4       RaiseException
 0001:0000019C       RaiseException
 0002:00001014       RaiseExceptionProc
 0001:0000C94C       RaiseLastOSError
 0001:00001DC4       Randomize
 0002:00000008       RandSeed
 0001:00014344       ReadError
 0001:0001E038       ReadError
 0001:000001A4       ReadFile
 0001:00005A58       ReadFile
 0001:00021B9C       ReadIniBool
 0001:00022030       ReadINISettings
 0001:00021E88       ReadIniString
 0001:00021CE8       ReadIniValue
 0001:000023DC       ReadLine
 0001:000217B0       ReadModsIniField
 0001:00005A60       ReadProcessMemory
 0002:00001818       RefAnyProc
 0001:0000026C       RegCloseKey
 0001:00005860       RegCloseKey
 0001:00005868       RegCreateKeyEx
 0001:0001E094       RegDataToDataType
 0001:00005870       RegFlushKey
 0002:00001858       RegGroups
 0001:00004F40       RegisterModule
 0001:0001FD54       RegisterPlugin
 0001:0001ED08       Registry
 0001:00005878       RegOpenKeyEx
 0001:00000274       RegOpenKeyEx
 0001:0000027C       RegQueryValueEx
 0001:00005880       RegQueryValueEx
 0001:00005888       RegSetValueEx
 0002:00000050       reMap
 0002:00001614       remBytes
 0001:000004E4       RemoveBlock
 0001:000141F4       RemoveFixupReferences
 0001:000142B0       RemoveFixups
 0001:0001759C       RemoveInvalid
 0001:00004E34       RemoveModuleUnloadProc
 0001:00004E5C       RemoveModuleUnloadProc
 0001:00005A68       ResetEvent
 0001:0002526C       ResetGameSpeedLimits
 0001:0002511C       ResetShareLosState
 0001:00001728       ResizeInPlace
 0001:000116AC       ReturnAddr
 0001:00012290       ReturnAddr
 0002:00001610       rover
 0001:000106C8       RTLConsts
 0001:000001AC       RtlUnwind
 0002:00001018       RTLUnwindProc
 0002:00000074       runErrMsg
 0001:00001AC4       RunErrorAt
 0001:0000DA44       SafeArrayCreate
 0001:0000DA4C       SafeArrayGetLBound
 0001:0000DA54       SafeArrayGetUBound
 0001:0000DA5C       SafeArrayPtrOfIndex
 0001:00006CA8       SameText
 0001:00009B58       ScanBlanks
 0001:00009CE4       ScanChar
 0001:00009ED0       ScanDate
 0001:00009B98       ScanNumber
 0001:00009C4C       ScanString
 0001:0000A264       ScanTime
 0001:00009D9C       ScanToNumber
 0001:00001224       SearchSmallBlocks
 0001:00018DEC       SelfLocation
 0002:000018CC       SelfLocation_cache
 0001:00010158       SetClearVarToEmptyParam
 0001:0003EA44       setColor
 0001:00005A70       SetEndOfFile
 0001:000001B4       SetEndOfFile
 0001:00005A78       SetEvent
 0001:000034AC       SetExceptionHandler
 0001:000001BC       SetFilePointer
 0001:00005A80       SetFilePointer
 0001:00001B48       SetInOutRes
 0001:00005A88       SetLastError
 0001:00020790       SetLongword
 0001:00010140       SetVarAsError
 0001:00020774       SetWord
 0002:00000894       ShareFlags
 0002:00000160       ShareMode
 0001:00018850       SHFolder
 0001:00018818       SHGetFolderPath
 0002:0000168C       ShortDateFormat
 0002:00001708       ShortDayNames
 0002:000016A8       ShortMonthNames
 0002:000016A0       ShortTimeFormat
 0001:0000AEC0       ShowException
 0001:00025070       Signal_AlliedStateChange
 0001:000174D0       SimpleCrypt
 0001:00014754       SkipBinary
 0001:00014788       SkipCollection
 0001:00014728       SkipList
 0001:00005A90       Sleep
 0001:0000C944       Sleep
 0002:0000161C       smallTab
 0002:000015E4       spaceRoot
 0001:0002546C       SpeedHack
 0001:000253AC       SpeedState_DecreaseSpeed_Check
 0001:000253E4       SpeedState_IncreaseSpeed_Check
 0001:00025414       SpeedState_SetSpeed_Check
 0001:0001F068       SpliceInJump
 0002:00001A30       StartedFrom
 0002:0000092C       State_COB_extensions
 0002:00000974       State_Colors
 0002:00000938       State_INI_Options
 0002:0000096C       State_MultiAILimit
 0002:0000095C       State_PauseLock
 0002:00000944       State_SpeedHack
 0002:00000968       State_UnitLimit
 0002:00000954       statslog
 0001:0001CD4C       statslogging
 0001:0003A21C       StatusToStr
 0002:00000960       StopPauseStateChange
 0001:00007B00       StrAlloc
 0001:0000BAF0       StrByteType
 0001:0000BD84       StrCharLength
 0001:000136E4       StringListCompareStrings
 0001:0000C7E8       StringReplace
 0001:00017968       StripFromString
 0001:000079FC       StrLCopy
 0001:000079B8       StrLen
 0001:00007F98       StrLFmt
 0001:00007A30       StrLIComp
 0001:000079D0       StrMove
 0001:00007B2C       StrNew
 0001:0000BDB8       StrNextChar
 0001:00007AAC       StrPos
 0001:00007A74       StrScan
 0001:0000A480       StrToDate
 0001:0000A578       StrToDateTime
 0001:000087E8       StrToFloat
 0001:00007094       StrToInt
 0001:000070D4       StrToIntDef
 0001:0000A4FC       StrToTime
 0001:000219C8       StrUtils
 0001:0003DB28       StubCall
 0001:00018BE4       SupportsCompression
 0002:0000184C       SyncEvent
 0001:00017AB8       SyncHeaders
 0002:00000430       SyncList
 0001:0001551C       SyncObjs
 0001:00000294       SysAllocStringLen
 0001:00005F44       SysConst
 0001:0000A644       SysErrorMessage
 0001:00001550       SysFreeMem
 0001:000002A4       SysFreeString
 0001:000013A4       SysGetMem
 0001:00005820       SysInit
 0002:00001740       SysLocale
 0001:0000192C       SysReallocMem
 0001:0000029C       SysReAllocStringLen
 0001:00005588       System
 0001:0000D4F0       SysUtils
 0002:0000191C       TAData
 0001:000193C8       TADemoConsts
 0002:000018D0       TADemoVersion_cache
 0001:00020EC8       TAMem.getActualUnitLimit
 0001:00020E74       TAMem.getGameSpeed
 0001:00020EF4       TAMem.getIsAlteredUnitLimit
 0001:00020E9C       TAMem.getMaxUnitLimit
 0001:00020F70       TAMem.getPlayerIndex
 0001:00021350       TAMem.getTemplatePtr
 0001:00020F48       TAMem.getUnitInfoPtr
 0001:00020FF4       TAMem.GetUnitPtr
 0001:00020F20       TAMem.getUnitsPtr
 0001:00021058       TAMem.GetUnitStruct
 0001:00020E4C       TAMem.getViewPLayer
 0001:0002138C       TAMem.getWeapon
 0001:00020DB4       TAMem.IsTAVersion31
 0001:00020B70       TAMemManipulations
 0001:000210C0       TAPlayer.GetAlliedState
 0001:00021108       TAPlayer.PlayerType
 0001:0002120C       TAUnit.getCloak
 0001:0002115C       TAUnit.getHealth
 0001:00021324       TAUnit.GetID
 0001:00021130       TAUnit.getKills
 0001:00021278       TAUnit.GetOwnerIndex
 0001:00021250       TAUnit.GetOwnerPtr
 0001:000212A0       TAUnit.IsOnThisComp
 0001:000211B0       TAUnit.setCloak
 0001:00021188       TAUnit.setHealth
 0001:000213D4       TAUnit.setTemplate
 0001:00021450       TAUnit.setWeapon
 0001:00020158       TA_FunctionsU
 0001:000214F8       TA_MemoryLocations
 0001:00020190       TA_NetworkingMessages
 0001:0001F1D4       TCodeInjection.Create
 0001:0001F218       TCodeInjection.RestoreProc
 0001:0001F6C0       TCodeInjection_RelativeJmp.Create
 0001:0001F728       TCodeInjection_RelativeJmp.WriteProc
 0001:0001F358       TCodeInjection_Replacement.WriteProc
 0001:0001F50C       TCodeInjection_StaticCall.WriteProc
 0001:0003B5AC       TCommandHandler.Create
 0001:0003B970       TCommands.AddCommand
 0001:0003B80C       TCommands.AddCommandAlias
 0001:0003B764       TCommands.ClearCommands
 0001:0003B650       TCommands.Create
 0001:0003B6BC       TCommands.destroy
 0001:0003B700       TCommands.GetCount
 0001:0003B730       TCommands.GetItem
 0001:0003B7C4       TCommands.LookUpCommand
 0001:000154BC       TCriticalSection.Acquire
 0001:0001542C       TCriticalSection.Create
 0001:0001547C       TCriticalSection.Destroy
 0001:000154D4       TCriticalSection.Release
 0001:0001CF2C       TCustomIniFile.Create
 0001:0001D694       TCustomIniFile.ReadBinaryStream
 0001:0001D110       TCustomIniFile.ReadBool
 0001:0001D144       TCustomIniFile.ReadDate
 0001:0001D200       TCustomIniFile.ReadDateTime
 0001:0001D2BC       TCustomIniFile.ReadFloat
 0001:0001CFE0       TCustomIniFile.ReadInteger
 0001:0001D378       TCustomIniFile.ReadTime
 0001:0001CF74       TCustomIniFile.SectionExists
 0001:0001D624       TCustomIniFile.ValueExists
 0001:0001D808       TCustomIniFile.WriteBinaryStream
 0001:0001D5F0       TCustomIniFile.WriteBool
 0001:0001D434       TCustomIniFile.WriteDate
 0001:0001D49C       TCustomIniFile.WriteDateTime
 0001:0001D504       TCustomIniFile.WriteFloat
 0001:0001D0AC       TCustomIniFile.WriteInteger
 0001:0001D570       TCustomIniFile.WriteTime
 0001:00013EF8       TCustomMemoryStream.Read
 0001:00013F68       TCustomMemoryStream.Seek
 0001:00013ED0       TCustomMemoryStream.SetPointer
 0001:000101F4       TCustomVariantType.BinaryOp
 0001:00010200       TCustomVariantType.Cast
 0001:00010238       TCustomVariantType.CastTo
 0001:000102C4       TCustomVariantType.CastToOle
 0001:00010280       TCustomVariantType.Compare
 0001:0001028C       TCustomVariantType.CompareOp
 0001:00010300       TCustomVariantType.Destroy
 0001:000103E0       TCustomVariantType.DispInvoke
 0001:0001038C       TCustomVariantType.IsClear
 0001:00010390       TCustomVariantType.LeftPromotion
 0001:000103A4       TCustomVariantType.OlePromotion
 0001:00010404       TCustomVariantType.QueryInterface
 0001:000103AC       TCustomVariantType.RaiseCastError
 0001:000103BC       TCustomVariantType.RaiseDispError
 0001:000103B4       TCustomVariantType.RaiseInvalidOp
 0001:000103C4       TCustomVariantType.RightPromotion
 0001:000103D8       TCustomVariantType.UnaryOp
 0001:000103EC       TCustomVariantType._AddRef
 0001:000103F8       TCustomVariantType._Release
 0001:0002FD28       TDPlay.AddGroupToGroup
 0001:0002EDA4       TDPlay.AddPlayerToGroup
 0001:00028390       TDPlay.ChatMsgHandler
 0001:000268D4       TDPlay.checkForCheats
 0001:000362B4       TDPlay.Close
 0001:00037110       TDPlay.Create
 0001:0002EEA4       TDPlay.CreateGroup
 0001:0002F708       TDPlay.CreateGroup
 0001:0002FDA4       TDPlay.CreateGroupInGroup
 0001:00028FDC       TDPlay.createlogfile
 0001:0002EE20       TDPlay.CreatePlayer
 0001:000303B4       TDPlay.CreatePlayer
 0001:0002FE30       TDPlay.DeleteGroupFromGroup
 0001:0002EF24       TDPlay.DeletePlayerFromGroup
 0001:0003A04C       TDPlay.Destroy
 0001:0002EFA0       TDPlay.DestroyGroup
 0001:00030668       TDPlay.DestroyPlayer
 0001:00027B84       TDPlay.dobase
 0001:0002F018       TDPlay.EnableNewPlayers
 0001:00030A84       TDPlay.EnumConnections
 0001:0002F090       TDPlay.EnumGroupPlayers
 0001:0002F790       TDPlay.EnumGroupPlayers
 0001:0002F114       TDPlay.EnumGroups
 0001:0002F818       TDPlay.EnumGroups
 0001:0002FEAC       TDPlay.EnumGroupsInGroup
 0001:0002F198       TDPlay.EnumPlayers
 0001:0003078C       TDPlay.EnumPlayers
 0001:0003084C       TDPlay.EnumSessions
 0001:0002F21C       TDPlay.EnumSessions
 0001:00035CEC       TDPlay.ExceptMessage
 0001:00036C3C       TDPlay.Exiting
 0001:0002A5A4       TDPlay.facexpshandler
 0001:00029DD4       TDPlay.fnRemoveInvalidChar
 0001:0002F2A4       TDPlay.GetCaps
 0001:0002F89C       TDPlay.GetCaps
 0001:000320FC       TDPlay.GetFixFacExps
 0001:00035F78       TDPlay.GetGoodSource
 0001:0002FF34       TDPlay.GetGroupConnectionSettings
 0001:0002F918       TDPlay.GetGroupData
 0001:000301BC       TDPlay.GetGroupFlags
 0001:0002F99C       TDPlay.GetGroupName
 0001:00030238       TDPlay.GetGroupParent
 0001:0002F31C       TDPlay.GetMessageCount
 0001:000302B4       TDPlay.GetPlayerAccount
 0001:000308D0       TDPlay.GetPlayerAddress
 0001:0002F398       TDPlay.GetPlayerCaps
 0001:0002FA1C       TDPlay.GetPlayerCaps
 0001:0002FA9C       TDPlay.GetPlayerData
 0001:00030338       TDPlay.GetPlayerFlags
 0001:0002F414       TDPlay.GetPlayerName
 0001:00030B84       TDPlay.GetPlayerName
 0001:00032130       TDPlay.GetProtectDT
 0001:0002690C       TDPlay.GetRandomMap
 0001:00026E6C       TDPlay.GetRandomMapEx
 0001:00028280       TDPlay.getRecorderStatusString
 0001:00036090       TDPlay.GetServerPlayer
 0001:00030994       TDPlay.GetSessionDesc
 0001:0002A20C       TDPlay.Handleunitdata
 0001:000360CC       TDPlay.ImServer
 0001:000270E0       TDPlay.initbuilding
 0001:00027174       TDPlay.initfastbase
 0001:0002F49C       TDPlay.Initialize
 0001:00030B08       TDPlay.InitializeConnection
 0001:000355D4       TDPlay.On3dta
 0001:00034C58       TDPlay.OnAbout
 0001:00033CBC       TDPlay.OnAutoPause
 0001:00034370       TDPlay.OnBase
 0001:00033C44       TDPlay.OnBaseOff
 0001:00033EA8       TDPlay.OnCmdwarp
 0001:00034AA4       TDPlay.OnCrash
 0001:0003587C       TDPlay.OnCreatetxt
 0001:00032CF8       TDPlay.OnDate
 0001:00034424       TDPlay.OnDoBase
 0001:000323E8       TDPlay.OnEhaoff
 0001:000324B4       TDPlay.OnEhaOn
 0001:00032648       TDPlay.Onehareport
 0001:00035CCC       TDPlay.OnException
 0001:00033DF8       TDPlay.Onf1off
 0001:00035B2C       TDPlay.OnFakeWatch
 0001:00034DA4       TDPlay.OnFixall
 0001:00032270       TDPlay.OnFixDisabled
 0001:0003232C       TDPlay.OnFixEnabled
 0001:00034E0C       TDPlay.OnFixFactoryExplosions
 0001:00035BB8       TDPlay.OnForceCd
 0001:00033158       TDPlay.OnForceGo
 0001:000331C4       TDPlay.OnGive
 0001:000346AC       TDPlay.OnHelp
 0001:00033B5C       TDPlay.OnHookReport
 0001:00035920       TDPlay.OnLockOn
 0001:000357D8       TDPlay.OnOnlyUnits
 0001:00034BA0       TDPlay.OnPanic
 0001:000327C0       TDPlay.OnPlayers
 0001:00034EF4       TDPlay.OnProtectDT
 0001:00035A30       TDPlay.OnRandMap
 0001:00035AFC       TDPlay.OnRandMapEx
 0001:000352B0       TDPlay.OnRecord
 0001:00035FF0       TDPlay.OnRemovePlayer
 0001:00032A04       TDPlay.OnReport
 0001:00032B34       TDPlay.OnReportMod
 0001:00032164       TDPlay.OnShareLos
 0001:00034FCC       TDPlay.OnSharemapPos
 0001:00034974       TDPlay.OnStatus
 0001:000332F8       TDPlay.OnStopGive
 0001:0003578C       TDPlay.OnStopLog
 0001:00034314       TDPlay.OnSyncOff
 0001:00033F58       TDPlay.OnSyncon
 0001:0003257C       TDPlay.OnTaHookOff
 0001:00033780       TDPlay.OnTake
 0001:00035104       TDPlay.OnTime
 0001:000333D8       TDPlay.OnUnits
 0001:00032FD8       TDPlay.OnVoteGo
 0001:00032E04       TDPlay.OnVoteReady
 0001:00034A4C       TDPlay.OnYankspank
 0001:0002F514       TDPlay.Open
 0001:00036100       TDPlay.Open
 0001:0002A928       TDPlay.PacketHandler
 0001:00028CD4       TDPlay.PacketLostHandler
 0001:000315E0       TDPlay.Receive
 0001:0002F58C       TDPlay.Receive
 0001:00036364       TDPlay.ResetRecorder
 0001:0002F614       TDPlay.SaveSession
 0001:0002FFB8       TDPlay.SecureOpen
 0001:00031184       TDPlay.Send
 0001:000261D4       TDPlay.SendAlliedChat
 0001:00025CFC       TDPlay.SendChat
 0001:00025E40       TDPlay.SendChatLocal
 0001:00025F70       TDPlay.SendChatLocal2
 0001:0003003C       TDPlay.SendChatMessage
 0001:000266F0       TDPlay.SendClipboard
 0001:000267B8       TDPlay.SendCobEventMessage
 0001:00026034       TDPlay.SendLocal
 0001:00026064       TDPlay.SendLocal
 0001:00026568       TDPlay.SendRecorderToRecorderMsg
 0001:000262A4       TDPlay.SendRecorderToRecorderMsg2
 0001:0002A828       TDPlay.SetAutoPauseAtStart
 0001:0002A848       TDPlay.SetCommanderWarp
 0001:0002A884       TDPlay.SetF1Disable
 0001:0002A8E0       TDPlay.SetFastSpeed
 0001:000300C0       TDPlay.SetGroupConnectionSettings
 0001:0002FB20       TDPlay.SetGroupData
 0001:0002FBA4       TDPlay.SetGroupName
 0001:0002FC24       TDPlay.SetPlayerData
 0001:0002FCA8       TDPlay.SetPlayerName
 0001:0002F688       TDPlay.SetPlayerName
 0001:00030A0C       TDPlay.SetSessionDesc
 0001:0002A904       TDPlay.SetSlowSpeed
 0001:0002A8C0       TDPlay.SetSpeedLock
 0001:00029FA0       TDPlay.SmartPak
 0001:00030140       TDPlay.StartSession
 0001:00028C0C       TDPlay.UnitCountChange
 0001:00018EBC       TempPath
 0002:00000320       TerminateProcList
 0002:00001046       Test8086
 0001:0002069C       TestByte
 0001:00020664       TestByte
 0001:000206E8       TestBytes
 0002:00001A14       TestPlayer
 0002:000019FC       TestPlayer
 0002:000019DC       TestPlayerIndex
 0002:000019E0       TestPlayerPtr
 0001:00001F28       TextClose
 0001:00025150       TextCommand_View_Hook
 0001:00017644       textdata
 0001:000196F8       TextFileU
 0001:00001E9C       TextIn
 0001:00001F48       TextOpen
 0001:00001EDC       TextOut
 0001:00008638       TextToFloat
 0001:00013CD8       TFileStream.Create
 0001:00013D28       TFileStream.Create
 0001:00013E88       TFileStream.Destroy
 0001:000157D0       TGpHugeFile.AccessFile
 0001:00016674       TGpHugeFile.AllocBuffer
 0001:00015FE4       TGpHugeFile.BlockWrite
 0001:00016BD0       TGpHugeFile.BlockWriteUnsafe
 0001:00015E20       TGpHugeFile.CheckHandle
 0001:00015D68       TGpHugeFile.Close
 0001:00015660       TGpHugeFile.CreateEx
 0001:00015718       TGpHugeFile.Destroy
 0001:00016510       TGpHugeFile.FilePos
 0001:00016F10       TGpHugeFile.FileSize
 0001:00015E8C       TGpHugeFile.FileSizeNoCache
 0001:000165D4       TGpHugeFile.Flush
 0001:00016B0C       TGpHugeFile.FlushBuffer
 0001:000167AC       TGpHugeFile.FreeBuffer
 0001:00016F8C       TGpHugeFile.InitReadBuffer
 0001:00016F58       TGpHugeFile.InitWriteBuffer
 0001:00016C8C       TGpHugeFile.IsOpen
 0001:00016EA8       TGpHugeFile.LoadedToTheEOF
 0001:00015A78       TGpHugeFile.ResetEx
 0001:00015C04       TGpHugeFile.RewriteEx
 0001:00016648       TGpHugeFile.RoundToPageSize
 0001:000163A0       TGpHugeFile.Seek
 0001:00016898       TGpHugeFile.Transmit
 0001:00016424       TGpHugeFile.Truncate
 0001:00016E60       TGpHugeFile.Win32Check
 0001:0001613C       TGpHugeFile._Seek
 0001:00013B94       THandleStream.Create
 0001:00013BE4       THandleStream.Read
 0001:00013C54       THandleStream.Seek
 0001:00013CA8       THandleStream.SetSize
 0001:00013C88       THandleStream.SetSize
 0001:00013C1C       THandleStream.Write
 0002:00001686       ThousandSeparator
 0002:00001864       ThreadLock
 0001:0003F70C       threadlogging
 0001:0003E5AC       Thread_marshaller
 0001:00016CA8       ThrowCase1
 0001:00016DA0       ThrowCase2
 0002:00001698       TimeAMString
 0001:000152F8       timeBeginPeriod
 0001:00015300       timeGetDevCaps
 0001:00015308       timeGetTime
 0002:0000169C       TimePMString
 0002:00001694       TimeSeparator
 0001:00009AF8       TimeToStr
 0001:0001DE58       TIniFile.DeleteKey
 0001:0001D978       TIniFile.Destroy
 0001:0001DDFC       TIniFile.EraseSection
 0001:0001DB90       TIniFile.ReadSection
 0001:0001DA84       TIniFile.ReadSections
 0001:0001DCA8       TIniFile.ReadSectionValues
 0001:0001D9B4       TIniFile.ReadString
 0001:0001DE90       TIniFile.UpdateFile
 0001:0001DA14       TIniFile.WriteString
 0001:00005024       TInterfacedObject.AfterConstruction
 0001:00005030       TInterfacedObject.BeforeDestruction
 0001:00005040       TInterfacedObject.NewInstance
 0001:00005050       TInterfacedObject.QueryInterface
 0001:00005078       TInterfacedObject._AddRef
 0001:0000508C       TInterfacedObject._Release
 0001:0003DF5C       TlHelp32
 0001:000115A0       TList.Add
 0001:000115F8       TList.Clear
 0001:00011618       TList.Delete
 0001:00011574       TList.Destroy
 0001:000116F4       TList.Error
 0001:000116B4       TList.Error
 0001:00011B14       TList.Extract
 0001:00011754       TList.Get
 0001:0001179C       TList.Grow
 0001:000117F4       TList.IndexOf
 0001:00011B70       TList.Notify
 0001:00011840       TList.Put
 0001:000118D0       TList.Remove
 0001:00011904       TList.SetCapacity
 0001:00011960       TList.SetCount
 0001:00011AD8       TList.Sort
 0001:0003BD20       TLobby.Connect
 0001:0003CF04       TLobby.Create
 0001:0003BED0       TLobby.CreateAddress
 0001:0003CE4C       TLobby.CreateCompoundAddress
 0001:0003BF84       TLobby.EnumAddress
 0001:0003C030       TLobby.EnumAddressTypes
 0001:0003C0E0       TLobby.EnumLocalApplications
 0001:0003C190       TLobby.GetConnectionSettings
 0001:0003C240       TLobby.ReceiveLobbyMessage
 0001:0003C408       TLobby.RunApplication
 0001:0003CB74       TLobby.SendLobbyMessage
 0001:0003CCEC       TLobby.SetConnectionSettings
 0001:0003CD9C       TLobby.SetLobbyMessageEvent
 0001:00019EB4       TLog.Add
 0001:0001A0AC       TLog.Add
 0001:00019F38       TLog.Add
 0001:00019D9C       TLog.Add2
 0001:000199D0       TLog.Create
 0001:00019CC8       TLog.Destroy
 0001:00019D70       TLog.Flush
 0001:0001C250       TLog2.Add
 0001:0001C158       TLog2.Create
 0001:0001C408       TLog2.Destroy
 0001:0001C228       TLog2.Flush
 0001:0000566C       TlsAlloc
 0002:0000166C       tlsBuffer
 0001:00005674       TlsFree
 0001:0000567C       TlsGetValue
 0002:000000A4       TlsIndex
 0002:FF8BF00C       TlsLast
 0002:000000C4       TlsProc
 0001:00005684       TlsSetValue
 0001:00013FFC       TMemoryStream.Clear
 0001:00013FC0       TMemoryStream.Destroy
 0001:0001409C       TMemoryStream.Realloc
 0001:00014020       TMemoryStream.SetCapacity
 0001:00014054       TMemoryStream.SetSize
 0001:00014164       TMemoryStream.Write
 0001:0003E060       TModuleInfo.Create
 0001:0000CF70       TMultiReadExclusiveWriteSynchronizer.BeginRead
 0001:0000CE28       TMultiReadExclusiveWriteSynchronizer.BeginWrite
 0001:0000CDA0       TMultiReadExclusiveWriteSynchronizer.BlockReaders
 0001:0000CCB4       TMultiReadExclusiveWriteSynchronizer.Create
 0001:0000CD44       TMultiReadExclusiveWriteSynchronizer.Destroy
 0001:0000CFF8       TMultiReadExclusiveWriteSynchronizer.EndRead
 0001:0000CF04       TMultiReadExclusiveWriteSynchronizer.EndWrite
 0001:0000CDD0       TMultiReadExclusiveWriteSynchronizer.UnblockOneWriter
 0001:0000CDB8       TMultiReadExclusiveWriteSynchronizer.UnblockReaders
 0001:0000CDE8       TMultiReadExclusiveWriteSynchronizer.WaitForReadSignal
 0001:0000CE08       TMultiReadExclusiveWriteSynchronizer.WaitForWriteSignal
 0001:00002E10       TObject.AfterConstruction
 0001:00002E14       TObject.BeforeDestruction
 0001:00002B64       TObject.ClassName
 0001:00002B78       TObject.ClassParent
 0001:00002B58       TObject.ClassType
 0001:00002C50       TObject.CleanupInstance
 0001:00002BBC       TObject.Create
 0001:00002E0C       TObject.DefaultHandler
 0001:00002BDC       TObject.Destroy
 0001:00002E18       TObject.Dispatch
 0001:00002BEC       TObject.Free
 0001:00002BA0       TObject.FreeInstance
 0001:00002CA0       TObject.GetInterface
 0001:00002D40       TObject.GetInterfaceEntry
 0001:00002DF0       TObject.InheritsFrom
 0001:00002BF8       TObject.InitInstance
 0001:00002BB4       TObject.InstanceSize
 0001:00002B84       TObject.NewInstance
 0001:00002E04       TObject.SafeCallException
 0001:000176EC       TObjectList.Add
 0001:00017710       TObjectList.Create
 0001:00017760       TObjectList.Extract
 0001:00017784       TObjectList.GetItem
 0001:000177A8       TObjectList.Notify
 0001:000049D0       ToLongPath
 0001:00023BF8       TPacket.Compress
 0001:00022A78       TPacket.Create
 0001:0002373C       TPacket.Decompress
 0001:000234CC       TPacket.Decrypt
 0001:00023614       TPacket.Encrypt
 0001:00022BF0       TPacket.GetRawData2
 0001:00022C2C       TPacket.GetTAData
 0001:00022BB4       TPacket.GetTimestamp
 0001:00022C90       TPacket.PacketLength
 0001:00022B24       TPacket.SJCreateNew
 0001:0002315C       TPacket.Split2
 0001:00011CE4       TPersistent.Assign
 0001:00011D10       TPersistent.AssignError
 0001:00011DE8       TPersistent.AssignTo
 0001:00011E04       TPersistent.DefineProperties
 0001:00011CA8       TPersistent.Destroy
 0001:00011E14       TPersistent.GetNamePath
 0001:00011ECC       TPersistent.GetOwner
 0001:0003A2AC       TPlayerData.Create
 0001:0003A3F4       TPlayerData.IsSelf
 0001:0003A484       TPlayerData.IsServer
 0001:0003A37C       TPlayerData.OnPlayerRemoved
 0001:0003A7F8       TPlayers.Add
 0001:0003A708       TPlayers.Clear
 0001:0003B1B0       TPlayers.Convert
 0001:0003B32C       TPlayers.ConvertId
 0001:0003A51C       TPlayers.Create
 0001:0003A6AC       TPlayers.Destroy
 0001:0003AD98       TPlayers.getCount
 0001:0003AFB4       TPlayers.GetData_
 0001:0003ADB4       TPlayers.Name
 0001:0003AE58       TPlayers.Name
 0001:0003A84C       TPlayers.Remove
 0001:0003AD5C       TPlayers.Remove
 0001:000242CC       TPluginCommands.ClearCommands
 0001:0002421C       TPluginCommands.Create
 0001:00024288       TPluginCommands.destroy
 0001:0002432C       TPluginCommands.LookUpCommand
 0001:0001F980       TPluginData.create
 0001:0001FAEC       TPluginData.MakeNOPReplacement
 0001:0001FA24       TPluginData.MakeRelativeJmp
 0001:0001FB90       TPluginData.MakeReplacement
 0001:0001FA98       TPluginData.MakeStaticCall
 0001:0001FC48       TPluginData.NewCodeInjection
 0001:0000AA54       TranslateDateFormat
 0001:0000E604       TranslateResult
 0001:00014374       TReader.CheckValue
 0001:000143A4       TReader.EndOfList
 0001:000143C8       TReader.NextValue
 0001:000143EC       TReader.Read
 0001:00014438       TReader.ReadBuffer
 0001:0001448C       TReader.ReadListBegin
 0001:000144A0       TReader.ReadListEnd
 0001:000144B4       TReader.ReadStr
 0001:000144FC       TReader.ReadString
 0001:000146B8       TReader.ReadValue
 0001:000145C0       TReader.ReadWideString
 0001:000149E8       TReader.SkipBytes
 0001:00014998       TReader.SkipProperty
 0001:000146D8       TReader.SkipSetBody
 0001:000147FC       TReader.SkipValue
 0001:00011198       TRegGroup.Create
 0001:00011220       TRegGroup.Destroy
 0001:000112A4       TRegGroup.UnregisterModuleClasses
 0001:00011380       TRegGroups.Create
 0001:0001140C       TRegGroups.Destroy
 0001:00011488       TRegGroups.Lock
 0001:000114A0       TRegGroups.Unlock
 0001:000114B8       TRegGroups.UnregisterModuleClasses
 0001:0001E890       TRegIniFile.Create
 0001:0001E844       TRegIniFile.Create
 0001:0001EC74       TRegIniFile.ReadBool
 0001:0001EA74       TRegIniFile.ReadInteger
 0001:0001E8F4       TRegIniFile.ReadString
 0001:0001EB80       TRegIniFile.WriteInteger
 0001:0001E9C4       TRegIniFile.WriteString
 0001:0001E29C       TRegistry.ChangeKey
 0001:0001E20C       TRegistry.CloseKey
 0001:0001E180       TRegistry.Create
 0001:0001E128       TRegistry.Create
 0001:0001E324       TRegistry.CreateKey
 0001:0001E1D0       TRegistry.Destroy
 0001:0001E2D0       TRegistry.GetBaseKey
 0001:0001E700       TRegistry.GetData
 0001:0001E540       TRegistry.GetDataInfo
 0001:0001E59C       TRegistry.GetDataSize
 0001:0001E7A4       TRegistry.GetKey
 0001:0001E408       TRegistry.OpenKey
 0001:0001E690       TRegistry.PutData
 0001:0001E604       TRegistry.ReadString
 0001:0001E308       TRegistry.SetCurrentKey
 0001:0001E254       TRegistry.SetRootKey
 0001:0001E780       TRegistry.ValueExists
 0001:0001E5D0       TRegistry.WriteString
 0001:00006E18       Trim
 0001:00006E8C       TrimLeft
 0002:00001788       TrueBoolStrs
 0001:00008A94       TryEncodeDate
 0001:0000892C       TryEncodeTime
 0001:0000125C       TryHarder
 0001:00002334       TryOpenForInput
 0001:000025D8       TryOpenForOutput
 0001:00007214       TryStrToBool
 0001:000088C0       TryStrToCurr
 0001:0000A4B8       TryStrToDate
 0001:0000A5B0       TryStrToDateTime
 0001:00008850       TryStrToFloat
 0001:00008828       TryStrToFloat
 0001:00008888       TryStrToFloat
 0001:00007104       TryStrToInt
 0001:0000A534       TryStrToTime
 0001:0001C5E0       TStatsLogging.Add
 0001:0001C4E8       TStatsLogging.Create
 0001:0001C970       TStatsLogging.Damage_StatEvent
 0001:0001CCE0       TStatsLogging.Destroy
 0001:0001C5B8       TStatsLogging.Flush
 0001:0001CA64       TStatsLogging.Kill_StatEvent
 0001:0001C7A8       TStatsLogging.NewUnit_StatEvent
 0001:0001CB40       TStatsLogging.Stats_StatEvent
 0001:0001C8A0       TStatsLogging.UnitFinished_StatEvent
 0001:00013A9C       TStream.CopyFrom
 0001:000137CC       TStream.GetPosition
 0001:00013810       TStream.GetSize
 0001:00013A0C       TStream.ReadBuffer
 0001:0001399C       TStream.Seek
 0001:00013910       TStream.Seek
 0001:000137F4       TStream.SetPosition
 0001:0001385C       TStream.SetSize
 0001:0001386C       TStream.SetSize
 0001:00013A54       TStream.WriteBuffer
 0001:00012EA4       TStringList.Add
 0001:00012ECC       TStringList.AddObject
 0001:00012F44       TStringList.Changed
 0001:00012F70       TStringList.Changing
 0001:00012F9C       TStringList.Clear
 0001:0001378C       TStringList.CompareStrings
 0001:0001373C       TStringList.CustomSort
 0001:00012FF0       TStringList.Delete
 0001:00012E28       TStringList.Destroy
 0001:00013090       TStringList.Exchange
 0001:0001310C       TStringList.ExchangeItems
 0001:00013178       TStringList.Find
 0001:00013210       TStringList.Get
 0001:0001325C       TStringList.GetCapacity
 0001:00013278       TStringList.GetCount
 0001:00013294       TStringList.GetObject
 0001:000132DC       TStringList.Grow
 0001:00013334       TStringList.IndexOf
 0001:00013380       TStringList.Insert
 0001:00013410       TStringList.InsertItem
 0001:000133A8       TStringList.InsertObject
 0001:000134B8       TStringList.Put
 0001:00013530       TStringList.PutObject
 0001:0001358C       TStringList.QuickSort
 0001:00013650       TStringList.SetCapacity
 0001:0001367C       TStringList.SetSorted
 0001:000136B4       TStringList.SetUpdateState
 0001:00013720       TStringList.Sort
 0001:00015018       TStringQueue.Clear
 0001:00014FA8       TStringQueue.Create
 0001:000151D0       TStringQueue.DeQueue
 0001:0001514C       TStringQueue.EnQueue
 0001:00015278       TStringQueue.Examine
 0001:0001503C       TStringQueue.Grow
 0001:00011F20       TStrings.Add
 0001:00011F50       TStrings.AddObject
 0001:00011F84       TStrings.AddStrings
 0001:00012044       TStrings.Assign
 0001:000120E8       TStrings.BeginUpdate
 0001:00012DA4       TStrings.CompareStrings
 0001:0001216C       TStrings.DefineProperties
 0001:00011EE4       TStrings.Destroy
 0001:000121B8       TStrings.EndUpdate
 0001:000121DC       TStrings.Equals
 0001:000122D8       TStrings.Error
 0001:00012298       TStrings.Error
 0001:00012338       TStrings.Exchange
 0001:00012424       TStrings.GetCapacity
 0001:00012DC8       TStrings.GetNameValueSeparator
 0001:00012440       TStrings.GetObject
 0001:00012458       TStrings.GetText
 0001:000124B4       TStrings.GetTextStr
 0001:000125FC       TStrings.IndexOf
 0001:00012688       TStrings.IndexOfName
 0001:00012764       TStrings.IndexOfObject
 0001:000127B0       TStrings.InsertObject
[...]
  3829 0001:0003A0B0  3830 0001:0003A0BD  3831 0001:0003A0CA  3832 0001:0003A0D4
  3833 0001:0003A0D9  3834 0001:0003A0E4  3835 0001:0003A100  3837 0001:0003A140
  3837 0001:0003A147

Line numbers for PlayerDataU(PlayerDataU.pas) segment .text

   186 0001:0003A21C   187 0001:0003A228   188 0001:0003A237   189 0001:0003A246
   190 0001:0003A255   192 0001:0003A264   194 0001:0003A271   201 0001:0003A2AC
   202 0001:0003A2C7   203 0001:0003A2E1   204 0001:0003A2EF   205 0001:0003A2F8
   206 0001:0003A31D   210 0001:0003A37C   211 0001:0003A388   213 0001:0003A394
   214 0001:0003A39F   213 0001:0003A3DE   215 0001:0003A3E4   217 0001:0003A3EE
   220 0001:0003A3F4   221 0001:0003A3FD   222 0001:0003A417   223 0001:0003A425
   226 0001:0003A484   227 0001:0003A48E   228 0001:0003A4A8   229 0001:0003A4BE
   238 0001:0003A51C   239 0001:0003A534   240 0001:0003A53E   241 0001:0003A550
   242 0001:0003A562   243 0001:0003A571   244 0001:0003A580   245 0001:0003A58F
   246 0001:0003A5AD   247 0001:0003A5B6   248 0001:0003A5D3   249 0001:0003A5DC
   251 0001:0003A5F9   252 0001:0003A612   253 0001:0003A638   256 0001:0003A6AC
   257 0001:0003A6BD   258 0001:0003A6C5   259 0001:0003A6D0   260 0001:0003A6DB
   261 0001:0003A6E6   262 0001:0003A702   268 0001:0003A708   269 0001:0003A711
   272 0001:0003A71C   273 0001:0003A732   274 0001:0003A743   276 0001:0003A749
   277 0001:0003A759   279 0001:0003A761   280 0001:0003A76F   270 0001:0003A77D
   282 0001:0003A789   285 0001:0003A794   286 0001:0003A7AA   287 0001:0003A7BB
   289 0001:0003A7C1   290 0001:0003A7D1   292 0001:0003A7D9   283 0001:0003A7E7
   294 0001:0003A7F3   297 0001:0003A7F8   298 0001:0003A807   299 0001:0003A81D
   300 0001:0003A83B   301 0001:0003A847   308 0001:0003A84C   309 0001:0003A874
   310 0001:0003A87E   311 0001:0003A88C   312 0001:0003A896   313 0001:0003A8A2
   314 0001:0003A8AD   315 0001:0003A8B3   317 0001:0003A8B4   319 0001:0003A8D6
   320 0001:0003A8EC   321 0001:0003A94B   322 0001:0003A991   323 0001:0003A9D1
   324 0001:0003AA17   326 0001:0003AA5D   327 0001:0003AAA3   328 0001:0003AAE9
   317 0001:0003AAEC   330 0001:0003AAF5   332 0001:0003AB10   333 0001:0003AB32
   332 0001:0003AB53   335 0001:0003AB58   336 0001:0003AB5F   335 0001:0003AB9A
   337 0001:0003ABA0   338 0001:0003ABC0   339 0001:0003ABDD   340 0001:0003ABFD
   341 0001:0003AC1D   342 0001:0003AC3F   345 0001:0003AC61   346 0001:0003AC6E
   347 0001:0003AC7D   348 0001:0003AC8C   350 0001:0003AC99   351 0001:0003ACA3
   353 0001:0003ACD7   355 0001:0003AD0C   361 0001:0003AD5C   362 0001:0003AD6B
   363 0001:0003AD7D   364 0001:0003AD83   365 0001:0003AD91   368 0001:0003AD98
   369 0001:0003ADA1   370 0001:0003ADB0   375 0001:0003ADB4   376 0001:0003ADC3
   377 0001:0003ADC9   378 0001:0003ADD8   381 0001:0003ADE7   382 0001:0003ADE8
   383 0001:0003ADEB   384 0001:0003ADEE   386 0001:0003ADEF   389 0001:0003AE0A
   390 0001:0003AE18   395 0001:0003AE58   396 0001:0003AE7E   397 0001:0003AE84
   398 0001:0003AE96   402 0001:0003AEED   403 0001:0003AEEE   404 0001:0003AEF1
   405 0001:0003AEF4   407 0001:0003AEF5   410 0001:0003AF29   411 0001:0003AF6E
   416 0001:0003AFB4   417 0001:0003AFD9   418 0001:0003AFF3   420 0001:0003AFF9
   421 0001:0003B005   424 0001:0003B00F   425 0001:0003B01D   432 0001:0003B074
   433 0001:0003B075   434 0001:0003B078   435 0001:0003B07B   437 0001:0003B07C
   440 0001:0003B0D1   443 0001:0003B0DB   446 0001:0003B0E1   447 0001:0003B121
   453 0001:0003B1B0   454 0001:0003B1D6   456 0001:0003B1F1   457 0001:0003B202
   459 0001:0003B211   454 0001:0003B214   460 0001:0003B21A   462 0001:0003B220
   464 0001:0003B226   465 0001:0003B232   466 0001:0003B23C   468 0001:0003B23E
   470 0001:0003B244   471 0001:0003B24D   474 0001:0003B252   476 0001:0003B26D
   477 0001:0003B27E   479 0001:0003B289   474 0001:0003B28C   480 0001:0003B292
   483 0001:0003B298   484 0001:0003B299   485 0001:0003B29C   486 0001:0003B29F
   488 0001:0003B2A0   491 0001:0003B2DD   492 0001:0003B307   502 0001:0003B32C
   503 0001:0003B352   504 0001:0003B36D   506 0001:0003B383   507 0001:0003B39F
   508 0001:0003B3A4   503 0001:0003B3A7   509 0001:0003B3AD   511 0001:0003B3B3
   513 0001:0003B3B9   514 0001:0003B3C5   516 0001:0003B3CB   517 0001:0003B3E0
   520 0001:0003B3E2   522 0001:0003B3E8   523 0001:0003B400   526 0001:0003B402
   529 0001:0003B408   530 0001:0003B409   531 0001:0003B40C   532 0001:0003B40F
   534 0001:0003B410   537 0001:0003B44D   538 0001:0003B476   540 0001:0003B4CC
   540 0001:0003B4D3

Line numbers for CommandHandlerU(CommandHandlerU.pas) segment .text

    99 0001:0003B5AC   100 0001:0003B5C7   101 0001:0003B5D5   102 0001:0003B5E3
   103 0001:0003B5F1   104 0001:0003B5FA   105 0001:0003B603   106 0001:0003B60C
   107 0001:0003B615   108 0001:0003B61E   109 0001:0003B648   116 0001:0003B650
   117 0001:0003B668   118 0001:0003B672   119 0001:0003B684   120 0001:0003B691
   121 0001:0003B6B6   124 0001:0003B6BC   125 0001:0003B6CD   126 0001:0003B6D5
   127 0001:0003B6E0   128 0001:0003B6FC   131 0001:0003B700   132 0001:0003B709
   133 0001:0003B712   135 0001:0003B722   136 0001:0003B72A   139 0001:0003B730
   140 0001:0003B73C   141 0001:0003B745   143 0001:0003B758   144 0001:0003B760
   148 0001:0003B764   149 0001:0003B76D   150 0001:0003B776   151 0001:0003B79A
   150 0001:0003B7B0   152 0001:0003B7B5   153 0001:0003B7C0   174 0001:0003B7C4
   175 0001:0003B7D1   176 0001:0003B7E9   178 0001:0003B7FC   179 0001:0003B804
   189 0001:0003B80C   190 0001:0003B831   191 0001:0003B83E   192 0001:0003B84C
   194 0001:0003B856   196 0001:0003B872   205 0001:0003B8BE   206 0001:0003B8CC
   208 0001:0003B8EC   209 0001:0003B8F4   215 0001:0003B900   216 0001:0003B901
   217 0001:0003B904   218 0001:0003B907   220 0001:0003B908   223 0001:0003B94C
   239 0001:0003B970   240 0001:0003B995   241 0001:0003B9A2   243 0001:0003B9BA
   246 0001:0003B9EE   247 0001:0003B9FC   249 0001:0003BA1C   250 0001:0003BA24
   256 0001:0003BA30   257 0001:0003BA31   258 0001:0003BA34   259 0001:0003BA37
   261 0001:0003BA38   263 0001:0003BA7C   265 0001:0003BAD4   265 0001:0003BADB

Line numbers for DPLobbyWrapper(DPLobbyWrapper.pas) segment .text

    47 0001:0003BADC    63 0001:0003BD20    64 0001:0003BD47    65 0001:0003BD55
    66 0001:0003BD70    67 0001:0003BD84    68 0001:0003BD9C    69 0001:0003BDA6
    70 0001:0003BDBD    71 0001:0003BDCF    74 0001:0003BDEA    76 0001:0003BE07
    78 0001:0003BE31    80 0001:0003BE34    81 0001:0003BE3C    82 0001:0003BE44
    85 0001:0003BE7E    89 0001:0003BED0    90 0001:0003BED9    91 0001:0003BEE7
    92 0001:0003BF0E    93 0001:0003BF22    95 0001:0003BF47    97 0001:0003BF4A
    98 0001:0003BF52   101 0001:0003BF5F   105 0001:0003BF84   106 0001:0003BF8D
   107 0001:0003BF9B   108 0001:0003BFBA   109 0001:0003BFCE   111 0001:0003BFF3
   113 0001:0003BFF6   114 0001:0003BFFE   117 0001:0003C00B   122 0001:0003C030
   123 0001:0003C039   124 0001:0003C047   125 0001:0003C066   126 0001:0003C07A
   128 0001:0003C09F   130 0001:0003C0A2   131 0001:0003C0AA   134 0001:0003C0B7
   139 0001:0003C0E0   140 0001:0003C0E9   141 0001:0003C0F7   142 0001:0003C112
   143 0001:0003C126   145 0001:0003C14B   147 0001:0003C14E   148 0001:0003C156
   151 0001:0003C163   155 0001:0003C190   156 0001:0003C199   157 0001:0003C1A7
   158 0001:0003C1C2   159 0001:0003C1D6   161 0001:0003C1FB   163 0001:0003C1FE
   164 0001:0003C206   167 0001:0003C213   172 0001:0003C240   173 0001:0003C249
   174 0001:0003C257   176 0001:0003C27A   177 0001:0003C28E   179 0001:0003C294
   180 0001:0003C2AC   181 0001:0003C2C6   182 0001:0003C2DE   186 0001:0003C2FA
   187 0001:0003C30E   189 0001:0003C333   191 0001:0003C336   192 0001:0003C33E
   195 0001:0003C34B   199 0001:0003C408   200 0001:0003C426   201 0001:0003C434
   202 0001:0003C453   203 0001:0003C467   204 0001:0003C47F   205 0001:0003C499
   207 0001:0003C4B4   208 0001:0003C4D2   209 0001:0003C4F0   210 0001:0003C50E
   211 0001:0003C52C   212 0001:0003C54A   213 0001:0003C57D   214 0001:0003C59B
   215 0001:0003C5B9   216 0001:0003C5D7   218 0001:0003C5F5   219 0001:0003C628
   221 0001:0003C65B   222 0001:0003C676   223 0001:0003C691   225 0001:0003C6AC
   226 0001:0003C6C4   228 0001:0003C6E9   230 0001:0003C6EC   231 0001:0003C6F4
   234 0001:0003C723   238 0001:0003CB74   239 0001:0003CB7D   240 0001:0003CB8B
   241 0001:0003CBAA   242 0001:0003CBBE   244 0001:0003CBC4   245 0001:0003CBDC
   246 0001:0003CBF4   250 0001:0003CC0E   251 0001:0003CC22   253 0001:0003CC47
   255 0001:0003CC4A   256 0001:0003CC52   259 0001:0003CC5F   263 0001:0003CCEC
   264 0001:0003CCF5   265 0001:0003CD03   266 0001:0003CD1E   267 0001:0003CD32
   269 0001:0003CD57   271 0001:0003CD5A   272 0001:0003CD62   275 0001:0003CD6F
   279 0001:0003CD9C   280 0001:0003CDA5   281 0001:0003CDB3   282 0001:0003CDCE
   283 0001:0003CDE2   285 0001:0003CE07   287 0001:0003CE0A   288 0001:0003CE12
   291 0001:0003CE1F   298 0001:0003CE4C   299 0001:0003CE55   300 0001:0003CE63
   301 0001:0003CE82   302 0001:0003CE96   304 0001:0003CEBB   306 0001:0003CEBE
   307 0001:0003CEC6   310 0001:0003CED3   315 0001:0003CF04   316 0001:0003CF38
   317 0001:0003CF46   318 0001:0003CF50   319 0001:0003CF5E   321 0001:0003CF7B
   322 0001:0003CF8F   324 0001:0003CFB4   326 0001:0003CFB7   327 0001:0003CFBF
   330 0001:0003D001   332 0001:0003D050   332 0001:0003D057

Line numbers for Dplayx_exports(Dplayx_exports.pas) segment .text

   117 0001:0003D058   118 0001:0003D05C   119 0001:0003D07A   122 0001:0003D080
   133 0001:0003D084   135 0001:0003D08D   136 0001:0003D096   137 0001:0003D09E
   138 0001:0003D0A7   140 0001:0003D0BD   141 0001:0003D0C4   148 0001:0003D0F0
   149 0001:0003D0F9   150 0001:0003D113   151 0001:0003D121   152 0001:0003D12A
   153 0001:0003D13F   154 0001:0003D148   156 0001:0003D159   157 0001:0003D16D
   159 0001:0003D192   161 0001:0003D195   162 0001:0003D19D   165 0001:0003D1AA
   171 0001:0003D1E8   172 0001:0003D1F1   173 0001:0003D20B   174 0001:0003D219
   175 0001:0003D222   176 0001:0003D237   177 0001:0003D240   179 0001:0003D251
   180 0001:0003D265   182 0001:0003D28A   184 0001:0003D28D   185 0001:0003D295
   188 0001:0003D2A2   195 0001:0003D2E8   196 0001:0003D2F1   197 0001:0003D30B
   198 0001:0003D319   199 0001:0003D322   200 0001:0003D337   201 0001:0003D340
   203 0001:0003D351   204 0001:0003D365   206 0001:0003D38A   208 0001:0003D38D
   209 0001:0003D395   212 0001:0003D3A2   220 0001:0003D3E8   221 0001:0003D40B
   222 0001:0003D425   223 0001:0003D433   224 0001:0003D43C   225 0001:0003D451
   226 0001:0003D45A   227 0001:0003D46F   229 0001:0003D475   230 0001:0003D489
   231 0001:0003D4A1   232 0001:0003D4AB   233 0001:0003D4CE   237 0001:0003D4DF
   238 0001:0003D4F3   239 0001:0003D50B   240 0001:0003D538   243 0001:0003D55D
   245 0001:0003D560   246 0001:0003D568   249 0001:0003D5A7   257 0001:0003D650
   258 0001:0003D66F   259 0001:0003D689   260 0001:0003D697   261 0001:0003D6A0
   262 0001:0003D6B5   263 0001:0003D6BE   265 0001:0003D6DB   266 0001:0003D6EF
   268 0001:0003D714   270 0001:0003D717   271 0001:0003D71F   274 0001:0003D749
   283 0001:0003D790   284 0001:0003D7B3   285 0001:0003D7CD   286 0001:0003D7DB
   287 0001:0003D7E4   288 0001:0003D7F9   289 0001:0003D802   290 0001:0003D81F
   292 0001:0003D825   293 0001:0003D839   294 0001:0003D851   298 0001:0003D85B
   303 0001:0003D87D   304 0001:0003D891   305 0001:0003D8A9   306 0001:0003D8D6
   309 0001:0003D8FB   311 0001:0003D8FE   312 0001:0003D906   315 0001:0003D945
   326 0001:0003D9E4   327 0001:0003D9ED   328 0001:0003D9FD   329 0001:0003DA0B
   331 0001:0003DA10   332 0001:0003DA24   334 0001:0003DA49   336 0001:0003DA4C
   337 0001:0003DA54   340 0001:0003DA61   343 0001:0003DA84   344 0001:0003DA8D
   345 0001:0003DA9D   346 0001:0003DAAB   348 0001:0003DAB0   349 0001:0003DAC4
   351 0001:0003DAE9   353 0001:0003DAEC   354 0001:0003DAF4   357 0001:0003DB01
   363 0001:0003DB28   365 0001:0003DB2B   367 0001:0003DB32   368 0001:0003DB4B
   401 0001:0003DB6C   401 0001:0003DB98   370 0001:0003DB9C   392 0001:0003DBA8
   393 0001:0003DBB1   394 0001:0003DBBB   395 0001:0003DBC4   397 0001:0003DBCE

Line numbers for TlHelp32(TlHelp32.pas) segment .text

   339 0001:0003DBD0   340 0001:0003DBD4   342 0001:0003DBE1   343 0001:0003DBF0
   345 0001:0003DBFD   346 0001:0003DC12   347 0001:0003DC27   348 0001:0003DC3C
   349 0001:0003DC51   350 0001:0003DC66   351 0001:0003DC7B   352 0001:0003DC90
   353 0001:0003DCA5   354 0001:0003DCBA   355 0001:0003DCCF   356 0001:0003DCE4
   357 0001:0003DCF9   358 0001:0003DD0E   359 0001:0003DD23   360 0001:0003DD38
   363 0001:0003DD4D   364 0001:0003DD6B   367 0001:0003DE90   368 0001:0003DE9C
   369 0001:0003DEA5   370 0001:0003DEB8   371 0001:0003DEC0   452 0001:0003DEC4
   453 0001:0003DED0   454 0001:0003DED9   455 0001:0003DEEC   456 0001:0003DEF4
   459 0001:0003DEF8   460 0001:0003DF04   461 0001:0003DF0D   462 0001:0003DF20
   463 0001:0003DF28   479 0001:0003DF5C   479 0001:0003DF63

Line numbers for ErrorLog_ExtraData(plugins\ErrorLog_ExtraData.pas) segment .text

    29 0001:0003DF64    33 0001:0003DF68    36 0001:0003DF6C    37 0001:0003DF70
    40 0001:0003DF79    45 0001:0003DF9D    53 0001:0003DFBA    54 0001:0003DFC2
    69 0001:0003E060    70 0001:0003E0A2    71 0001:0003E0B0    72 0001:0003E0BE
    73 0001:0003E0E2    74 0001:0003E0EB    75 0001:0003E139    78 0001:0003E140
    79 0001:0003E14C    80 0001:0003E15A    81 0001:0003E163    82 0001:0003E171
    84 0001:0003E17A    85 0001:0003E182   100 0001:0003E188   101 0001:0003E1D1
   103 0001:0003E1DF   104 0001:0003E1EE   105 0001:0003E1F8   107 0001:0003E206
   110 0001:0003E210   111 0001:0003E222   112 0001:0003E231   113 0001:0003E242
   115 0001:0003E250   119 0001:0003E27A   123 0001:0003E2D7   125 0001:0003E2E9
   127 0001:0003E2F6   128 0001:0003E2FE   130 0001:0003E321   131 0001:0003E32F
   133 0001:0003E343   138 0001:0003E3C4   128 0001:0003E3C7   140 0001:0003E3D0
   141 0001:0003E3DC   143 0001:0003E42C   147 0001:0003E449   150 0001:0003E467
   152 0001:0003E4AD   156 0001:0003E4CC   157 0001:0003E4CD   159 0001:0003E4D2
   160 0001:0003E4D7   161 0001:0003E4DC   164 0001:0003E510   164 0001:0003E517

Line numbers for Thread_marshaller(plugins\Thread_marshaller.pas) segment .text

    33 0001:0003E518    37 0001:0003E51C    74 0001:0003E520    75 0001:0003E524
    78 0001:0003E52D    91 0001:0003E553    92 0001:0003E55B    99 0001:0003E5AC
    99 0001:0003E5B3

Line numbers for PauseLock(plugins\PauseLock.pas) segment .text

    39 0001:0003E5B4    43 0001:0003E5B8    46 0001:0003E5BC    47 0001:0003E5C0
    50 0001:0003E5D2    55 0001:0003E5FA    67 0001:0003E617    68 0001:0003E61F
    82 0001:0003E65C    83 0001:0003E661    84 0001:0003E664    86 0001:0003E666
    89 0001:0003E66C    90 0001:0003E671    94 0001:0003E676    95 0001:0003E67B
    96 0001:0003E680    98 0001:0003E6B4    98 0001:0003E6BB

Line numbers for UnitLimit(plugins\UnitLimit.pas) segment .text

    68 0001:0003E6BC    72 0001:0003E6C0    77 0001:0003E6C4    78 0001:0003E6DD
    80 0001:0003E6F7    82 0001:0003E701    86 0001:0003E744    90 0001:0003E762
    94 0001:0003E780   101 0001:0003E7A0   102 0001:0003E7C5   104 0001:0003E864
   104 0001:0003E86B

Line numbers for MultiAILimit(plugins\MultiAILimit.pas) segment .text

    32 0001:0003E86C    36 0001:0003E870    64 0001:0003E888    65 0001:0003E88E
    66 0001:0003E895    67 0001:0003E8FF    68 0001:0003E909    72 0001:0003E910
    74 0001:0003E917    75 0001:0003E918    76 0001:0003E919    78 0001:0003E91A
    81 0001:0003E91F    82 0001:0003E924    83 0001:0003E929    87 0001:0003E92C
    88 0001:0003E930    90 0001:0003E942    94 0001:0003E96A    95 0001:0003E984
    99 0001:0003E9A5   100 0001:0003E9AD   102 0001:0003EA3C   102 0001:0003EA43

Line numbers for Colors(plugins\Colors.pas) segment .text

    69 0001:0003EA44    70 0001:0003EA6D    73 0001:0003EA85    74 0001:0003EA8B
    75 0001:0003EAA5    76 0001:0003EAAF    80 0001:0003EAF1    81 0001:0003EAF7
    82 0001:0003EB1D    83 0001:0003EB27    86 0001:0003EB66    87 0001:0003EB6C
    90 0001:0003EBC9    95 0001:0003EBD0    96 0001:0003EBD4    98 0001:0003EBD9
   100 0001:0003EBF7   101 0001:0003EC7A   102 0001:0003EC92   103 0001:0003ECAA
   104 0001:0003ECC2   105 0001:0003ECDA   106 0001:0003ECF2   107 0001:0003ED0A
   108 0001:0003ED22   109 0001:0003ED3A   110 0001:0003ED52   111 0001:0003ED6A
   112 0001:0003ED82   113 0001:0003ED9A   114 0001:0003EDB2   115 0001:0003EDCA
   116 0001:0003EDE2   117 0001:0003EDFA   118 0001:0003EE12   119 0001:0003EE2A
   120 0001:0003EE42   121 0001:0003EE5A   122 0001:0003EE72   123 0001:0003EE87
   124 0001:0003EE9C   125 0001:0003EEB1   126 0001:0003EEC6   127 0001:0003EEDB
   128 0001:0003EEF0   131 0001:0003EF05    96 0001:0003EF08   132 0001:0003EF12
   136 0001:0003EF18   139 0001:0003EF1C   140 0001:0003EF20   143 0001:0003EF32
   147 0001:0003EF5C   151 0001:0003EF66   152 0001:0003EF6E   154 0001:0003EFB4
   154 0001:0003EFBB

Line numbers for Plugins(Plugins.pas) segment .text

    32 0001:0003EFBC    34 0001:0003EFC3    36 0001:0003EFC9    37 0001:0003EFD3
    39 0001:0003EFDD    40 0001:0003EFE7    41 0001:0003EFF1    42 0001:0003EFFB
    43 0001:0003F005    45 0001:0003F00F    46 0001:0003F019    47 0001:0003F023
    50 0001:0003F02D    54 0001:0003F037    55 0001:0003F03F    58 0001:0003F044
    59 0001:0003F047    60 0001:0003F04C    62 0001:0003F080    62 0001:0003F087

Line numbers for InitCode(InitCode.pas) segment .text

    87 0001:0003F088    88 0001:0003F08C    89 0001:0003F093    90 0001:0003F09D
    91 0001:0003F0AF    93 0001:0003F0B9    94 0001:0003F0D0    95 0001:0003F0D9
    97 0001:0003F0E9   103 0001:0003F11C   107 0001:0003F140   108 0001:0003F14E
   110 0001:0003F158   114 0001:0003F15D   118 0001:0003F168   119 0001:0003F173
   121 0001:0003F17C   122 0001:0003F199   124 0001:0003F1D1   125 0001:0003F1DB
   127 0001:0003F20B   128 0001:0003F215   129 0001:0003F235   130 0001:0003F25C
   131 0001:0003F265   132 0001:0003F276   133 0001:0003F27F   134 0001:0003F290
   135 0001:0003F29E   137 0001:0003F2B1   138 0001:0003F2D8   139 0001:0003F2E2
   140 0001:0003F310   144 0001:0003F32C   150 0001:0003F335   155 0001:0003F360
   164 0001:0003F365   166 0001:0003F388   168 0001:0003F38B   169 0001:0003F393
   172 0001:0003F3BF   175 0001:0003F518   176 0001:0003F51B   177 0001:0003F520
   179 0001:0003F525   181 0001:0003F52E   182 0001:0003F53B   185 0001:0003F544
   187 0001:0003F54E   189 0001:0003F580   190 0001:0003F58C   191 0001:0003F599
   192 0001:0003F5A6

Line numbers for InitCode_CoreExePatching(InitCode_CoreExePatching.pas) segment .text

    50 0001:0003F5A8    51 0001:0003F5B0    53 0001:0003F5B6    54 0001:0003F5C0
    56 0001:0003F5CA    71 0001:0003F5D0    72 0001:0003F5D7    73 0001:0003F5E1
    74 0001:0003F5EB    75 0001:0003F5F9    77 0001:0003F620    79 0001:0003F623
    80 0001:0003F62B    81 0001:0003F63D    84 0001:0003F647    88 0001:0003F650
    90 0001:0003F655    91 0001:0003F65A    92 0001:0003F65B    94 0001:0003F68C
    95 0001:0003F698    96 0001:0003F6A5   100 0001:0003F6B2   101 0001:0003F6BC
   102 0001:0003F6C6   104 0001:0003F6D0   105 0001:0003F6DA

Line numbers for threadlogging(threadlogging.pas) segment .text

   145 0001:0003F70C   145 0001:0003F713

Line numbers for dplayx(F:\TA\TADR\SVN\trunk\src\Recorder\Dplayx.dpr) segment .text

    56 0001:0003F984    57 0001:0003F994

Bound resource files

dplayx.res
dplayx.drf


Program entry point at 0001:0003F984
