
 Start         Length     Name                   Class
 0001:00000000 0003E8A8H .text                   CODE
 0002:00000000 00000C40H .data                   DATA
 0002:00000C40 00000A7DH .bss                    BSS


Detailed map of segments

 0001:00000000 0000565B C=CODE     S=.text    G=(none)   M=System   ACBP=A9
 0001:0000565C 000001CC C=CODE     S=.text    G=(none)   M=SysInit  ACBP=A9
 0001:00005828 00000038 C=CODE     S=.text    G=(none)   M=Types    ACBP=A9
 0001:00005860 0000036C C=CODE     S=.text    G=(none)   M=Windows  ACBP=A9
 0001:00005BCC 00000038 C=CODE     S=.text    G=(none)   M=Messages ACBP=A9
 0001:00005C04 00000348 C=CODE     S=.text    G=(none)   M=SysConst ACBP=A9
 0001:00005F4C 00007624 C=CODE     S=.text    G=(none)   M=SysUtils ACBP=A9
 0001:0000D570 00000887 C=CODE     S=.text    G=(none)   M=VarUtils ACBP=A9
 0001:0000DDF8 0000280E C=CODE     S=.text    G=(none)   M=Variants ACBP=A9
 0001:00010608 000000C8 C=CODE     S=.text    G=(none)   M=RTLConsts ACBP=A9
 0001:000106D0 00000084 C=CODE     S=.text    G=(none)   M=TypInfo  ACBP=A9
 0001:00010754 00000038 C=CODE     S=.text    G=(none)   M=ActiveX  ACBP=A9
 0001:0001078C 0000478E C=CODE     S=.text    G=(none)   M=Classes  ACBP=A9
 0001:00014F1C 000003DC C=CODE     S=.text    G=(none)   M=ListsU   ACBP=A9
 0001:000152F8 00000050 C=CODE     S=.text    G=(none)   M=MMSystem ACBP=A9
 0001:00015348 000001DC C=CODE     S=.text    G=(none)   M=SyncObjs ACBP=A9
 0001:00015524 00001AD4 C=CODE     S=.text    G=(none)   M=GPHugeF  ACBP=A9
 0001:00016FF8 00000038 C=CODE     S=.text    G=(none)   M=Consts   ACBP=A9
 0001:00017030 0000061C C=CODE     S=.text    G=(none)   M=textdata ACBP=A9
 0001:0001764C 00000038 C=CODE     S=.text    G=(none)   M=Math     ACBP=A9
 0001:00017684 00000194 C=CODE     S=.text    G=(none)   M=Contnrs  ACBP=A9
 0001:00017818 00000FA0 C=CODE     S=.text    G=(none)   M=uDebug   ACBP=A9
 0001:000187B8 00000060 C=CODE     S=.text    G=(none)   M=FreeListU ACBP=A9
 0001:00018818 00000A74 C=CODE     S=.text    G=(none)   M=logging  ACBP=A9
 0001:0001928C 00000040 C=CODE     S=.text    G=(none)   M=SHFolder ACBP=A9
 0001:000192CC 00000B78 C=CODE     S=.text    G=(none)   M=TADemoConsts ACBP=A9
 0001:00019E44 00000330 C=CODE     S=.text    G=(none)   M=TextFileU ACBP=A9
 0001:0001A174 000019A4 C=CODE     S=.text    G=(none)   M=DPlay    ACBP=A9
 0001:0001BB18 00000124 C=CODE     S=.text    G=(none)   M=DPLobby  ACBP=A9
 0001:0001BC3C 00000608 C=CODE     S=.text    G=(none)   M=CommandHandlerU ACBP=A9
 0001:0001C244 00000450 C=CODE     S=.text    G=(none)   M=MemMappedDataStructure ACBP=A9
 0001:0001C694 00000068 C=CODE     S=.text    G=(none)   M=PacketBufferU ACBP=A9
 0001:0001C6FC 00000388 C=CODE     S=.text    G=(none)   M=log2     ACBP=A9
 0001:0001CA84 000008D8 C=CODE     S=.text    G=(none)   M=statslogging ACBP=A9
 0001:0001D35C 000010D4 C=CODE     S=.text    G=(none)   M=IniFiles ACBP=A9
 0001:0001E430 00000E0C C=CODE     S=.text    G=(none)   M=Registry ACBP=A9
 0001:0001F23C 00001418 C=CODE     S=.text    G=(none)   M=PluginEngine ACBP=A9
 0001:00020654 00000038 C=CODE     S=.text    G=(none)   M=TA_FunctionsU ACBP=A9
 0001:0002068C 00000514 C=CODE     S=.text    G=(none)   M=TAMemManipulations ACBP=A9
 0001:00020BA0 00000988 C=CODE     S=.text    G=(none)   M=TA_MemoryLocations ACBP=A9
 0001:00021528 00000038 C=CODE     S=.text    G=(none)   M=TA_NetworkingMessages ACBP=A9
 0001:00021560 000004CC C=CODE     S=.text    G=(none)   M=COB_extensions ACBP=A9
 0001:00021A2C 00000394 C=CODE     S=.text    G=(none)   M=TlHelp32 ACBP=A9
 0001:00021DC0 000005B4 C=CODE     S=.text    G=(none)   M=ErrorLog_ExtraData ACBP=A9
 0001:00022374 0000009C C=CODE     S=.text    G=(none)   M=Thread_marshaller ACBP=A9
 0001:00022410 000001B0 C=CODE     S=.text    G=(none)   M=UnitLimit ACBP=A9
 0001:000225C0 00000424 C=CODE     S=.text    G=(none)   M=ModsList ACBP=A9
 0001:000229E4 00000820 C=CODE     S=.text    G=(none)   M=INI_Options ACBP=A9
 0001:00023204 000017B0 C=CODE     S=.text    G=(none)   M=packet_old ACBP=A9
 0001:000249B4 000001EC C=CODE     S=.text    G=(none)   M=PluginCommandHandlerU ACBP=A9
 0001:00024BA0 00000258 C=CODE     S=.text    G=(none)   M=InputHook ACBP=A9
 0001:00024DF8 0000028C C=CODE     S=.text    G=(none)   M=LOS_Radar ACBP=A9
 0001:00025084 000000CC C=CODE     S=.text    G=(none)   M=LOS_MiniMapUnits ACBP=A9
 0001:00025150 00000140 C=CODE     S=.text    G=(none)   M=LOS_PlayerSeeUnit ACBP=A9
 0001:00025290 000001B0 C=CODE     S=.text    G=(none)   M=LOS_GUIText ACBP=A9
 0001:00025440 00000354 C=CODE     S=.text    G=(none)   M=LOS_UpdateTables ACBP=A9
 0001:00025794 0000017C C=CODE     S=.text    G=(none)   M=LOS_AllyPlayer ACBP=A9
 0001:00025910 00000150 C=CODE     S=.text    G=(none)   M=LOS_extensions ACBP=A9
 0001:00025A60 00000208 C=CODE     S=.text    G=(none)   M=SpeedHack ACBP=A9
 0001:00025C68 00014AEC C=CODE     S=.text    G=(none)   M=idplay   ACBP=A9
 0001:0003A754 0000138C C=CODE     S=.text    G=(none)   M=PlayerDataU ACBP=A9
 0001:0003BAE0 0000157C C=CODE     S=.text    G=(none)   M=DPLobbyWrapper ACBP=A9
 0001:0003D05C 00000B78 C=CODE     S=.text    G=(none)   M=Dplayx_exports ACBP=A9
 0001:0003DBD4 00000108 C=CODE     S=.text    G=(none)   M=PauseLock ACBP=A9
 0001:0003DCDC 000001D8 C=CODE     S=.text    G=(none)   M=MultiAILimit ACBP=A9
 0001:0003DEB4 000000B8 C=CODE     S=.text    G=(none)   M=Plugins  ACBP=A9
 0001:0003DF6C 00000558 C=CODE     S=.text    G=(none)   M=InitCode ACBP=A9
 0001:0003E4C4 00000134 C=CODE     S=.text    G=(none)   M=InitCode_CoreExePatching ACBP=A9
 0001:0003E5F8 00000038 C=CODE     S=.text    G=(none)   M=threadlogging ACBP=A9
 0001:0003E630 00000275 C=CODE     S=.text    G=(none)   M=dplayx   ACBP=A9
 0002:00000000 000000A4 C=DATA     S=.data    G=DGROUP   M=System   ACBP=A9
 0002:000000A4 00000030 C=DATA     S=.data    G=DGROUP   M=SysInit  ACBP=A9
 0002:000000D4 00000250 C=DATA     S=.data    G=DGROUP   M=SysUtils ACBP=A9
 0002:00000324 00000008 C=DATA     S=.data    G=DGROUP   M=VarUtils ACBP=A9
 0002:0000032C 00000076 C=DATA     S=.data    G=DGROUP   M=Variants ACBP=A9
 0002:000003A4 0000000C C=DATA     S=.data    G=DGROUP   M=TypInfo  ACBP=A9
 0002:000003B0 00000084 C=DATA     S=.data    G=DGROUP   M=Classes  ACBP=A9
 0002:00000434 00000020 C=DATA     S=.data    G=DGROUP   M=GPHugeF  ACBP=A9
 0002:00000454 00000400 C=DATA     S=.data    G=DGROUP   M=textdata ACBP=A9
 0002:00000854 00000004 C=DATA     S=.data    G=DGROUP   M=uDebug   ACBP=A9
 0002:00000858 00000004 C=DATA     S=.data    G=DGROUP   M=logging  ACBP=A9
 0002:0000085C 00000049 C=DATA     S=.data    G=DGROUP   M=TADemoConsts ACBP=A9
 0002:000008A8 00000020 C=DATA     S=.data    G=DGROUP   M=DPlay    ACBP=A9
 0002:000008C8 00000010 C=DATA     S=.data    G=DGROUP   M=DPLobby  ACBP=A9
 0002:000008D8 00000038 C=DATA     S=.data    G=DGROUP   M=MemMappedDataStructure ACBP=A9
 0002:00000910 00000008 C=DATA     S=.data    G=DGROUP   M=IniFiles ACBP=A9
 0002:00000918 00000008 C=DATA     S=.data    G=DGROUP   M=Registry ACBP=A9
 0002:00000920 0000000C C=DATA     S=.data    G=DGROUP   M=TA_FunctionsU ACBP=A9
 0002:0000092C 00000007 C=DATA     S=.data    G=DGROUP   M=TA_MemoryLocations ACBP=A9
 0002:00000934 00000001 C=DATA     S=.data    G=DGROUP   M=COB_extensions ACBP=A9
 0002:00000938 00000005 C=DATA     S=.data    G=DGROUP   M=UnitLimit ACBP=A9
 0002:00000940 00000005 C=DATA     S=.data    G=DGROUP   M=packet_old ACBP=A9
 0002:00000948 0000000A C=DATA     S=.data    G=DGROUP   M=SpeedHack ACBP=A9
 0002:00000954 00000008 C=DATA     S=.data    G=DGROUP   M=idplay   ACBP=A9
 0002:0000095C 00000004 C=DATA     S=.data    G=DGROUP   M=Dplayx_exports ACBP=A9
 0002:00000960 00000008 C=DATA     S=.data    G=DGROUP   M=PauseLock ACBP=A9
 0002:00000968 00000008 C=DATA     S=.data    G=DGROUP   M=MultiAILimit ACBP=A9
 0002:00001000 0000065C C=BSS      S=.bss     G=DGROUP   M=System   ACBP=A9
 0002:0000165C 00000014 C=BSS      S=.bss     G=DGROUP   M=SysInit  ACBP=A9
 0002:00001670 00000004 C=BSS      S=.bss     G=DGROUP   M=Types    ACBP=A9
 0002:00001674 00000004 C=BSS      S=.bss     G=DGROUP   M=Windows  ACBP=A9
 0002:00001678 00000004 C=BSS      S=.bss     G=DGROUP   M=Messages ACBP=A9
 0002:0000167C 00000004 C=BSS      S=.bss     G=DGROUP   M=SysConst ACBP=A9
 0002:00001680 00000120 C=BSS      S=.bss     G=DGROUP   M=SysUtils ACBP=A9
 0002:000017A0 0000005C C=BSS      S=.bss     G=DGROUP   M=VarUtils ACBP=A9
 0002:000017FC 00000040 C=BSS      S=.bss     G=DGROUP   M=Variants ACBP=A9
 0002:0000183C 00000004 C=BSS      S=.bss     G=DGROUP   M=RTLConsts ACBP=A9
 0002:00001840 00000004 C=BSS      S=.bss     G=DGROUP   M=TypInfo  ACBP=A9
 0002:00001844 00000004 C=BSS      S=.bss     G=DGROUP   M=ActiveX  ACBP=A9
 0002:00001848 00000034 C=BSS      S=.bss     G=DGROUP   M=Classes  ACBP=A9
 0002:0000187C 00000004 C=BSS      S=.bss     G=DGROUP   M=ListsU   ACBP=A9
 0002:00001880 00000004 C=BSS      S=.bss     G=DGROUP   M=MMSystem ACBP=A9
 0002:00001884 00000004 C=BSS      S=.bss     G=DGROUP   M=SyncObjs ACBP=A9
 0002:00001888 00000004 C=BSS      S=.bss     G=DGROUP   M=GPHugeF  ACBP=A9
 0002:0000188C 00000004 C=BSS      S=.bss     G=DGROUP   M=Consts   ACBP=A9
 0002:00001890 00000004 C=BSS      S=.bss     G=DGROUP   M=textdata ACBP=A9
 0002:00001894 00000004 C=BSS      S=.bss     G=DGROUP   M=Math     ACBP=A9
 0002:00001898 00000004 C=BSS      S=.bss     G=DGROUP   M=Contnrs  ACBP=A9
 0002:0000189C 00000014 C=BSS      S=.bss     G=DGROUP   M=uDebug   ACBP=A9
 0002:000018B0 00000008 C=BSS      S=.bss     G=DGROUP   M=FreeListU ACBP=A9
 0002:000018B8 0000000C C=BSS      S=.bss     G=DGROUP   M=logging  ACBP=A9
 0002:000018C4 00000004 C=BSS      S=.bss     G=DGROUP   M=SHFolder ACBP=A9
 0002:000018C8 00000018 C=BSS      S=.bss     G=DGROUP   M=TADemoConsts ACBP=A9
 0002:000018E0 00000004 C=BSS      S=.bss     G=DGROUP   M=TextFileU ACBP=A9
 0002:000018E4 00000004 C=BSS      S=.bss     G=DGROUP   M=DPlay    ACBP=A9
 0002:000018E8 00000004 C=BSS      S=.bss     G=DGROUP   M=DPLobby  ACBP=A9
 0002:000018EC 00000004 C=BSS      S=.bss     G=DGROUP   M=CommandHandlerU ACBP=A9
 0002:000018F0 00000004 C=BSS      S=.bss     G=DGROUP   M=MemMappedDataStructure ACBP=A9
 0002:000018F4 00000004 C=BSS      S=.bss     G=DGROUP   M=PacketBufferU ACBP=A9
 0002:000018F8 00000004 C=BSS      S=.bss     G=DGROUP   M=log2     ACBP=A9
 0002:000018FC 00000004 C=BSS      S=.bss     G=DGROUP   M=statslogging ACBP=A9
 0002:00001900 00000004 C=BSS      S=.bss     G=DGROUP   M=IniFiles ACBP=A9
 0002:00001904 00000004 C=BSS      S=.bss     G=DGROUP   M=Registry ACBP=A9
 0002:00001908 00000008 C=BSS      S=.bss     G=DGROUP   M=PluginEngine ACBP=A9
 0002:00001910 00000004 C=BSS      S=.bss     G=DGROUP   M=TA_FunctionsU ACBP=A9
 0002:00001914 00000004 C=BSS      S=.bss     G=DGROUP   M=TAMemManipulations ACBP=A9
 0002:00001918 0000000A C=BSS      S=.bss     G=DGROUP   M=TA_MemoryLocations ACBP=A9
 0002:00001924 00000004 C=BSS      S=.bss     G=DGROUP   M=TA_NetworkingMessages ACBP=A9
 0002:00001928 00000004 C=BSS      S=.bss     G=DGROUP   M=COB_extensions ACBP=A9
 0002:0000192C 00000048 C=BSS      S=.bss     G=DGROUP   M=TlHelp32 ACBP=A9
 0002:00001974 00000004 C=BSS      S=.bss     G=DGROUP   M=ErrorLog_ExtraData ACBP=A9
 0002:00001978 00000004 C=BSS      S=.bss     G=DGROUP   M=Thread_marshaller ACBP=A9
 0002:0000197C 00000004 C=BSS      S=.bss     G=DGROUP   M=UnitLimit ACBP=A9
 0002:00001980 00000004 C=BSS      S=.bss     G=DGROUP   M=ModsList ACBP=A9
 0002:00001984 00000028 C=BSS      S=.bss     G=DGROUP   M=INI_Options ACBP=A9
 0002:000019AC 00000004 C=BSS      S=.bss     G=DGROUP   M=packet_old ACBP=A9
 0002:000019B0 00000004 C=BSS      S=.bss     G=DGROUP   M=PluginCommandHandlerU ACBP=A9
 0002:000019B4 00000008 C=BSS      S=.bss     G=DGROUP   M=InputHook ACBP=A9
 0002:000019BC 00000014 C=BSS      S=.bss     G=DGROUP   M=LOS_Radar ACBP=A9
 0002:000019D0 00000004 C=BSS      S=.bss     G=DGROUP   M=LOS_MiniMapUnits ACBP=A9
 0002:000019D4 00000014 C=BSS      S=.bss     G=DGROUP   M=LOS_PlayerSeeUnit ACBP=A9
 0002:000019E8 00000004 C=BSS      S=.bss     G=DGROUP   M=LOS_GUIText ACBP=A9
 0002:000019EC 00000010 C=BSS      S=.bss     G=DGROUP   M=LOS_UpdateTables ACBP=A9
 0002:000019FC 00000008 C=BSS      S=.bss     G=DGROUP   M=LOS_AllyPlayer ACBP=A9
 0002:00001A04 00000008 C=BSS      S=.bss     G=DGROUP   M=LOS_extensions ACBP=A9
 0002:00001A0C 00000004 C=BSS      S=.bss     G=DGROUP   M=SpeedHack ACBP=A9
 0002:00001A10 00000010 C=BSS      S=.bss     G=DGROUP   M=idplay   ACBP=A9
 0002:00001A20 00000004 C=BSS      S=.bss     G=DGROUP   M=PlayerDataU ACBP=A9
 0002:00001A24 00000004 C=BSS      S=.bss     G=DGROUP   M=DPLobbyWrapper ACBP=A9
 0002:00001A28 00000028 C=BSS      S=.bss     G=DGROUP   M=Dplayx_exports ACBP=A9
 0002:00001A50 00000004 C=BSS      S=.bss     G=DGROUP   M=PauseLock ACBP=A9
 0002:00001A54 00000004 C=BSS      S=.bss     G=DGROUP   M=MultiAILimit ACBP=A9
 0002:00001A58 00000004 C=BSS      S=.bss     G=DGROUP   M=Plugins  ACBP=A9
 0002:00001A5C 00000008 C=BSS      S=.bss     G=DGROUP   M=InitCode ACBP=A9
 0002:00001A64 00000014 C=BSS      S=.bss     G=DGROUP   M=InitCode_CoreExePatching ACBP=A9
 0002:00001A78 00000004 C=BSS      S=.bss     G=DGROUP   M=threadlogging ACBP=A9


  Address         Publics by Name

 0002:00001A78       .1
 0002:000019D0       .1
 0002:00001678       .1
 0002:00001A64       .1
 0002:0000167C       .1
 0002:000019E8       .1
 0002:000019F8       .1
 0002:00001A58       .1
 0002:000019CC       .1
 0002:00001A00       .1
 0002:000018AC       .1
 0002:000018B4       .1
 0002:00001A08       .1
 0002:00001A54       .1
 0002:00001670       .1
 0002:00001A0C       .1
 0002:00001A50       .1
 0002:000018C4       .1
 0002:000019B8       .1
 0002:000019A4       .1
 0002:000018E4       .1
 0002:000018E8       .1
 0002:00001980       .1
 0002:0000197C       .1
 0002:000018F0       .1
 0002:00001890       .1
 0002:00001978       .1
 0002:000019E4       .1
 0002:00001668       .1
 0002:00001910       .1
 0002:00001914       .1
 0002:00001A34       .1
 0002:0000183C       .1
 0002:0000188C       .1
 0002:00001924       .1
 0002:00001928       .1
 0002:00001974       .1
 0002:0000192C       .1
 0002:00001A24       .2
 0002:000018F8       .2
 0002:000018FC       .2
 0002:00001A5C       .2
 0002:00001894       .2
 0002:000018E0       .2
 0002:000019AC       .2
 0002:000018C0       .2
 0002:000018CC       .2
 0002:00001898       .21
 0002:000019B0       .3
 0002:000018EC       .3
 0002:00001674       .3
 0002:00001844       .3
 0002:000018F4       .3
 0002:00001790       .35
 0002:00001A20       .4
 0002:0000191C       .4
 0002:00001850       .45
 0002:00001888       .5
 0002:000015B4       .5
 0002:000017F8       .5
 0002:00001904       .5
 0002:00001908       .6
 0002:00001884       .6
 0002:00001A1C       .6
 0002:00001840       .6
 0002:00001880       .7
 0002:00001900       .8
 0002:0000181C       .81
 0002:0000187C       .9
 0001:00001E10       @AbstractError
 0001:00002E98       @AfterConstruction
 0001:000038F8       @Assert
 0001:000020F4       @Assign
 0001:00002250       @AStrCmp
 0001:00002EA8       @BeforeDestruction
 0001:00002B48       @BoundErr
 0001:00002DD8       @CallDynaInst
 0001:00002E40       @ClassCreate
 0001:00002E90       @ClassDestroy
 0001:000021BC       @Close
 0001:00001B58       @Copy
 0001:00004580       @CopyArray
 0001:00004464       @CopyRecord
 0001:00004674       @DispCallByIDError
 0001:0000E898       @DispInvokeError
 0001:00003324       @DoneExcept
 0001:000048C4       @DynArrayAsg
 0001:00004888       @DynArrayClear
 0001:000046A8       @DynArrayHigh
 0001:000046A0       @DynArrayLength
 0001:0000487C       @DynArraySetLength
 0001:000022C0       @EofText
 0001:0000340C       @ExceptionHandler
 0001:000022F8       @FillChar
 0001:00004440       @Finalize
 0001:00004354       @FinalizeArray
 0001:00004308       @FinalizeRecord
 0001:000021B0       @Flush
 0001:00002B3C       @FpuInit
 0001:00002A78       @FpuMaskInit
 0001:00001A28       @FreeMem
 0001:000019F8       @GetMem
 0001:0000575C       @GetTls
 0001:000038E0       @Halt
 0001:00003800       @Halt0
 0001:00002FBC       @HandleAnyException
 0001:00003270       @HandleFinally
 0001:000030E8       @HandleOnException
 0001:00004274       @InitializeArray
 0001:00004244       @InitializeRecord
 0001:000036C4       @InitImports
 0001:000057A8       @InitLib
 0001:0000369C       @InitResStringImports
 0001:00005018       @IntfAddRef
 0001:00004FD4       @IntfClear
 0001:00004FEC       @IntfCopy
 0001:00002B50       @IntOver
 0001:00002D84       @IsClass
 0001:00002A48       @isNECWindows
 0001:00003DA4       @LStrAddRef
 0001:0000393C       @LStrArrayClr
 0001:0000396C       @LStrAsg
 0001:00003BBC       @LStrCat
 0001:00003C00       @LStrCat3
 0001:00003C74       @LStrCatN
 0001:00003918       @LStrClr
 0001:00003D00       @LStrCmp
 0001:00003E14       @LStrCopy
 0001:00003E54       @LStrDelete
 0001:00003B88       @LStrFromArray
 0001:00003B00       @LStrFromChar
 0001:00003B10       @LStrFromPChar
 0001:00003A08       @LStrFromPCharLen
 0001:00003B40       @LStrFromPWChar
 0001:00003A74       @LStrFromPWCharLen
 0001:00003B7C       @LStrFromString
 0001:00003BA0       @LStrFromWStr
 0001:000039B0       @LStrLAsg
 0001:00003BB4       @LStrLen
 0001:00003E9C       @LStrPos
 0001:00003EE4       @LStrSetLength
 0001:00003DB4       @LStrToPChar
 0001:000039DC       @NewAnsiString
 0001:00003F8C       @NewWideString
 0001:0000275C       @Pow10
 0001:00002244       @PStrCpy
 0001:00002214       @PStrNCat
 0001:000032D0       @RaiseAgain
 0001:000032A8       @RaiseExcept
 0001:00002318       @RandInt
 0001:00002370       @ReadChar
 0001:000024D4       @ReadLn
 0001:00002468       @ReadLString
 0001:0000245C       @ReadString
 0001:00001A48       @ReallocMem
 0001:00001E84       @ResetText
 0001:00001E90       @RewritText
 0001:000038EC       @RunError
 0001:00002740       @SetEq
 0001:000035D4       @StartLib
 0001:0000025C       @strlen
 0001:00001DEC       @TRUNC
 0001:00003354       @TryFinallyExit
 0001:00003E0C       @UniqueStringA
 0001:00002504       @ValLong
 0001:0000FE4C       @VarAddRef
 0001:0000EB70       @VarClear
 0001:0000EB84       @VarClr
 0001:0000433C       @VarClr
 0001:0000444C       @VarCopy
 0001:0000EEAC       @VarCopy
 0001:0000F1D8       @VarToLStr
 0001:0000F8F8       @VarToWStr
 0001:00003F48       @Write0LString
 0001:0000261C       @WriteBytes
 0001:000026EC       @WriteLn
 0001:00003F64       @WriteLString
 0001:00002670       @WriteSpaces
 0001:00003FCC       @WStrArrayClr
 0001:00003FF0       @WStrAsg
 0001:00003FB4       @WStrClr
 0001:0000412C       @WStrCmp
 0001:000041B0       @WStrCopy
 0001:00004100       @WStrFromLStr
 0001:00004014       @WStrFromPCharLen
 0001:000040C4       @WStrFromPWChar
 0001:000040A0       @WStrFromPWCharLen
 0001:00004120       @WStrLen
 0001:000041FC       @WStrSetLength
 0001:00004110       @WStrToPWChar
 0001:00001B28       @_IOTest
 0001:0000467C       @_llmul
 0001:0000B49C       AbstractErrorHandler
 0002:00001028       AbstractErrorProc
 0002:00000890       AccessMode
 0002:00000154       AccessMode
 0001:00010784       ActiveX
 0001:000003CC       AddBlockAfter
 0001:0001C264       AddCheatDescription
 0001:00018054       AddLineNo
 0001:00004E2C       AddModuleUnloadProc
 0001:00004E3C       AddModuleUnloadProc
 0001:00017EA0       AddProcedure
 0001:00017CBC       AddUnit
 0002:0000096C       AIName
 0002:000019FC       AlliedStateChanged
 0001:00006B54       AllocMem
 0002:000015AC       AllocMemCount
 0002:000015B0       AllocMemSize
 0001:0000568C       AllocTlsBuffer
 0001:00006D5C       AnsiCompareStr
 0001:00006DA8       AnsiCompareText
 0001:00006D14       AnsiLowerCase
 0001:0000BFC0       AnsiPos
 0001:00006DF4       AnsiSameText
 0001:0000C00C       AnsiStrPos
 0001:0000C0E4       AnsiStrRScan
 0001:0000C134       AnsiStrScan
 0001:00005418       AnsiToUtf8
 0001:00006CCC       AnsiUpperCase
 0001:00008E44       AppendChars
 0001:00009264       AppendFormat
 0001:00008EC8       AppendNumber
 0001:00008EA4       AppendString
 0001:0000B464       AssertErrorHandler
 0002:00001020       AssertErrorProc
 0002:00001604       avail
 0001:0000790C       BackfillGetDiskFreeSpaceEx
 0001:0000D848       BackupVarBoolFromStr
 0001:0000D9C4       BackupVarBStrFromBool
 0001:0000D8CC       BackupVarBStrFromCy
 0001:0000D948       BackupVarBStrFromDate
 0001:0000D7D4       BackupVarCyFromStr
 0001:0000D760       BackupVarDateFromStr
 0001:0000D604       BackupVarI4FromStr
 0001:0000D590       BackupVariantChangeTypeEx
 0001:0000D678       BackupVarR4FromStr
 0001:0000D6EC       BackupVarR8FromStr
 0001:0003DCF8       BetterAIName
 0001:0003DD80       BetterAINameStub
 0001:00014C10       BinToHex
 0001:00017428       BinToInt
 0001:0000D5DC       BiUnimplemented
 0002:000015DC       blockDescBlockList
 0002:000015E0       blockDescFreeList
 0002:000003A4       BooleanIdents
 0002:00000334       BooleanToStringRule
 0001:000072C0       BoolToStr
 0001:0000EF60       BoolToWStrViaOS
 0002:0000092C       BoolValues
 0001:0000BB5C       ByteToCharIndex
 0001:0000BB20       ByteToCharLen
 0001:0000BABC       ByteType
 0001:0000BA10       ByteTypeTest
 0002:00001920       CacheUsed
 0001:00017550       CalcCRC
 0002:00001814       ChangeAnyProc
 0001:000076D8       ChangeFileExt
 0001:00003A38       CharFromWChar
 0001:0000BDD4       CharLength
 0001:00005B00       CharLowerBuff
 0001:000001D4       CharNext
 0001:00005B08       CharNext
 0001:0000BC98       CharToByteIndex
 0001:0000BD10       CharToByteLen
 0001:00005B10       CharToOemA
 0001:00005B18       CharUpperBuff
 0002:00001A14       chatview
 0001:0001C244       CheatEnabled
 0002:000008F0       Cheat_BuildAnywhere
 0002:000008EC       Cheat_ControlMenu
 0002:0000090C       Cheat_DoubleShot
 0002:00000900       Cheat_ExtraDamage
 0002:000008E0       Cheat_FastBuild
 0002:000008E4       Cheat_InfiniteResources
 0002:00000904       Cheat_InstantBuild
 0002:000008F4       Cheat_InstantCapture
 0002:000008DC       Cheat_Invisible
 0002:000008D8       Cheat_Invulnerability
 0002:000008FC       Cheat_JamAll
 0002:000008E8       Cheat_LosRadar
 0002:00000908       Cheat_ResourcesFreeze
 0002:000008F8       Cheat_SpecialMove
 0001:000207D0       CheckForCheats
 0001:00002F38       CheckJmp
 0002:00000338       CInvalidCustomVariantType
 0001:00014E88       Classes
 0001:0001841C       CleanUpMapFile
 0002:00001810       ClearAnyProc
 0001:00010188       ClearVariantTypeList
 0001:00005890       CloseHandle
 0001:00000174       CloseHandle
 0002:0000103C       CmdLine
 0002:00001038       CmdShow
 0001:0000D5F0       CmpUnimplemented
 0001:00021A24       COB_extensions
 0001:00021980       COB_ExtensionsSetters_Handling
 0001:00021900       COB_Extensions_Handling
 0002:00001A68       CodeInjectionData
 0001:0001C23C       CommandHandlerU
 0001:0000074C       Commit
 0002:00001620       committedRoot
 0001:0002ADFC       compare
 0001:00017A2C       CompareHeaders
 0001:00005898       CompareString
 0001:00006C54       CompareText
 0001:000071C4       CompareWith
 0001:000195E0       Compress
 0001:000155E8       Compress
 0001:00017028       Consts
 0001:00017810       Contnrs
 0002:000003C0       Convert
 0002:000003B0       Convert
 0001:0000ACF8       ConvertAddr
 0001:00008FC8       ConvertEraString
 0001:00006B04       ConvertError
 0001:00006B24       ConvertErrorFmt
 0001:0000914C       ConvertYearString
 0001:000046B0       CopyArray
 0001:000058A0       CopyFile
 0001:0000BBE0       CountChars
 0001:00017518       CRC32
 0002:00000454       CRC32tab
 0001:0000B39C       CreateAssertException
 0001:0000B598       CreateAVObject
 0001:0000798C       CreateDir
 0001:000058A8       CreateDirectory
 0001:000058B0       CreateEvent
 0001:000058B8       CreateFile
 0001:0000017C       CreateFileA
 0001:000058C0       CreateFileMapping
 0001:0000B288       CreateInOutError
 0002:00000928       CreateMultiplayerMapsList
 0001:00021CEC       CreateToolhelp32Snapshot
 0002:00000390       CRelationshipToBoolean
 0002:00000324       CResult
 0002:0000014C       cSimpleBoolStrs
 0002:0000033C       CText
 0002:00001618       curAlloc
 0002:00001688       CurrencyDecimals
 0002:00001684       CurrencyFormat
 0002:00001680       CurrencyString
 0001:00008E24       CurrentYear
 0001:0000877C       CurrToStr
 0001:0000EEF0       CurrToWStrViaOS
 0001:00021658       CustomGetters
 0001:00021854       CustomSetters
 0001:00006EDC       CvtInt
 0001:00006F48       CvtInt64
 0002:0000018C       CWNear
 0001:00017030       DataToStr2
 0001:0001E610       DataTypeToRegData
 0001:00008DB0       Date
 0002:00001689       DateSeparator
 0001:00009B18       DateTimeToStr
 0001:00009A6C       DateTimeToString
 0001:000088E8       DateTimeToTimeStamp
 0001:00009AD8       DateToStr
 0001:0000EF28       DateToWStrViaOS
 0001:00008D80       DayOfWeek
 0002:00000188       DCon10
 0002:0000002C       DebugHook
 0002:00001687       DecimalSeparator
 0001:00008D50       DecodeDate
 0001:00008BD4       DecodeDateFully
 0001:000089F0       DecodeTime
 0001:0000080C       Decommit
 0001:00000F38       DecommitFree
 0002:000015F4       decommittedRoot
 0002:00000940       DecompressionBufferSize
 0002:00000024       Default8087CW
 0002:00000038       DefaultTextLineBreakStyle
 0002:000015B8       DefaultUserCodePage
 0002:00000218       DefLongDayNames
 0002:000001CC       DefLongMonthNames
 0002:000001FC       DefShortDayNames
 0002:0000019C       DefShortMonthNames
 0002:0000085C       Deities
 0001:00004914       DelayLoadResourceModule
 0001:00000428       DeleteBlock
 0001:00000338       DeleteCriticalSection
 0001:000058C8       DeleteCriticalSection
 0001:000058D0       DeleteFile
 0001:00000D20       DeleteFree
 0001:000058D8       DeviceIoControl
 0002:00000094       dig
 0001:00007530       DirectoryExists
 0001:0003D3EC       DirectPlayCreate
 0002:00001A44       DirectPlayCreate_proc
 0001:0003D0F4       DirectPlayEnumerate
 0001:0003D1EC       DirectPlayEnumerateA
 0002:00001A3C       DirectPlayEnumerateA_proc
 0001:0003D2EC       DirectPlayEnumerateW
 0002:00001A40       DirectPlayEnumerateW_proc
 0002:00001A38       DirectPlayEnumerate_proc
 0001:0003D794       DirectPlayLobbyCreateA
 0002:00001A4C       DirectPlayLobbyCreateA_proc
 0001:0003D654       DirectPlayLobbyCreateW
 0002:00001A48       DirectPlayLobbyCreateW_proc
 0001:0003DF6C       DisableThreadLibraryCalls
 0002:00001000       DispCallByIDProc
 0001:00006AE8       DivMod
 0001:0003D9E8       DllCanUnloadNow
 0001:0003DA88       DllGetClassObject
 0002:00001664       DllProc
 0002:00001A2C       DoFinalize
 0002:00001A28       DoInitialize
 0002:00000924       DoInterpretCommand
 0001:0000B90C       DoneExceptions
 0001:00014D2C       DoneThreadSynchronization
 0001:00020CB8       DoReport
 0002:000003AC       DotSep
 0001:0001210C       DoWrite
 0001:0003DEB4       Do_LoadTime_CodeInjections
 0001:0001BB10       DPlay
 0001:0003E890       dplayx
 0001:0003D05C       DPlayxHandleInvalid
 0002:0000095C       dplayxLibHandle
 0001:0003DBA0       Dplayx_exports
 0001:0001BC34       DPLobby
 0001:0003D054       DPLobbyWrapper
 0001:000046C8       DynArrayClear
 0001:000046D0       DynArraySetLength
 0001:0000B24C       EHeapException.FreeInstance
 0001:00015754       Elapsed
 0002:000017FC       EmptyParam
 0002:000000D4       EmptyStr
 0002:000000D8       EmptyWideStr
 0001:00008B98       EncodeDate
 0001:000089AC       EncodeTime
 0001:00000328       EnterCriticalSection
 0001:000058E0       EnterCriticalSection
 0001:000058E8       EnumCalendarInfoA
 0001:0000A8B8       EnumEraNames
 0001:0000A904       EnumEraYearOffsets
 0002:00001750       EraNames
 0001:00009E68       EraToYear
 0002:0000176C       EraYearOffsets
 0002:0000006C       errCaption
 0001:00001B1C       Error
 0002:00000004       ErrorAddr
 0001:00001AD0       ErrorAt
 0001:0000B32C       ErrorHandler
 0001:0002236C       ErrorLog_ExtraData
 0001:00022328       Errorlog_Thunk1
 0001:00021FE4       Errorlog_Thunk2
 0002:00000234       ErrorMap
 0002:00001008       ErrorProc
 0001:0001A240       ErrorString
 0002:000013E0       ErrOutput
 0001:00001A98       ExceptAddr
 0002:0000100C       ExceptClsProc
 0001:0000B85C       ExceptHandler
 0001:0000AF9C       Exception.Create
 0001:0000AFE4       Exception.CreateFmt
 0001:0000B1B4       Exception.CreateFmtHelp
 0001:0000B160       Exception.CreateHelp
 0001:0000B074       Exception.CreateRes
 0001:0000B0BC       Exception.CreateResFmt
 0002:0000101C       ExceptionClass
 0001:0000AD08       ExceptionErrorMessage
 0002:0000026C       ExceptMap
 0002:00001010       ExceptObjProc
 0002:00001004       ExceptProc
 0001:0000BF74       ExcludeTrailingPathDelimiter
 0002:00000000       ExitCode
 0001:00003744       ExitDll
 0002:00001040       ExitProc
 0001:000001DC       ExitProcess
 0002:00001024       ExitProcessProc
 0001:00005738       ExitProcessTLS
 0001:00005710       ExitThreadTLS
 0001:000078C8       ExpandFileName
 0002:00000930       ExpectedData
 0001:000077B8       ExtractFileDir
 0001:00007868       ExtractFileExt
 0001:00007824       ExtractFileName
 0001:00007778       ExtractFilePath
 0002:0000178C       FalseBoolStrs
 0002:0000017C       FCon1E18
 0001:000074A0       FileAge
 0001:0000748C       FileClose
 0001:000073C0       FileCreate
 0001:0000738C       FileCreate
 0001:00007510       FileExists
 0002:000008A0       FileFlags
 0002:0000000C       FileMode
 0001:00001ED8       FileNOPProc
 0001:0000731C       FileOpen
 0001:000073E0       FileRead
 0001:00007450       FileSeek
 0001:000058F0       FileTimeToDosDateTime
 0001:000058F8       FileTimeToLocalFileTime
 0001:00007418       FileWrite
 0002:00000434       FILE_SHARING_ERRORS
 0001:00000E58       FillAfterGap
 0001:00000DF8       FillBeforeGap
 0001:00000EF8       FillerSizeAfterGap
 0001:00000E80       FillerSizeBeforeGap
 0001:0003DCA4       Finalization
 0001:00019240       Finalization
 0001:00019DE0       Finalization
 0001:0003DB70       Finalization
 0001:0001A13C       Finalization
 0001:00005534       Finalization
 0001:000187E0       Finalization
 0001:00018774       Finalization
 0001:000057F0       Finalization
 0001:0001BAE0       Finalization
 0001:0001BC04       Finalization
 0001:0003DE70       Finalization
 0001:0001C20C       Finalization
 0001:0003D024       Finalization
 0001:0003BAA8       Finalization
 0001:00005828       Finalization
 0001:0003DF34       Finalization
 0001:00014DD8       Finalization
 0001:000152C0       Finalization
 0001:000177E0       Finalization
 0001:00015310       Finalization
 0001:00005F14       Finalization
 0001:0001764C       Finalization
 0001:00005BCC       Finalization
 0001:0003E46C       Finalization
 0001:00005B94       Finalization
 0001:000154EC       Finalization
 0001:0001C65C       Finalization
 0001:0001C6C4       Finalization
 0001:0003A710       Finalization
 0001:0001CA4C       Finalization
 0001:0003E578       Finalization
 0001:0001D324       Finalization
 0001:0003E5F8       Finalization
 0001:0003E630       Finalization
 0001:00016FF8       Finalization
 0001:0001E3E0       Finalization
 0001:0001F1EC       Finalization
 0001:0002060C       Finalization
 0001:00025C30       Finalization
 0001:00020654       Finalization
 0001:00020B68       Finalization
 0001:0000D370       Finalization
 0001:00025A28       Finalization
 0001:000214F0       Finalization
 0001:00021528       Finalization
 0001:00016FC0       Finalization
 0001:000258D8       Finalization
 0001:000219F4       Finalization
 0001:0002575C       Finalization
 0001:00021D88       Finalization
 0001:00025408       Finalization
 0001:00010754       Finalization
 0001:0002233C       Finalization
 0001:000106FC       Finalization
 0001:00010698       Finalization
 0001:000104E4       Finalization
 0001:0000DDB4       Finalization
 0001:000223D8       Finalization
 0001:00025258       Finalization
 0001:00022588       Finalization
 0001:00025118       Finalization
 0001:000229AC       Finalization
 0001:0002504C       Finalization
 0001:00024DC0       Finalization
 0001:000231B0       Finalization
 0001:00024B68       Finalization
 0001:0002497C       Finalization
 0001:00017614       Finalization
 0001:00019294       Finalization
 0001:000046C0       FinalizeArray
 0001:000034F4       FinalizeUnits
 0001:000049A4       FindBS
 0001:000001EC       FindClose
 0001:00005900       FindClose
 0001:00000DB4       FindCommitted
 0001:0001042C       FindCustomVariantType
 0001:00005908       FindFirstFile
 0001:000001F4       FindFirstFile
 0002:0000185C       FindGlobalComponentProcs
 0001:000048EC       FindHInstance
 0001:00036624       FindHostPlayer
 0001:0000DA64       FindProc
 0001:0000495C       FindResourceHInstance
 0002:000018D0       fIsWin9x
 0001:000225C0       FixModsINI
 0002:0000179C       FLanguages
 0001:0000840C       FloatToDecimal
 0001:0000874C       FloatToStr
 0001:000087AC       FloatToStrF
 0001:00008138       FloatToText
 0001:000021A4       Flush
 0001:00005910       FlushFileBuffers
 0001:00005918       FlushInstructionCache
 0002:00000190       FMSecsPerDay
 0001:00008018       FmtStr
 0001:00022A28       fnRemoveInvalidChar
 0001:00007568       ForceDirectories
 0002:00000198       Format
 0001:00007FF0       Format
 0001:00007C20       FormatBuf
 0001:00007C0C       FormatClearStr
 0001:00009B34       FormatDateTime
 0001:00007B6C       FormatError
 0002:00000174       FormatErrorStrs
 0001:00005920       FormatMessage
 0001:00007BD4       FormatVarToStr
 0001:00002754       FPower10
 0001:0000D07C       FreeAndNil
 0001:00000AB4       FreeCommitted
 0001:000010EC       FreeCurAlloc
 0001:00014D48       FreeIntConstList
 0001:00005928       FreeLibrary
 0001:000001FC       FreeLibrary
 0001:00018810       FreeListU
 0001:00000684       FreeSpace
 0001:0000CA1C       FreeTerminateProcs
 0002:000008A4       fVersionLazyInited
 0001:000250E8       GameUnit_LOS_MiniMap_UnitsProjectiles_IsOwner
 0001:0002524C       GameUnit_LOS_PlayerSeeUnit_EpilogCode_Exit
 0001:000251F8       GameUnit_LOS_PlayerSeeUnit_IsOwnerAllowedToSee
 0001:00024ED8       GameUnit_LOS_Radar_CanDirectlySeeUnit
 0001:00024F8C       GameUnit_LOS_Radar_LoopCondition
 0001:00024F34       GameUnit_LOS_Radar_LoopStart
 0001:00025598       GameUnit_LOS_Update_1_Retry
 0001:0002557C       GameUnit_LOS_Update_1_Start
 0001:00025684       GameUnit_LOS_Update_2_Retry
 0001:00025668       GameUnit_LOS_Update_2_Start
 0002:00000920       Game_SetLOSState
 0002:00001A30       gdwDPlaySPRefCount
 0001:00005930       GetACP
 0001:00000340       GetBlockDesc
 0001:00017170       GetChar
 0001:000002DC       GetCmdShow
 0001:00025440       GetCodeInjections
 0001:00024DF8       GetCodeInjections
 0001:00025290       GetCodeInjections
 0001:00025794       GetCodeInjections
 0001:00025150       GetCodeInjections
 0001:00025084       GetCodeInjections
 0001:00000204       GetCommandLine
 0001:000008C8       GetCommitted
 0001:00000970       GetCommittedAt
 0001:00008F18       GetCount
 0001:00005938       GetCPInfo
 0001:00005940       GetCurrentProcess
 0001:00005948       GetCurrentThreadId
 0001:000002BC       GetCurrentThreadId
 0001:00008F50       GetDate
 0001:00005950       GetDateFormat
 0001:00009D34       GetDateOrder
 0001:00005958       GetDiskFreeSpaceA
 0002:00000148       GetDiskFreeSpaceEx
 0001:00002DA8       GetDynaMethod
 0001:0000A990       GetEraNamesAndYearOffsets
 0001:00009E04       GetEraYearOffset
 0001:0000B56C       GetExceptionClass
 0001:0000B77C       GetExceptionObject
 0001:00005960       GetFileAttributes
 0001:00005968       GetFileSize
 0001:0000018C       GetFileSize
 0001:00000184       GetFileType
 0001:00019C80       GetFileVersion
 0001:00005AE8       GetFileVersionInfo
 0001:00005AF0       GetFileVersionInfoSize
 0001:00019A74       GetFileVersion_internal
 0001:0000C454       GetFormatSettings
 0001:00005970       GetFullPathName
 0001:00022C14       GetINIFileName
 0001:00002A40       GetKeyboardType
 0001:0000020C       GetLastError
 0001:00005978       GetLastError
 0001:00018534       GetLineNumberFromAddress
 0001:0000A704       GetLocaleChar
 0001:00005988       GetLocaleInfo
 0001:00000214       GetLocaleInfo
 0001:0000A6A8       GetLocaleStr
 0001:00005980       GetLocalTime
 0001:00018728       GetMapAddressFromAddress
 0001:00018630       GetMapFileName
 0001:0000021C       GetModuleFileName
 0001:00005990       GetModuleFileName
 0001:00000224       GetModuleHandle
 0001:00005998       GetModuleHandle
 0001:00018448       GetModuleNameFromAddress
 0001:0000A784       GetMonthDayNames
 0001:000193B4       GetMyDocs
 0001:00001BFC       GetParamStr
 0001:0002237C       GetPlugin
 0001:00025A84       GetPlugin
 0001:0003DBDC       GetPlugin
 0001:00024D60       GetPlugin
 0001:0003DD9C       GetPlugin
 0001:00021DC8       GetPlugin
 0001:00025970       GetPlugin
 0001:00021568       GetPlugin
 0001:00022418       GetPlugin
 0001:000059A0       GetPrivateProfileString
 0001:0000022C       GetProcAddress
 0001:000059A8       GetProcAddress
 0001:000184C4       GetProcNameFromAddress
 0001:000005A8       GetSpace
 0001:0000060C       GetSpaceAt
 0001:00000234       GetStartupInfo
 0001:00000194       GetStdHandle
 0001:000059B0       GetStdHandle
 0001:000059B8       GetStringTypeEx
 0001:00019414       GetSysDir
 0001:000059C0       GetSystemDirectory
 0001:000059C8       GetSystemInfo
 0001:00005B20       GetSystemMetrics
 0001:00019D68       GetTADemoVersion
 0001:000059D0       GetTempFileName
 0001:000059D8       GetTempPath
 0001:0000023C       GetThreadLocale
 0001:000059E0       GetThreadLocale
 0001:000059E8       GetTickCount
 0001:000002D4       GetTickCount
 0001:00008F88       GetTime
 0001:00005698       GetTlsSize
 0001:000002C4       GetVersion
 0001:000059F0       GetVersionEx
 0001:000059F8       GetVolumeInformation
 0001:00019554       GetVolumePathName
 0001:00005A00       GlobalAlloc
 0001:00005B54       GlobalAllocPtr
 0002:00001A18       GlobalDPlay
 0002:00001860       GlobalFixupList
 0001:00005A08       GlobalFree
 0001:00005B80       GlobalFreePtr
 0001:00005A18       GlobalHandle
 0001:00005A10       GlobalLock
 0002:00001848       GlobalNameSpace
 0001:00005A20       GlobalReAlloc
 0001:00005B64       GlobalReAllocPtr
 0001:00005A28       GlobalUnlock
 0001:00016FF0       GPHugeF
 0002:00000028       HeapAllocFlags
 0002:000015C0       heapErrorCode
 0002:000015C4       heapLock
 0002:00000144       HexDisplayPrefix
 0001:00014C78       HexToBin
 0002:00001660       HInstance
 0001:00005B38       HiWord
 0001:0003A74C       idplay
 0002:000008B8       IID_IDirectPlay
 0002:000008A8       IID_IDirectPlay3
 0002:000008C8       IID_IDirectPlayLobby2
 0002:00000194       IMSecsPerDay
 0001:0000EB8C       InBounds
 0001:0000E8EC       InBounds
 0001:0000BF20       IncludeTrailingPathDelimiter
 0001:0000E91C       Increment
 0001:0000EBBC       Increment
 0002:000019A8       iniFileName_cache
 0001:0001E428       IniFiles
 0002:00001984       iniSettings
 0001:00000B48       InitAllocator
 0001:0003E49C       InitCode
 0001:0003E5A8       InitCode_CoreExePatching
 0002:00001630       InitContext
 0001:0000CA50       InitDriveSpacePtr
 0001:0000B884       InitExceptions
 0001:00000320       InitializeCriticalSection
 0001:00005A30       InitializeCriticalSection
 0002:000015BC       initialized
 0001:0000579C       InitializeModule
 0001:0000DAA8       InitializeVarUtils
 0001:0000C204       InitLeadBytes
 0001:0000B990       InitPlatformId
 0001:000056E4       InitProcessTLS
 0001:0000C2A8       InitSysLocale
 0001:00014CF4       InitThreadSynchronization
 0001:000056A0       InitThreadTLS
 0001:0003E56C       InitThunk_Stage1
 0001:0003E4EC       InitThunk_Stage2
 0001:00021A2C       InitToolHelp
 0001:00003564       InitUnits
 0001:000231FC       INI_Options
 0002:00001048       Input
 0001:00024BA0       InputHandler
 0001:00024DF0       InputHook
 0001:00000FF4       InsertFree
 0001:000202E4       InstallPlugins
 0002:00001854       IntConstList
 0001:0000CAC0       InterlockedDecrement
 0001:000002B4       InterlockedDecrement
 0001:0000CACC       InterlockedExchange
 0001:0000CAD4       InterlockedExchangeAdd
 0001:000002AC       InterlockedIncrement
 0001:0000CAB4       InterlockedIncrement
 0001:00001F18       InternalClose
 0001:0000215C       InternalFlush
 0001:00000E34       InternalFreeMem
 0001:00003DC0       InternalUniqueString
 0001:0000703C       IntToHex
 0001:00007064       IntToHex
 0001:00007014       IntToStr
 0001:00006F28       IntToStr
 0002:00001798       InvalidPointer
 0001:00002C70       InvokeImplGetter
 0001:00001B9C       IOResult
 0001:00005A38       IsBadReadPtr
 0002:00001044       IsConsole
 0001:0000BEC4       IsDelimiter
 0001:00008A50       IsLeapYear
 0002:00001034       IsLibrary
 0002:00001045       IsMultiThread
 0001:0000BE78       IsPathDelimiter
 0001:0001E598       IsRelative
 0001:000170E4       IsStrBool
 0001:0001C598       IsTAHookRunning
 0001:00020CA0       IsTAVersion31
 0002:00001921       IsTAVersion31_Cache
 0001:0000C284       IsWesternGroup
 0001:000194F4       IsWin9x
 0002:00000030       JITEnable
 0002:00001930       KernelHandle
 0002:000018C8       kernellib
 0001:00007668       LastDelimiter
 0001:0000C18C       LCIDToCodePage
 0001:000054C0       LCIDToCodePage
 0002:00000124       LeadBytes
 0001:00000330       LeaveCriticalSection
 0001:00005A40       LeaveCriticalSection
 0002:0000003C       LibModuleList
 0001:0003E4C4       LibraryProc
 0002:000018A4       LineNumbers
 0001:0001C2B8       ListCheats
 0002:0000174E       ListSeparator
 0001:000152F0       ListsU
 0001:000181C4       LoadAndParseMapFile
 0001:00005A48       LoadLibrary
 0001:00000244       LoadLibraryEx
 0001:00004BA8       LoadResourceModule
 0001:00005468       LoadResString
 0001:00005B28       LoadString
 0001:0000024C       LoadString
 0001:00000300       LocalAlloc
 0001:0000565C       LocalAlloc
 0001:00000308       LocalFree
 0001:00005664       LocalFree
 0001:0000A740       LocalGetLocaleStr
 0001:0001CA7C       log2
 0002:00000858       logdir
 0001:00018998       LogError
 0001:00018888       LogException
 0002:000018B8       logFilename
 0001:00019284       logging
 0002:00000954       logsave
 0002:000018BC       Log_
 0002:00001690       LongDateFormat
 0002:00001724       LongDayNames
 0002:000016D8       LongMonthNames
 0002:000016A4       LongTimeFormat
 0001:00025908       LOS_AllyPlayer
 0001:00025A58       LOS_extensions
 0001:00025438       LOS_GUIText
 0001:0002539C       LOS_GUIText_SeeCommHealth
 0001:000253D4       LOS_GUIText_Unit_KillsNStuff
 0001:0002535C       LOS_GUIText_Unit_Resources
 0001:00025148       LOS_MiniMapUnits
 0001:00025288       LOS_PlayerSeeUnit
 0001:0002507C       LOS_Radar
 0002:000019EC       LOS_Updates_PTR
 0001:0002578C       LOS_UpdateTables
 0001:00006BE8       LowerCase
 0002:00000950       LowerLimit
 0001:00000254       lstrcpyn
 0002:00001820       LVarTypes
 0002:00001824       LVarTypeSync
 0002:0000102C       MainInstance
 0002:00001030       MainThreadID
 0001:000003C4       MakeEmpty
 0001:000036E8       MakeErrorMessage
 0001:000199D0       MakeTempFilename
 0001:0000B4B8       MapException
 0002:00000854       MapFileName
 0002:000018A8       MapFileSetup
 0001:0000336C       MapToRunError
 0001:00005A50       MapViewOfFile
 0001:0001767C       Math
 0001:0001C68C       MemMappedDataStructure
 0002:00000044       MemoryManager
 0001:0000045C       MergeBlockAfter
 0001:00001138       MergeCommit
 0001:00005B30       MessageBox
 0001:000001E4       MessageBox
 0001:00005BFC       Messages
 0001:00015340       MMSystem
 0001:000229DC       ModsList
 0002:000000AC       Module
 0001:00021D20       Module32First
 0001:00021D54       Module32Next
 0001:00021F9C       ModuleInfoComparer
 0002:0000165D       ModuleIsCpp
 0002:0000165C       ModuleIsLib
 0001:00014DC4       ModuleUnload
 0002:00000040       ModuleUnloadList
 0002:000000F4       MonthDays
 0001:00001BBC       Move
 0001:0003DEAC       MultiAILimit
 0001:00000264       MultiByteToWideChar
 0002:00001685       NegCurrFormat
 0001:000011C4       NewCommit
 0001:000011F0       NewCommitAt
 0002:00000938       NewUnitLimit
 0001:0000BE24       NextCharIndex
 0002:00000034       NoErrMsg
 0001:00002F24       NotifyAnyExcept
 0001:00002EF8       NotifyExcept
 0001:00002F58       NotifyExceptFinally
 0001:00004EE4       NotifyModuleUnload
 0001:00002ED4       NotifyNonDelphiException
 0001:00002F10       NotifyOnExcept
 0001:00002EB8       NotifyReRaise
 0001:00002F80       NotifyTerminate
 0001:00002F9C       NotifyUnhandled
 0001:00008DDC       Now
 0002:00000330       NullAsStringValue
 0002:0000032C       NullStrictConvert
 0002:000018B0       ObjectsToFree
 0001:0001687C       OffsetPtr
 0001:0003E434       OnFinalize
 0001:000187D0       OnFinalize
 0001:0003D084       OnInit
 0001:000187B8       OnInitialize
 0001:0003E000       OnInitialize
 0001:0003DBD4       OnInstall
 0001:00021DC0       OnInstall
 0001:0003DCDC       OnInstall
 0001:00024D30       OnInstall
 0001:00022374       OnInstall
 0001:00021560       OnInstallCobExtensions
 0001:0002592C       OnInstallShareLOS
 0001:00025A74       OnInstallSpeedHack
 0001:00022410       OnInstallUnitLimit
 0001:0003DBD8       OnUninstall
 0001:00022378       OnUnInstall
 0001:00024D50       OnUnInstall
 0001:0003DCE0       OnUninstall
 0001:00021DC4       OnUnInstall
 0001:00021564       OnUninstallCobExtensions
 0001:00025938       OnUninstallShareLOS
 0001:00025A80       OnUninstallSpeedHack
 0001:00022414       OnUninstallUnitLimit
 0001:0001C5E8       OpenMemMap
 0001:00001E2C       OpenText
 0002:00001794       OutOfMemory
 0002:00001214       Output
 0001:00034B94       OutputInfo
 0001:0001C6F4       PacketBufferU
 0001:000249AC       packet_old
 0001:00001D60       ParamStr
 0001:000171C8       ParseParams
 0001:0001F564       PatchNJump
 0001:0003DC7C       PauseHandling
 0001:0003DCD4       PauseLock
 0001:0003BAD8       PlayerDataU
 0002:000019D8       PlayerPtr
 0002:000019C4       PlayerPtr
 0002:000019F0       PlayerPtr
 0001:000258A8       Player_SetAlliedState_JumpHook
 0001:000258C0       Player_SetAlliedState_RetHook
 0001:00024B98       PluginCommandHandlerU
 0002:000019B4       PluginCommands
 0001:0002064C       PluginEngine
 0001:0003DF64       Plugins
 0002:0000190C       Plugins
 0001:00011274       PointerInModule
 0002:00001A60       proc
 0002:000018D4       proc
 0002:000018A0       Procedures
 0001:00014364       PropValueError
 0002:000000A8       PtrToNil
 0001:000173F4       PtrToStr
 0001:000080F4       PutExponent
 0001:000002CC       QueryPerformanceCounter
 0001:00011A08       QuickSort
 0001:0000B454       RaiseAssertException
 0001:0000019C       RaiseException
 0001:000138C4       RaiseException
 0002:00001014       RaiseExceptionProc
 0001:0000C94C       RaiseLastOSError
 0001:00001DC4       Randomize
 0002:00000008       RandSeed
 0001:0001E564       ReadError
 0001:00014344       ReadError
 0001:000001A4       ReadFile
 0001:00005A58       ReadFile
 0001:00022E20       ReadINISettings
 0001:000023DC       ReadLine
 0001:00022874       ReadModsIniField
 0001:00005A60       ReadProcessMemory
 0002:00001818       RefAnyProc
 0001:00005860       RegCloseKey
 0001:0000026C       RegCloseKey
 0001:00005868       RegCreateKeyEx
 0001:0001E5C0       RegDataToDataType
 0001:00005870       RegFlushKey
 0002:00001858       RegGroups
 0001:00004F40       RegisterModule
 0001:00020280       RegisterPlugin
 0001:0001F234       Registry
 0001:00005878       RegOpenKeyEx
 0001:00000274       RegOpenKeyEx
 0001:0000027C       RegQueryValueEx
 0001:00005880       RegQueryValueEx
 0001:00005888       RegSetValueEx
 0002:00000050       reMap
 0002:00001614       remBytes
 0001:000004E4       RemoveBlock
 0001:000141F4       RemoveFixupReferences
 0001:000142B0       RemoveFixups
 0001:0001759C       RemoveInvalid
 0001:00004E34       RemoveModuleUnloadProc
 0001:00004E5C       RemoveModuleUnloadProc
 0001:00005A68       ResetEvent
 0001:00025A60       ResetGameSpeedLimits
 0001:00025910       ResetShareLosState
 0001:00001728       ResizeInPlace
 0001:00012290       ReturnAddr
 0001:000116AC       ReturnAddr
 0002:00001610       rover
 0001:000106C8       RTLConsts
 0001:000001AC       RtlUnwind
 0002:00001018       RTLUnwindProc
 0002:00000074       runErrMsg
 0001:00001AC4       RunErrorAt
 0001:0000DA44       SafeArrayCreate
 0001:0000DA4C       SafeArrayGetLBound
 0001:0000DA54       SafeArrayGetUBound
 0001:0000DA5C       SafeArrayPtrOfIndex
 0001:00006CA8       SameText
 0001:00009B58       ScanBlanks
 0001:00009CE4       ScanChar
 0001:00009ED0       ScanDate
 0001:00009B98       ScanNumber
 0001:00009C4C       ScanString
 0001:0000A264       ScanTime
 0001:00009D9C       ScanToNumber
 0001:00001224       SearchSmallBlocks
 0001:00019860       SelfLocation
 0002:000018D8       SelfLocation_cache
 0001:00010158       SetClearVarToEmptyParam
 0001:000001B4       SetEndOfFile
 0001:00005A70       SetEndOfFile
 0001:00005A78       SetEvent
 0001:000034AC       SetExceptionHandler
 0001:000001BC       SetFilePointer
 0001:00005A80       SetFilePointer
 0001:00001B48       SetInOutRes
 0001:00005A88       SetLastError
 0001:000207B8       SetLongword
 0001:00010140       SetVarAsError
 0001:0002079C       SetWord
 0002:00000898       ShareFlags
 0002:00000160       ShareMode
 0001:000192C4       SHFolder
 0001:0001928C       SHGetFolderPath
 0002:0000168C       ShortDateFormat
 0002:00001708       ShortDayNames
 0002:000016A8       ShortMonthNames
 0002:000016A0       ShortTimeFormat
 0001:0000AEC0       ShowException
 0001:00025864       Signal_AlliedStateChange
 0001:000174D0       SimpleCrypt
 0001:00014754       SkipBinary
 0001:00014788       SkipCollection
 0001:00014728       SkipList
 0001:00005A90       Sleep
 0001:0000C944       Sleep
 0002:0000161C       smallTab
 0002:000015E4       spaceRoot
 0001:00025C60       SpeedHack
 0001:00025BA0       SpeedState_DecreaseSpeed_Check
 0001:00025BD8       SpeedState_IncreaseSpeed_Check
 0001:00025C08       SpeedState_SetSpeed_Check
 0001:0001F594       SpliceInJump
 0002:00001A10       StartedFrom
 0002:00000934       State_COB_extensions
 0002:00000968       State_MultiAILimit
 0002:00000960       State_PauseLock
 0002:00000948       State_SpeedHack
 0002:0000093C       State_UnitLimit
 0002:00000958       statslog
 0001:0001D354       statslogging
 0001:0003A828       StatusToStr
 0002:00000964       StopPauseStateChange
 0001:00007B00       StrAlloc
 0001:0000BAF0       StrByteType
 0001:0000BD84       StrCharLength
 0001:000136E4       StringListCompareStrings
 0001:0000C7E8       StringReplace
 0001:00017968       StripFromString
 0001:000079FC       StrLCopy
 0001:000079B8       StrLen
 0001:00007F98       StrLFmt
 0001:00007A30       StrLIComp
 0001:000079D0       StrMove
 0001:00007B2C       StrNew
 0001:0000BDB8       StrNextChar
 0001:00007AAC       StrPos
 0001:00007A74       StrScan
 0001:0000A480       StrToDate
 0001:0000A578       StrToDateTime
 0001:000087E8       StrToFloat
 0001:00007094       StrToInt
 0001:000070D4       StrToIntDef
 0001:0000A4FC       StrToTime
 0001:0003DB2C       StubCall
 0001:00019658       SupportsCompression
 0002:0000184C       SyncEvent
 0001:00017AB8       SyncHeaders
 0002:00000430       SyncList
 0001:0001551C       SyncObjs
 0001:00000294       SysAllocStringLen
 0001:00005F44       SysConst
 0001:0000A644       SysErrorMessage
 0001:00001550       SysFreeMem
 0001:000002A4       SysFreeString
 0001:000013A4       SysGetMem
 0001:00005820       SysInit
 0002:00001740       SysLocale
 0001:0000192C       SysReallocMem
 0001:0000029C       SysReAllocStringLen
 0001:00005588       System
 0001:0000D4F0       SysUtils
 0002:00001918       TAData
 0001:00019E3C       TADemoConsts
 0002:000018DC       TADemoVersion_cache
 0001:00020EF0       TAMem.getActualUnitLimit
 0001:00020E9C       TAMem.getGameSpeed
 0001:00020F1C       TAMem.getIsAlteredUnitLimit
 0001:00020EC4       TAMem.getMaxUnitLimit
 0001:00020F98       TAMem.getPlayerIndex
 0001:00021378       TAMem.getTemplatePtr
 0001:00020F70       TAMem.getUnitInfoPtr
 0001:0002101C       TAMem.GetUnitPtr
 0001:00020F48       TAMem.getUnitsPtr
 0001:00021080       TAMem.GetUnitStruct
 0001:00020E74       TAMem.getViewPLayer
 0001:000213B4       TAMem.getWeapon
 0001:00020DDC       TAMem.IsTAVersion31
 0001:00020B98       TAMemManipulations
 0001:000210E8       TAPlayer.GetAlliedState
 0001:00021130       TAPlayer.PlayerType
 0001:00021234       TAUnit.getCloak
 0001:00021184       TAUnit.getHealth
 0001:0002134C       TAUnit.GetID
 0001:00021158       TAUnit.getKills
 0001:000212A0       TAUnit.GetOwnerIndex
 0001:00021278       TAUnit.GetOwnerPtr
 0001:000212C8       TAUnit.IsOnThisComp
 0001:000211D8       TAUnit.setCloak
 0001:000211B0       TAUnit.setHealth
 0001:000213FC       TAUnit.setTemplate
 0001:00021478       TAUnit.setWeapon
 0001:00020684       TA_FunctionsU
 0001:00021520       TA_MemoryLocations
 0001:00021558       TA_NetworkingMessages
 0001:0001F700       TCodeInjection.Create
 0001:0001F744       TCodeInjection.RestoreProc
 0001:0001FBEC       TCodeInjection_RelativeJmp.Create
 0001:0001FC54       TCodeInjection_RelativeJmp.WriteProc
 0001:0001F884       TCodeInjection_Replacement.WriteProc
 0001:0001FA38       TCodeInjection_StaticCall.WriteProc
 0001:0001BD14       TCommandHandler.Create
 0001:0001C0D8       TCommands.AddCommand
 0001:0001BF74       TCommands.AddCommandAlias
 0001:0001BECC       TCommands.ClearCommands
 0001:0001BDB8       TCommands.Create
 0001:0001BE24       TCommands.destroy
 0001:0001BE68       TCommands.GetCount
 0001:0001BE98       TCommands.GetItem
 0001:0001BF2C       TCommands.LookUpCommand
 0001:000154BC       TCriticalSection.Acquire
 0001:0001542C       TCriticalSection.Create
 0001:0001547C       TCriticalSection.Destroy
 0001:000154D4       TCriticalSection.Release
 0001:0001D534       TCustomIniFile.Create
 0001:0001DBC0       TCustomIniFile.ReadBinaryStream
 0001:0001D6AC       TCustomIniFile.ReadBool
 0001:0001D6E0       TCustomIniFile.ReadDate
 0001:0001D79C       TCustomIniFile.ReadDateTime
 0001:0001D858       TCustomIniFile.ReadFloat
 0001:0001D57C       TCustomIniFile.ReadInteger
 0001:0001D914       TCustomIniFile.ReadTime
 0001:0001DD34       TCustomIniFile.WriteBinaryStream
 0001:0001DB8C       TCustomIniFile.WriteBool
 0001:0001D9D0       TCustomIniFile.WriteDate
 0001:0001DA38       TCustomIniFile.WriteDateTime
 0001:0001DAA0       TCustomIniFile.WriteFloat
 0001:0001D648       TCustomIniFile.WriteInteger
 0001:0001DB0C       TCustomIniFile.WriteTime
 0001:00013EF8       TCustomMemoryStream.Read
 0001:00013F68       TCustomMemoryStream.Seek
 0001:00013ED0       TCustomMemoryStream.SetPointer
 0001:000101F4       TCustomVariantType.BinaryOp
 0001:00010200       TCustomVariantType.Cast
 0001:00010238       TCustomVariantType.CastTo
 0001:000102C4       TCustomVariantType.CastToOle
 0001:00010280       TCustomVariantType.Compare
 0001:0001028C       TCustomVariantType.CompareOp
 0001:00010300       TCustomVariantType.Destroy
 0001:000103E0       TCustomVariantType.DispInvoke
 0001:0001038C       TCustomVariantType.IsClear
 0001:00010390       TCustomVariantType.LeftPromotion
 0001:000103A4       TCustomVariantType.OlePromotion
 0001:00010404       TCustomVariantType.QueryInterface
 0001:000103AC       TCustomVariantType.RaiseCastError
 0001:000103BC       TCustomVariantType.RaiseDispError
 0001:000103B4       TCustomVariantType.RaiseInvalidOp
 0001:000103C4       TCustomVariantType.RightPromotion
 0001:000103D8       TCustomVariantType.UnaryOp
 0001:000103EC       TCustomVariantType._AddRef
 0001:000103F8       TCustomVariantType._Release
 0001:00030338       TDPlay.AddGroupToGroup
 0001:0002F3B4       TDPlay.AddPlayerToGroup
 0001:00028B84       TDPlay.ChatMsgHandler
 0001:000270C8       TDPlay.checkForCheats
 0001:000368C4       TDPlay.Close
 0001:0003771C       TDPlay.Create
 0001:0002FD18       TDPlay.CreateGroup
 0001:0002F4B4       TDPlay.CreateGroup
 0001:000303B4       TDPlay.CreateGroupInGroup
 0001:000297D0       TDPlay.createlogfile
 0001:000309C4       TDPlay.CreatePlayer
 0001:0002F430       TDPlay.CreatePlayer
 0001:00030440       TDPlay.DeleteGroupFromGroup
 0001:0002F534       TDPlay.DeletePlayerFromGroup
 0001:0003A658       TDPlay.Destroy
 0001:0002F5B0       TDPlay.DestroyGroup
 0001:00030C78       TDPlay.DestroyPlayer
 0001:00028378       TDPlay.dobase
 0001:0002F628       TDPlay.EnableNewPlayers
 0001:00031094       TDPlay.EnumConnections
 0001:0002F6A0       TDPlay.EnumGroupPlayers
 0001:0002FDA0       TDPlay.EnumGroupPlayers
 0001:0002F724       TDPlay.EnumGroups
 0001:0002FE28       TDPlay.EnumGroups
 0001:000304BC       TDPlay.EnumGroupsInGroup
 0001:00030D9C       TDPlay.EnumPlayers
 0001:0002F7A8       TDPlay.EnumPlayers
 0001:0002F82C       TDPlay.EnumSessions
 0001:00030E5C       TDPlay.EnumSessions
 0001:000362FC       TDPlay.ExceptMessage
 0001:00037248       TDPlay.Exiting
 0001:0002ABC0       TDPlay.facexpshandler
 0001:0002F8B4       TDPlay.GetCaps
 0001:0002FEAC       TDPlay.GetCaps
 0001:0003270C       TDPlay.GetFixFacExps
 0001:00036588       TDPlay.GetGoodSource
 0001:00030544       TDPlay.GetGroupConnectionSettings
 0001:0002FF28       TDPlay.GetGroupData
 0001:000307CC       TDPlay.GetGroupFlags
 0001:0002FFAC       TDPlay.GetGroupName
 0001:00030848       TDPlay.GetGroupParent
 0001:0002F92C       TDPlay.GetMessageCount
 0001:000308C4       TDPlay.GetPlayerAccount
 0001:00030EE0       TDPlay.GetPlayerAddress
 0001:0002F9A8       TDPlay.GetPlayerCaps
 0001:0003002C       TDPlay.GetPlayerCaps
 0001:000300AC       TDPlay.GetPlayerData
 0001:00030948       TDPlay.GetPlayerFlags
 0001:0002FA24       TDPlay.GetPlayerName
 0001:00031194       TDPlay.GetPlayerName
 0001:00032740       TDPlay.GetProtectDT
 0001:00027100       TDPlay.GetRandomMap
 0001:00027660       TDPlay.GetRandomMapEx
 0001:00028A74       TDPlay.getRecorderStatusString
 0001:000366A0       TDPlay.GetServerPlayer
 0001:00030FA4       TDPlay.GetSessionDesc
 0001:0002A828       TDPlay.Handleunitdata
 0001:000366DC       TDPlay.ImServer
 0001:000278D4       TDPlay.initbuilding
 0001:00027968       TDPlay.initfastbase
 0001:0002FAAC       TDPlay.Initialize
 0001:00031118       TDPlay.InitializeConnection
 0001:00035BE4       TDPlay.On3dta
 0001:00035268       TDPlay.OnAbout
 0001:000342CC       TDPlay.OnAutoPause
 0001:00034980       TDPlay.OnBase
 0001:00034254       TDPlay.OnBaseOff
 0001:000344B8       TDPlay.OnCmdwarp
 0001:000350B4       TDPlay.OnCrash
 0001:00035E8C       TDPlay.OnCreatetxt
 0001:00033308       TDPlay.OnDate
 0001:00034A34       TDPlay.OnDoBase
 0001:000329F8       TDPlay.OnEhaoff
 0001:00032AC4       TDPlay.OnEhaOn
 0001:00032C58       TDPlay.Onehareport
 0001:000362DC       TDPlay.OnException
 0001:00034408       TDPlay.Onf1off
 0001:0003613C       TDPlay.OnFakeWatch
 0001:000353B4       TDPlay.OnFixall
 0001:00032880       TDPlay.OnFixDisabled
 0001:0003293C       TDPlay.OnFixEnabled
 0001:0003541C       TDPlay.OnFixFactoryExplosions
 0001:000361C8       TDPlay.OnForceCd
 0001:00033768       TDPlay.OnForceGo
 0001:000337D4       TDPlay.OnGive
 0001:00034CBC       TDPlay.OnHelp
 0001:0003416C       TDPlay.OnHookReport
 0001:00035F30       TDPlay.OnLockOn
 0001:00035DE8       TDPlay.OnOnlyUnits
 0001:000351B0       TDPlay.OnPanic
 0001:00032DD0       TDPlay.OnPlayers
 0001:00035504       TDPlay.OnProtectDT
 0001:00036040       TDPlay.OnRandMap
 0001:0003610C       TDPlay.OnRandMapEx
 0001:000358C0       TDPlay.OnRecord
 0001:00036600       TDPlay.OnRemovePlayer
 0001:00033014       TDPlay.OnReport
 0001:00033144       TDPlay.OnReportMod
 0001:00032774       TDPlay.OnShareLos
 0001:000355DC       TDPlay.OnSharemapPos
 0001:00034F84       TDPlay.OnStatus
 0001:00033908       TDPlay.OnStopGive
 0001:00035D9C       TDPlay.OnStopLog
 0001:00034924       TDPlay.OnSyncOff
 0001:00034568       TDPlay.OnSyncon
 0001:00032B8C       TDPlay.OnTaHookOff
 0001:00033D90       TDPlay.OnTake
 0001:00035714       TDPlay.OnTime
 0001:000339E8       TDPlay.OnUnits
 0001:000335E8       TDPlay.OnVoteGo
 0001:00033414       TDPlay.OnVoteReady
 0001:0003505C       TDPlay.OnYankspank
 0001:0002FB24       TDPlay.Open
 0001:00036710       TDPlay.Open
 0001:0002AF44       TDPlay.PacketHandler
 0001:000294C8       TDPlay.PacketLostHandler
 0001:0002FB9C       TDPlay.Receive
 0001:00031BF0       TDPlay.Receive
 0001:00036974       TDPlay.ResetRecorder
 0001:0002FC24       TDPlay.SaveSession
 0001:000305C8       TDPlay.SecureOpen
 0001:00031794       TDPlay.Send
 0001:000269C8       TDPlay.SendAlliedChat
 0001:000264F0       TDPlay.SendChat
 0001:00026634       TDPlay.SendChatLocal
 0001:00026764       TDPlay.SendChatLocal2
 0001:0003064C       TDPlay.SendChatMessage
 0001:00026EE4       TDPlay.SendClipboard
 0001:00026FAC       TDPlay.SendCobEventMessage
 0001:00026828       TDPlay.SendLocal
 0001:00026858       TDPlay.SendLocal
 0001:00026D5C       TDPlay.SendRecorderToRecorderMsg
 0001:00026A98       TDPlay.SendRecorderToRecorderMsg2
 0001:0002AE44       TDPlay.SetAutoPauseAtStart
 0001:0002AE64       TDPlay.SetCommanderWarp
 0001:0002AEA0       TDPlay.SetF1Disable
 0001:0002AEFC       TDPlay.SetFastSpeed
 0001:000306D0       TDPlay.SetGroupConnectionSettings
 0001:00030130       TDPlay.SetGroupData
 0001:000301B4       TDPlay.SetGroupName
 0001:00030234       TDPlay.SetPlayerData
 0001:000302B8       TDPlay.SetPlayerName
 0001:0002FC98       TDPlay.SetPlayerName
 0001:0003101C       TDPlay.SetSessionDesc
 0001:0002AF20       TDPlay.SetSlowSpeed
 0001:0002AEDC       TDPlay.SetSpeedLock
 0001:0002A5BC       TDPlay.SmartPak
 0001:00030750       TDPlay.StartSession
 0001:00029400       TDPlay.UnitCountChange
 0001:00019930       TempPath
 0002:00000320       TerminateProcList
 0002:00001046       Test8086
 0001:000206C4       TestByte
 0001:0002068C       TestByte
 0001:00020710       TestBytes
 0002:000019DC       TestPlayer
 0002:000019F4       TestPlayer
 0002:000019BC       TestPlayerIndex
 0002:000019C0       TestPlayerPtr
 0001:00001F28       TextClose
 0001:00025944       TextCommand_View_Hook
 0001:00017644       textdata
 0001:0001A16C       TextFileU
 0001:00001E9C       TextIn
 0001:00001F48       TextOpen
 0001:00001EDC       TextOut
 0001:00008638       TextToFloat
 0001:00013CD8       TFileStream.Create
 0001:00013D28       TFileStream.Create
 0001:00013E88       TFileStream.Destroy
 0001:000157D0       TGpHugeFile.AccessFile
 0001:00016674       TGpHugeFile.AllocBuffer
 0001:00015FE4       TGpHugeFile.BlockWrite
 0001:00016BD0       TGpHugeFile.BlockWriteUnsafe
 0001:00015E20       TGpHugeFile.CheckHandle
 0001:00015D68       TGpHugeFile.Close
 0001:00015660       TGpHugeFile.CreateEx
 0001:00015718       TGpHugeFile.Destroy
 0001:00016510       TGpHugeFile.FilePos
 0001:00016F10       TGpHugeFile.FileSize
 0001:00015E8C       TGpHugeFile.FileSizeNoCache
 0001:000165D4       TGpHugeFile.Flush
 0001:00016B0C       TGpHugeFile.FlushBuffer
 0001:000167AC       TGpHugeFile.FreeBuffer
 0001:00016F8C       TGpHugeFile.InitReadBuffer
 0001:00016F58       TGpHugeFile.InitWriteBuffer
 0001:00016C8C       TGpHugeFile.IsOpen
 0001:00016EA8       TGpHugeFile.LoadedToTheEOF
 0001:00015A78       TGpHugeFile.ResetEx
 0001:00015C04       TGpHugeFile.RewriteEx
 0001:00016648       TGpHugeFile.RoundToPageSize
 0001:000163A0       TGpHugeFile.Seek
 0001:00016898       TGpHugeFile.Transmit
 0001:00016424       TGpHugeFile.Truncate
 0001:00016E60       TGpHugeFile.Win32Check
 0001:0001613C       TGpHugeFile._Seek
 0001:00013B94       THandleStream.Create
 0001:00013BE4       THandleStream.Read
 0001:00013C54       THandleStream.Seek
 0001:00013CA8       THandleStream.SetSize
 0001:00013C88       THandleStream.SetSize
 0001:00013C1C       THandleStream.Write
 0002:00001686       ThousandSeparator
 0002:00001864       ThreadLock
 0001:0003E628       threadlogging
 0001:00022408       Thread_marshaller
 0001:00016CA8       ThrowCase1
 0001:00016DA0       ThrowCase2
 0002:00001698       TimeAMString
 0001:000152F8       timeBeginPeriod
 0001:00015300       timeGetDevCaps
 0001:00015308       timeGetTime
 0002:0000169C       TimePMString
 0002:00001694       TimeSeparator
 0001:00009AF8       TimeToStr
 0001:0001E384       TIniFile.DeleteKey
 0001:0001DEA4       TIniFile.Destroy
 0001:0001E328       TIniFile.EraseSection
 0001:0001E0BC       TIniFile.ReadSection
 0001:0001DFB0       TIniFile.ReadSections
 0001:0001E1D4       TIniFile.ReadSectionValues
 0001:0001DEE0       TIniFile.ReadString
 0001:0001E3BC       TIniFile.UpdateFile
 0001:0001DF40       TIniFile.WriteString
 0001:00005024       TInterfacedObject.AfterConstruction
 0001:00005030       TInterfacedObject.BeforeDestruction
 0001:00005040       TInterfacedObject.NewInstance
 0001:00005050       TInterfacedObject.QueryInterface
 0001:00005078       TInterfacedObject._AddRef
 0001:0000508C       TInterfacedObject._Release
 0001:00021DB8       TlHelp32
 0001:000115A0       TList.Add
 0001:000115F8       TList.Clear
 0001:00011618       TList.Delete
 0001:00011574       TList.Destroy
 0001:000116B4       TList.Error
 0001:000116F4       TList.Error
 0001:00011B14       TList.Extract
 0001:00011754       TList.Get
 0001:0001179C       TList.Grow
 0001:000117F4       TList.IndexOf
 0001:00011B70       TList.Notify
 0001:00011840       TList.Put
 0001:000118D0       TList.Remove
 0001:00011904       TList.SetCapacity
 0001:00011960       TList.SetCount
 0001:00011AD8       TList.Sort
 0001:0003BD24       TLobby.Connect
 0001:0003CF08       TLobby.Create
 0001:0003BED4       TLobby.CreateAddress
 0001:0003CE50       TLobby.CreateCompoundAddress
 0001:0003BF88       TLobby.EnumAddress
 0001:0003C034       TLobby.EnumAddressTypes
 0001:0003C0E4       TLobby.EnumLocalApplications
 0001:0003C194       TLobby.GetConnectionSettings
 0001:0003C244       TLobby.ReceiveLobbyMessage
 0001:0003C40C       TLobby.RunApplication
 0001:0003CB78       TLobby.SendLobbyMessage
 0001:0003CCF0       TLobby.SetConnectionSettings
 0001:0003CDA0       TLobby.SetLobbyMessageEvent
 0001:00019050       TLog.Add
 0001:00018FCC       TLog.Add
 0001:000191C4       TLog.Add
 0001:00018EB4       TLog.Add2
 0001:00018AE8       TLog.Create
 0001:00018DE0       TLog.Destroy
 0001:00018E88       TLog.Flush
 0001:0001C858       TLog2.Add
 0001:0001C760       TLog2.Create
 0001:0001CA10       TLog2.Destroy
 0001:0001C830       TLog2.Flush
 0001:0000566C       TlsAlloc
 0002:0000166C       tlsBuffer
 0001:00005674       TlsFree
 0001:0000567C       TlsGetValue
 0002:000000A4       TlsIndex
 0002:FF8C000C       TlsLast
 0002:000000C4       TlsProc
 0001:00005684       TlsSetValue
 0001:00013FFC       TMemoryStream.Clear
 0001:00013FC0       TMemoryStream.Destroy
 0001:0001409C       TMemoryStream.Realloc
 0001:00014020       TMemoryStream.SetCapacity
 0001:00014054       TMemoryStream.SetSize
 0001:00014164       TMemoryStream.Write
 0001:00021EBC       TModuleInfo.Create
 0001:0000CF70       TMultiReadExclusiveWriteSynchronizer.BeginRead
 0001:0000CE28       TMultiReadExclusiveWriteSynchronizer.BeginWrite
 0001:0000CDA0       TMultiReadExclusiveWriteSynchronizer.BlockReaders
 0001:0000CCB4       TMultiReadExclusiveWriteSynchronizer.Create
 0001:0000CD44       TMultiReadExclusiveWriteSynchronizer.Destroy
 0001:0000CFF8       TMultiReadExclusiveWriteSynchronizer.EndRead
 0001:0000CF04       TMultiReadExclusiveWriteSynchronizer.EndWrite
 0001:0000CDD0       TMultiReadExclusiveWriteSynchronizer.UnblockOneWriter
 0001:0000CDB8       TMultiReadExclusiveWriteSynchronizer.UnblockReaders
 0001:0000CDE8       TMultiReadExclusiveWriteSynchronizer.WaitForReadSignal
 0001:0000CE08       TMultiReadExclusiveWriteSynchronizer.WaitForWriteSignal
 0001:00002E10       TObject.AfterConstruction
 0001:00002E14       TObject.BeforeDestruction
 0001:00002B64       TObject.ClassName
 0001:00002B78       TObject.ClassParent
 0001:00002B58       TObject.ClassType
 0001:00002C50       TObject.CleanupInstance
 0001:00002BBC       TObject.Create
 0001:00002E0C       TObject.DefaultHandler
 0001:00002BDC       TObject.Destroy
 0001:00002E18       TObject.Dispatch
 0001:00002BEC       TObject.Free
 0001:00002BA0       TObject.FreeInstance
 0001:00002CA0       TObject.GetInterface
 0001:00002D40       TObject.GetInterfaceEntry
 0001:00002DF0       TObject.InheritsFrom
 0001:00002BF8       TObject.InitInstance
 0001:00002BB4       TObject.InstanceSize
 0001:00002B84       TObject.NewInstance
 0001:00002E04       TObject.SafeCallException
 0001:000176EC       TObjectList.Add
 0001:00017710       TObjectList.Create
 0001:00017760       TObjectList.Extract
 0001:00017784       TObjectList.GetItem
 0001:000177A8       TObjectList.Notify
 0001:000049D0       ToLongPath
 0001:000243EC       TPacket.Compress
 0001:0002326C       TPacket.Create
 0001:00023F30       TPacket.Decompress
 0001:00023CC0       TPacket.Decrypt
 0001:00023E08       TPacket.Encrypt
 0001:000233E4       TPacket.GetRawData2
 0001:00023420       TPacket.GetTAData
 0001:000233A8       TPacket.GetTimestamp
 0001:00023484       TPacket.PacketLength
 0001:00023318       TPacket.SJCreateNew
 0001:00023950       TPacket.Split2
 0001:00011CE4       TPersistent.Assign
 0001:00011D10       TPersistent.AssignError
 0001:00011DE8       TPersistent.AssignTo
 0001:00011E04       TPersistent.DefineProperties
 0001:00011CA8       TPersistent.Destroy
 0001:00011E14       TPersistent.GetNamePath
 0001:00011ECC       TPersistent.GetOwner
 0001:0003A8B8       TPlayerData.Create
 0001:0003AA00       TPlayerData.IsSelf
 0001:0003AA90       TPlayerData.IsServer
 0001:0003A988       TPlayerData.OnPlayerRemoved
 0001:0003AE04       TPlayers.Add
 0001:0003AD14       TPlayers.Clear
 0001:0003B7BC       TPlayers.Convert
 0001:0003B938       TPlayers.ConvertId
 0001:0003AB28       TPlayers.Create
 0001:0003ACB8       TPlayers.Destroy
 0001:0003B3A4       TPlayers.getCount
 0001:0003B5C0       TPlayers.GetData_
 0001:0003B3C0       TPlayers.Name
 0001:0003B464       TPlayers.Name
 0001:0003B368       TPlayers.Remove
 0001:0003AE58       TPlayers.Remove
 0001:00024AC0       TPluginCommands.ClearCommands
 0001:00024A10       TPluginCommands.Create
 0001:00024A7C       TPluginCommands.destroy
 0001:00024B20       TPluginCommands.LookUpCommand
 0001:0001FEAC       TPluginData.create
 0001:00020018       TPluginData.MakeNOPReplacement
 0001:0001FF50       TPluginData.MakeRelativeJmp
 0001:000200BC       TPluginData.MakeReplacement
 0001:0001FFC4       TPluginData.MakeStaticCall
 0001:00020174       TPluginData.NewCodeInjection
 0001:0000AA54       TranslateDateFormat
 0001:0000E604       TranslateResult
 0001:00014374       TReader.CheckValue
 0001:000143A4       TReader.EndOfList
 0001:000143C8       TReader.NextValue
 0001:000143EC       TReader.Read
 0001:00014438       TReader.ReadBuffer
 0001:0001448C       TReader.ReadListBegin
 0001:000144A0       TReader.ReadListEnd
 0001:000144B4       TReader.ReadStr
 0001:000144FC       TReader.ReadString
 0001:000146B8       TReader.ReadValue
 0001:000145C0       TReader.ReadWideString
 0001:000149E8       TReader.SkipBytes
 0001:00014998       TReader.SkipProperty
 0001:000146D8       TReader.SkipSetBody
 0001:000147FC       TReader.SkipValue
 0001:00011198       TRegGroup.Create
 0001:00011220       TRegGroup.Destroy
 0001:000112A4       TRegGroup.UnregisterModuleClasses
 0001:00011380       TRegGroups.Create
 0001:0001140C       TRegGroups.Destroy
 0001:00011488       TRegGroups.Lock
 0001:000114A0       TRegGroups.Unlock
 0001:000114B8       TRegGroups.UnregisterModuleClasses
 0001:0001EDBC       TRegIniFile.Create
 0001:0001ED70       TRegIniFile.Create
 0001:0001F1A0       TRegIniFile.ReadBool
 0001:0001EFA0       TRegIniFile.ReadInteger
 0001:0001EE20       TRegIniFile.ReadString
 0001:0001F0AC       TRegIniFile.WriteInteger
 0001:0001EEF0       TRegIniFile.WriteString
 0001:0001E7C8       TRegistry.ChangeKey
 0001:0001E738       TRegistry.CloseKey
 0001:0001E654       TRegistry.Create
 0001:0001E6AC       TRegistry.Create
 0001:0001E850       TRegistry.CreateKey
 0001:0001E6FC       TRegistry.Destroy
 0001:0001E7FC       TRegistry.GetBaseKey
 0001:0001EC2C       TRegistry.GetData
 0001:0001EA6C       TRegistry.GetDataInfo
 0001:0001EAC8       TRegistry.GetDataSize
 0001:0001ECD0       TRegistry.GetKey
 0001:0001E934       TRegistry.OpenKey
 0001:0001EBBC       TRegistry.PutData
 0001:0001EB30       TRegistry.ReadString
 0001:0001E834       TRegistry.SetCurrentKey
 0001:0001E780       TRegistry.SetRootKey
 0001:0001ECAC       TRegistry.ValueExists
 0001:0001EAFC       TRegistry.WriteString
 0001:00006E18       Trim
 0001:00006E8C       TrimLeft
 0002:00001788       TrueBoolStrs
 0001:00008A94       TryEncodeDate
 0001:0000892C       TryEncodeTime
 0001:0000125C       TryHarder
 0001:00002334       TryOpenForInput
 0001:000025D8       TryOpenForOutput
 0001:00007214       TryStrToBool
 0001:000088C0       TryStrToCurr
 0001:0000A4B8       TryStrToDate
 0001:0000A5B0       TryStrToDateTime
 0001:00008828       TryStrToFloat
 0001:00008888       TryStrToFloat
 0001:00008850       TryStrToFloat
 0001:00007104       TryStrToInt
 0001:0000A534       TryStrToTime
 0001:0001CBE8       TStatsLogging.Add
 0001:0001CAF0       TStatsLogging.Create
 0001:0001CF78       TStatsLogging.Damage_StatEvent
 0001:0001D2E8       TStatsLogging.Destroy
 0001:0001CBC0       TStatsLogging.Flush
 0001:0001D06C       TStatsLogging.Kill_StatEvent
 0001:0001CDB0       TStatsLogging.NewUnit_StatEvent
 0001:0001D148       TStatsLogging.Stats_StatEvent
 0001:0001CEA8       TStatsLogging.UnitFinished_StatEvent
 0001:00013A9C       TStream.CopyFrom
 0001:000137CC       TStream.GetPosition
 0001:00013810       TStream.GetSize
 0001:00013A0C       TStream.ReadBuffer
 0001:0001399C       TStream.Seek
 0001:00013910       TStream.Seek
 0001:000137F4       TStream.SetPosition
 0001:0001385C       TStream.SetSize
 0001:0001386C       TStream.SetSize
 0001:00013A54       TStream.WriteBuffer
 0001:00012EA4       TStringList.Add
 0001:00012ECC       TStringList.AddObject
 0001:00012F44       TStringList.Changed
 0001:00012F70       TStringList.Changing
 0001:00012F9C       TStringList.Clear
 0001:0001378C       TStringList.CompareStrings
 0001:0001373C       TStringList.CustomSort
 0001:00012FF0       TStringList.Delete
 0001:00012E28       TStringList.Destroy
 0001:00013090       TStringList.Exchange
 0001:0001310C       TStringList.ExchangeItems
 0001:00013178       TStringList.Find
 0001:00013210       TStringList.Get
 0001:0001325C       TStringList.GetCapacity
 0001:00013278       TStringList.GetCount
 0001:00013294       TStringList.GetObject
 0001:000132DC       TStringList.Grow
 0001:00013334       TStringList.IndexOf
 0001:00013380       TStringList.Insert
 0001:00013410       TStringList.InsertItem
 0001:000133A8       TStringList.InsertObject
 0001:000134B8       TStringList.Put
 0001:00013530       TStringList.PutObject
 0001:0001358C       TStringList.QuickSort
 0001:00013650       TStringList.SetCapacity
 0001:0001367C       TStringList.SetSorted
 0001:000136B4       TStringList.SetUpdateState
 0001:00013720       TStringList.Sort
 0001:00015018       TStringQueue.Clear
 0001:00014FA8       TStringQueue.Create
 0001:000151D0       TStringQueue.DeQueue
 0001:0001514C       TStringQueue.EnQueue
 0001:00015278       TStringQueue.Examine
 0001:0001503C       TStringQueue.Grow
 0001:00011F20       TStrings.Add
 0001:00011F50       TStrings.AddObject
 0001:00011F84       TStrings.AddStrings
 0001:00012044       TStrings.Assign
 0001:000120E8       TStrings.BeginUpdate
 0001:00012DA4       TStrings.CompareStrings
 0001:0001216C       TStrings.DefineProperties
 0001:00011EE4       TStrings.Destroy
 0001:000121B8       TStrings.EndUpdate
 0001:000121DC       TStrings.Equals
 0001:00012298       TStrings.Error
 0001:000122D8       TStrings.Error
 0001:00012338       TStrings.Exchange
 0001:00012424       TStrings.GetCapacity
 0001:00012DC8       TStrings.GetNameValueSeparator
 0001:00012440       TStrings.GetObject
 0001:00012458       TStrings.GetText
 0001:000124B4       TStrings.GetTextStr
 0001:000125FC       TStrings.IndexOf
 0001:00012688       TStrings.IndexOfName
 0001:00012764       TStrings.IndexOfObject
 0001:000127B0       TStrings.InsertObject
 0001:000127E4       TStrings.LoadFromFile
 0001:00012840       TStrings.LoadFromStream
 0001:000128F4       TStrings.Move
 0001:000129B0       TStrings.Put
 0001:000129F0       TStrings.PutObject
 0001:00012A04       TStrings.ReadData
 0001:00012AB4       TStrings.SaveToFile
 0001:00012B14       TStrings.SaveToStream
 0001:00012B74       TStrings.SetCapacity
 0001:00012DF4       TStrings.SetNameValueSeparator
 0001:00012B84       TStrings.SetStringsAdapter
 0001:00012BD0       TStrings.SetText
 0001:00012C28       TStrings.SetTextStr
 0001:00012D08       TStrings.SetUpdateState
 0001:00012D18       TStrings.WriteData
 0001:00015414       TSynchroObject.Acquire
 0001:00015420       TSynchroObject.Release
 0001:00019E9C       TTextFile.Create_Append
 0001:00019F74       TTextFile.Create_Rewrite
 0001:0001A034       TTextFile.Destroy
 0001:0001A070       TTextFile.Flush
 0001:0001A098       TTextFile.Writeln
 0001:00011B84       TThreadList.Create
 0001:00011BEC       TThreadList.Destroy
 0001:00011C68       TThreadList.LockList
 0001:00011C90       TThreadList.UnlockList
 0001:0000CC2C       TThreadLocalCounter.Delete
 0001:0000CADC       TThreadLocalCounter.Destroy
 0001:0000CB58       TThreadLocalCounter.HashIndex
[...]
  3403 0001:0003661F  3415 0001:00036624  3416 0001:0003662A  3417 0001:00036631
  3419 0001:00036637  3420 0001:00036646  3421 0001:0003664D  3423 0001:00036663
  3425 0001:0003666E  3426 0001:00036683  3427 0001:00036689  3428 0001:00036692
  3432 0001:0003669A  3442 0001:000366A0  3443 0001:000366A9  3444 0001:000366B2
  3445 0001:000366CC  3446 0001:000366D8  3449 0001:000366DC  3450 0001:000366E6
  3451 0001:00036709  3456 0001:00036710  3457 0001:0003672C  3458 0001:0003673A
  3459 0001:00036744  3460 0001:00036752  3463 0001:00036788  3464 0001:0003679A
  3465 0001:000367B1  3467 0001:000367B7  3470 0001:000367C1  3471 0001:000367CA
  3474 0001:00036804  3477 0001:00036832  3479 0001:00036835  3482 0001:0003687A
  3487 0001:000368C4  3488 0001:000368CD  3489 0001:000368DB  3490 0001:000368E5
  3496 0001:000368F3  3497 0001:000368FB  3499 0001:00036917  3502 0001:00036945
  3504 0001:00036948  3507 0001:0003696B  3512 0001:00036974  3513 0001:00036998
  3514 0001:000369A2  3515 0001:000369B0  3516 0001:000369C4  3520 0001:000369D2
  3522 0001:000369DB  3523 0001:000369EC  3524 0001:000369FB  3526 0001:00036A06
  3527 0001:00036A18  3528 0001:00036A1F  3529 0001:00036A28  3530 0001:00036A31
  3532 0001:00036A43  3533 0001:00036A4B  3534 0001:00036A5E  3539 0001:00036A65
  3541 0001:00036A6C  3542 0001:00036A76  3544 0001:00036A95  3545 0001:00036AB2
  3546 0001:00036ACF  3547 0001:00036AE9  3549 0001:00036B03  3551 0001:00036B0A
  3552 0001:00036B14  3553 0001:00036B2E  3554 0001:00036B48  3555 0001:00036B62
  3556 0001:00036B7E  3557 0001:00036B98  3558 0001:00036BC9  3561 0001:00036BFA
  3562 0001:00036C18  3564 0001:00036C38  3565 0001:00036C45  3566 0001:00036C53
  3568 0001:00036C5D  3569 0001:00036C68  3571 0001:00036CA8  3573 0001:00036CB5
  3575 0001:00036CDB  3576 0001:00036CDE  3578 0001:00036CEE  3580 0001:00036CFB
  3581 0001:00036D11  3583 0001:00036D1E  3584 0001:00036D3F  3585 0001:00036D4D
  3587 0001:00036D73  3588 0001:00036D76  3590 0001:00036D86  3591 0001:00036D8F
  3595 0001:00036DA8  3596 0001:00036DB7  3598 0001:00036DD2  3599 0001:00036DDD
  3600 0001:00036DFF  3602 0001:00036E24  3604 0001:00036E2E  3605 0001:00036E3F
  3607 0001:00036E51  3608 0001:00036E5C  3609 0001:00036E7E  3611 0001:00036EA1
  3612 0001:00036EAB  3613 0001:00036EB5  3614 0001:00036EBF  3616 0001:00036EC6
  3617 0001:00036ECF  3619 0001:00036ED8  3621 0001:00036EE2  3622 0001:00036EEC
  3624 0001:00036EF6  3625 0001:00036EFD  3626 0001:00036F08  3628 0001:00036F15
  3629 0001:00036F1A  3631 0001:00036F1F  3632 0001:00036F26  3633 0001:00036F2D
  3634 0001:00036F38  3636 0001:00036F45  3637 0001:00036F50  3638 0001:00036F5A
  3639 0001:00036F6B  3641 0001:00036F74  3642 0001:00036F7F  3643 0001:00036F8A
  3645 0001:00036F92  3647 0001:00036F9F  3650 0001:00036FA6  3651 0001:00036FB4
  3652 0001:00036FC2  3654 0001:00036FCD  3656 0001:00036FEE  3659 0001:0003700B
  3661 0001:00037040  3668 0001:00037248  3669 0001:0003726B  3670 0001:00037275
  3671 0001:00037283  3673 0001:0003728C  3674 0001:000372A0  3676 0001:000372AA
  3678 0001:000372B3  3679 0001:000372C7  3682 0001:000372D1  3683 0001:000372E7
  3684 0001:000372F1  3685 0001:000372FB  3687 0001:00037309  3688 0001:0003731D
  3689 0001:0003732B  3691 0001:00037352  3695 0001:00037362  3697 0001:0003736B
  3698 0001:0003737F  3700 0001:00037389  3702 0001:00037392  3703 0001:000373A6
  3706 0001:000373B0  3708 0001:000373D7  3710 0001:000373F8  3711 0001:0003740D
  3712 0001:0003741B  3713 0001:00037449  3714 0001:00037456  3715 0001:0003746F
  3714 0001:0003748B  3716 0001:00037490  3717 0001:000374AE  3718 0001:000374D8
  3719 0001:00037507  3722 0001:00037514  3724 0001:0003752F  3726 0001:0003753F
  3729 0001:0003754A  3731 0001:00037554  3732 0001:0003755D  3742 0001:00037587
  3744 0001:0003758A  3748 0001:000375B0  3749 0001:000375B7  3751 0001:000375EC
  3754 0001:0003771C  3755 0001:0003774D  3756 0001:00037757  3763 0001:00037769
  3764 0001:00037777  3767 0001:00037794  3769 0001:000377A4  3770 0001:000377BE
  3771 0001:000377D8  3772 0001:000377ED

Line numbers for idplay(AddCommands.inc) segment .text

    17 0001:0003781A    21 0001:0003784B    28 0001:0003787C    32 0001:000378AD
    35 0001:000378DE    38 0001:0003790F    41 0001:00037940    44 0001:00037971
    47 0001:000379A2    50 0001:000379D3    53 0001:00037A04    56 0001:00037A35
    59 0001:00037A66    62 0001:00037A9A    65 0001:00037ACE    68 0001:00037AFF
    71 0001:00037B30    74 0001:00037B61    77 0001:00037B92    81 0001:00037BC3
    85 0001:00037BF4    88 0001:00037C0C    94 0001:00037C3D    97 0001:00037C6E
   100 0001:00037C9F   103 0001:00037CD0   108 0001:00037D01   111 0001:00037D35
   114 0001:00037D66   119 0001:00037D9A   125 0001:00037DCB   133 0001:00037DFF
   136 0001:00037E30   140 0001:00037E61   144 0001:00037E92   147 0001:00037EC3
   152 0001:00037EF4   155 0001:00037F25   158 0001:00037F56   161 0001:00037F87
   164 0001:00037FB8   168 0001:00037FEC   171 0001:00038020   174 0001:00038054
   177 0001:00038085   181 0001:000380B6   185 0001:000380E7   188 0001:00038118
   191 0001:00038149   195 0001:0003817D   198 0001:000381AE   199 0001:000381C6
   203 0001:000381F7

Line numbers for idplay(idplay.pas) segment .text

  3779 0001:00038228  3781 0001:00038230  3782 0001:00038270  3785 0001:0003A658
  3786 0001:0003A669  3787 0001:0003A670  3788 0001:0003A67A  3789 0001:0003A685
  3798 0001:0003A68D  3799 0001:0003A699  3800 0001:0003A6A6  3801 0001:0003A6B1
  3802 0001:0003A6BC  3803 0001:0003A6C9  3804 0001:0003A6D6  3805 0001:0003A6E0
  3806 0001:0003A6E5  3807 0001:0003A6F0  3808 0001:0003A70C  3810 0001:0003A74C
  3810 0001:0003A753

Line numbers for PlayerDataU(PlayerDataU.pas) segment .text

   186 0001:0003A828   187 0001:0003A834   188 0001:0003A843   189 0001:0003A852
   190 0001:0003A861   192 0001:0003A870   194 0001:0003A87D   201 0001:0003A8B8
   202 0001:0003A8D3   203 0001:0003A8ED   204 0001:0003A8FB   205 0001:0003A904
   206 0001:0003A929   210 0001:0003A988   211 0001:0003A994   213 0001:0003A9A0
   214 0001:0003A9AB   213 0001:0003A9EA   215 0001:0003A9F0   217 0001:0003A9FA
   220 0001:0003AA00   221 0001:0003AA09   222 0001:0003AA23   223 0001:0003AA31
   226 0001:0003AA90   227 0001:0003AA9A   228 0001:0003AAB4   229 0001:0003AACA
   238 0001:0003AB28   239 0001:0003AB40   240 0001:0003AB4A   241 0001:0003AB5C
   242 0001:0003AB6E   243 0001:0003AB7D   244 0001:0003AB8C   245 0001:0003AB9B
   246 0001:0003ABB9   247 0001:0003ABC2   248 0001:0003ABDF   249 0001:0003ABE8
   251 0001:0003AC05   252 0001:0003AC1E   253 0001:0003AC44   256 0001:0003ACB8
   257 0001:0003ACC9   258 0001:0003ACD1   259 0001:0003ACDC   260 0001:0003ACE7
   261 0001:0003ACF2   262 0001:0003AD0E   268 0001:0003AD14   269 0001:0003AD1D
   272 0001:0003AD28   273 0001:0003AD3E   274 0001:0003AD4F   276 0001:0003AD55
   277 0001:0003AD65   279 0001:0003AD6D   280 0001:0003AD7B   270 0001:0003AD89
   282 0001:0003AD95   285 0001:0003ADA0   286 0001:0003ADB6   287 0001:0003ADC7
   289 0001:0003ADCD   290 0001:0003ADDD   292 0001:0003ADE5   283 0001:0003ADF3
   294 0001:0003ADFF   297 0001:0003AE04   298 0001:0003AE13   299 0001:0003AE29
   300 0001:0003AE47   301 0001:0003AE53   308 0001:0003AE58   309 0001:0003AE80
   310 0001:0003AE8A   311 0001:0003AE98   312 0001:0003AEA2   313 0001:0003AEAE
   314 0001:0003AEB9   315 0001:0003AEBF   317 0001:0003AEC0   319 0001:0003AEE2
   320 0001:0003AEF8   321 0001:0003AF57   322 0001:0003AF9D   323 0001:0003AFDD
   324 0001:0003B023   326 0001:0003B069   327 0001:0003B0AF   328 0001:0003B0F5
   317 0001:0003B0F8   330 0001:0003B101   332 0001:0003B11C   333 0001:0003B13E
   332 0001:0003B15F   335 0001:0003B164   336 0001:0003B16B   335 0001:0003B1A6
   337 0001:0003B1AC   338 0001:0003B1CC   339 0001:0003B1E9   340 0001:0003B209
   341 0001:0003B229   342 0001:0003B24B   345 0001:0003B26D   346 0001:0003B27A
   347 0001:0003B289   348 0001:0003B298   350 0001:0003B2A5   351 0001:0003B2AF
   353 0001:0003B2E3   355 0001:0003B318   361 0001:0003B368   362 0001:0003B377
   363 0001:0003B389   364 0001:0003B38F   365 0001:0003B39D   368 0001:0003B3A4
   369 0001:0003B3AD   370 0001:0003B3BC   375 0001:0003B3C0   376 0001:0003B3CF
   377 0001:0003B3D5   378 0001:0003B3E4   381 0001:0003B3F3   382 0001:0003B3F4
   383 0001:0003B3F7   384 0001:0003B3FA   386 0001:0003B3FB   389 0001:0003B416
   390 0001:0003B424   395 0001:0003B464   396 0001:0003B48A   397 0001:0003B490
   398 0001:0003B4A2   402 0001:0003B4F9   403 0001:0003B4FA   404 0001:0003B4FD
   405 0001:0003B500   407 0001:0003B501   410 0001:0003B535   411 0001:0003B57A
   416 0001:0003B5C0   417 0001:0003B5E5   418 0001:0003B5FF   420 0001:0003B605
   421 0001:0003B611   424 0001:0003B61B   425 0001:0003B629   432 0001:0003B680
   433 0001:0003B681   434 0001:0003B684   435 0001:0003B687   437 0001:0003B688
   440 0001:0003B6DD   443 0001:0003B6E7   446 0001:0003B6ED   447 0001:0003B72D
   453 0001:0003B7BC   454 0001:0003B7E2   456 0001:0003B7FD   457 0001:0003B80E
   459 0001:0003B81D   454 0001:0003B820   460 0001:0003B826   462 0001:0003B82C
   464 0001:0003B832   465 0001:0003B83E   466 0001:0003B848   468 0001:0003B84A
   470 0001:0003B850   471 0001:0003B859   474 0001:0003B85E   476 0001:0003B879
   477 0001:0003B88A   479 0001:0003B895   474 0001:0003B898   480 0001:0003B89E
   483 0001:0003B8A4   484 0001:0003B8A5   485 0001:0003B8A8   486 0001:0003B8AB
   488 0001:0003B8AC   491 0001:0003B8E9   492 0001:0003B913   502 0001:0003B938
   503 0001:0003B95E   504 0001:0003B979   506 0001:0003B98F   507 0001:0003B9AB
   508 0001:0003B9B0   503 0001:0003B9B3   509 0001:0003B9B9   511 0001:0003B9BF
   513 0001:0003B9C5   514 0001:0003B9D1   516 0001:0003B9D7   517 0001:0003B9EC
   520 0001:0003B9EE   522 0001:0003B9F4   523 0001:0003BA0C   526 0001:0003BA0E
   529 0001:0003BA14   530 0001:0003BA15   531 0001:0003BA18   532 0001:0003BA1B
   534 0001:0003BA1C   537 0001:0003BA59   538 0001:0003BA82   540 0001:0003BAD8
   540 0001:0003BADF

Line numbers for DPLobbyWrapper(DPLobbyWrapper.pas) segment .text

    47 0001:0003BAE0    63 0001:0003BD24    64 0001:0003BD4B    65 0001:0003BD59
    66 0001:0003BD74    67 0001:0003BD88    68 0001:0003BDA0    69 0001:0003BDAA
    70 0001:0003BDC1    71 0001:0003BDD3    74 0001:0003BDEE    76 0001:0003BE0B
    78 0001:0003BE35    80 0001:0003BE38    81 0001:0003BE40    82 0001:0003BE48
    85 0001:0003BE82    89 0001:0003BED4    90 0001:0003BEDD    91 0001:0003BEEB
    92 0001:0003BF12    93 0001:0003BF26    95 0001:0003BF4B    97 0001:0003BF4E
    98 0001:0003BF56   101 0001:0003BF63   105 0001:0003BF88   106 0001:0003BF91
   107 0001:0003BF9F   108 0001:0003BFBE   109 0001:0003BFD2   111 0001:0003BFF7
   113 0001:0003BFFA   114 0001:0003C002   117 0001:0003C00F   122 0001:0003C034
   123 0001:0003C03D   124 0001:0003C04B   125 0001:0003C06A   126 0001:0003C07E
   128 0001:0003C0A3   130 0001:0003C0A6   131 0001:0003C0AE   134 0001:0003C0BB
   139 0001:0003C0E4   140 0001:0003C0ED   141 0001:0003C0FB   142 0001:0003C116
   143 0001:0003C12A   145 0001:0003C14F   147 0001:0003C152   148 0001:0003C15A
   151 0001:0003C167   155 0001:0003C194   156 0001:0003C19D   157 0001:0003C1AB
   158 0001:0003C1C6   159 0001:0003C1DA   161 0001:0003C1FF   163 0001:0003C202
   164 0001:0003C20A   167 0001:0003C217   172 0001:0003C244   173 0001:0003C24D
   174 0001:0003C25B   176 0001:0003C27E   177 0001:0003C292   179 0001:0003C298
   180 0001:0003C2B0   181 0001:0003C2CA   182 0001:0003C2E2   186 0001:0003C2FE
   187 0001:0003C312   189 0001:0003C337   191 0001:0003C33A   192 0001:0003C342
   195 0001:0003C34F   199 0001:0003C40C   200 0001:0003C42A   201 0001:0003C438
   202 0001:0003C457   203 0001:0003C46B   204 0001:0003C483   205 0001:0003C49D
   207 0001:0003C4B8   208 0001:0003C4D6   209 0001:0003C4F4   210 0001:0003C512
   211 0001:0003C530   212 0001:0003C54E   213 0001:0003C581   214 0001:0003C59F
   215 0001:0003C5BD   216 0001:0003C5DB   218 0001:0003C5F9   219 0001:0003C62C
   221 0001:0003C65F   222 0001:0003C67A   223 0001:0003C695   225 0001:0003C6B0
   226 0001:0003C6C8   228 0001:0003C6ED   230 0001:0003C6F0   231 0001:0003C6F8
   234 0001:0003C727   238 0001:0003CB78   239 0001:0003CB81   240 0001:0003CB8F
   241 0001:0003CBAE   242 0001:0003CBC2   244 0001:0003CBC8   245 0001:0003CBE0
   246 0001:0003CBF8   250 0001:0003CC12   251 0001:0003CC26   253 0001:0003CC4B
   255 0001:0003CC4E   256 0001:0003CC56   259 0001:0003CC63   263 0001:0003CCF0
   264 0001:0003CCF9   265 0001:0003CD07   266 0001:0003CD22   267 0001:0003CD36
   269 0001:0003CD5B   271 0001:0003CD5E   272 0001:0003CD66   275 0001:0003CD73
   279 0001:0003CDA0   280 0001:0003CDA9   281 0001:0003CDB7   282 0001:0003CDD2
   283 0001:0003CDE6   285 0001:0003CE0B   287 0001:0003CE0E   288 0001:0003CE16
   291 0001:0003CE23   298 0001:0003CE50   299 0001:0003CE59   300 0001:0003CE67
   301 0001:0003CE86   302 0001:0003CE9A   304 0001:0003CEBF   306 0001:0003CEC2
   307 0001:0003CECA   310 0001:0003CED7   315 0001:0003CF08   316 0001:0003CF3C
   317 0001:0003CF4A   318 0001:0003CF54   319 0001:0003CF62   321 0001:0003CF7F
   322 0001:0003CF93   324 0001:0003CFB8   326 0001:0003CFBB   327 0001:0003CFC3
   330 0001:0003D005   332 0001:0003D054   332 0001:0003D05B

Line numbers for Dplayx_exports(Dplayx_exports.pas) segment .text

   117 0001:0003D05C   118 0001:0003D060   119 0001:0003D07E   122 0001:0003D084
   133 0001:0003D088   135 0001:0003D091   136 0001:0003D09A   137 0001:0003D0A2
   138 0001:0003D0AB   140 0001:0003D0C1   141 0001:0003D0C8   148 0001:0003D0F4
   149 0001:0003D0FD   150 0001:0003D117   151 0001:0003D125   152 0001:0003D12E
   153 0001:0003D143   154 0001:0003D14C   156 0001:0003D15D   157 0001:0003D171
   159 0001:0003D196   161 0001:0003D199   162 0001:0003D1A1   165 0001:0003D1AE
   171 0001:0003D1EC   172 0001:0003D1F5   173 0001:0003D20F   174 0001:0003D21D
   175 0001:0003D226   176 0001:0003D23B   177 0001:0003D244   179 0001:0003D255
   180 0001:0003D269   182 0001:0003D28E   184 0001:0003D291   185 0001:0003D299
   188 0001:0003D2A6   195 0001:0003D2EC   196 0001:0003D2F5   197 0001:0003D30F
   198 0001:0003D31D   199 0001:0003D326   200 0001:0003D33B   201 0001:0003D344
   203 0001:0003D355   204 0001:0003D369   206 0001:0003D38E   208 0001:0003D391
   209 0001:0003D399   212 0001:0003D3A6   220 0001:0003D3EC   221 0001:0003D40F
   222 0001:0003D429   223 0001:0003D437   224 0001:0003D440   225 0001:0003D455
   226 0001:0003D45E   227 0001:0003D473   229 0001:0003D479   230 0001:0003D48D
   231 0001:0003D4A5   232 0001:0003D4AF   233 0001:0003D4D2   237 0001:0003D4E3
   238 0001:0003D4F7   239 0001:0003D50F   240 0001:0003D53C   243 0001:0003D561
   245 0001:0003D564   246 0001:0003D56C   249 0001:0003D5AB   257 0001:0003D654
   258 0001:0003D673   259 0001:0003D68D   260 0001:0003D69B   261 0001:0003D6A4
   262 0001:0003D6B9   263 0001:0003D6C2   265 0001:0003D6DF   266 0001:0003D6F3
   268 0001:0003D718   270 0001:0003D71B   271 0001:0003D723   274 0001:0003D74D
   283 0001:0003D794   284 0001:0003D7B7   285 0001:0003D7D1   286 0001:0003D7DF
   287 0001:0003D7E8   288 0001:0003D7FD   289 0001:0003D806   290 0001:0003D823
   292 0001:0003D829   293 0001:0003D83D   294 0001:0003D855   298 0001:0003D85F
   303 0001:0003D881   304 0001:0003D895   305 0001:0003D8AD   306 0001:0003D8DA
   309 0001:0003D8FF   311 0001:0003D902   312 0001:0003D90A   315 0001:0003D949
   326 0001:0003D9E8   327 0001:0003D9F1   328 0001:0003DA01   329 0001:0003DA0F
   331 0001:0003DA14   332 0001:0003DA28   334 0001:0003DA4D   336 0001:0003DA50
   337 0001:0003DA58   340 0001:0003DA65   343 0001:0003DA88   344 0001:0003DA91
   345 0001:0003DAA1   346 0001:0003DAAF   348 0001:0003DAB4   349 0001:0003DAC8
   351 0001:0003DAED   353 0001:0003DAF0   354 0001:0003DAF8   357 0001:0003DB05
   363 0001:0003DB2C   365 0001:0003DB2F   367 0001:0003DB36   368 0001:0003DB4F
   401 0001:0003DB70   401 0001:0003DB9C   370 0001:0003DBA0   392 0001:0003DBAC
   393 0001:0003DBB5   394 0001:0003DBBF   395 0001:0003DBC8   397 0001:0003DBD2

Line numbers for PauseLock(plugins\PauseLock.pas) segment .text

    39 0001:0003DBD4    43 0001:0003DBD8    46 0001:0003DBDC    47 0001:0003DBE0
    50 0001:0003DBF2    55 0001:0003DC1A    67 0001:0003DC37    68 0001:0003DC3F
    82 0001:0003DC7C    83 0001:0003DC81    84 0001:0003DC84    86 0001:0003DC86
    89 0001:0003DC8C    90 0001:0003DC91    94 0001:0003DC96    95 0001:0003DC9B
    96 0001:0003DCA0    98 0001:0003DCD4    98 0001:0003DCDB

Line numbers for MultiAILimit(plugins\MultiAILimit.pas) segment .text

    32 0001:0003DCDC    36 0001:0003DCE0    64 0001:0003DCF8    65 0001:0003DCFE
    66 0001:0003DD05    67 0001:0003DD6F    68 0001:0003DD79    72 0001:0003DD80
    74 0001:0003DD87    75 0001:0003DD88    76 0001:0003DD89    78 0001:0003DD8A
    81 0001:0003DD8F    82 0001:0003DD94    83 0001:0003DD99    87 0001:0003DD9C
    88 0001:0003DDA0    90 0001:0003DDB2    94 0001:0003DDDA    95 0001:0003DDF4
    99 0001:0003DE15   100 0001:0003DE1D   102 0001:0003DEAC   102 0001:0003DEB3

Line numbers for Plugins(Plugins.pas) segment .text

    30 0001:0003DEB4    32 0001:0003DEBB    34 0001:0003DEC1    35 0001:0003DECB
    37 0001:0003DED5    38 0001:0003DEDF    39 0001:0003DEE9    40 0001:0003DEF3
    42 0001:0003DEFD    43 0001:0003DF07    44 0001:0003DF11    49 0001:0003DF1B
    50 0001:0003DF23    53 0001:0003DF28    54 0001:0003DF2B    55 0001:0003DF30
    57 0001:0003DF64    57 0001:0003DF6B

Line numbers for InitCode(InitCode.pas) segment .text

    87 0001:0003DF6C    88 0001:0003DF70    89 0001:0003DF77    90 0001:0003DF81
    91 0001:0003DF93    93 0001:0003DF9D    94 0001:0003DFB4    95 0001:0003DFBD
    97 0001:0003DFCD   103 0001:0003E000   107 0001:0003E024   108 0001:0003E032
   110 0001:0003E03C   114 0001:0003E041   118 0001:0003E04C   119 0001:0003E057
   121 0001:0003E060   122 0001:0003E07D   124 0001:0003E0B5   125 0001:0003E0BF
   127 0001:0003E0EF   128 0001:0003E0F9   129 0001:0003E119   130 0001:0003E140
   131 0001:0003E149   132 0001:0003E15A   133 0001:0003E163   134 0001:0003E174
   135 0001:0003E17D   137 0001:0003E193   138 0001:0003E1BA   139 0001:0003E1C4
   140 0001:0003E1F2   144 0001:0003E221   150 0001:0003E22A   155 0001:0003E255
   164 0001:0003E25A   166 0001:0003E27D   168 0001:0003E280   169 0001:0003E288
   172 0001:0003E2B4   175 0001:0003E434   176 0001:0003E437   177 0001:0003E43C
   179 0001:0003E441   181 0001:0003E44A   182 0001:0003E457   185 0001:0003E460
   187 0001:0003E46A   189 0001:0003E49C   190 0001:0003E4A8   191 0001:0003E4B5
   192 0001:0003E4C2

Line numbers for InitCode_CoreExePatching(InitCode_CoreExePatching.pas) segment .text

    50 0001:0003E4C4    51 0001:0003E4CC    53 0001:0003E4D2    54 0001:0003E4DC
    56 0001:0003E4E6    71 0001:0003E4EC    72 0001:0003E4F3    73 0001:0003E4FD
    74 0001:0003E507    75 0001:0003E515    77 0001:0003E53C    79 0001:0003E53F
    80 0001:0003E547    81 0001:0003E559    84 0001:0003E563    88 0001:0003E56C
    90 0001:0003E571    91 0001:0003E576    92 0001:0003E577    94 0001:0003E5A8
    95 0001:0003E5B4    96 0001:0003E5C1   100 0001:0003E5CE   101 0001:0003E5D8
   102 0001:0003E5E2   104 0001:0003E5EC   105 0001:0003E5F6

Line numbers for threadlogging(threadlogging.pas) segment .text

   145 0001:0003E628   145 0001:0003E62F

Line numbers for dplayx(F:\TA\TADR\SVN\trunk\src\Recorder\Dplayx.dpr) segment .text

    55 0001:0003E890    56 0001:0003E8A0

Bound resource files

dplayx.res
dplayx.drf


Program entry point at 0001:0003E890
