
 Start         Length     Name                   Class
 0001:00000000 00039680H .text                   CODE
 0002:00000000 00000B8CH .data                   DATA
 0002:00000B8C 00000A41H .bss                    BSS


Detailed map of segments

 0001:00000000 0000506F C=CODE     S=.text    G=(none)   M=System   ACBP=A9
 0001:00005070 000001CC C=CODE     S=.text    G=(none)   M=SysInit  ACBP=A9
 0001:0000523C 00000038 C=CODE     S=.text    G=(none)   M=Types    ACBP=A9
 0001:00005274 000002E4 C=CODE     S=.text    G=(none)   M=Windows  ACBP=A9
 0001:00005558 00000038 C=CODE     S=.text    G=(none)   M=Messages ACBP=A9
 0001:00005590 00000328 C=CODE     S=.text    G=(none)   M=SysConst ACBP=A9
 0001:000058B8 000072F4 C=CODE     S=.text    G=(none)   M=SysUtils ACBP=A9
 0001:0000CBAC 00000887 C=CODE     S=.text    G=(none)   M=VarUtils ACBP=A9
 0001:0000D434 0000280E C=CODE     S=.text    G=(none)   M=Variants ACBP=A9
 0001:0000FC44 000000B8 C=CODE     S=.text    G=(none)   M=RTLConsts ACBP=A9
 0001:0000FCFC 00000084 C=CODE     S=.text    G=(none)   M=TypInfo  ACBP=A9
 0001:0000FD80 00000038 C=CODE     S=.text    G=(none)   M=ActiveX  ACBP=A9
 0001:0000FDB8 00004132 C=CODE     S=.text    G=(none)   M=Classes  ACBP=A9
 0001:00013EEC 000003DC C=CODE     S=.text    G=(none)   M=ListsU   ACBP=A9
 0001:000142C8 00000050 C=CODE     S=.text    G=(none)   M=MMSystem ACBP=A9
 0001:00014318 000001DC C=CODE     S=.text    G=(none)   M=SyncObjs ACBP=A9
 0001:000144F4 00001AD4 C=CODE     S=.text    G=(none)   M=GPHugeF  ACBP=A9
 0001:00015FC8 00000038 C=CODE     S=.text    G=(none)   M=Consts   ACBP=A9
 0001:00016000 0000061C C=CODE     S=.text    G=(none)   M=textdata ACBP=A9
 0001:0001661C 00000038 C=CODE     S=.text    G=(none)   M=Math     ACBP=A9
 0001:00016654 00000194 C=CODE     S=.text    G=(none)   M=Contnrs  ACBP=A9
 0001:000167E8 00000FA0 C=CODE     S=.text    G=(none)   M=uDebug   ACBP=A9
 0001:00017788 00000060 C=CODE     S=.text    G=(none)   M=FreeListU ACBP=A9
 0001:000177E8 00000A5C C=CODE     S=.text    G=(none)   M=logging  ACBP=A9
 0001:00018244 00000040 C=CODE     S=.text    G=(none)   M=SHFolder ACBP=A9
 0001:00018284 00000B78 C=CODE     S=.text    G=(none)   M=TADemoConsts ACBP=A9
 0001:00018DFC 00000330 C=CODE     S=.text    G=(none)   M=TextFileU ACBP=A9
 0001:0001912C 000019A4 C=CODE     S=.text    G=(none)   M=DPlay    ACBP=A9
 0001:0001AAD0 00000124 C=CODE     S=.text    G=(none)   M=DPLobby  ACBP=A9
 0001:0001ABF4 00000608 C=CODE     S=.text    G=(none)   M=CommandHandlerU ACBP=A9
 0001:0001B1FC 00000454 C=CODE     S=.text    G=(none)   M=MemMappedDataStructure ACBP=A9
 0001:0001B650 00000068 C=CODE     S=.text    G=(none)   M=PacketBufferU ACBP=A9
 0001:0001B6B8 00000380 C=CODE     S=.text    G=(none)   M=log2     ACBP=A9
 0001:0001BA38 00000068 C=CODE     S=.text    G=(none)   M=IniFiles ACBP=A9
 0001:0001BAA0 00000E10 C=CODE     S=.text    G=(none)   M=Registry ACBP=A9
 0001:0001C8B0 0000176C C=CODE     S=.text    G=(none)   M=packet_old ACBP=A9
 0001:0001E01C 00001408 C=CODE     S=.text    G=(none)   M=PluginEngine ACBP=A9
 0001:0001F424 00000514 C=CODE     S=.text    G=(none)   M=TAMemManipulations ACBP=A9
 0001:0001F938 000005D4 C=CODE     S=.text    G=(none)   M=TA_MemoryLocations ACBP=A9
 0001:0001FF0C 00000038 C=CODE     S=.text    G=(none)   M=TA_FunctionsU ACBP=A9
 0001:0001FF44 000001EC C=CODE     S=.text    G=(none)   M=PluginCommandHandlerU ACBP=A9
 0001:00020130 0000022C C=CODE     S=.text    G=(none)   M=InputHook ACBP=A9
 0001:0002035C 0000028C C=CODE     S=.text    G=(none)   M=LOS_Radar ACBP=A9
 0001:000205E8 000000CC C=CODE     S=.text    G=(none)   M=LOS_MiniMapUnits ACBP=A9
 0001:000206B4 00000140 C=CODE     S=.text    G=(none)   M=LOS_PlayerSeeUnit ACBP=A9
 0001:000207F4 000001B0 C=CODE     S=.text    G=(none)   M=LOS_GUIText ACBP=A9
 0001:000209A4 00000360 C=CODE     S=.text    G=(none)   M=LOS_UpdateTables ACBP=A9
 0001:00020D04 0000017C C=CODE     S=.text    G=(none)   M=LOS_AllyPlayer ACBP=A9
 0001:00020E80 00000150 C=CODE     S=.text    G=(none)   M=LOS_extensions ACBP=A9
 0001:00020FD0 00000208 C=CODE     S=.text    G=(none)   M=SpeedHack ACBP=A9
 0001:000211D8 00000038 C=CODE     S=.text    G=(none)   M=TA_NetworkingMessages ACBP=A9
 0001:00021210 000135C4 C=CODE     S=.text    G=(none)   M=idplay   ACBP=A9
 0001:000347D4 00001364 C=CODE     S=.text    G=(none)   M=PlayerDataU ACBP=A9
 0001:00035B38 0000157C C=CODE     S=.text    G=(none)   M=DPLobbyWrapper ACBP=A9
 0001:000370B4 00000B78 C=CODE     S=.text    G=(none)   M=Dplayx_exports ACBP=A9
 0001:00037C2C 00000394 C=CODE     S=.text    G=(none)   M=TlHelp32 ACBP=A9
 0001:00037FC0 000005B4 C=CODE     S=.text    G=(none)   M=ErrorLog_ExtraData ACBP=A9
 0001:00038574 0000009C C=CODE     S=.text    G=(none)   M=Thread_marshaller ACBP=A9
 0001:00038610 00000108 C=CODE     S=.text    G=(none)   M=PauseLock ACBP=A9
 0001:00038718 000001B0 C=CODE     S=.text    G=(none)   M=UnitLimit ACBP=A9
 0001:000388C8 000001D8 C=CODE     S=.text    G=(none)   M=MultiAILimit ACBP=A9
 0001:00038AA0 0000035C C=CODE     S=.text    G=(none)   M=COB_extensions ACBP=A9
 0001:00038DFC 000000B8 C=CODE     S=.text    G=(none)   M=Plugins  ACBP=A9
 0001:00038EB4 00000400 C=CODE     S=.text    G=(none)   M=InitCode ACBP=A9
 0001:000392B4 00000134 C=CODE     S=.text    G=(none)   M=InitCode_CoreExePatching ACBP=A9
 0001:000393E8 00000038 C=CODE     S=.text    G=(none)   M=threadlogging ACBP=A9
 0001:00039420 0000025D C=CODE     S=.text    G=(none)   M=dplayx   ACBP=A9
 0002:00000000 000000A0 C=DATA     S=.data    G=DGROUP   M=System   ACBP=A9
 0002:000000A0 00000030 C=DATA     S=.data    G=DGROUP   M=SysInit  ACBP=A9
 0002:000000D0 00000250 C=DATA     S=.data    G=DGROUP   M=SysUtils ACBP=A9
 0002:00000320 00000008 C=DATA     S=.data    G=DGROUP   M=VarUtils ACBP=A9
 0002:00000328 00000076 C=DATA     S=.data    G=DGROUP   M=Variants ACBP=A9
 0002:000003A0 0000000C C=DATA     S=.data    G=DGROUP   M=TypInfo  ACBP=A9
 0002:000003AC 00000004 C=DATA     S=.data    G=DGROUP   M=Classes  ACBP=A9
 0002:000003B0 00000020 C=DATA     S=.data    G=DGROUP   M=GPHugeF  ACBP=A9
 0002:000003D0 00000400 C=DATA     S=.data    G=DGROUP   M=textdata ACBP=A9
 0002:000007D0 00000004 C=DATA     S=.data    G=DGROUP   M=uDebug   ACBP=A9
 0002:000007D4 00000004 C=DATA     S=.data    G=DGROUP   M=logging  ACBP=A9
 0002:000007D8 00000049 C=DATA     S=.data    G=DGROUP   M=TADemoConsts ACBP=A9
 0002:00000824 00000020 C=DATA     S=.data    G=DGROUP   M=DPlay    ACBP=A9
 0002:00000844 00000010 C=DATA     S=.data    G=DGROUP   M=DPLobby  ACBP=A9
 0002:00000854 00000038 C=DATA     S=.data    G=DGROUP   M=MemMappedDataStructure ACBP=A9
 0002:0000088C 00000008 C=DATA     S=.data    G=DGROUP   M=IniFiles ACBP=A9
 0002:00000894 00000008 C=DATA     S=.data    G=DGROUP   M=Registry ACBP=A9
 0002:0000089C 00000005 C=DATA     S=.data    G=DGROUP   M=packet_old ACBP=A9
 0002:000008A4 00000007 C=DATA     S=.data    G=DGROUP   M=TA_MemoryLocations ACBP=A9
 0002:000008AC 00000008 C=DATA     S=.data    G=DGROUP   M=TA_FunctionsU ACBP=A9
 0002:000008B4 0000000A C=DATA     S=.data    G=DGROUP   M=SpeedHack ACBP=A9
 0002:000008C0 00000004 C=DATA     S=.data    G=DGROUP   M=idplay   ACBP=A9
 0002:000008C4 00000004 C=DATA     S=.data    G=DGROUP   M=Dplayx_exports ACBP=A9
 0002:000008C8 00000008 C=DATA     S=.data    G=DGROUP   M=PauseLock ACBP=A9
 0002:000008D0 00000005 C=DATA     S=.data    G=DGROUP   M=UnitLimit ACBP=A9
 0002:000008D8 00000008 C=DATA     S=.data    G=DGROUP   M=MultiAILimit ACBP=A9
 0002:000008E0 00000001 C=DATA     S=.data    G=DGROUP   M=COB_extensions ACBP=A9
 0002:00001000 0000065C C=BSS      S=.bss     G=DGROUP   M=System   ACBP=A9
 0002:0000165C 00000014 C=BSS      S=.bss     G=DGROUP   M=SysInit  ACBP=A9
 0002:00001670 00000004 C=BSS      S=.bss     G=DGROUP   M=Types    ACBP=A9
 0002:00001674 00000004 C=BSS      S=.bss     G=DGROUP   M=Windows  ACBP=A9
 0002:00001678 00000004 C=BSS      S=.bss     G=DGROUP   M=Messages ACBP=A9
 0002:0000167C 00000004 C=BSS      S=.bss     G=DGROUP   M=SysConst ACBP=A9
 0002:00001680 00000120 C=BSS      S=.bss     G=DGROUP   M=SysUtils ACBP=A9
 0002:000017A0 0000005C C=BSS      S=.bss     G=DGROUP   M=VarUtils ACBP=A9
 0002:000017FC 00000040 C=BSS      S=.bss     G=DGROUP   M=Variants ACBP=A9
 0002:0000183C 00000004 C=BSS      S=.bss     G=DGROUP   M=RTLConsts ACBP=A9
 0002:00001840 00000004 C=BSS      S=.bss     G=DGROUP   M=TypInfo  ACBP=A9
 0002:00001844 00000004 C=BSS      S=.bss     G=DGROUP   M=ActiveX  ACBP=A9
 0002:00001848 00000034 C=BSS      S=.bss     G=DGROUP   M=Classes  ACBP=A9
 0002:0000187C 00000004 C=BSS      S=.bss     G=DGROUP   M=ListsU   ACBP=A9
 0002:00001880 00000004 C=BSS      S=.bss     G=DGROUP   M=MMSystem ACBP=A9
 0002:00001884 00000004 C=BSS      S=.bss     G=DGROUP   M=SyncObjs ACBP=A9
 0002:00001888 00000004 C=BSS      S=.bss     G=DGROUP   M=GPHugeF  ACBP=A9
 0002:0000188C 00000004 C=BSS      S=.bss     G=DGROUP   M=Consts   ACBP=A9
 0002:00001890 00000004 C=BSS      S=.bss     G=DGROUP   M=textdata ACBP=A9
 0002:00001894 00000004 C=BSS      S=.bss     G=DGROUP   M=Math     ACBP=A9
 0002:00001898 00000004 C=BSS      S=.bss     G=DGROUP   M=Contnrs  ACBP=A9
 0002:0000189C 00000014 C=BSS      S=.bss     G=DGROUP   M=uDebug   ACBP=A9
 0002:000018B0 00000008 C=BSS      S=.bss     G=DGROUP   M=FreeListU ACBP=A9
 0002:000018B8 0000000C C=BSS      S=.bss     G=DGROUP   M=logging  ACBP=A9
 0002:000018C4 00000004 C=BSS      S=.bss     G=DGROUP   M=SHFolder ACBP=A9
 0002:000018C8 00000018 C=BSS      S=.bss     G=DGROUP   M=TADemoConsts ACBP=A9
 0002:000018E0 00000004 C=BSS      S=.bss     G=DGROUP   M=TextFileU ACBP=A9
 0002:000018E4 00000004 C=BSS      S=.bss     G=DGROUP   M=DPlay    ACBP=A9
 0002:000018E8 00000004 C=BSS      S=.bss     G=DGROUP   M=DPLobby  ACBP=A9
 0002:000018EC 00000004 C=BSS      S=.bss     G=DGROUP   M=CommandHandlerU ACBP=A9
 0002:000018F0 00000004 C=BSS      S=.bss     G=DGROUP   M=MemMappedDataStructure ACBP=A9
 0002:000018F4 00000004 C=BSS      S=.bss     G=DGROUP   M=PacketBufferU ACBP=A9
 0002:000018F8 00000004 C=BSS      S=.bss     G=DGROUP   M=log2     ACBP=A9
 0002:000018FC 00000004 C=BSS      S=.bss     G=DGROUP   M=IniFiles ACBP=A9
 0002:00001900 00000004 C=BSS      S=.bss     G=DGROUP   M=Registry ACBP=A9
 0002:00001904 00000004 C=BSS      S=.bss     G=DGROUP   M=packet_old ACBP=A9
 0002:00001908 00000008 C=BSS      S=.bss     G=DGROUP   M=PluginEngine ACBP=A9
 0002:00001910 00000004 C=BSS      S=.bss     G=DGROUP   M=TAMemManipulations ACBP=A9
 0002:00001914 0000000A C=BSS      S=.bss     G=DGROUP   M=TA_MemoryLocations ACBP=A9
 0002:00001920 00000004 C=BSS      S=.bss     G=DGROUP   M=TA_FunctionsU ACBP=A9
 0002:00001924 00000004 C=BSS      S=.bss     G=DGROUP   M=PluginCommandHandlerU ACBP=A9
 0002:00001928 00000008 C=BSS      S=.bss     G=DGROUP   M=InputHook ACBP=A9
 0002:00001930 00000010 C=BSS      S=.bss     G=DGROUP   M=LOS_Radar ACBP=A9
 0002:00001940 00000004 C=BSS      S=.bss     G=DGROUP   M=LOS_MiniMapUnits ACBP=A9
 0002:00001944 00000010 C=BSS      S=.bss     G=DGROUP   M=LOS_PlayerSeeUnit ACBP=A9
 0002:00001954 00000004 C=BSS      S=.bss     G=DGROUP   M=LOS_GUIText ACBP=A9
 0002:00001958 00000010 C=BSS      S=.bss     G=DGROUP   M=LOS_UpdateTables ACBP=A9
 0002:00001968 00000008 C=BSS      S=.bss     G=DGROUP   M=LOS_AllyPlayer ACBP=A9
 0002:00001970 00000008 C=BSS      S=.bss     G=DGROUP   M=LOS_extensions ACBP=A9
 0002:00001978 00000004 C=BSS      S=.bss     G=DGROUP   M=SpeedHack ACBP=A9
 0002:0000197C 00000004 C=BSS      S=.bss     G=DGROUP   M=TA_NetworkingMessages ACBP=A9
 0002:00001980 0000000C C=BSS      S=.bss     G=DGROUP   M=idplay   ACBP=A9
 0002:0000198C 00000004 C=BSS      S=.bss     G=DGROUP   M=PlayerDataU ACBP=A9
 0002:00001990 00000004 C=BSS      S=.bss     G=DGROUP   M=DPLobbyWrapper ACBP=A9
 0002:00001994 00000028 C=BSS      S=.bss     G=DGROUP   M=Dplayx_exports ACBP=A9
 0002:000019BC 00000048 C=BSS      S=.bss     G=DGROUP   M=TlHelp32 ACBP=A9
 0002:00001A04 00000004 C=BSS      S=.bss     G=DGROUP   M=ErrorLog_ExtraData ACBP=A9
 0002:00001A08 00000004 C=BSS      S=.bss     G=DGROUP   M=Thread_marshaller ACBP=A9
 0002:00001A0C 00000004 C=BSS      S=.bss     G=DGROUP   M=PauseLock ACBP=A9
 0002:00001A10 00000004 C=BSS      S=.bss     G=DGROUP   M=UnitLimit ACBP=A9
 0002:00001A14 00000004 C=BSS      S=.bss     G=DGROUP   M=MultiAILimit ACBP=A9
 0002:00001A18 00000004 C=BSS      S=.bss     G=DGROUP   M=COB_extensions ACBP=A9
 0002:00001A1C 00000004 C=BSS      S=.bss     G=DGROUP   M=Plugins  ACBP=A9
 0002:00001A20 00000008 C=BSS      S=.bss     G=DGROUP   M=InitCode ACBP=A9
 0002:00001A28 00000014 C=BSS      S=.bss     G=DGROUP   M=InitCode_CoreExePatching ACBP=A9
 0002:00001A3C 00000004 C=BSS      S=.bss     G=DGROUP   M=threadlogging ACBP=A9


  Address         Publics by Name

 0002:000018AC       .1
 0002:00001A3C       .1
 0002:000018B4       .1
 0002:00001A28       .1
 0002:000018C4       .1
 0002:00001890       .1
 0002:000018E4       .1
 0002:00001A1C       .1
 0002:0000188C       .1
 0002:000018E8       .1
 0002:0000183C       .1
 0002:000018F0       .1
 0002:00001910       .1
 0002:00001A18       .1
 0002:00001920       .1
 0002:0000192C       .1
 0002:0000193C       .1
 0002:00001940       .1
 0002:00001950       .1
 0002:00001A14       .1
 0002:00001A10       .1
 0002:00001A0C       .1
 0002:00001A08       .1
 0002:00001A04       .1
 0002:00001670       .1
 0002:000019BC       .1
 0002:00001954       .1
 0002:00001964       .1
 0002:0000196C       .1
 0002:00001678       .1
 0002:0000167C       .1
 0002:00001974       .1
 0002:00001978       .1
 0002:000019A0       .1
 0002:00001668       .1
 0002:00001904       .2
 0002:000018F8       .2
 0002:0000197C       .2
 0002:00001894       .2
 0002:00001990       .2
 0002:000018E0       .2
 0002:000018CC       .2
 0002:000018C0       .2
 0002:00001A20       .2
 0002:00001898       .21
 0002:000018EC       .3
 0002:00001924       .3
 0002:000018F4       .3
 0002:00001674       .3
 0002:00001844       .3
 0002:00001790       .35
 0002:0000198C       .4
 0002:00001918       .4
 0002:00001850       .45
 0002:000017F8       .5
 0002:00001888       .5
 0002:00001900       .5
 0002:000015B4       .5
 0002:00001840       .6
 0002:00001908       .6
 0002:00001884       .6
 0002:00001988       .6
 0002:00001880       .7
 0002:000018FC       .8
 0002:0000181C       .81
 0002:0000187C       .9
 0001:00001A0C       @AbstractError
 0001:00002A78       @AfterConstruction
 0001:000034B0       @Assert
 0001:00001CF0       @Assign
 0001:00001E4C       @AStrCmp
 0001:00002A88       @BeforeDestruction
 0001:00002738       @BoundErr
 0001:000029B8       @CallDynaInst
 0001:00002A20       @ClassCreate
 0001:00002A70       @ClassDestroy
 0001:00001DB8       @Close
 0001:000017D0       @Copy
 0001:0000405C       @CopyArray
 0001:00003F40       @CopyRecord
 0001:00004150       @DispCallByIDError
 0001:0000DED4       @DispInvokeError
 0001:00002F04       @DoneExcept
 0001:00004380       @DynArrayAsg
 0001:00004344       @DynArrayClear
 0001:00004184       @DynArrayHigh
 0001:0000417C       @DynArrayLength
 0001:00004338       @DynArraySetLength
 0001:00001EBC       @EofText
 0001:00002FEC       @ExceptionHandler
 0001:00001EF4       @FillChar
 0001:00003F1C       @Finalize
 0001:00003E30       @FinalizeArray
 0001:00003DE4       @FinalizeRecord
 0001:00001DAC       @Flush
 0001:0000272C       @FpuInit
 0001:00002668       @FpuMaskInit
 0001:000016AC       @FreeMem
 0001:0000168C       @GetMem
 0001:00005170       @GetTls
 0001:00003498       @Halt
 0001:000033C0       @Halt0
 0001:00002B9C       @HandleAnyException
 0001:00002E50       @HandleFinally
 0001:00002CC8       @HandleOnException
 0001:00003284       @InitImports
 0001:000051BC       @InitLib
 0001:0000325C       @InitResStringImports
 0001:00004A2C       @IntfAddRef
 0001:000049E8       @IntfClear
 0001:00004A00       @IntfCopy
 0001:00002740       @IntOver
 0001:00002964       @IsClass
 0001:00002638       @isNECWindows
 0001:0000395C       @LStrAddRef
 0001:000034F4       @LStrArrayClr
 0001:00003524       @LStrAsg
 0001:00003774       @LStrCat
 0001:000037B8       @LStrCat3
 0001:0000382C       @LStrCatN
 0001:000034D0       @LStrClr
 0001:000038B8       @LStrCmp
 0001:000039CC       @LStrCopy
 0001:00003A0C       @LStrDelete
 0001:00003740       @LStrFromArray
 0001:000036B8       @LStrFromChar
 0001:000036C8       @LStrFromPChar
 0001:000035C0       @LStrFromPCharLen
 0001:000036F8       @LStrFromPWChar
 0001:0000362C       @LStrFromPWCharLen
 0001:00003734       @LStrFromString
 0001:00003758       @LStrFromWStr
 0001:00003568       @LStrLAsg
 0001:0000376C       @LStrLen
 0001:00003A54       @LStrPos
 0001:00003A9C       @LStrSetLength
 0001:0000396C       @LStrToPChar
 0001:00003594       @NewAnsiString
 0001:00003B30       @NewWideString
 0001:0000234C       @Pow10
 0001:00001E40       @PStrCpy
 0001:00001E10       @PStrNCat
 0001:00002EB0       @RaiseAgain
 0001:00002E88       @RaiseExcept
 0001:00001F14       @RandInt
 0001:00001F6C       @ReadChar
 0001:000020D0       @ReadLn
 0001:00002064       @ReadLString
 0001:00002058       @ReadString
 0001:000016CC       @ReallocMem
 0001:00001A80       @ResetText
 0001:00001A8C       @RewritText
 0001:000034A4       @RunError
 0001:00002330       @SetEq
 0001:00003194       @StartLib
 0001:0000025C       @strlen
 0001:000019E8       @TRUNC
 0001:00002F34       @TryFinallyExit
 0001:000039C4       @UniqueStringA
 0001:00002100       @ValLong
 0001:0000F488       @VarAddRef
 0001:0000E1AC       @VarClear
 0001:00003E18       @VarClr
 0001:0000E1C0       @VarClr
 0001:00003F28       @VarCopy
 0001:0000E4D4       @VarCopy
 0001:0000E800       @VarToLStr
 0001:0000EF28       @VarToWStr
 0001:00003B00       @Write0LString
 0001:00002218       @WriteBytes
 0001:000022E8       @WriteLn
 0001:00003B08       @WriteLString
 0001:0000226C       @WriteSpaces
 0001:00003B70       @WStrArrayClr
 0001:00003B94       @WStrAsg
 0001:00003B58       @WStrClr
 0001:00003CD0       @WStrCmp
 0001:00003D54       @WStrCopy
 0001:00003CA4       @WStrFromLStr
 0001:00003BB8       @WStrFromPCharLen
 0001:00003C68       @WStrFromPWChar
 0001:00003C44       @WStrFromPWCharLen
 0001:00003CC4       @WStrLen
 0001:00003DA0       @WStrSetLength
 0001:00003CB4       @WStrToPWChar
 0001:000017A0       @_IOTest
 0001:00004158       @_llmul
 0001:0000AC34       AbstractErrorHandler
 0002:00001028       AbstractErrorProc
 0002:0000080C       AccessMode
 0002:00000150       AccessMode
 0001:0000FDB0       ActiveX
 0001:00000398       AddBlockAfter
 0001:0001B21C       AddCheatDescription
 0001:00017024       AddLineNo
 0001:0000487C       AddModuleUnloadProc
 0001:0000488C       AddModuleUnloadProc
 0001:00016E70       AddProcedure
 0001:00016C8C       AddUnit
 0002:000008DC       AIName
 0002:00001968       AlliedStateChanged
 0001:000064C0       AllocMem
 0002:000015AC       AllocMemCount
 0002:000015B0       AllocMemSize
 0001:000050A0       AllocTlsBuffer
 0001:00006680       AnsiCompareStr
 0001:000066CC       AnsiCompareText
 0001:00006638       AnsiLowerCase
 0001:0000B758       AnsiPos
 0001:00006718       AnsiSameText
 0001:0000B7A4       AnsiStrPos
 0001:0000B87C       AnsiStrRScan
 0001:0000B8CC       AnsiStrScan
 0001:00004E2C       AnsiToUtf8
 0001:000086EC       AppendChars
 0001:00008B0C       AppendFormat
 0001:00008770       AppendNumber
 0001:0000874C       AppendString
 0001:0000ABFC       AssertErrorHandler
 0002:00001020       AssertErrorProc
 0002:00001604       avail
 0001:00007230       BackfillGetDiskFreeSpaceEx
 0001:0000CE84       BackupVarBoolFromStr
 0001:0000D000       BackupVarBStrFromBool
 0001:0000CF08       BackupVarBStrFromCy
 0001:0000CF84       BackupVarBStrFromDate
 0001:0000CE10       BackupVarCyFromStr
 0001:0000CD9C       BackupVarDateFromStr
 0001:0000CC40       BackupVarI4FromStr
 0001:0000CBCC       BackupVariantChangeTypeEx
 0001:0000CCB4       BackupVarR4FromStr
 0001:0000CD28       BackupVarR8FromStr
 0001:000388E4       BetterAIName
 0001:0003896C       BetterAINameStub
 0001:000163F8       BinToInt
 0001:0000CC18       BiUnimplemented
 0002:000015DC       blockDescBlockList
 0002:000015E0       blockDescFreeList
 0002:000003A0       BooleanIdents
 0002:00000330       BooleanToStringRule
 0001:00006BE4       BoolToStr
 0001:0000E588       BoolToWStrViaOS
 0002:000008A4       BoolValues
 0001:0000B2F4       ByteToCharIndex
 0001:0000B2B8       ByteToCharLen
 0001:0000B254       ByteType
 0001:0000B1A8       ByteTypeTest
 0002:0000191C       CacheUsed
 0001:00016520       CalcCRC
 0002:00001814       ChangeAnyProc
 0001:00006FFC       ChangeFileExt
 0001:000035F0       CharFromWChar
 0001:0000B56C       CharLength
 0001:000054D4       CharLowerBuff
 0001:000001D4       CharNext
 0001:000054DC       CharNext
 0001:0000B430       CharToByteIndex
 0001:0000B4A8       CharToByteLen
 0001:000054E4       CharToOemA
 0002:00001984       chatview
 0001:0001B1FC       CheatEnabled
 0002:0000086C       Cheat_BuildAnywhere
 0002:00000868       Cheat_ControlMenu
 0002:00000888       Cheat_DeveloperMode
 0002:0000087C       Cheat_ExtraDamage
 0002:0000085C       Cheat_FastBuild
 0002:00000860       Cheat_InfiniteResources
 0002:00000880       Cheat_InstantBuild
 0002:00000870       Cheat_InstantCapture
 0002:00000858       Cheat_Invisible
 0002:00000854       Cheat_Invulnerability
 0002:00000878       Cheat_JamAll
 0002:00000864       Cheat_LosRadar
 0002:00000884       Cheat_ResourcesFreeze
 0002:00000874       Cheat_SpecialMove
 0001:0001F568       CheckForCheats
 0001:00002B18       CheckJmp
 0002:00000334       CInvalidCustomVariantType
 0001:00013E58       Classes
 0001:000173EC       CleanUpMapFile
 0002:00001810       ClearAnyProc
 0001:0000F7C4       ClearVariantTypeList
 0001:00000174       CloseHandle
 0001:000052A4       CloseHandle
 0002:0000103C       CmdLine
 0002:00001038       CmdShow
 0001:0000CC2C       CmpUnimplemented
 0001:00038DF4       COB_extensions
 0001:00038D44       COB_Extensions_Handling
 0002:00001A2C       CodeInjectionData
 0001:0001B1F4       CommandHandlerU
 0001:00000678       Commit
 0002:00001620       committedRoot
 0001:00025CA4       compare
 0001:000169FC       CompareHeaders
 0001:000052AC       CompareString
 0001:000065C0       CompareText
 0001:00006AE8       CompareWith
 0001:00018598       Compress
 0001:000145B8       Compress
 0001:00015FF8       Consts
 0001:000167E0       Contnrs
 0001:0000A490       ConvertAddr
 0001:00008870       ConvertEraString
 0001:00006470       ConvertError
 0001:00006490       ConvertErrorFmt
 0001:000089F4       ConvertYearString
 0001:0000418C       CopyArray
 0001:000052B4       CopyFile
 0001:0000B378       CountChars
 0001:000164E8       CRC32
 0002:000003D0       CRC32tab
 0001:0000AB34       CreateAssertException
 0001:0000AD30       CreateAVObject
 0001:000072B0       CreateDir
 0001:000052BC       CreateDirectory
 0001:000052C4       CreateEvent
 0001:000052CC       CreateFile
 0001:0000017C       CreateFileA
 0001:000052D4       CreateFileMapping
 0001:0000AA20       CreateInOutError
 0001:00037EEC       CreateToolhelp32Snapshot
 0002:0000038C       CRelationshipToBoolean
 0002:00000320       CResult
 0002:00000148       cSimpleBoolStrs
 0002:00000338       CText
 0002:00001618       curAlloc
 0002:00001688       CurrencyDecimals
 0002:00001684       CurrencyFormat
 0002:00001680       CurrencyString
 0001:000086CC       CurrentYear
 0001:000080A0       CurrToStr
 0001:0000E518       CurrToWStrViaOS
 0001:00038B50       CustomGetters
 0001:00006800       CvtInt
 0001:0000686C       CvtInt64
 0002:00000188       CWNear
 0001:00016000       DataToStr2
 0001:0001BC80       DataTypeToRegData
 0001:00008658       Date
 0002:00001689       DateSeparator
 0001:000093C0       DateTimeToStr
 0001:00009314       DateTimeToString
 0001:00008190       DateTimeToTimeStamp
 0001:00009380       DateToStr
 0001:0000E550       DateToWStrViaOS
 0001:00008628       DayOfWeek
 0002:00000184       DCon10
 0002:00000028       DebugHook
 0002:00001687       DecimalSeparator
 0001:000085F8       DecodeDate
 0001:0000847C       DecodeDateFully
 0001:00008298       DecodeTime
 0001:0000070C       Decommit
 0001:00000D28       DecommitFree
 0002:000015F4       decommittedRoot
 0002:0000089C       DecompressionBufferSize
 0002:00000024       Default8087CW
 0002:00000034       DefaultTextLineBreakStyle
 0002:000015B8       DefaultUserCodePage
 0002:00000214       DefLongDayNames
 0002:000001C8       DefLongMonthNames
 0002:000001F8       DefShortDayNames
 0002:00000198       DefShortMonthNames
 0002:000007D8       Deities
 0001:000043D0       DelayLoadResourceModule
 0001:000003C8       DeleteBlock
 0001:000052DC       DeleteCriticalSection
 0001:00000338       DeleteCriticalSection
 0001:000052E4       DeleteFile
 0001:00000B70       DeleteFree
 0001:000052EC       DeviceIoControl
 0002:00000090       dig
 0001:00006E54       DirectoryExists
 0001:00037444       DirectPlayCreate
 0002:000019B0       DirectPlayCreate_proc
 0001:0003714C       DirectPlayEnumerate
 0001:00037244       DirectPlayEnumerateA
 0002:000019A8       DirectPlayEnumerateA_proc
 0001:00037344       DirectPlayEnumerateW
 0002:000019AC       DirectPlayEnumerateW_proc
 0002:000019A4       DirectPlayEnumerate_proc
 0001:000377EC       DirectPlayLobbyCreateA
 0002:000019B8       DirectPlayLobbyCreateA_proc
 0001:000376AC       DirectPlayLobbyCreateW
 0002:000019B4       DirectPlayLobbyCreateW_proc
 0001:00038EB4       DisableThreadLibraryCalls
 0002:00001000       DispCallByIDProc
 0001:00006454       DivMod
 0001:00037A40       DllCanUnloadNow
 0001:00037AE0       DllGetClassObject
 0002:00001664       DllProc
 0002:00001998       DoFinalize
 0002:00001994       DoInitialize
 0002:000008B0       DoInterpretCommand
 0001:0000B0A4       DoneExceptions
 0001:00013CFC       DoneThreadSynchronization
 0001:0001FA50       DoReport
 0002:000003A8       DotSep
 0001:00011640       DoWrite
 0001:00038DFC       Do_LoadTime_CodeInjections
 0001:0001AAC8       DPlay
 0001:00039668       dplayx
 0001:000370B4       DPlayxHandleInvalid
 0002:000008C4       dplayxLibHandle
 0001:00037BF8       Dplayx_exports
 0001:0001ABEC       DPLobby
 0001:000370AC       DPLobbyWrapper
 0001:000041A4       DynArrayClear
 0001:000041AC       DynArraySetLength
 0001:0000A9E4       EHeapException.FreeInstance
 0001:00014724       Elapsed
 0002:000017FC       EmptyParam
 0002:000000D0       EmptyStr
 0002:000000D4       EmptyWideStr
 0001:00008440       EncodeDate
 0001:00008254       EncodeTime
 0001:00000328       EnterCriticalSection
 0001:000052F4       EnterCriticalSection
 0001:000052FC       EnumCalendarInfoA
 0001:0000A050       EnumEraNames
 0001:0000A09C       EnumEraYearOffsets
 0002:00001750       EraNames
 0001:000096EC       EraToYear
 0002:0000176C       EraYearOffsets
 0002:00000068       errCaption
 0001:00001794       Error
 0002:00000004       ErrorAddr
 0001:00001748       ErrorAt
 0001:0000AAC4       ErrorHandler
 0001:0003856C       ErrorLog_ExtraData
 0001:00038528       Errorlog_Thunk1
 0001:000381E4       Errorlog_Thunk2
 0002:00000230       ErrorMap
 0002:00001008       ErrorProc
 0001:000191F8       ErrorString
 0002:000013E0       ErrOutput
 0001:0000171C       ExceptAddr
 0002:0000100C       ExceptClsProc
 0001:0000AFF4       ExceptHandler
 0001:0000A734       Exception.Create
 0001:0000A77C       Exception.CreateFmt
 0001:0000A94C       Exception.CreateFmtHelp
 0001:0000A8F8       Exception.CreateHelp
 0001:0000A80C       Exception.CreateRes
 0001:0000A854       Exception.CreateResFmt
 0002:0000101C       ExceptionClass
 0001:0000A4A0       ExceptionErrorMessage
 0002:00000268       ExceptMap
 0002:00001010       ExceptObjProc
 0002:00001004       ExceptProc
 0001:0000B70C       ExcludeTrailingPathDelimiter
 0002:00000000       ExitCode
 0001:00003304       ExitDll
 0002:00001040       ExitProc
 0001:000001DC       ExitProcess
 0002:00001024       ExitProcessProc
 0001:0000514C       ExitProcessTLS
 0001:00005124       ExitThreadTLS
 0001:000071EC       ExpandFileName
 0002:000008A8       ExpectedData
 0001:000070DC       ExtractFileDir
 0001:0000718C       ExtractFileExt
 0001:00007148       ExtractFileName
 0001:0000709C       ExtractFilePath
 0002:0000178C       FalseBoolStrs
 0002:00000178       FCon1E18
 0001:00006DC4       FileAge
 0001:00006DB0       FileClose
 0001:00006CB0       FileCreate
 0001:00006CE4       FileCreate
 0001:00006E34       FileExists
 0002:0000081C       FileFlags
 0002:0000000C       FileMode
 0001:00001AD4       FileNOPProc
 0001:00006C40       FileOpen
 0001:00006D04       FileRead
 0001:00006D74       FileSeek
 0001:00005304       FileTimeToDosDateTime
 0001:0000530C       FileTimeToLocalFileTime
 0001:00006D3C       FileWrite
 0002:000003B0       FILE_SHARING_ERRORS
 0001:00000C58       FillAfterGap
 0001:00000C04       FillBeforeGap
 0001:00000CF0       FillerSizeAfterGap
 0001:00000C80       FillerSizeBeforeGap
 0001:000167B0       Finalization
 0001:00004F48       Finalization
 0001:000144BC       Finalization
 0001:000205B0       Finalization
 0001:0000FD80       Finalization
 0001:00038A5C       Finalization
 0001:0001B1C4       Finalization
 0001:0001ABBC       Finalization
 0001:0003853C       Finalization
 0001:00038DC4       Finalization
 0001:0000FD28       Finalization
 0001:0000FCC4       Finalization
 0001:0000FB20       Finalization
 0001:00038E7C       Finalization
 0001:0001AA98       Finalization
 0001:000207BC       Finalization
 0001:00020CCC       Finalization
 0001:000385D8       Finalization
 0001:0001661C       Finalization
 0001:00005880       Finalization
 0001:0001B618       Finalization
 0001:00005558       Finalization
 0001:00037F88       Finalization
 0001:0003925C       Finalization
 0001:00005520       Finalization
 0001:0001B680       Finalization
 0001:00037BC8       Finalization
 0001:00020F98       Finalization
 0001:00005204       Finalization
 0001:000190F4       Finalization
 0001:0000523C       Finalization
 0001:0000C9AC       Finalization
 0001:0001FF0C       Finalization
 0001:00039368       Finalization
 0001:000393E8       Finalization
 0001:000165E4       Finalization
 0001:00018D98       Finalization
 0001:0001BA00       Finalization
 0001:0002067C       Finalization
 0001:00015F90       Finalization
 0001:0003707C       Finalization
 0001:00035B00       Finalization
 0001:00034790       Finalization
 0001:0001BA50       Finalization
 0001:000211A0       Finalization
 0001:0001DFE4       Finalization
 0001:000211D8       Finalization
 0001:000142E0       Finalization
 0001:0001F3DC       Finalization
 0001:0000D3F0       Finalization
 0001:0001F900       Finalization
 0001:0001C860       Finalization
 0001:0001824C       Finalization
 0001:00017744       Finalization
 0001:0002096C       Finalization
 0001:000181F8       Finalization
 0001:000177B0       Finalization
 0001:00038890       Finalization
 0001:00013DA8       Finalization
 0001:00014290       Finalization
 0001:00020324       Finalization
 0001:000200F8       Finalization
 0001:00039420       Finalization
 0001:00015FC8       Finalization
 0001:000386E0       Finalization
 0001:0001FED4       Finalization
 0001:00020E48       Finalization
 0001:0000419C       FinalizeArray
 0001:000030D4       FinalizeUnits
 0001:00004440       FindBS
 0001:000001EC       FindClose
 0001:00005314       FindClose
 0001:00000BD4       FindCommitted
 0001:0000FA68       FindCustomVariantType
 0001:000001F4       FindFirstFile
 0001:0000531C       FindFirstFile
 0002:0000185C       FindGlobalComponentProcs
 0001:000043A8       FindHInstance
 0001:00030B10       FindHostPlayer
 0001:0000D0A0       FindProc
 0001:00004418       FindResourceHInstance
 0002:000018D0       fIsWin9x
 0002:0000179C       FLanguages
 0001:00007D30       FloatToDecimal
 0001:00008070       FloatToStr
 0001:00007A5C       FloatToText
 0001:00001DA0       Flush
 0001:00005324       FlushFileBuffers
 0001:0000532C       FlushInstructionCache
 0002:0000018C       FMSecsPerDay
 0001:0000793C       FmtStr
 0001:00006E8C       ForceDirectories
 0001:00007914       Format
 0002:00000194       Format
 0001:00007544       FormatBuf
 0001:00007530       FormatClearStr
 0001:00007490       FormatError
 0002:00000170       FormatErrorStrs
 0001:00005334       FormatMessage
 0001:000074F8       FormatVarToStr
 0001:00002344       FPower10
 0001:0000C6B8       FreeAndNil
 0001:00000940       FreeCommitted
 0001:00000E60       FreeCurAlloc
 0001:00013D18       FreeIntConstList
 0001:0000533C       FreeLibrary
 0001:000001FC       FreeLibrary
 0001:000177E0       FreeListU
 0001:000005C0       FreeSpace
 0001:0000C058       FreeTerminateProcs
 0002:00000820       fVersionLazyInited
 0001:0002064C       GameUnit_LOS_MiniMap_UnitsProjectiles_IsOwner
 0001:000207B0       GameUnit_LOS_PlayerSeeUnit_EpilogCode_Exit
 0001:0002075C       GameUnit_LOS_PlayerSeeUnit_IsOwnerAllowedToSee
 0001:0002043C       GameUnit_LOS_Radar_CanDirectlySeeUnit
 0001:000204F0       GameUnit_LOS_Radar_LoopCondition
 0001:00020498       GameUnit_LOS_Radar_LoopStart
 0001:00020AFC       GameUnit_LOS_Update_1_Retry
 0001:00020AE0       GameUnit_LOS_Update_1_Start
 0001:00020BE8       GameUnit_LOS_Update_2_Retry
 0001:00020BCC       GameUnit_LOS_Update_2_Start
 0002:000008AC       Game_SetLOSState
 0002:0000199C       gdwDPlaySPRefCount
 0001:00005344       GetACP
 0001:00000340       GetBlockDesc
 0001:00016140       GetChar
 0001:000002DC       GetCmdShow
 0001:000209A4       GetCodeInjections
 0001:000207F4       GetCodeInjections
 0001:0002035C       GetCodeInjections
 0001:00020D04       GetCodeInjections
 0001:000205E8       GetCodeInjections
 0001:000206B4       GetCodeInjections
 0001:00000204       GetCommandLine
 0001:0000078C       GetCommitted
 0001:0000081C       GetCommittedAt
 0001:000087C0       GetCount
 0001:0000534C       GetCPInfo
 0001:00005354       GetCurrentProcess
 0001:000002BC       GetCurrentThreadId
 0001:0000535C       GetCurrentThreadId
 0001:000087F8       GetDate
 0001:00005364       GetDateFormat
 0001:000095B8       GetDateOrder
 0001:0000536C       GetDiskFreeSpaceA
 0002:00000144       GetDiskFreeSpaceEx
 0001:00002988       GetDynaMethod
 0001:0000A128       GetEraNamesAndYearOffsets
 0001:00009688       GetEraYearOffset
 0001:0000AD04       GetExceptionClass
 0001:0000AF14       GetExceptionObject
 0001:00005374       GetFileAttributes
 0001:0000537C       GetFileSize
 0001:0000018C       GetFileSize
 0001:00000184       GetFileType
 0001:00018C38       GetFileVersion
 0001:000054BC       GetFileVersionInfo
 0001:000054C4       GetFileVersionInfoSize
 0001:00018A2C       GetFileVersion_internal
 0001:0000BBEC       GetFormatSettings
 0001:00005384       GetFullPathName
 0001:00002630       GetKeyboardType
 0001:0000020C       GetLastError
 0001:0000538C       GetLastError
 0001:00017504       GetLineNumberFromAddress
 0001:00009E9C       GetLocaleChar
 0001:00000214       GetLocaleInfo
 0001:0000539C       GetLocaleInfo
 0001:00009E40       GetLocaleStr
 0001:00005394       GetLocalTime
 0001:000176F8       GetMapAddressFromAddress
 0001:00017600       GetMapFileName
 0001:000053A4       GetModuleFileName
 0001:0000021C       GetModuleFileName
 0001:00000224       GetModuleHandle
 0001:000053AC       GetModuleHandle
 0001:00017418       GetModuleNameFromAddress
 0001:00009F1C       GetMonthDayNames
 0001:0001836C       GetMyDocs
 0001:00001874       GetParamStr
 0001:000202C4       GetPlugin
 0001:00037FC8       GetPlugin
 0001:00038618       GetPlugin
 0001:00038AA8       GetPlugin
 0001:00020FF4       GetPlugin
 0001:00038988       GetPlugin
 0001:00020EE0       GetPlugin
 0001:0003857C       GetPlugin
 0001:00038720       GetPlugin
 0001:0000022C       GetProcAddress
 0001:000053B4       GetProcAddress
 0001:00017494       GetProcNameFromAddress
 0001:000004E4       GetSpace
 0001:00000548       GetSpaceAt
 0001:00000234       GetStartupInfo
 0001:00000194       GetStdHandle
 0001:000053BC       GetStdHandle
 0001:000053C4       GetStringTypeEx
 0001:000183CC       GetSysDir
 0001:000053CC       GetSystemDirectory
 0001:000053D4       GetSystemInfo
 0001:000054EC       GetSystemMetrics
 0001:00018D20       GetTADemoVersion
 0001:000053DC       GetTempFileName
 0001:000053E4       GetTempPath
 0001:0000023C       GetThreadLocale
 0001:000053EC       GetThreadLocale
 0001:000002D4       GetTickCount
 0001:000053F4       GetTickCount
 0001:00008830       GetTime
 0001:000050AC       GetTlsSize
 0001:000002C4       GetVersion
 0001:000053FC       GetVersionEx
 0001:00005404       GetVolumeInformation
 0001:0001850C       GetVolumePathName
 0002:00001860       GlobalFixupList
 0002:00001848       GlobalNameSpace
 0001:00015FC0       GPHugeF
 0002:000015C0       heapErrorCode
 0002:000015C4       heapLock
 0002:00000140       HexDisplayPrefix
 0002:00001660       HInstance
 0001:00005504       HiWord
 0001:000347CC       idplay
 0002:00000834       IID_IDirectPlay
 0002:00000824       IID_IDirectPlay3
 0002:00000844       IID_IDirectPlayLobby2
 0002:00000190       IMSecsPerDay
 0001:0000E1C8       InBounds
 0001:0000DF28       InBounds
 0001:0000B6B8       IncludeTrailingPathDelimiter
 0001:0000DF58       Increment
 0001:0000E1F8       Increment
 0001:0001BA98       IniFiles
 0001:000009CC       InitAllocator
 0001:0003928C       InitCode
 0001:00039398       InitCode_CoreExePatching
 0002:00001630       InitContext
 0001:0000C08C       InitDriveSpacePtr
 0001:0000B01C       InitExceptions
 0001:00000320       InitializeCriticalSection
 0001:0000540C       InitializeCriticalSection
 0002:000015BC       initialized
 0001:000051B0       InitializeModule
 0001:0000D0E4       InitializeVarUtils
 0001:0000B99C       InitLeadBytes
 0001:0000B128       InitPlatformId
 0001:000050F8       InitProcessTLS
 0001:0000BA40       InitSysLocale
 0001:00013CC4       InitThreadSynchronization
 0001:000050B4       InitThreadTLS
 0001:0003935C       InitThunk_Stage1
 0001:000392DC       InitThunk_Stage2
 0001:00037C2C       InitToolHelp
 0001:00003134       InitUnits
 0002:00001048       Input
 0001:00020130       InputHandler
 0001:00020354       InputHook
 0001:00000DD8       InsertFree
 0001:0001F0B4       InstallPlugins
 0002:00001854       IntConstList
 0001:000002B4       InterlockedDecrement
 0001:0000C0FC       InterlockedDecrement
 0001:0000C108       InterlockedExchange
 0001:0000C110       InterlockedExchangeAdd
 0001:000002AC       InterlockedIncrement
 0001:0000C0F0       InterlockedIncrement
 0001:00001B14       InternalClose
 0001:00001D58       InternalFlush
 0001:00000C34       InternalFreeMem
 0001:00003978       InternalUniqueString
 0001:00006960       IntToHex
 0001:00006988       IntToHex
 0001:00006938       IntToStr
 0001:0000684C       IntToStr
 0002:00001798       InvalidPointer
 0001:0000285C       InvokeImplGetter
 0001:00001814       IOResult
 0001:00005414       IsBadReadPtr
 0002:00001044       IsConsole
 0001:0000B65C       IsDelimiter
 0001:000082F8       IsLeapYear
 0002:00001034       IsLibrary
 0002:00001045       IsMultiThread
 0001:0000B610       IsPathDelimiter
 0001:0001BC08       IsRelative
 0001:000160B4       IsStrBool
 0001:0001B554       IsTAHookRunning
 0001:0001FA38       IsTAVersion31
 0002:0000191D       IsTAVersion31_Cache
 0001:0000BA1C       IsWesternGroup
 0001:000184AC       IsWin9x
 0002:0000002C       JITEnable
 0002:000019C0       KernelHandle
 0002:000018C8       kernellib
 0001:00006F8C       LastDelimiter
 0001:00004ED4       LCIDToCodePage
 0001:0000B924       LCIDToCodePage
 0002:00000120       LeadBytes
 0001:0000541C       LeaveCriticalSection
 0001:00000330       LeaveCriticalSection
 0002:00000038       LibModuleList
 0001:000392B4       LibraryProc
 0002:000018A4       LineNumbers
 0001:0001B270       ListCheats
 0002:0000174E       ListSeparator
 0001:000142C0       ListsU
 0001:00017194       LoadAndParseMapFile
 0001:00005424       LoadLibrary
 0001:00000244       LoadLibraryEx
 0001:0000460C       LoadResourceModule
 0001:00004E7C       LoadResString
 0001:000054F4       LoadString
 0001:0000024C       LoadString
 0001:00005070       LocalAlloc
 0001:00000300       LocalAlloc
 0001:00000308       LocalFree
 0001:00005078       LocalFree
 0001:00009ED8       LocalGetLocaleStr
 0001:0001BA30       log2
 0002:000007D4       logdir
 0001:0001795C       LogError
 0001:00017858       LogException
 0002:000018B8       logFilename
 0001:0001823C       logging
 0002:000008C0       logsave
 0002:000018BC       Log_
 0002:00001690       LongDateFormat
 0002:00001724       LongDayNames
 0002:000016D8       LongMonthNames
 0002:000016A4       LongTimeFormat
 0001:00020E78       LOS_AllyPlayer
 0001:00020FC8       LOS_extensions
 0001:0002099C       LOS_GUIText
 0001:00020900       LOS_GUIText_SeeCommHealth
 0001:00020938       LOS_GUIText_Unit_KillsNStuff
 0001:000208C0       LOS_GUIText_Unit_Resources
 0001:000206AC       LOS_MiniMapUnits
 0001:000207EC       LOS_PlayerSeeUnit
 0001:000205E0       LOS_Radar
 0002:00001958       LOS_Updates_PTR
 0001:00020CFC       LOS_UpdateTables
 0001:00006554       LowerCase
 0002:000008BC       LowerLimit
 0001:00000254       lstrcpyn
 0002:00001820       LVarTypes
 0002:00001824       LVarTypeSync
 0002:0000102C       MainInstance
 0002:00001030       MainThreadID
 0001:00000390       MakeEmpty
 0001:000032A8       MakeErrorMessage
 0001:00018988       MakeTempFilename
 0001:0000AC50       MapException
 0002:000007D0       MapFileName
 0002:000018A8       MapFileSetup
 0001:00002F4C       MapToRunError
 0001:0000542C       MapViewOfFile
 0001:0001664C       Math
 0001:0001B648       MemMappedDataStructure
 0002:00000040       MemoryManager
 0001:000003E0       MergeBlockAfter
 0001:00000EAC       MergeCommit
 0001:000001E4       MessageBox
 0001:000054FC       MessageBox
 0001:00005588       Messages
 0001:00014310       MMSystem
 0002:000000A8       Module
 0001:00037F20       Module32First
 0001:00037F54       Module32Next
 0001:0003819C       ModuleInfoComparer
 0002:0000165D       ModuleIsCpp
 0002:0000165C       ModuleIsLib
 0001:00013D94       ModuleUnload
 0002:0000003C       ModuleUnloadList
 0002:000000F0       MonthDays
 0001:00001834       Move
 0001:00038A98       MultiAILimit
 0001:00000264       MultiByteToWideChar
 0002:00001685       NegCurrFormat
 0001:00000F38       NewCommit
 0001:00000F64       NewCommitAt
 0002:000008D0       NewUnitLimit
 0001:0000B5BC       NextCharIndex
 0002:00000030       NoErrMsg
 0001:00002B04       NotifyAnyExcept
 0001:00002AD8       NotifyExcept
 0001:00002B38       NotifyExceptFinally
 0001:0000490C       NotifyModuleUnload
 0001:00002AB4       NotifyNonDelphiException
 0001:00002AF0       NotifyOnExcept
 0001:00002A98       NotifyReRaise
 0001:00002B60       NotifyTerminate
 0001:00002B7C       NotifyUnhandled
 0001:00008684       Now
 0002:0000032C       NullAsStringValue
 0002:00000328       NullStrictConvert
 0002:000018B0       ObjectsToFree
 0001:0001584C       OffsetPtr
 0001:00039224       OnFinalize
 0001:000177A0       OnFinalize
 0001:000370DC       OnInit
 0001:00038F48       OnInitialize
 0001:00017788       OnInitialize
 0001:000388C8       OnInstall
 0001:00020294       OnInstall
 0001:00038610       OnInstall
 0001:00038574       OnInstall
 0001:00037FC0       OnInstall
 0001:00038AA0       OnInstallCobExtensions
 0001:00020E9C       OnInstallShareLOS
 0001:00020FE4       OnInstallSpeedHack
 0001:00038718       OnInstallUnitLimit
 0001:00037FC4       OnUnInstall
 0001:00038614       OnUninstall
 0001:00038578       OnUnInstall
 0001:000202B4       OnUnInstall
 0001:000388CC       OnUninstall
 0001:00038AA4       OnUninstallCobExtensions
 0001:00020EA8       OnUninstallShareLOS
 0001:00020FF0       OnUninstallSpeedHack
 0001:0003871C       OnUninstallUnitLimit
 0001:0001B5A4       OpenMemMap
 0001:00001A28       OpenText
 0002:00001794       OutOfMemory
 0002:00001214       Output
 0001:0002F0D8       OutputInfo
 0001:0001B6B0       PacketBufferU
 0001:0001E014       packet_old
 0001:00001960       ParamStr
 0001:00016198       ParseParams
 0001:0001E344       PatchNJump
 0001:000386B8       PauseHandling
 0001:00038710       PauseLock
 0001:00035B30       PlayerDataU
 0002:00001938       PlayerPtr
 0002:0000195C       PlayerPtr
 0002:00001948       PlayerPtr
 0001:00020E18       Player_SetAlliedState_JumpHook
 0001:00020E30       Player_SetAlliedState_RetHook
 0001:00020128       PluginCommandHandlerU
 0002:00001928       PluginCommands
 0001:0001F41C       PluginEngine
 0001:00038EAC       Plugins
 0002:0000190C       Plugins
 0001:000107A8       PointerInModule
 0002:00001A24       proc
 0002:000018D4       proc
 0002:000018A0       Procedures
 0001:00013418       PropValueError
 0002:000000A4       PtrToNil
 0001:000163C4       PtrToStr
 0001:00007A18       PutExponent
 0001:000002CC       QueryPerformanceCounter
 0001:00010F3C       QuickSort
 0001:0000ABEC       RaiseAssertException
 0001:0000019C       RaiseException
 0001:00012DDC       RaiseException
 0002:00001014       RaiseExceptionProc
 0001:0000BF88       RaiseLastOSError
 0001:000019C0       Randomize
 0002:00000008       RandSeed
 0001:0001BBD4       ReadError
 0001:000133F8       ReadError
 0001:000001A4       ReadFile
 0001:00005434       ReadFile
 0001:00001FD8       ReadLine
 0001:0000543C       ReadProcessMemory
 0002:00001818       RefAnyProc
 0001:00005274       RegCloseKey
 0001:0000026C       RegCloseKey
 0001:0000527C       RegCreateKeyEx
 0001:0001BC30       RegDataToDataType
 0001:00005284       RegFlushKey
 0002:00001858       RegGroups
 0001:00004968       RegisterModule
 0001:0001F050       RegisterPlugin
 0001:0001C8A8       Registry
 0001:00000274       RegOpenKeyEx
 0001:0000528C       RegOpenKeyEx
 0001:0000027C       RegQueryValueEx
 0001:00005294       RegQueryValueEx
 0001:0000529C       RegSetValueEx
 0002:0000004C       reMap
 0002:00001614       remBytes
 0001:00000450       RemoveBlock
 0001:000132A8       RemoveFixupReferences
 0001:00013364       RemoveFixups
 0001:0001656C       RemoveInvalid
 0001:000048AC       RemoveModuleUnloadProc
 0001:00004884       RemoveModuleUnloadProc
 0001:00005444       ResetEvent
 0001:00020FD0       ResetGameSpeedLimits
 0001:00020E80       ResetShareLosState
 0001:000013EC       ResizeInPlace
 0001:00010BE0       ReturnAddr
 0001:000117C4       ReturnAddr
 0002:00001610       rover
 0001:0000FCF4       RTLConsts
 0001:000001AC       RtlUnwind
 0002:00001018       RTLUnwindProc
 0002:00000070       runErrMsg
 0001:0000173C       RunErrorAt
 0001:0000D080       SafeArrayCreate
 0001:0000D088       SafeArrayGetLBound
 0001:0000D090       SafeArrayGetUBound
 0001:0000D098       SafeArrayPtrOfIndex
 0001:00006614       SameText
 0001:000093DC       ScanBlanks
 0001:00009568       ScanChar
 0001:00009754       ScanDate
 0001:0000941C       ScanNumber
 0001:000094D0       ScanString
 0001:00009AE8       ScanTime
 0001:00009620       ScanToNumber
 0001:00000F98       SearchSmallBlocks
 0001:00018818       SelfLocation
 0002:000018D8       SelfLocation_cache
 0001:0000F794       SetClearVarToEmptyParam
 0001:0000544C       SetEndOfFile
 0001:000001B4       SetEndOfFile
 0001:00005454       SetEvent
 0001:0000308C       SetExceptionHandler
 0001:0000545C       SetFilePointer
 0001:000001BC       SetFilePointer
 0001:000017C0       SetInOutRes
 0001:00005464       SetLastError
 0001:0001F550       SetLongword
 0001:0000F77C       SetVarAsError
 0001:0001F534       SetWord
 0002:00000814       ShareFlags
 0002:0000015C       ShareMode
 0001:0001827C       SHFolder
 0001:00018244       SHGetFolderPath
 0002:0000168C       ShortDateFormat
 0002:00001708       ShortDayNames
 0002:000016A8       ShortMonthNames
 0002:000016A0       ShortTimeFormat
 0001:0000A658       ShowException
 0001:00020DD4       Signal_AlliedStateChange
 0001:000164A0       SimpleCrypt
 0001:00013808       SkipBinary
 0001:0001383C       SkipCollection
 0001:000137DC       SkipList
 0001:0000BF80       Sleep
 0001:0000546C       Sleep
 0002:0000161C       smallTab
 0002:000015E4       spaceRoot
 0001:000211D0       SpeedHack
 0001:00021110       SpeedState_DecreaseSpeed_Check
 0001:00021148       SpeedState_IncreaseSpeed_Check
 0001:00021178       SpeedState_SetSpeed_Check
 0001:0001E374       SpliceInJump
 0002:00001980       StartedFrom
 0002:000008E0       State_COB_extensions
 0002:000008D8       State_MultiAILimit
 0002:000008C8       State_PauseLock
 0002:000008B4       State_SpeedHack
 0002:000008D4       State_UnitLimit
 0001:000348A8       StatusToStr
 0002:000008CC       StopPauseStateChange
 0001:00007424       StrAlloc
 0001:0000B288       StrByteType
 0001:0000B51C       StrCharLength
 0001:00012C18       StringListCompareStrings
 0001:00016938       StripFromString
 0001:00007320       StrLCopy
 0001:000072DC       StrLen
 0001:000078BC       StrLFmt
 0001:00007354       StrLIComp
 0001:000072F4       StrMove
 0001:00007450       StrNew
 0001:0000B550       StrNextChar
 0001:000073D0       StrPos
 0001:00007398       StrScan
 0001:000069B8       StrToInt
 0001:000069F8       StrToIntDef
 0001:00037B84       StubCall
 0001:00018610       SupportsCompression
 0002:0000184C       SyncEvent
 0001:00016A88       SyncHeaders
 0002:000003AC       SyncList
 0001:000144EC       SyncObjs
 0001:00000294       SysAllocStringLen
 0001:000058B0       SysConst
 0001:00009DDC       SysErrorMessage
 0001:00001248       SysFreeMem
 0001:000002A4       SysFreeString
 0001:000010B8       SysGetMem
 0001:00005234       SysInit
 0002:00001740       SysLocale
 0001:000015C8       SysReallocMem
 0001:0000029C       SysReAllocStringLen
 0001:00004F9C       System
 0001:0000CB2C       SysUtils
 0002:00001914       TAData
 0001:00018DF4       TADemoConsts
 0002:000018DC       TADemoVersion_cache
 0001:0001FC88       TAMem.getActualUnitLimit
 0001:0001FC34       TAMem.getGameSpeed
 0001:0001FCB4       TAMem.getIsAlteredUnitLimit
 0001:0001FC5C       TAMem.getMaxUnitLimit
 0001:0001FD08       TAMem.getPlayerIndex
 0001:0001FD8C       TAMem.GetUnitPtr
 0001:0001FCE0       TAMem.getUnitsPtr
 0001:0001FC0C       TAMem.getViewPLayer
 0001:0001FB74       TAMem.IsTAVersion31
 0001:0001F930       TAMemManipulations
 0001:0001FDE8       TAPlayer.GetAlliedState
 0001:0001FE30       TAPlayer.PlayerType
 0001:0001FE58       TAUnit.getKills
 0001:0001FEAC       TAUnit.GetOwnerIndex
 0001:0001FE84       TAUnit.GetOwnerPtr
 0001:0001FF3C       TA_FunctionsU
 0001:0001FF04       TA_MemoryLocations
 0001:00021208       TA_NetworkingMessages
 0001:0001E4E0       TCodeInjection.Create
 0001:0001E524       TCodeInjection.RestoreProc
 0001:0001E9CC       TCodeInjection_RelativeJmp.Create
 0001:0001EA34       TCodeInjection_RelativeJmp.WriteProc
 0001:0001E664       TCodeInjection_Replacement.WriteProc
 0001:0001E818       TCodeInjection_StaticCall.WriteProc
 0001:0001ACCC       TCommandHandler.Create
 0001:0001B090       TCommands.AddCommand
 0001:0001AF2C       TCommands.AddCommandAlias
 0001:0001AE84       TCommands.ClearCommands
 0001:0001AD70       TCommands.Create
 0001:0001ADDC       TCommands.destroy
 0001:0001AE20       TCommands.GetCount
 0001:0001AE50       TCommands.GetItem
 0001:0001AEE4       TCommands.LookUpCommand
 0001:0001448C       TCriticalSection.Acquire
 0001:000143FC       TCriticalSection.Create
 0001:0001444C       TCriticalSection.Destroy
 0001:000144A4       TCriticalSection.Release
 0001:0000F830       TCustomVariantType.BinaryOp
 0001:0000F83C       TCustomVariantType.Cast
 0001:0000F874       TCustomVariantType.CastTo
 0001:0000F900       TCustomVariantType.CastToOle
 0001:0000F8BC       TCustomVariantType.Compare
 0001:0000F8C8       TCustomVariantType.CompareOp
 0001:0000F93C       TCustomVariantType.Destroy
 0001:0000FA1C       TCustomVariantType.DispInvoke
 0001:0000F9C8       TCustomVariantType.IsClear
 0001:0000F9CC       TCustomVariantType.LeftPromotion
 0001:0000F9E0       TCustomVariantType.OlePromotion
 0001:0000FA40       TCustomVariantType.QueryInterface
 0001:0000F9E8       TCustomVariantType.RaiseCastError
 0001:0000F9F8       TCustomVariantType.RaiseDispError
 0001:0000F9F0       TCustomVariantType.RaiseInvalidOp
 0001:0000FA00       TCustomVariantType.RightPromotion
 0001:0000FA14       TCustomVariantType.UnaryOp
 0001:0000FA28       TCustomVariantType._AddRef
 0001:0000FA34       TCustomVariantType._Release
 0001:0002AAD0       TDPlay.AddGroupToGroup
 0001:00029B4C       TDPlay.AddPlayerToGroup
 0001:00023D94       TDPlay.ChatMsgHandler
 0001:00022554       TDPlay.checkForCheats
 0001:00030DC4       TDPlay.Close
 0001:000319B8       TDPlay.Create
 0001:0002A4B0       TDPlay.CreateGroup
 0001:00029C4C       TDPlay.CreateGroup
 0001:0002AB4C       TDPlay.CreateGroupInGroup
 0001:000249F4       TDPlay.createlogfile
 0001:00029BC8       TDPlay.CreatePlayer
 0001:0002B15C       TDPlay.CreatePlayer
 0001:0002ABD8       TDPlay.DeleteGroupFromGroup
 0001:00029CCC       TDPlay.DeletePlayerFromGroup
 0001:000346D8       TDPlay.Destroy
 0001:00029D48       TDPlay.DestroyGroup
 0001:0002B410       TDPlay.DestroyPlayer
 0001:0002359C       TDPlay.dobase
 0001:00029DC0       TDPlay.EnableNewPlayers
 0001:0002B82C       TDPlay.EnumConnections
 0001:00029E38       TDPlay.EnumGroupPlayers
 0001:0002A538       TDPlay.EnumGroupPlayers
 0001:0002A5C0       TDPlay.EnumGroups
 0001:00029EBC       TDPlay.EnumGroups
 0001:0002AC54       TDPlay.EnumGroupsInGroup
 0001:0002B534       TDPlay.EnumPlayers
 0001:00029F40       TDPlay.EnumPlayers
 0001:00029FC4       TDPlay.EnumSessions
 0001:0002B5F4       TDPlay.EnumSessions
 0001:000307D4       TDPlay.ExceptMessage
 0001:0003153C       TDPlay.Exiting
 0001:00025A70       TDPlay.facexpshandler
 0001:0002A04C       TDPlay.GetCaps
 0001:0002A644       TDPlay.GetCaps
 0001:0002CEBC       TDPlay.GetFixFacExps
 0001:00030A64       TDPlay.GetGoodSource
 0001:0002ACDC       TDPlay.GetGroupConnectionSettings
 0001:0002A6C0       TDPlay.GetGroupData
 0001:0002AF64       TDPlay.GetGroupFlags
 0001:0002A744       TDPlay.GetGroupName
 0001:0002AFE0       TDPlay.GetGroupParent
 0001:0002A0C4       TDPlay.GetMessageCount
 0001:0002B05C       TDPlay.GetPlayerAccount
 0001:0002B678       TDPlay.GetPlayerAddress
 0001:0002A7C4       TDPlay.GetPlayerCaps
 0001:0002A140       TDPlay.GetPlayerCaps
 0001:0002A844       TDPlay.GetPlayerData
 0001:0002B0E0       TDPlay.GetPlayerFlags
 0001:0002A1BC       TDPlay.GetPlayerName
 0001:0002B92C       TDPlay.GetPlayerName
 0001:0002CEF0       TDPlay.GetProtectDT
 0001:0002258C       TDPlay.GetRandomMap
 0001:00023CB0       TDPlay.getRecorderStatusString
 0001:00030B94       TDPlay.GetServerPlayer
 0001:0002B73C       TDPlay.GetSessionDesc
 0001:000256D0       TDPlay.Handleunitdata
 0001:00030BD8       TDPlay.ImServer
 0001:00022AEC       TDPlay.initbuilding
 0001:00022B80       TDPlay.initfastbase
 0001:0002A244       TDPlay.Initialize
 0001:0002B8B0       TDPlay.InitializeConnection
 0001:000300DC       TDPlay.On3dta
 0001:0002F7B0       TDPlay.OnAbout
 0001:0002E808       TDPlay.OnAutoPause
 0001:0002EEBC       TDPlay.OnBase
 0001:0002E78C       TDPlay.OnBaseOff
 0001:0002EA08       TDPlay.OnCmdwarp
 0001:0002F5F8       TDPlay.OnCrash
 0001:00030384       TDPlay.OnCreatetxt
 0001:0002D914       TDPlay.OnDate
 0001:0002EF70       TDPlay.OnDoBase
 0001:0002D1B0       TDPlay.OnEhaoff
 0001:0002D27C       TDPlay.OnEhaOn
 0001:0002D414       TDPlay.Onehareport
 0001:000307B4       TDPlay.OnException
 0001:0002E958       TDPlay.Onf1off
 0001:0003060C       TDPlay.OnFakeWatch
 0001:0002F8FC       TDPlay.OnFixall
 0001:0002D030       TDPlay.OnFixDisabled
 0001:0002D0F0       TDPlay.OnFixEnabled
 0001:0002F964       TDPlay.OnFixFactoryExplosions
 0001:00030698       TDPlay.OnForceCd
 0001:0002DCD4       TDPlay.OnGive
 0001:0002F200       TDPlay.OnHelp
 0001:0002E69C       TDPlay.OnHookReport
 0001:00030428       TDPlay.OnLockOn
 0001:000302E0       TDPlay.OnOnlyUnits
 0001:0002F6F4       TDPlay.OnPanic
 0001:0002D594       TDPlay.OnPlayers
 0001:0002FA4C       TDPlay.OnProtectDT
 0001:00030540       TDPlay.OnRandMap
 0001:0002FE14       TDPlay.OnRecord
 0001:00030AE4       TDPlay.OnRemovePlayer
 0001:0002D7EC       TDPlay.OnReport
 0001:0002CF24       TDPlay.OnShareLos
 0001:0002FB24       TDPlay.OnSharemapPos
 0001:0002F4C8       TDPlay.OnStatus
 0001:0002DE10       TDPlay.OnStopGive
 0001:00030294       TDPlay.OnStopLog
 0001:0002EE60       TDPlay.OnSyncOff
 0001:0002EAB8       TDPlay.OnSyncon
 0001:0002D348       TDPlay.OnTaHookOff
 0001:0002E2A0       TDPlay.OnTake
 0001:0002FC5C       TDPlay.OnTime
 0001:0002DEF4       TDPlay.OnUnits
 0001:0002DC08       TDPlay.OnVoteGo
 0001:0002DA24       TDPlay.OnVoteReady
 0001:0002F5A0       TDPlay.OnYankspank
 0001:0002A2BC       TDPlay.Open
 0001:00030C10       TDPlay.Open
 0001:00025DEC       TDPlay.PacketHandler
 0001:000246F8       TDPlay.PacketLostHandler
 0001:0002A334       TDPlay.Receive
 0001:0002C394       TDPlay.Receive
 0001:00030E74       TDPlay.ResetRecorder
 0001:0002A3BC       TDPlay.SaveSession
 0001:0002AD60       TDPlay.SecureOpen
 0001:0002BF48       TDPlay.Send
 0001:00021F6C       TDPlay.SendAlliedChat
 0001:00021A90       TDPlay.SendChat
 0001:00021BD4       TDPlay.SendChatLocal
 0001:00021D04       TDPlay.SendChatLocal2
 0001:0002ADE4       TDPlay.SendChatMessage
 0001:0002248C       TDPlay.SendClipboard
 0001:00021DF8       TDPlay.SendLocal
 0001:00021DC8       TDPlay.SendLocal
 0001:00022314       TDPlay.SendRecorderToRecorderMsg
 0001:0002203C       TDPlay.SendRecorderToRecorderMsg2
 0001:00025CEC       TDPlay.SetAutoPauseAtStart
 0001:00025D0C       TDPlay.SetCommanderWarp
 0001:00025D48       TDPlay.SetF1Disable
 0001:00025DA4       TDPlay.SetFastSpeed
 0001:0002AE68       TDPlay.SetGroupConnectionSettings
 0001:0002A8C8       TDPlay.SetGroupData
 0001:0002A94C       TDPlay.SetGroupName
 0001:0002A9CC       TDPlay.SetPlayerData
 0001:0002A430       TDPlay.SetPlayerName
 0001:0002AA50       TDPlay.SetPlayerName
 0001:0002B7B4       TDPlay.SetSessionDesc
 0001:00025DC8       TDPlay.SetSlowSpeed
 0001:00025D84       TDPlay.SetSpeedLock
 0001:00025464       TDPlay.SmartPak
 0001:0002AEE8       TDPlay.StartSession
 0001:00024630       TDPlay.UnitCountChange
 0001:000188E8       TempPath
 0002:0000031C       TerminateProcList
 0002:00001046       Test8086
 0001:0001F424       TestByte
 0001:0001F45C       TestByte
 0001:0001F4A8       TestBytes
 0002:00001960       TestPlayer
 0002:0000194C       TestPlayer
 0002:00001930       TestPlayerIndex
 0002:00001934       TestPlayerPtr
 0001:00001B24       TextClose
 0001:00020EB4       TextCommand_View_Hook
 0001:00016614       textdata
 0001:00019124       TextFileU
 0001:00001A98       TextIn
 0001:00001B44       TextOpen
 0001:00001AD8       TextOut
 0001:00007F5C       TextToFloat
 0001:00013100       TFileStream.Create
 0001:000130B0       TFileStream.Create
 0001:00013260       TFileStream.Destroy
 0001:000147A0       TGpHugeFile.AccessFile
 0001:00015644       TGpHugeFile.AllocBuffer
 0001:00014FB4       TGpHugeFile.BlockWrite
 0001:00015BA0       TGpHugeFile.BlockWriteUnsafe
 0001:00014DF0       TGpHugeFile.CheckHandle
 0001:00014D38       TGpHugeFile.Close
 0001:00014630       TGpHugeFile.CreateEx
 0001:000146E8       TGpHugeFile.Destroy
 0001:000154E0       TGpHugeFile.FilePos
 0001:00015EE0       TGpHugeFile.FileSize
 0001:00014E5C       TGpHugeFile.FileSizeNoCache
 0001:000155A4       TGpHugeFile.Flush
 0001:00015ADC       TGpHugeFile.FlushBuffer
 0001:0001577C       TGpHugeFile.FreeBuffer
 0001:00015F5C       TGpHugeFile.InitReadBuffer
 0001:00015F28       TGpHugeFile.InitWriteBuffer
 0001:00015C5C       TGpHugeFile.IsOpen
 0001:00015E78       TGpHugeFile.LoadedToTheEOF
 0001:00014A48       TGpHugeFile.ResetEx
 0001:00014BD4       TGpHugeFile.RewriteEx
 0001:00015618       TGpHugeFile.RoundToPageSize
 0001:00015370       TGpHugeFile.Seek
 0001:00015868       TGpHugeFile.Transmit
 0001:000153F4       TGpHugeFile.Truncate
 0001:00015E30       TGpHugeFile.Win32Check
 0001:0001510C       TGpHugeFile._Seek
 0001:00012F6C       THandleStream.Create
 0001:00012FBC       THandleStream.Read
 0001:0001302C       THandleStream.Seek
 0001:00013060       THandleStream.SetSize
 0001:00013080       THandleStream.SetSize
 0001:00012FF4       THandleStream.Write
 0002:00001686       ThousandSeparator
 0002:00001864       ThreadLock
 0001:00039418       threadlogging
 0001:00038608       Thread_marshaller
 0001:00015C78       ThrowCase1
 0001:00015D70       ThrowCase2
 0002:00001698       TimeAMString
 0001:000142C8       timeBeginPeriod
 0001:000142D0       timeGetDevCaps
 0001:000142D8       timeGetTime
 0002:0000169C       TimePMString
 0002:00001694       TimeSeparator
 0001:000093A0       TimeToStr
 0001:00004A38       TInterfacedObject.AfterConstruction
 0001:00004A44       TInterfacedObject.BeforeDestruction
 0001:00004A54       TInterfacedObject.NewInstance
 0001:00004A64       TInterfacedObject.QueryInterface
 0001:00004A8C       TInterfacedObject._AddRef
 0001:00004AA0       TInterfacedObject._Release
 0001:00037FB8       TlHelp32
 0001:00010AD4       TList.Add
 0001:00010B2C       TList.Clear
 0001:00010B4C       TList.Delete
 0001:00010AA8       TList.Destroy
 0001:00010C28       TList.Error
 0001:00010BE8       TList.Error
 0001:00011048       TList.Extract
 0001:00010C88       TList.Get
 0001:00010CD0       TList.Grow
 0001:00010D28       TList.IndexOf
 0001:000110A4       TList.Notify
 0001:00010D74       TList.Put
 0001:00010E04       TList.Remove
 0001:00010E38       TList.SetCapacity
 0001:00010E94       TList.SetCount
 0001:0001100C       TList.Sort
 0001:00035D7C       TLobby.Connect
 0001:00036F60       TLobby.Create
 0001:00035F2C       TLobby.CreateAddress
 0001:00036EA8       TLobby.CreateCompoundAddress
 0001:00035FE0       TLobby.EnumAddress
 0001:0003608C       TLobby.EnumAddressTypes
 0001:0003613C       TLobby.EnumLocalApplications
 0001:000361EC       TLobby.GetConnectionSettings
 0001:0003629C       TLobby.ReceiveLobbyMessage
 0001:00036464       TLobby.RunApplication
 0001:00036BD0       TLobby.SendLobbyMessage
 0001:00036D48       TLobby.SetConnectionSettings
 0001:00036DF8       TLobby.SetLobbyMessageEvent
 0001:00018008       TLog.Add
 0001:00017F84       TLog.Add
 0001:0001817C       TLog.Add
 0001:00017E6C       TLog.Add2
 0001:00017AA0       TLog.Create
 0001:00017D98       TLog.Destroy
 0001:00017E40       TLog.Flush
 0001:0001B814       TLog2.Add
 0001:0001B71C       TLog2.Create
 0001:0001B9C4       TLog2.Destroy
 0001:0001B7EC       TLog2.Flush
 0001:00005080       TlsAlloc
 0002:0000166C       tlsBuffer
 0001:00005088       TlsFree
 0001:00005090       TlsGetValue
 0002:000000A0       TlsIndex
 0002:FF8C500C       TlsLast
 0002:000000C0       TlsProc
 0001:00005098       TlsSetValue
 0001:000380BC       TModuleInfo.Create
 0001:0000C5AC       TMultiReadExclusiveWriteSynchronizer.BeginRead
 0001:0000C464       TMultiReadExclusiveWriteSynchronizer.BeginWrite
 0001:0000C3DC       TMultiReadExclusiveWriteSynchronizer.BlockReaders
 0001:0000C2F0       TMultiReadExclusiveWriteSynchronizer.Create
 0001:0000C380       TMultiReadExclusiveWriteSynchronizer.Destroy
 0001:0000C634       TMultiReadExclusiveWriteSynchronizer.EndRead
 0001:0000C540       TMultiReadExclusiveWriteSynchronizer.EndWrite
 0001:0000C40C       TMultiReadExclusiveWriteSynchronizer.UnblockOneWriter
 0001:0000C3F4       TMultiReadExclusiveWriteSynchronizer.UnblockReaders
 0001:0000C424       TMultiReadExclusiveWriteSynchronizer.WaitForReadSignal
 0001:0000C444       TMultiReadExclusiveWriteSynchronizer.WaitForWriteSignal
 0001:000029F0       TObject.AfterConstruction
 0001:000029F4       TObject.BeforeDestruction
 0001:00002750       TObject.ClassName
 0001:00002764       TObject.ClassParent
 0001:00002748       TObject.ClassType
 0001:0000283C       TObject.CleanupInstance
 0001:000027A8       TObject.Create
 0001:000029EC       TObject.DefaultHandler
 0001:000027C8       TObject.Destroy
 0001:000029F8       TObject.Dispatch
 0001:000027D8       TObject.Free
 0001:0000278C       TObject.FreeInstance
 0001:0000288C       TObject.GetInterface
 0001:00002920       TObject.GetInterfaceEntry
 0001:000029D0       TObject.InheritsFrom
 0001:000027E4       TObject.InitInstance
 0001:000027A0       TObject.InstanceSize
 0001:00002770       TObject.NewInstance
 0001:000029E4       TObject.SafeCallException
 0001:000166BC       TObjectList.Add
 0001:000166E0       TObjectList.Create
 0001:00016730       TObjectList.Extract
 0001:00016754       TObjectList.GetItem
 0001:00016778       TObjectList.Notify
 0001:00004454       ToLongPath
 0001:0001DA54       TPacket.Compress
 0001:0001C918       TPacket.Create
 0001:0001D598       TPacket.Decompress
 0001:0001D328       TPacket.Decrypt
 0001:0001D470       TPacket.Encrypt
 0001:0001CA90       TPacket.GetRawData2
 0001:0001CACC       TPacket.GetTAData
 0001:0001CA54       TPacket.GetTimestamp
 0001:0001CB30       TPacket.PacketLength
 0001:0001C9C4       TPacket.SJCreateNew
 0001:0001CFB8       TPacket.Split2
 0001:00011218       TPersistent.Assign
 0001:00011244       TPersistent.AssignError
 0001:0001131C       TPersistent.AssignTo
 0001:00011338       TPersistent.DefineProperties
 0001:000111DC       TPersistent.Destroy
 0001:00011348       TPersistent.GetNamePath
 0001:00011400       TPersistent.GetOwner
 0001:00034938       TPlayerData.Create
 0001:00034A78       TPlayerData.IsSelf
 0001:00034B00       TPlayerData.IsServer
 0001:00034A00       TPlayerData.OnPlayerRemoved
 0001:00034E64       TPlayers.Add
 0001:00034D74       TPlayers.Clear
 0001:00035814       TPlayers.Convert
 0001:00035990       TPlayers.ConvertId
 0001:00034B90       TPlayers.Create
 0001:00034D18       TPlayers.Destroy
 0001:00035404       TPlayers.getCount
 0001:00035620       TPlayers.GetData_
 0001:000354C4       TPlayers.Name
 0001:00035420       TPlayers.Name
 0001:000353C8       TPlayers.Remove
 0001:00034EB8       TPlayers.Remove
 0001:00020050       TPluginCommands.ClearCommands
 0001:0001FFA0       TPluginCommands.Create
 0001:0002000C       TPluginCommands.destroy
 0001:000200B0       TPluginCommands.LookUpCommand
 0001:0001EC84       TPluginData.create
 0001:0001EDF0       TPluginData.MakeNOPReplacement
 0001:0001ED28       TPluginData.MakeRelativeJmp
 0001:0001EE94       TPluginData.MakeReplacement
 0001:0001ED9C       TPluginData.MakeStaticCall
 0001:0001EF4C       TPluginData.NewCodeInjection
 0001:0000A1EC       TranslateDateFormat
 0001:0000DC40       TranslateResult
 0001:00013428       TReader.CheckValue
 0001:00013458       TReader.EndOfList
 0001:0001347C       TReader.NextValue
 0001:000134A0       TReader.Read
 0001:000134EC       TReader.ReadBuffer
 0001:00013540       TReader.ReadListBegin
 0001:00013554       TReader.ReadListEnd
 0001:00013568       TReader.ReadStr
 0001:000135B0       TReader.ReadString
 0001:0001376C       TReader.ReadValue
 0001:00013674       TReader.ReadWideString
 0001:00013A9C       TReader.SkipBytes
 0001:00013A4C       TReader.SkipProperty
 0001:0001378C       TReader.SkipSetBody
 0001:000138B0       TReader.SkipValue
 0001:000106CC       TRegGroup.Create
 0001:00010754       TRegGroup.Destroy
 0001:000107D8       TRegGroup.UnregisterModuleClasses
 0001:000108B4       TRegGroups.Create
 0001:00010940       TRegGroups.Destroy
 0001:000109BC       TRegGroups.Lock
 0001:000109D4       TRegGroups.Unlock
 0001:000109EC       TRegGroups.UnregisterModuleClasses
 0001:0001C3E4       TRegIniFile.Create
 0001:0001C430       TRegIniFile.Create
 0001:0001C814       TRegIniFile.ReadBool
 0001:0001C614       TRegIniFile.ReadInteger
 0001:0001C494       TRegIniFile.ReadString
 0001:0001C720       TRegIniFile.WriteInteger
 0001:0001C564       TRegIniFile.WriteString
 0001:0001BE3C       TRegistry.ChangeKey
 0001:0001BDA8       TRegistry.CloseKey
 0001:0001BCC4       TRegistry.Create
 0001:0001BD1C       TRegistry.Create
 0001:0001BEC4       TRegistry.CreateKey
 0001:0001BD6C       TRegistry.Destroy
 0001:0001BE70       TRegistry.GetBaseKey
 0001:0001C2A0       TRegistry.GetData
 0001:0001C0E0       TRegistry.GetDataInfo
 0001:0001C13C       TRegistry.GetDataSize
 0001:0001C344       TRegistry.GetKey
 0001:0001BFA8       TRegistry.OpenKey
 0001:0001C230       TRegistry.PutData
 0001:0001C1A4       TRegistry.ReadString
 0001:0001BEA8       TRegistry.SetCurrentKey
 0001:0001BDF4       TRegistry.SetRootKey
 0001:0001C320       TRegistry.ValueExists
 0001:0001C170       TRegistry.WriteString
 0001:0000673C       Trim
 0001:000067B0       TrimLeft
 0002:00001788       TrueBoolStrs
 0001:0000833C       TryEncodeDate
 0001:000081D4       TryEncodeTime
 0001:00000FC4       TryHarder
 0001:00001F30       TryOpenForInput
 0001:000021D4       TryOpenForOutput
 0001:00006B38       TryStrToBool
 0001:00008168       TryStrToCurr
 0001:00009D48       TryStrToDateTime
 0001:000080F8       TryStrToFloat
 0001:000080D0       TryStrToFloat
 0001:00008130       TryStrToFloat
 0001:00006A28       TryStrToInt
 0001:00009D04       TryStrToTime
 0001:00012D00       TStream.GetPosition
 0001:00012D28       TStream.GetSize
 0001:00012EB4       TStream.Seek
 0001:00012E28       TStream.Seek
 0001:00012D74       TStream.SetSize
 0001:00012D84       TStream.SetSize
 0001:00012F24       TStream.WriteBuffer
 0001:000123D8       TStringList.Add
 0001:00012400       TStringList.AddObject
 0001:00012478       TStringList.Changed
 0001:000124A4       TStringList.Changing
 0001:000124D0       TStringList.Clear
 0001:00012CC0       TStringList.CompareStrings
 0001:00012C70       TStringList.CustomSort
 0001:00012524       TStringList.Delete
 0001:0001235C       TStringList.Destroy
 0001:000125C4       TStringList.Exchange
 0001:00012640       TStringList.ExchangeItems
 0001:000126AC       TStringList.Find
 0001:00012744       TStringList.Get
 0001:00012790       TStringList.GetCapacity
 0001:000127AC       TStringList.GetCount
 0001:000127C8       TStringList.GetObject
 0001:00012810       TStringList.Grow
 0001:00012868       TStringList.IndexOf
 0001:000128B4       TStringList.Insert
 0001:00012944       TStringList.InsertItem
 0001:000128DC       TStringList.InsertObject
 0001:000129EC       TStringList.Put
 0001:00012A64       TStringList.PutObject
 0001:00012AC0       TStringList.QuickSort
 0001:00012B84       TStringList.SetCapacity
 0001:00012BB0       TStringList.SetSorted
 0001:00012BE8       TStringList.SetUpdateState
 0001:00012C54       TStringList.Sort
 0001:00013FE8       TStringQueue.Clear
 0001:00013F78       TStringQueue.Create
 0001:000141A0       TStringQueue.DeQueue
 0001:0001411C       TStringQueue.EnQueue
 0001:00014248       TStringQueue.Examine
 0001:0001400C       TStringQueue.Grow
 0001:00011454       TStrings.Add
 0001:00011484       TStrings.AddObject
 0001:000114B8       TStrings.AddStrings
 0001:00011578       TStrings.Assign
 0001:0001161C       TStrings.BeginUpdate
 0001:000122D8       TStrings.CompareStrings
 0001:000116A0       TStrings.DefineProperties
 0001:00011418       TStrings.Destroy
 0001:000116EC       TStrings.EndUpdate
 0001:00011710       TStrings.Equals
 0001:000117CC       TStrings.Error
 0001:0001180C       TStrings.Error
 0001:0001186C       TStrings.Exchange
 0001:00011958       TStrings.GetCapacity
 0001:000122FC       TStrings.GetNameValueSeparator
 0001:00011974       TStrings.GetObject
 0001:0001198C       TStrings.GetText
 0001:000119E8       TStrings.GetTextStr
 0001:00011B30       TStrings.IndexOf
 0001:00011BBC       TStrings.IndexOfName
 0001:00011C98       TStrings.IndexOfObject
 0001:00011CE4       TStrings.InsertObject
 0001:00011D18       TStrings.LoadFromFile
 0001:00011D74       TStrings.LoadFromStream
 0001:00011E28       TStrings.Move
 0001:00011EE4       TStrings.Put
 0001:00011F24       TStrings.PutObject
 0001:00011F38       TStrings.ReadData
 0001:00011FE8       TStrings.SaveToFile
 0001:00012048       TStrings.SaveToStream
 0001:000120A8       TStrings.SetCapacity
 0001:00012328       TStrings.SetNameValueSeparator
 0001:000120B8       TStrings.SetStringsAdapter
 0001:00012104       TStrings.SetText
 0001:0001215C       TStrings.SetTextStr
 0001:0001223C       TStrings.SetUpdateState
 0001:0001224C       TStrings.WriteData
 0001:000143E4       TSynchroObject.Acquire
 0001:000143F0       TSynchroObject.Release
 0001:00018E54       TTextFile.Create_Append
 0001:00018F2C       TTextFile.Create_Rewrite
 0001:00018FEC       TTextFile.Destroy
 0001:00019028       TTextFile.Flush
 0001:00019050       TTextFile.Writeln
 0001:000110B8       TThreadList.Create
 0001:00011120       TThreadList.Destroy
 0001:0001119C       TThreadList.LockList
 0001:000111C4       TThreadList.UnlockList
 0001:0000C268       TThreadLocalCounter.Delete
 0001:0000C118       TThreadLocalCounter.Destroy
 0001:0000C194       TThreadLocalCounter.HashIndex
 0001:0000C1B8       TThreadLocalCounter.Open
 0001:0000C28C       TThreadLocalCounter.Recycle
 0002:000000EC       TwoDigitYearCenturyWindow
 0001:00013AF8       TWriter.Write
 0001:00013B44       TWriter.WriteBuffer
 0001:00013B70       TWriter.WriteListBegin
 0001:00013B84       TWriter.WriteListEnd
 0001:00013B98       TWriter.WriteMinStr
 0001:00013C48       TWriter.WriteString
 0001:00013CA4       TWriter.WriteValue
 0001:0000526C       Types
 0001:0000FD78       TypInfo
 0001:00017780       uDebug
 0001:000001C4       UnhandledExceptionFilter
 0001:00004AC8       UnicodeToUtf8
 0001:00000A90       UninitAllocator
 0001:00038E70       UninstallCodeInjections
 0001:0001F27C       UnInstallPlugins
 0001:000039BC       UniqueString
 0001:000388C0       UnitLimit
 0002:00001944       UnitPtr
 0002:0000189C       Units
 0001:0000CC04       UniUnimplemented
 0001:00004978       UnregisterModule
 0001:00010A58       UnRegisterModuleClasses
 0001:000030AC       UnsetExceptionHandler
 0001:0001E44C       UnSpliceJump
 0001:000064E8       UpperCase
 0002:000008B8       Upperlimit
 0002:000008A0       UseCompression
 0001:00004D88       UTF8Decode
 0001:00004CDC       UTF8Encode
 0001:00004BA4       Utf8ToUnicode
 0002:0000088C       Values
 0002:00000894       Values
 0002:000017AC       VarAdd
 0002:00000014       VarAddRefProc
 0002:000017C4       VarAnd
 0001:0000DFB4       VarArrayClear
 0001:0000E254       VarArrayCopyForEach
 0001:0000DBEC       VarArrayCreateError
 0002:000017E8       VarBoolFromStr
 0002:000017F4       VarBstrFromBool
 0002:000017EC       VarBstrFromCy
 0002:000017F0       VarBstrFromDate
 0001:0000DA60       VarCastError
 0001:0000DA0C       VarCastError
 0001:0000E130       VarClearDeep
 0002:00000010       VarClearProc
 0002:000017D0       VarCmp
 0001:0000E420       VarCopyCopyProc
 0001:0000E428       VarCopyDeep
 0002:00000018       VarCopyProc
 0002:000017E4       VarCyFromStr
 0002:000017E0       VarDateFromStr
 0002:0000180C       VarDispProc
 0002:000017B8       VarDiv
 0002:000017D4       VarI4FromStr
 0001:0000CBC4       VariantChangeType
 0002:000017A0       VariantChangeTypeEx
 0001:0000CBB4       VariantClear
 0001:0000CBBC       VariantCopy
 0001:0000CBAC       VariantInit
 0001:0000FB98       Variants
 0002:000017BC       VarIDiv
 0001:0000DAFC       VarInvalidOp
 0002:000017C0       VarMod
 0002:000017B4       VarMul
 0002:000017A4       VarNeg
 0002:000017A8       VarNot
 0002:000017C8       VarOr
 0001:0000DB50       VarOverflowError
 0002:000017D8       VarR4FromStr
 0002:000017DC       VarR8FromStr
 0001:0000DE94       VarResultCheck
 0001:0000DEA0       VarResultCheck
 0002:000017B0       VarSub
 0001:0000E718       VarToLStrAny
 0001:0000E77C       VarToLStrCustom
 0002:0000001C       VarToLStrProc
 0001:0000E64C       VarToLStrViaOS
 0001:0000EDFC       VarToWStrAny
 0001:0000EE60       VarToWStrCustom
 0002:00000020       VarToWStrProc
 0001:0000ED44       VarToWStrViaOS
 0001:0000F60C       VarTypeAsText
 0001:0000D420       VarUtils
 0002:000017CC       VarXor
 0001:00006A54       VerifyBoolStrArray
 0001:000054CC       VerQueryValue
 0002:00001970       ViewPlayer
 0001:00005474       VirtualAlloc
 0001:00000310       VirtualAlloc
 0001:00000318       VirtualFree
 0001:0000547C       VirtualFree
 0001:00005484       VirtualLock
 0001:0000548C       VirtualProtect
 0001:0000028C       VirtualQuery
 0001:00005494       VirtualQuery
 0001:0000549C       VirtualUnlock
 0001:000054A4       WaitForSingleObject
 0001:00003610       WCharFromChar
 0002:00000318       WesternGroups
 0001:00000284       WideCharToMultiByte
 0002:000000E4       Win32BuildNumber
 0001:0000C034       Win32Check
 0002:000000E8       Win32CSDVersion
 0002:000000DC       Win32MajorVersion
 0002:000000E0       Win32MinorVersion
 0002:000000D8       Win32Platform
 0001:00005550       Windows
 0001:00003334       WriteErrorMessage
 0001:000054AC       WriteFile
 0001:000001CC       WriteFile
 0001:000054B4       WriteProcessMemory
 0001:00003B28       WStrError
 0001:00003B48       WStrSet
 0002:000019C4       _CreateToolhelp32Snapshot
 0002:000019D0       _Heap32First
 0002:000019C8       _Heap32ListFirst
 0002:000019CC       _Heap32ListNext
 0002:000019D4       _Heap32Next
 0002:000019F4       _Module32First
 0002:000019FC       _Module32FirstW
 0002:000019F8       _Module32Next
 0002:00001A00       _Module32NextW
 0002:000019DC       _Process32First
 0002:000019E4       _Process32FirstW
 0002:000019E0       _Process32Next
 0002:000019E8       _Process32NextW
 0002:000019EC       _Thread32First
 0002:000019F0       _Thread32Next
 0002:000019D8       _Toolhelp32ReadProcessMemory


  Address         Publics by Value

 0002:FF8C500C       TlsLast
 0001:00000174       CloseHandle
 0001:0000017C       CreateFileA
[...]
  3442 0001:00031A5A  3443 0001:00031A74  3444 0001:00031A89

Line numbers for idplay(AddCommands.inc) segment .text

    17 0001:00031AB9    21 0001:00031AEA    28 0001:00031B1B    31 0001:00031B4C
    34 0001:00031B7D    37 0001:00031BAE    40 0001:00031BDF    43 0001:00031C10
    46 0001:00031C41    49 0001:00031C72    52 0001:00031CA3    55 0001:00031CD7
    58 0001:00031D0B    61 0001:00031D3C    64 0001:00031D6D    67 0001:00031D9E
    70 0001:00031DCF    74 0001:00031E00    78 0001:00031E31    81 0001:00031E49
    87 0001:00031E7A    90 0001:00031EAB    93 0001:00031EDC    96 0001:00031F0D
   101 0001:00031F3E   104 0001:00031F72   107 0001:00031FA3   112 0001:00031FD7
   118 0001:00032008   126 0001:0003203C   129 0001:0003206D   133 0001:0003209E
   137 0001:000320CF   140 0001:00032100   145 0001:00032131   148 0001:00032162
   151 0001:00032193   154 0001:000321C4   157 0001:000321F5   161 0001:00032229
   164 0001:0003225D   167 0001:00032291   170 0001:000322C2   174 0001:000322F3
   178 0001:00032324   181 0001:00032355   184 0001:00032386   188 0001:000323BA
   192 0001:000323EB

Line numbers for idplay(idplay.pas) segment .text

  3451 0001:0003241C  3452 0001:0003245C  3455 0001:000346D8  3456 0001:000346E9
  3457 0001:000346F3  3458 0001:000346FE  3467 0001:00034706  3468 0001:00034712
  3469 0001:0003471F  3470 0001:0003472D  3471 0001:0003473A  3472 0001:00034747
  3473 0001:00034754  3474 0001:0003475E  3475 0001:00034763  3476 0001:0003476E
  3477 0001:0003478A  3479 0001:000347CC  3479 0001:000347D3

Line numbers for PlayerDataU(PlayerDataU.pas) segment .text

   185 0001:000348A8   186 0001:000348B4   187 0001:000348C3   188 0001:000348D2
   189 0001:000348E1   191 0001:000348F0   193 0001:000348FD   200 0001:00034938
   201 0001:00034953   202 0001:0003496D   203 0001:0003497B   204 0001:00034984
   205 0001:000349A9   209 0001:00034A00   210 0001:00034A0C   212 0001:00034A18
   213 0001:00034A23   212 0001:00034A62   214 0001:00034A68   216 0001:00034A72
   219 0001:00034A78   220 0001:00034A81   221 0001:00034A9B   222 0001:00034AA9
   225 0001:00034B00   226 0001:00034B0A   227 0001:00034B24   228 0001:00034B3A
   237 0001:00034B90   238 0001:00034BA8   239 0001:00034BB2   240 0001:00034BC4
   241 0001:00034BD6   242 0001:00034BE5   243 0001:00034BF4   244 0001:00034C03
   245 0001:00034C21   246 0001:00034C2A   247 0001:00034C47   248 0001:00034C50
   250 0001:00034C6D   251 0001:00034C86   252 0001:00034CAC   255 0001:00034D18
   256 0001:00034D29   257 0001:00034D31   258 0001:00034D3C   259 0001:00034D47
   260 0001:00034D52   261 0001:00034D6E   267 0001:00034D74   268 0001:00034D7D
   271 0001:00034D88   272 0001:00034D9E   273 0001:00034DAF   275 0001:00034DB5
   276 0001:00034DC5   278 0001:00034DCD   279 0001:00034DDB   269 0001:00034DE9
   281 0001:00034DF5   284 0001:00034E00   285 0001:00034E16   286 0001:00034E27
   288 0001:00034E2D   289 0001:00034E3D   291 0001:00034E45   282 0001:00034E53
   293 0001:00034E5F   296 0001:00034E64   297 0001:00034E73   298 0001:00034E89
   299 0001:00034EA7   300 0001:00034EB3   307 0001:00034EB8   308 0001:00034EE0
   309 0001:00034EEA   310 0001:00034EF8   311 0001:00034F02   312 0001:00034F0E
   313 0001:00034F19   314 0001:00034F1F   316 0001:00034F20   318 0001:00034F42
   319 0001:00034F58   320 0001:00034FB7   321 0001:00034FFD   322 0001:0003503D
   323 0001:00035083   325 0001:000350C9   326 0001:0003510F   327 0001:00035155
   316 0001:00035158   329 0001:00035161   331 0001:0003517C   332 0001:0003519E
   331 0001:000351BF   334 0001:000351C4   335 0001:000351CB   334 0001:00035206
   336 0001:0003520C   337 0001:0003522C   338 0001:00035249   339 0001:00035269
   340 0001:00035289   341 0001:000352AB   344 0001:000352CD   345 0001:000352DA
   346 0001:000352E9   347 0001:000352F8   349 0001:00035305   350 0001:0003530F
   352 0001:00035343   354 0001:00035378   360 0001:000353C8   361 0001:000353D7
   362 0001:000353E9   363 0001:000353EF   364 0001:000353FD   367 0001:00035404
   368 0001:0003540D   369 0001:0003541C   374 0001:00035420   375 0001:0003542F
   376 0001:00035435   377 0001:00035444   380 0001:00035453   381 0001:00035454
   382 0001:00035457   383 0001:0003545A   385 0001:0003545B   388 0001:00035476
   389 0001:00035484   394 0001:000354C4   395 0001:000354EA   396 0001:000354F0
   397 0001:00035502   401 0001:00035559   402 0001:0003555A   403 0001:0003555D
   404 0001:00035560   406 0001:00035561   409 0001:00035595   410 0001:000355DA
   415 0001:00035620   416 0001:00035645   417 0001:0003565F   419 0001:00035665
   420 0001:00035671   423 0001:0003567B   424 0001:00035689   431 0001:000356E0
   432 0001:000356E1   433 0001:000356E4   434 0001:000356E7   436 0001:000356E8
   439 0001:0003573D   442 0001:00035747   445 0001:0003574D   446 0001:0003578D
   452 0001:00035814   453 0001:0003583A   455 0001:00035855   456 0001:00035866
   458 0001:00035875   453 0001:00035878   459 0001:0003587E   461 0001:00035884
   463 0001:0003588A   464 0001:00035896   465 0001:000358A0   467 0001:000358A2
   469 0001:000358A8   470 0001:000358B1   473 0001:000358B6   475 0001:000358D1
   476 0001:000358E2   478 0001:000358ED   473 0001:000358F0   479 0001:000358F6
   482 0001:000358FC   483 0001:000358FD   484 0001:00035900   485 0001:00035903
   487 0001:00035904   490 0001:00035941   491 0001:0003596B   501 0001:00035990
   502 0001:000359B6   503 0001:000359D1   505 0001:000359E7   506 0001:00035A03
   507 0001:00035A08   502 0001:00035A0B   508 0001:00035A11   510 0001:00035A17
   512 0001:00035A1D   513 0001:00035A29   515 0001:00035A2F   516 0001:00035A44
   519 0001:00035A46   521 0001:00035A4C   522 0001:00035A64   525 0001:00035A66
   528 0001:00035A6C   529 0001:00035A6D   530 0001:00035A70   531 0001:00035A73
   533 0001:00035A74   536 0001:00035AB1   537 0001:00035ADA   539 0001:00035B30
   539 0001:00035B37

Line numbers for DPLobbyWrapper(DPLobbyWrapper.pas) segment .text

    47 0001:00035B38    63 0001:00035D7C    64 0001:00035DA3    65 0001:00035DB1
    66 0001:00035DCC    67 0001:00035DE0    68 0001:00035DF8    69 0001:00035E02
    70 0001:00035E19    71 0001:00035E2B    74 0001:00035E46    76 0001:00035E63
    78 0001:00035E8D    80 0001:00035E90    81 0001:00035E98    82 0001:00035EA0
    85 0001:00035EDA    89 0001:00035F2C    90 0001:00035F35    91 0001:00035F43
    92 0001:00035F6A    93 0001:00035F7E    95 0001:00035FA3    97 0001:00035FA6
    98 0001:00035FAE   101 0001:00035FBB   105 0001:00035FE0   106 0001:00035FE9
   107 0001:00035FF7   108 0001:00036016   109 0001:0003602A   111 0001:0003604F
   113 0001:00036052   114 0001:0003605A   117 0001:00036067   122 0001:0003608C
   123 0001:00036095   124 0001:000360A3   125 0001:000360C2   126 0001:000360D6
   128 0001:000360FB   130 0001:000360FE   131 0001:00036106   134 0001:00036113
   139 0001:0003613C   140 0001:00036145   141 0001:00036153   142 0001:0003616E
   143 0001:00036182   145 0001:000361A7   147 0001:000361AA   148 0001:000361B2
   151 0001:000361BF   155 0001:000361EC   156 0001:000361F5   157 0001:00036203
   158 0001:0003621E   159 0001:00036232   161 0001:00036257   163 0001:0003625A
   164 0001:00036262   167 0001:0003626F   172 0001:0003629C   173 0001:000362A5
   174 0001:000362B3   176 0001:000362D6   177 0001:000362EA   179 0001:000362F0
   180 0001:00036308   181 0001:00036322   182 0001:0003633A   186 0001:00036356
   187 0001:0003636A   189 0001:0003638F   191 0001:00036392   192 0001:0003639A
   195 0001:000363A7   199 0001:00036464   200 0001:00036482   201 0001:00036490
   202 0001:000364AF   203 0001:000364C3   204 0001:000364DB   205 0001:000364F5
   207 0001:00036510   208 0001:0003652E   209 0001:0003654C   210 0001:0003656A
   211 0001:00036588   212 0001:000365A6   213 0001:000365D9   214 0001:000365F7
   215 0001:00036615   216 0001:00036633   218 0001:00036651   219 0001:00036684
   221 0001:000366B7   222 0001:000366D2   223 0001:000366ED   225 0001:00036708
   226 0001:00036720   228 0001:00036745   230 0001:00036748   231 0001:00036750
   234 0001:0003677F   238 0001:00036BD0   239 0001:00036BD9   240 0001:00036BE7
   241 0001:00036C06   242 0001:00036C1A   244 0001:00036C20   245 0001:00036C38
   246 0001:00036C50   250 0001:00036C6A   251 0001:00036C7E   253 0001:00036CA3
   255 0001:00036CA6   256 0001:00036CAE   259 0001:00036CBB   263 0001:00036D48
   264 0001:00036D51   265 0001:00036D5F   266 0001:00036D7A   267 0001:00036D8E
   269 0001:00036DB3   271 0001:00036DB6   272 0001:00036DBE   275 0001:00036DCB
   279 0001:00036DF8   280 0001:00036E01   281 0001:00036E0F   282 0001:00036E2A
   283 0001:00036E3E   285 0001:00036E63   287 0001:00036E66   288 0001:00036E6E
   291 0001:00036E7B   298 0001:00036EA8   299 0001:00036EB1   300 0001:00036EBF
   301 0001:00036EDE   302 0001:00036EF2   304 0001:00036F17   306 0001:00036F1A
   307 0001:00036F22   310 0001:00036F2F   315 0001:00036F60   316 0001:00036F94
   317 0001:00036FA2   318 0001:00036FAC   319 0001:00036FBA   321 0001:00036FD7
   322 0001:00036FEB   324 0001:00037010   326 0001:00037013   327 0001:0003701B
   330 0001:0003705D   332 0001:000370AC   332 0001:000370B3

Line numbers for Dplayx_exports(Dplayx_exports.pas) segment .text

   117 0001:000370B4   118 0001:000370B8   119 0001:000370D6   122 0001:000370DC
   133 0001:000370E0   135 0001:000370E9   136 0001:000370F2   137 0001:000370FA
   138 0001:00037103   140 0001:00037119   141 0001:00037120   148 0001:0003714C
   149 0001:00037155   150 0001:0003716F   151 0001:0003717D   152 0001:00037186
   153 0001:0003719B   154 0001:000371A4   156 0001:000371B5   157 0001:000371C9
   159 0001:000371EE   161 0001:000371F1   162 0001:000371F9   165 0001:00037206
   171 0001:00037244   172 0001:0003724D   173 0001:00037267   174 0001:00037275
   175 0001:0003727E   176 0001:00037293   177 0001:0003729C   179 0001:000372AD
   180 0001:000372C1   182 0001:000372E6   184 0001:000372E9   185 0001:000372F1
   188 0001:000372FE   195 0001:00037344   196 0001:0003734D   197 0001:00037367
   198 0001:00037375   199 0001:0003737E   200 0001:00037393   201 0001:0003739C
   203 0001:000373AD   204 0001:000373C1   206 0001:000373E6   208 0001:000373E9
   209 0001:000373F1   212 0001:000373FE   220 0001:00037444   221 0001:00037467
   222 0001:00037481   223 0001:0003748F   224 0001:00037498   225 0001:000374AD
   226 0001:000374B6   227 0001:000374CB   229 0001:000374D1   230 0001:000374E5
   231 0001:000374FD   232 0001:00037507   233 0001:0003752A   237 0001:0003753B
   238 0001:0003754F   239 0001:00037567   240 0001:00037594   243 0001:000375B9
   245 0001:000375BC   246 0001:000375C4   249 0001:00037603   257 0001:000376AC
   258 0001:000376CB   259 0001:000376E5   260 0001:000376F3   261 0001:000376FC
   262 0001:00037711   263 0001:0003771A   265 0001:00037737   266 0001:0003774B
   268 0001:00037770   270 0001:00037773   271 0001:0003777B   274 0001:000377A5
   283 0001:000377EC   284 0001:0003780F   285 0001:00037829   286 0001:00037837
   287 0001:00037840   288 0001:00037855   289 0001:0003785E   290 0001:0003787B
   292 0001:00037881   293 0001:00037895   294 0001:000378AD   298 0001:000378B7
   303 0001:000378D9   304 0001:000378ED   305 0001:00037905   306 0001:00037932
   309 0001:00037957   311 0001:0003795A   312 0001:00037962   315 0001:000379A1
   326 0001:00037A40   327 0001:00037A49   328 0001:00037A59   329 0001:00037A67
   331 0001:00037A6C   332 0001:00037A80   334 0001:00037AA5   336 0001:00037AA8
   337 0001:00037AB0   340 0001:00037ABD   343 0001:00037AE0   344 0001:00037AE9
   345 0001:00037AF9   346 0001:00037B07   348 0001:00037B0C   349 0001:00037B20
   351 0001:00037B45   353 0001:00037B48   354 0001:00037B50   357 0001:00037B5D
   363 0001:00037B84   365 0001:00037B87   367 0001:00037B8E   368 0001:00037BA7
   401 0001:00037BC8   401 0001:00037BF4   370 0001:00037BF8   392 0001:00037C04
   393 0001:00037C0D   394 0001:00037C17   395 0001:00037C20   397 0001:00037C2A

Line numbers for TlHelp32(TlHelp32.pas) segment .text

   339 0001:00037C2C   340 0001:00037C30   342 0001:00037C3D   343 0001:00037C4C
   345 0001:00037C59   346 0001:00037C6E   347 0001:00037C83   348 0001:00037C98
   349 0001:00037CAD   350 0001:00037CC2   351 0001:00037CD7   352 0001:00037CEC
   353 0001:00037D01   354 0001:00037D16   355 0001:00037D2B   356 0001:00037D40
   357 0001:00037D55   358 0001:00037D6A   359 0001:00037D7F   360 0001:00037D94
   363 0001:00037DA9   364 0001:00037DC7   367 0001:00037EEC   368 0001:00037EF8
   369 0001:00037F01   370 0001:00037F14   371 0001:00037F1C   452 0001:00037F20
   453 0001:00037F2C   454 0001:00037F35   455 0001:00037F48   456 0001:00037F50
   459 0001:00037F54   460 0001:00037F60   461 0001:00037F69   462 0001:00037F7C
   463 0001:00037F84   479 0001:00037FB8   479 0001:00037FBF

Line numbers for ErrorLog_ExtraData(plugins\ErrorLog_ExtraData.pas) segment .text

    29 0001:00037FC0    33 0001:00037FC4    36 0001:00037FC8    37 0001:00037FCC
    40 0001:00037FD5    45 0001:00037FF9    53 0001:00038016    54 0001:0003801E
    69 0001:000380BC    70 0001:000380FE    71 0001:0003810C    72 0001:0003811A
    73 0001:0003813E    74 0001:00038147    75 0001:00038195    78 0001:0003819C
    79 0001:000381A8    80 0001:000381B6    81 0001:000381BF    82 0001:000381CD
    84 0001:000381D6    85 0001:000381DE   100 0001:000381E4   101 0001:0003822D
   103 0001:0003823B   104 0001:0003824A   105 0001:00038254   107 0001:00038262
   110 0001:0003826C   111 0001:0003827E   112 0001:0003828D   113 0001:0003829E
   115 0001:000382AC   119 0001:000382D6   123 0001:00038333   125 0001:00038345
   127 0001:00038352   128 0001:0003835A   130 0001:0003837D   131 0001:0003838B
   133 0001:0003839F   138 0001:00038420   128 0001:00038423   140 0001:0003842C
   141 0001:00038438   143 0001:00038488   147 0001:000384A5   150 0001:000384C3
   152 0001:00038509   156 0001:00038528   157 0001:00038529   159 0001:0003852E
   160 0001:00038533   161 0001:00038538   164 0001:0003856C   164 0001:00038573

Line numbers for Thread_marshaller(plugins\Thread_marshaller.pas) segment .text

    33 0001:00038574    37 0001:00038578    74 0001:0003857C    75 0001:00038580
    78 0001:00038589    91 0001:000385AF    92 0001:000385B7    99 0001:00038608
    99 0001:0003860F

Line numbers for PauseLock(plugins\PauseLock.pas) segment .text

    39 0001:00038610    43 0001:00038614    46 0001:00038618    47 0001:0003861C
    50 0001:0003862E    55 0001:00038656    67 0001:00038673    68 0001:0003867B
    82 0001:000386B8    83 0001:000386BD    84 0001:000386C0    86 0001:000386C2
    89 0001:000386C8    90 0001:000386CD    94 0001:000386D2    95 0001:000386D7
    96 0001:000386DC    98 0001:00038710    98 0001:00038717

Line numbers for UnitLimit(plugins\UnitLimit.pas) segment .text

    68 0001:00038718    72 0001:0003871C    77 0001:00038720    78 0001:00038739
    80 0001:00038753    82 0001:0003875D    86 0001:000387A0    90 0001:000387BE
    94 0001:000387DC   101 0001:000387FC   102 0001:00038821   104 0001:000388C0
   104 0001:000388C7

Line numbers for MultiAILimit(plugins\MultiAILimit.pas) segment .text

    32 0001:000388C8    36 0001:000388CC    64 0001:000388E4    65 0001:000388EA
    66 0001:000388F1    67 0001:0003895B    68 0001:00038965    72 0001:0003896C
    74 0001:00038973    75 0001:00038974    76 0001:00038975    78 0001:00038976
    81 0001:0003897B    82 0001:00038980    83 0001:00038985    87 0001:00038988
    88 0001:0003898C    90 0001:0003899E    94 0001:000389C6    95 0001:000389E0
    99 0001:00038A01   100 0001:00038A09   102 0001:00038A98   102 0001:00038A9F

Line numbers for COB_extensions(plugins\COB_extensions.pas) segment .text

    51 0001:00038AA0    55 0001:00038AA4    58 0001:00038AA8    59 0001:00038AAC
    62 0001:00038ABE    67 0001:00038AEA    76 0001:00038B0B    77 0001:00038B13
    86 0001:00038B50    87 0001:00038B56    88 0001:00038B5B    90 0001:00038B75
    91 0001:00038BB3    94 0001:00038BBF    95 0001:00038BCF    97 0001:00038BF0
   101 0001:00038C11   105 0001:00038C3C   106 0001:00038C4C   110 0001:00038C6A
   111 0001:00038C7A   112 0001:00038C8A   113 0001:00038CA3   117 0001:00038CCE
   121 0001:00038CED   122 0001:00038CFD   123 0001:00038D0D   124 0001:00038D1D
   126 0001:00038D2A   128 0001:00038D33   134 0001:00038D3D   148 0001:00038D44
   149 0001:00038D4A   150 0001:00038D4E   151 0001:00038D51   153 0001:00038D52
   154 0001:00038D55   155 0001:00038D58   157 0001:00038D5B   158 0001:00038D5E
   159 0001:00038D60   161 0001:00038D68   165 0001:00038D69   166 0001:00038D6A
   167 0001:00038D6D   169 0001:00038D6F   170 0001:00038D75   171 0001:00038D79
   172 0001:00038D7F   173 0001:00038D85   175 0001:00038D87   176 0001:00038D89
   178 0001:00038D8B   179 0001:00038D91   180 0001:00038D93   182 0001:00038D95
   183 0001:00038D9A   186 0001:00038D9F   187 0001:00038DA3   188 0001:00038DA4
   189 0001:00038DA8   190 0001:00038DA9   191 0001:00038DAD   192 0001:00038DAE
   193 0001:00038DB2   194 0001:00038DB3   195 0001:00038DB4   197 0001:00038DB5
   200 0001:00038DBA   201 0001:00038DBB   202 0001:00038DBE   203 0001:00038DC1
   205 0001:00038DF4   205 0001:00038DFB

Line numbers for Plugins(Plugins.pas) segment .text

    27 0001:00038DFC    29 0001:00038E03    31 0001:00038E09    32 0001:00038E13
    35 0001:00038E1D    36 0001:00038E27    37 0001:00038E31    38 0001:00038E3B
    39 0001:00038E45    40 0001:00038E4F    41 0001:00038E59    45 0001:00038E63
    46 0001:00038E6B    49 0001:00038E70    50 0001:00038E73    51 0001:00038E78
    53 0001:00038EAC    53 0001:00038EB3

Line numbers for InitCode(InitCode.pas) segment .text

    86 0001:00038EB4    87 0001:00038EB8    88 0001:00038EBF    89 0001:00038EC9
    90 0001:00038EDB    92 0001:00038EE5    93 0001:00038EFC    94 0001:00038F05
    96 0001:00038F15   102 0001:00038F48   106 0001:00038F6C   107 0001:00038F7A
   109 0001:00038F84   113 0001:00038F89   117 0001:00038F94   118 0001:00038F9F
   120 0001:00038FA8   121 0001:00038FC5   123 0001:00038FFD   124 0001:00039007
   126 0001:00039037   127 0001:00039041   128 0001:00039061   129 0001:00039088
   130 0001:00039091   131 0001:000390A2   132 0001:000390AB   135 0001:000390BC
   141 0001:000390C5   146 0001:000390F0   155 0001:000390F5   157 0001:00039118
   159 0001:0003911B   160 0001:00039123   163 0001:0003914F   166 0001:00039224
   167 0001:00039227   168 0001:0003922C   170 0001:00039231   172 0001:0003923A
   173 0001:00039247   176 0001:00039250   178 0001:0003925A   180 0001:0003928C
   181 0001:00039298   182 0001:000392A5   183 0001:000392B2

Line numbers for InitCode_CoreExePatching(InitCode_CoreExePatching.pas) segment .text

    50 0001:000392B4    51 0001:000392BC    53 0001:000392C2    54 0001:000392CC
    56 0001:000392D6    71 0001:000392DC    72 0001:000392E3    73 0001:000392ED
    74 0001:000392F7    75 0001:00039305    77 0001:0003932C    79 0001:0003932F
    80 0001:00039337    81 0001:00039349    84 0001:00039353    88 0001:0003935C
    90 0001:00039361    91 0001:00039366    92 0001:00039367    94 0001:00039398
    95 0001:000393A4    96 0001:000393B1   100 0001:000393BE   101 0001:000393C8
   102 0001:000393D2   104 0001:000393DC   105 0001:000393E6

Line numbers for threadlogging(threadlogging.pas) segment .text

   145 0001:00039418   145 0001:0003941F

Line numbers for dplayx(F:\TADR_SVN\src\Recorder\Dplayx.dpr) segment .text

    49 0001:00039668    50 0001:00039678

Bound resource files

dplayx.res
dplayx.drf


Program entry point at 0001:00039668
