
 Start         Length     Name                   Class
 0001:00000000 0003A3B0H .text                   CODE
 0002:00000000 00000B90H .data                   DATA
 0002:00000B90 00000A55H .bss                    BSS


Detailed map of segments

 0001:00000000 00005597 C=CODE     S=.text    G=(none)   M=System   ACBP=A9
 0001:00005598 000001CC C=CODE     S=.text    G=(none)   M=SysInit  ACBP=A9
 0001:00005764 00000038 C=CODE     S=.text    G=(none)   M=Types    ACBP=A9
 0001:0000579C 000002FC C=CODE     S=.text    G=(none)   M=Windows  ACBP=A9
 0001:00005A98 00000038 C=CODE     S=.text    G=(none)   M=Messages ACBP=A9
 0001:00005AD0 00000328 C=CODE     S=.text    G=(none)   M=SysConst ACBP=A9
 0001:00005DF8 000072F4 C=CODE     S=.text    G=(none)   M=SysUtils ACBP=A9
 0001:0000D0EC 00000887 C=CODE     S=.text    G=(none)   M=VarUtils ACBP=A9
 0001:0000D974 0000280E C=CODE     S=.text    G=(none)   M=Variants ACBP=A9
 0001:00010184 000000B8 C=CODE     S=.text    G=(none)   M=RTLConsts ACBP=A9
 0001:0001023C 00000084 C=CODE     S=.text    G=(none)   M=TypInfo  ACBP=A9
 0001:000102C0 00000038 C=CODE     S=.text    G=(none)   M=ActiveX  ACBP=A9
 0001:000102F8 00004132 C=CODE     S=.text    G=(none)   M=Classes  ACBP=A9
 0001:0001442C 000003DC C=CODE     S=.text    G=(none)   M=ListsU   ACBP=A9
 0001:00014808 00000050 C=CODE     S=.text    G=(none)   M=MMSystem ACBP=A9
 0001:00014858 000001DC C=CODE     S=.text    G=(none)   M=SyncObjs ACBP=A9
 0001:00014A34 00001AD4 C=CODE     S=.text    G=(none)   M=GPHugeF  ACBP=A9
 0001:00016508 00000038 C=CODE     S=.text    G=(none)   M=Consts   ACBP=A9
 0001:00016540 0000061C C=CODE     S=.text    G=(none)   M=textdata ACBP=A9
 0001:00016B5C 00000038 C=CODE     S=.text    G=(none)   M=Math     ACBP=A9
 0001:00016B94 00000194 C=CODE     S=.text    G=(none)   M=Contnrs  ACBP=A9
 0001:00016D28 00000FA0 C=CODE     S=.text    G=(none)   M=uDebug   ACBP=A9
 0001:00017CC8 00000060 C=CODE     S=.text    G=(none)   M=FreeListU ACBP=A9
 0001:00017D28 00000040 C=CODE     S=.text    G=(none)   M=SHFolder ACBP=A9
 0001:00017D68 00000B78 C=CODE     S=.text    G=(none)   M=TADemoConsts ACBP=A9
 0001:000188E0 00000330 C=CODE     S=.text    G=(none)   M=TextFileU ACBP=A9
 0001:00018C10 00000A7C C=CODE     S=.text    G=(none)   M=logging  ACBP=A9
 0001:0001968C 000019A4 C=CODE     S=.text    G=(none)   M=DPlay    ACBP=A9
 0001:0001B030 00000124 C=CODE     S=.text    G=(none)   M=DPLobby  ACBP=A9
 0001:0001B154 00000450 C=CODE     S=.text    G=(none)   M=MemMappedDataStructure ACBP=A9
 0001:0001B5A4 00000068 C=CODE     S=.text    G=(none)   M=PacketBufferU ACBP=A9
 0001:0001B60C 0000038C C=CODE     S=.text    G=(none)   M=log2     ACBP=A9
 0001:0001B998 00000068 C=CODE     S=.text    G=(none)   M=IniFiles ACBP=A9
 0001:0001BA00 00000E0C C=CODE     S=.text    G=(none)   M=Registry ACBP=A9
 0001:0001C80C 0000176C C=CODE     S=.text    G=(none)   M=packet_old ACBP=A9
 0001:0001DF78 00001420 C=CODE     S=.text    G=(none)   M=PluginEngine ACBP=A9
 0001:0001F398 00000514 C=CODE     S=.text    G=(none)   M=TAMemManipulations ACBP=A9
 0001:0001F8AC 000005DC C=CODE     S=.text    G=(none)   M=TA_MemoryLocations ACBP=A9
 0001:0001FE88 00000038 C=CODE     S=.text    G=(none)   M=TA_FunctionsU ACBP=A9
 0001:0001FEC0 000001EC C=CODE     S=.text    G=(none)   M=PluginCommandHandlerU ACBP=A9
 0001:000200AC 00000258 C=CODE     S=.text    G=(none)   M=InputHook ACBP=A9
 0001:00020304 0000028C C=CODE     S=.text    G=(none)   M=LOS_Radar ACBP=A9
 0001:00020590 000000CC C=CODE     S=.text    G=(none)   M=LOS_MiniMapUnits ACBP=A9
 0001:0002065C 00000140 C=CODE     S=.text    G=(none)   M=LOS_PlayerSeeUnit ACBP=A9
 0001:0002079C 000001B0 C=CODE     S=.text    G=(none)   M=LOS_GUIText ACBP=A9
 0001:0002094C 00000354 C=CODE     S=.text    G=(none)   M=LOS_UpdateTables ACBP=A9
 0001:00020CA0 0000017C C=CODE     S=.text    G=(none)   M=LOS_AllyPlayer ACBP=A9
 0001:00020E1C 00000150 C=CODE     S=.text    G=(none)   M=LOS_extensions ACBP=A9
 0001:00020F6C 00000208 C=CODE     S=.text    G=(none)   M=SpeedHack ACBP=A9
 0001:00021174 00000038 C=CODE     S=.text    G=(none)   M=TA_NetworkingMessages ACBP=A9
 0001:000211AC 000002CC C=CODE     S=.text    G=(none)   M=BattleRoomScroll ACBP=A9
 0001:00021478 000013A0 C=CODE     S=.text    G=(none)   M=PlayerDataU ACBP=A9
 0001:00022818 00000608 C=CODE     S=.text    G=(none)   M=CommandHandlerU ACBP=A9
 0001:00022E20 00013A24 C=CODE     S=.text    G=(none)   M=idplay   ACBP=A9
 0001:00036844 0000157C C=CODE     S=.text    G=(none)   M=DPLobbyWrapper ACBP=A9
 0001:00037DC0 00000B78 C=CODE     S=.text    G=(none)   M=Dplayx_exports ACBP=A9
 0001:00038938 00000394 C=CODE     S=.text    G=(none)   M=TlHelp32 ACBP=A9
 0001:00038CCC 000005B4 C=CODE     S=.text    G=(none)   M=ErrorLog_ExtraData ACBP=A9
 0001:00039280 0000009C C=CODE     S=.text    G=(none)   M=Thread_marshaller ACBP=A9
 0001:0003931C 00000108 C=CODE     S=.text    G=(none)   M=PauseLock ACBP=A9
 0001:00039424 000001B0 C=CODE     S=.text    G=(none)   M=UnitLimit ACBP=A9
 0001:000395D4 000001D8 C=CODE     S=.text    G=(none)   M=MultiAILimit ACBP=A9
 0001:000397AC 0000036C C=CODE     S=.text    G=(none)   M=COB_extensions ACBP=A9
 0001:00039B18 000000C0 C=CODE     S=.text    G=(none)   M=Plugins  ACBP=A9
 0001:00039BD8 00000404 C=CODE     S=.text    G=(none)   M=InitCode ACBP=A9
 0001:00039FDC 00000134 C=CODE     S=.text    G=(none)   M=InitCode_CoreExePatching ACBP=A9
 0001:0003A110 00000038 C=CODE     S=.text    G=(none)   M=threadlogging ACBP=A9
 0001:0003A148 00000265 C=CODE     S=.text    G=(none)   M=dplayx   ACBP=A9
 0002:00000000 000000A0 C=DATA     S=.data    G=DGROUP   M=System   ACBP=A9
 0002:000000A0 00000030 C=DATA     S=.data    G=DGROUP   M=SysInit  ACBP=A9
 0002:000000D0 00000250 C=DATA     S=.data    G=DGROUP   M=SysUtils ACBP=A9
 0002:00000320 00000008 C=DATA     S=.data    G=DGROUP   M=VarUtils ACBP=A9
 0002:00000328 00000076 C=DATA     S=.data    G=DGROUP   M=Variants ACBP=A9
 0002:000003A0 0000000C C=DATA     S=.data    G=DGROUP   M=TypInfo  ACBP=A9
 0002:000003AC 00000004 C=DATA     S=.data    G=DGROUP   M=Classes  ACBP=A9
 0002:000003B0 00000020 C=DATA     S=.data    G=DGROUP   M=GPHugeF  ACBP=A9
 0002:000003D0 00000400 C=DATA     S=.data    G=DGROUP   M=textdata ACBP=A9
 0002:000007D0 00000004 C=DATA     S=.data    G=DGROUP   M=uDebug   ACBP=A9
 0002:000007D4 00000049 C=DATA     S=.data    G=DGROUP   M=TADemoConsts ACBP=A9
 0002:00000820 00000004 C=DATA     S=.data    G=DGROUP   M=logging  ACBP=A9
 0002:00000824 00000020 C=DATA     S=.data    G=DGROUP   M=DPlay    ACBP=A9
 0002:00000844 00000010 C=DATA     S=.data    G=DGROUP   M=DPLobby  ACBP=A9
 0002:00000854 00000038 C=DATA     S=.data    G=DGROUP   M=MemMappedDataStructure ACBP=A9
 0002:0000088C 00000008 C=DATA     S=.data    G=DGROUP   M=IniFiles ACBP=A9
 0002:00000894 00000008 C=DATA     S=.data    G=DGROUP   M=Registry ACBP=A9
 0002:0000089C 00000005 C=DATA     S=.data    G=DGROUP   M=packet_old ACBP=A9
 0002:000008A4 00000007 C=DATA     S=.data    G=DGROUP   M=TA_MemoryLocations ACBP=A9
 0002:000008AC 00000008 C=DATA     S=.data    G=DGROUP   M=TA_FunctionsU ACBP=A9
 0002:000008B4 0000000A C=DATA     S=.data    G=DGROUP   M=SpeedHack ACBP=A9
 0002:000008C0 00000001 C=DATA     S=.data    G=DGROUP   M=BattleRoomScroll ACBP=A9
 0002:000008C4 00000004 C=DATA     S=.data    G=DGROUP   M=idplay   ACBP=A9
 0002:000008C8 00000004 C=DATA     S=.data    G=DGROUP   M=Dplayx_exports ACBP=A9
 0002:000008CC 00000008 C=DATA     S=.data    G=DGROUP   M=PauseLock ACBP=A9
 0002:000008D4 00000005 C=DATA     S=.data    G=DGROUP   M=UnitLimit ACBP=A9
 0002:000008DC 00000008 C=DATA     S=.data    G=DGROUP   M=MultiAILimit ACBP=A9
 0002:000008E4 00000001 C=DATA     S=.data    G=DGROUP   M=COB_extensions ACBP=A9
 0002:00001000 0000065C C=BSS      S=.bss     G=DGROUP   M=System   ACBP=A9
 0002:0000165C 00000014 C=BSS      S=.bss     G=DGROUP   M=SysInit  ACBP=A9
 0002:00001670 00000004 C=BSS      S=.bss     G=DGROUP   M=Types    ACBP=A9
 0002:00001674 00000004 C=BSS      S=.bss     G=DGROUP   M=Windows  ACBP=A9
 0002:00001678 00000004 C=BSS      S=.bss     G=DGROUP   M=Messages ACBP=A9
 0002:0000167C 00000004 C=BSS      S=.bss     G=DGROUP   M=SysConst ACBP=A9
 0002:00001680 00000120 C=BSS      S=.bss     G=DGROUP   M=SysUtils ACBP=A9
 0002:000017A0 0000005C C=BSS      S=.bss     G=DGROUP   M=VarUtils ACBP=A9
 0002:000017FC 00000040 C=BSS      S=.bss     G=DGROUP   M=Variants ACBP=A9
 0002:0000183C 00000004 C=BSS      S=.bss     G=DGROUP   M=RTLConsts ACBP=A9
 0002:00001840 00000004 C=BSS      S=.bss     G=DGROUP   M=TypInfo  ACBP=A9
 0002:00001844 00000004 C=BSS      S=.bss     G=DGROUP   M=ActiveX  ACBP=A9
 0002:00001848 00000034 C=BSS      S=.bss     G=DGROUP   M=Classes  ACBP=A9
 0002:0000187C 00000004 C=BSS      S=.bss     G=DGROUP   M=ListsU   ACBP=A9
 0002:00001880 00000004 C=BSS      S=.bss     G=DGROUP   M=MMSystem ACBP=A9
 0002:00001884 00000004 C=BSS      S=.bss     G=DGROUP   M=SyncObjs ACBP=A9
 0002:00001888 00000004 C=BSS      S=.bss     G=DGROUP   M=GPHugeF  ACBP=A9
 0002:0000188C 00000004 C=BSS      S=.bss     G=DGROUP   M=Consts   ACBP=A9
 0002:00001890 00000004 C=BSS      S=.bss     G=DGROUP   M=textdata ACBP=A9
 0002:00001894 00000004 C=BSS      S=.bss     G=DGROUP   M=Math     ACBP=A9
 0002:00001898 00000004 C=BSS      S=.bss     G=DGROUP   M=Contnrs  ACBP=A9
 0002:0000189C 00000014 C=BSS      S=.bss     G=DGROUP   M=uDebug   ACBP=A9
 0002:000018B0 00000008 C=BSS      S=.bss     G=DGROUP   M=FreeListU ACBP=A9
 0002:000018B8 00000004 C=BSS      S=.bss     G=DGROUP   M=SHFolder ACBP=A9
 0002:000018BC 00000018 C=BSS      S=.bss     G=DGROUP   M=TADemoConsts ACBP=A9
 0002:000018D4 00000004 C=BSS      S=.bss     G=DGROUP   M=TextFileU ACBP=A9
 0002:000018D8 0000000C C=BSS      S=.bss     G=DGROUP   M=logging  ACBP=A9
 0002:000018E4 00000004 C=BSS      S=.bss     G=DGROUP   M=DPlay    ACBP=A9
 0002:000018E8 00000004 C=BSS      S=.bss     G=DGROUP   M=DPLobby  ACBP=A9
 0002:000018EC 00000004 C=BSS      S=.bss     G=DGROUP   M=MemMappedDataStructure ACBP=A9
 0002:000018F0 00000004 C=BSS      S=.bss     G=DGROUP   M=PacketBufferU ACBP=A9
 0002:000018F4 00000004 C=BSS      S=.bss     G=DGROUP   M=log2     ACBP=A9
 0002:000018F8 00000004 C=BSS      S=.bss     G=DGROUP   M=IniFiles ACBP=A9
 0002:000018FC 00000004 C=BSS      S=.bss     G=DGROUP   M=Registry ACBP=A9
 0002:00001900 00000004 C=BSS      S=.bss     G=DGROUP   M=packet_old ACBP=A9
 0002:00001904 00000008 C=BSS      S=.bss     G=DGROUP   M=PluginEngine ACBP=A9
 0002:0000190C 00000004 C=BSS      S=.bss     G=DGROUP   M=TAMemManipulations ACBP=A9
 0002:00001910 0000000A C=BSS      S=.bss     G=DGROUP   M=TA_MemoryLocations ACBP=A9
 0002:0000191C 00000004 C=BSS      S=.bss     G=DGROUP   M=TA_FunctionsU ACBP=A9
 0002:00001920 00000004 C=BSS      S=.bss     G=DGROUP   M=PluginCommandHandlerU ACBP=A9
 0002:00001924 00000008 C=BSS      S=.bss     G=DGROUP   M=InputHook ACBP=A9
 0002:0000192C 00000014 C=BSS      S=.bss     G=DGROUP   M=LOS_Radar ACBP=A9
 0002:00001940 00000004 C=BSS      S=.bss     G=DGROUP   M=LOS_MiniMapUnits ACBP=A9
 0002:00001944 00000014 C=BSS      S=.bss     G=DGROUP   M=LOS_PlayerSeeUnit ACBP=A9
 0002:00001958 00000004 C=BSS      S=.bss     G=DGROUP   M=LOS_GUIText ACBP=A9
 0002:0000195C 00000010 C=BSS      S=.bss     G=DGROUP   M=LOS_UpdateTables ACBP=A9
 0002:0000196C 00000008 C=BSS      S=.bss     G=DGROUP   M=LOS_AllyPlayer ACBP=A9
 0002:00001974 00000008 C=BSS      S=.bss     G=DGROUP   M=LOS_extensions ACBP=A9
 0002:0000197C 00000004 C=BSS      S=.bss     G=DGROUP   M=SpeedHack ACBP=A9
 0002:00001980 00000004 C=BSS      S=.bss     G=DGROUP   M=TA_NetworkingMessages ACBP=A9
 0002:00001984 0000000C C=BSS      S=.bss     G=DGROUP   M=BattleRoomScroll ACBP=A9
 0002:00001990 00000004 C=BSS      S=.bss     G=DGROUP   M=PlayerDataU ACBP=A9
 0002:00001994 00000004 C=BSS      S=.bss     G=DGROUP   M=CommandHandlerU ACBP=A9
 0002:00001998 0000000C C=BSS      S=.bss     G=DGROUP   M=idplay   ACBP=A9
 0002:000019A4 00000004 C=BSS      S=.bss     G=DGROUP   M=DPLobbyWrapper ACBP=A9
 0002:000019A8 00000028 C=BSS      S=.bss     G=DGROUP   M=Dplayx_exports ACBP=A9
 0002:000019D0 00000048 C=BSS      S=.bss     G=DGROUP   M=TlHelp32 ACBP=A9
 0002:00001A18 00000004 C=BSS      S=.bss     G=DGROUP   M=ErrorLog_ExtraData ACBP=A9
 0002:00001A1C 00000004 C=BSS      S=.bss     G=DGROUP   M=Thread_marshaller ACBP=A9
 0002:00001A20 00000004 C=BSS      S=.bss     G=DGROUP   M=PauseLock ACBP=A9
 0002:00001A24 00000004 C=BSS      S=.bss     G=DGROUP   M=UnitLimit ACBP=A9
 0002:00001A28 00000004 C=BSS      S=.bss     G=DGROUP   M=MultiAILimit ACBP=A9
 0002:00001A2C 00000004 C=BSS      S=.bss     G=DGROUP   M=COB_extensions ACBP=A9
 0002:00001A30 00000004 C=BSS      S=.bss     G=DGROUP   M=Plugins  ACBP=A9
 0002:00001A34 00000008 C=BSS      S=.bss     G=DGROUP   M=InitCode ACBP=A9
 0002:00001A3C 00000014 C=BSS      S=.bss     G=DGROUP   M=InitCode_CoreExePatching ACBP=A9
 0002:00001A50 00000004 C=BSS      S=.bss     G=DGROUP   M=threadlogging ACBP=A9


  Address         Publics by Name

 0002:000018B4       .1
 0002:000018B8       .1
 0002:000018E4       .1
 0002:00001A3C       .1
 0002:000018E8       .1
 0002:000018AC       .1
 0002:000018EC       .1
 0002:00001A30       .1
 0002:00001A50       .1
 0002:0000190C       .1
 0002:0000191C       .1
 0002:00001928       .1
 0002:0000193C       .1
 0002:00001A2C       .1
 0002:00001940       .1
 0002:00001954       .1
 0002:00001958       .1
 0002:00001968       .1
 0002:00001970       .1
 0002:00001A28       .1
 0002:00001A24       .1
 0002:00001A20       .1
 0002:00001A1C       .1
 0002:00001A18       .1
 0002:00001978       .1
 0002:000019D0       .1
 0002:0000197C       .1
 0002:00001980       .1
 0002:0000198C       .1
 0002:0000183C       .1
 0002:000019B4       .1
 0002:00001668       .1
 0002:00001670       .1
 0002:00001890       .1
 0002:0000167C       .1
 0002:00001678       .1
 0002:0000188C       .1
 0002:00001A34       .2
 0002:000018E0       .2
 0002:000018D4       .2
 0002:000018C0       .2
 0002:00001894       .2
 0002:00001900       .2
 0002:000018F4       .2
 0002:000019A4       .2
 0002:00001898       .21
 0002:00001844       .3
 0002:000018F0       .3
 0002:00001674       .3
 0002:00001920       .3
 0002:00001994       .3
 0002:00001790       .35
 0002:00001990       .4
 0002:00001914       .4
 0002:00001850       .45
 0002:000015B4       .5
 0002:000018FC       .5
 0002:00001888       .5
 0002:000017F8       .5
 0002:00001884       .6
 0002:000019A0       .6
 0002:00001904       .6
 0002:00001840       .6
 0002:00001880       .7
 0002:000018F8       .8
 0002:0000181C       .81
 0002:0000187C       .9
 0001:00001E10       @AbstractError
 0001:00002E98       @AfterConstruction
 0001:000038F8       @Assert
 0001:000020F4       @Assign
 0001:00002250       @AStrCmp
 0001:00002EA8       @BeforeDestruction
 0001:00002B48       @BoundErr
 0001:00002DD8       @CallDynaInst
 0001:00002E40       @ClassCreate
 0001:00002E90       @ClassDestroy
 0001:000021BC       @Close
 0001:00001B58       @Copy
 0001:000044BC       @CopyArray
 0001:000043A0       @CopyRecord
 0001:000045B0       @DispCallByIDError
 0001:0000E414       @DispInvokeError
 0001:00003324       @DoneExcept
 0001:00004800       @DynArrayAsg
 0001:000047C4       @DynArrayClear
 0001:000045E4       @DynArrayHigh
 0001:000045DC       @DynArrayLength
 0001:000047B8       @DynArraySetLength
 0001:000022C0       @EofText
 0001:0000340C       @ExceptionHandler
 0001:000022F8       @FillChar
 0001:0000437C       @Finalize
 0001:00004290       @FinalizeArray
 0001:00004244       @FinalizeRecord
 0001:000021B0       @Flush
 0001:00002B3C       @FpuInit
 0001:00002A78       @FpuMaskInit
 0001:00001A28       @FreeMem
 0001:000019F8       @GetMem
 0001:00005698       @GetTls
 0001:000038E0       @Halt
 0001:00003800       @Halt0
 0001:00002FBC       @HandleAnyException
 0001:00003270       @HandleFinally
 0001:000030E8       @HandleOnException
 0001:000036C4       @InitImports
 0001:000056E4       @InitLib
 0001:0000369C       @InitResStringImports
 0001:00004F54       @IntfAddRef
 0001:00004F10       @IntfClear
 0001:00004F28       @IntfCopy
 0001:00002B50       @IntOver
 0001:00002D84       @IsClass
 0001:00002A48       @isNECWindows
 0001:00003DA4       @LStrAddRef
 0001:0000393C       @LStrArrayClr
 0001:0000396C       @LStrAsg
 0001:00003BBC       @LStrCat
 0001:00003C00       @LStrCat3
 0001:00003C74       @LStrCatN
 0001:00003918       @LStrClr
 0001:00003D00       @LStrCmp
 0001:00003E14       @LStrCopy
 0001:00003E54       @LStrDelete
 0001:00003B88       @LStrFromArray
 0001:00003B00       @LStrFromChar
 0001:00003B10       @LStrFromPChar
 0001:00003A08       @LStrFromPCharLen
 0001:00003B40       @LStrFromPWChar
 0001:00003A74       @LStrFromPWCharLen
 0001:00003B7C       @LStrFromString
 0001:00003BA0       @LStrFromWStr
 0001:000039B0       @LStrLAsg
 0001:00003BB4       @LStrLen
 0001:00003E9C       @LStrPos
 0001:00003EE4       @LStrSetLength
 0001:00003DB4       @LStrToPChar
 0001:000039DC       @NewAnsiString
 0001:00003F8C       @NewWideString
 0001:0000275C       @Pow10
 0001:00002244       @PStrCpy
 0001:00002214       @PStrNCat
 0001:000032D0       @RaiseAgain
 0001:000032A8       @RaiseExcept
 0001:00002318       @RandInt
 0001:00002370       @ReadChar
 0001:000024D4       @ReadLn
 0001:00002468       @ReadLString
 0001:0000245C       @ReadString
 0001:00001A48       @ReallocMem
 0001:00001E84       @ResetText
 0001:00001E90       @RewritText
 0001:000038EC       @RunError
 0001:00002740       @SetEq
 0001:000035D4       @StartLib
 0001:0000025C       @strlen
 0001:00001DEC       @TRUNC
 0001:00003354       @TryFinallyExit
 0001:00003E0C       @UniqueStringA
 0001:00002504       @ValLong
 0001:0000F9C8       @VarAddRef
 0001:0000E6EC       @VarClear
 0001:0000E700       @VarClr
 0001:00004278       @VarClr
 0001:00004388       @VarCopy
 0001:0000EA28       @VarCopy
 0001:0000ED54       @VarToLStr
 0001:0000F474       @VarToWStr
 0001:00003F48       @Write0LString
 0001:0000261C       @WriteBytes
 0001:000026EC       @WriteLn
 0001:00003F64       @WriteLString
 0001:00002670       @WriteSpaces
 0001:00003FCC       @WStrArrayClr
 0001:00003FF0       @WStrAsg
 0001:00003FB4       @WStrClr
 0001:0000412C       @WStrCmp
 0001:000041B0       @WStrCopy
 0001:00004100       @WStrFromLStr
 0001:00004014       @WStrFromPCharLen
 0001:000040C4       @WStrFromPWChar
 0001:000040A0       @WStrFromPWCharLen
 0001:00004120       @WStrLen
 0001:000041FC       @WStrSetLength
 0001:00004110       @WStrToPWChar
 0001:00001B28       @_IOTest
 0001:000045B8       @_llmul
 0001:0000B174       AbstractErrorHandler
 0002:00001028       AbstractErrorProc
 0002:00000808       AccessMode
 0002:00000150       AccessMode
 0001:000102F0       ActiveX
 0001:000003CC       AddBlockAfter
 0001:0001B174       AddCheatDescription
 0001:00017564       AddLineNo
 0001:00004D78       AddModuleUnloadProc
 0001:00004D68       AddModuleUnloadProc
 0001:000173B0       AddProcedure
 0001:000171CC       AddUnit
 0002:000008E0       AIName
 0002:0000196C       AlliedStateChanged
 0001:00006A00       AllocMem
 0002:000015AC       AllocMemCount
 0002:000015B0       AllocMemSize
 0001:000055C8       AllocTlsBuffer
 0001:00006BC0       AnsiCompareStr
 0001:00006C0C       AnsiCompareText
 0001:00006B78       AnsiLowerCase
 0001:0000BC98       AnsiPos
 0001:00006C58       AnsiSameText
 0001:0000BCE4       AnsiStrPos
 0001:0000BDBC       AnsiStrRScan
 0001:0000BE0C       AnsiStrScan
 0001:00005354       AnsiToUtf8
 0001:00008C2C       AppendChars
 0001:0000904C       AppendFormat
 0001:00008CB0       AppendNumber
 0001:00008C8C       AppendString
 0001:0000B13C       AssertErrorHandler
 0002:00001020       AssertErrorProc
 0002:00001604       avail
 0001:00007770       BackfillGetDiskFreeSpaceEx
 0001:0000D3C4       BackupVarBoolFromStr
 0001:0000D540       BackupVarBStrFromBool
 0001:0000D448       BackupVarBStrFromCy
 0001:0000D4C4       BackupVarBStrFromDate
 0001:0000D350       BackupVarCyFromStr
 0001:0000D2DC       BackupVarDateFromStr
 0001:0000D180       BackupVarI4FromStr
 0001:0000D10C       BackupVariantChangeTypeEx
 0001:0000D1F4       BackupVarR4FromStr
 0001:0000D268       BackupVarR8FromStr
 0001:00021470       BattleRoomScroll
 0001:00021304       BattleRoomScrollBackAfterTextReceived
 0001:00021334       BattleRoomScrollBarKeyboardHookFunction
 0001:000212D4       BattleRoomTextReceived
 0001:000395F0       BetterAIName
 0001:00039678       BetterAINameStub
 0001:00016938       BinToInt
 0001:0000D158       BiUnimplemented
 0002:000015DC       blockDescBlockList
 0002:000015E0       blockDescFreeList
 0002:000003A0       BooleanIdents
 0002:00000330       BooleanToStringRule
 0001:00007124       BoolToStr
 0001:0000EADC       BoolToWStrViaOS
 0002:000008A4       BoolValues
 0001:0000B834       ByteToCharIndex
 0001:0000B7F8       ByteToCharLen
 0001:0000B794       ByteType
 0001:0000B6E8       ByteTypeTest
 0002:00001918       CacheUsed
 0001:00016A60       CalcCRC
 0001:000059FC       CallNextHookEx
 0002:00001814       ChangeAnyProc
 0001:0000753C       ChangeFileExt
 0001:00003A38       CharFromWChar
 0001:0000BAAC       CharLength
 0001:00005A04       CharLowerBuff
 0001:000001D4       CharNext
 0001:00005A0C       CharNext
 0001:0000B970       CharToByteIndex
 0001:0000B9E8       CharToByteLen
 0001:00005A14       CharToOemA
 0002:0000199C       chatview
 0001:0001B154       CheatEnabled
 0002:0000086C       Cheat_BuildAnywhere
 0002:00000868       Cheat_ControlMenu
 0002:00000888       Cheat_DoubleShot
 0002:0000087C       Cheat_ExtraDamage
 0002:0000085C       Cheat_FastBuild
 0002:00000860       Cheat_InfiniteResources
 0002:00000880       Cheat_InstantBuild
 0002:00000870       Cheat_InstantCapture
 0002:00000858       Cheat_Invisible
 0002:00000854       Cheat_Invulnerability
 0002:00000878       Cheat_JamAll
 0002:00000864       Cheat_LosRadar
 0002:00000884       Cheat_ResourcesFreeze
 0002:00000874       Cheat_SpecialMove
 0001:0001F4DC       CheckForCheats
 0001:00002F38       CheckJmp
 0002:00000334       CInvalidCustomVariantType
 0001:00014398       Classes
 0001:0001792C       CleanUpMapFile
 0002:00001810       ClearAnyProc
 0001:0000FD04       ClearVariantTypeList
 0001:000057CC       CloseHandle
 0001:00000174       CloseHandle
 0002:0000103C       CmdLine
 0002:00001038       CmdShow
 0001:0000D16C       CmpUnimplemented
 0001:00039B10       COB_extensions
 0001:00039A60       COB_Extensions_Handling
 0002:00001A40       CodeInjectionData
 0001:00022E18       CommandHandlerU
 0001:0000074C       Commit
 0002:00001620       committedRoot
 0001:000278E8       compare
 0001:00016F3C       CompareHeaders
 0001:000057D4       CompareString
 0001:00006B00       CompareText
 0001:00007028       CompareWith
 0001:00014AF8       Compress
 0001:0001807C       Compress
 0001:00016538       Consts
 0001:00016D20       Contnrs
 0001:0000A9D0       ConvertAddr
 0001:00008DB0       ConvertEraString
 0001:000069B0       ConvertError
 0001:000069D0       ConvertErrorFmt
 0001:00008F34       ConvertYearString
 0001:000045EC       CopyArray
 0001:000057DC       CopyFile
 0001:0000B8B8       CountChars
 0001:00016A28       CRC32
 0002:000003D0       CRC32tab
 0001:0000B074       CreateAssertException
 0001:0000B270       CreateAVObject
 0001:000077F0       CreateDir
 0001:000057E4       CreateDirectory
 0001:000057EC       CreateEvent
 0001:000057F4       CreateFile
 0001:0000017C       CreateFileA
 0001:000057FC       CreateFileMapping
 0001:0000AF60       CreateInOutError
 0001:00038BF8       CreateToolhelp32Snapshot
 0002:0000038C       CRelationshipToBoolean
 0002:00000320       CResult
 0002:00000148       cSimpleBoolStrs
 0002:00000338       CText
 0002:00001618       curAlloc
 0002:00001688       CurrencyDecimals
 0002:00001684       CurrencyFormat
 0002:00001680       CurrencyString
 0001:00008C0C       CurrentYear
 0001:000085E0       CurrToStr
 0001:0000EA6C       CurrToWStrViaOS
 0001:0003985C       CustomGetters
 0001:00006D40       CvtInt
 0001:00006DAC       CvtInt64
 0002:00000188       CWNear
 0001:00016540       DataToStr2
 0001:0001BBE0       DataTypeToRegData
 0001:00008B98       Date
 0002:00001689       DateSeparator
 0001:00009900       DateTimeToStr
 0001:00009854       DateTimeToString
 0001:000086D0       DateTimeToTimeStamp
 0001:000098C0       DateToStr
 0001:0000EAA4       DateToWStrViaOS
 0001:00008B68       DayOfWeek
 0002:00000184       DCon10
 0002:00000028       DebugHook
 0002:00001687       DecimalSeparator
 0001:00008B38       DecodeDate
 0001:000089BC       DecodeDateFully
 0001:000087D8       DecodeTime
 0001:0000080C       Decommit
 0001:00000F38       DecommitFree
 0002:000015F4       decommittedRoot
 0002:0000089C       DecompressionBufferSize
 0002:00000024       Default8087CW
 0002:00000034       DefaultTextLineBreakStyle
 0002:000015B8       DefaultUserCodePage
 0002:00000214       DefLongDayNames
 0002:000001C8       DefLongMonthNames
 0002:000001F8       DefShortDayNames
 0002:00000198       DefShortMonthNames
 0002:000007D4       Deities
 0001:00004850       DelayLoadResourceModule
 0001:00000428       DeleteBlock
 0001:00000338       DeleteCriticalSection
 0001:00005804       DeleteCriticalSection
 0001:0000580C       DeleteFile
 0001:00000D20       DeleteFree
 0001:00005814       DeviceIoControl
 0002:00000090       dig
 0001:00007394       DirectoryExists
 0001:00038150       DirectPlayCreate
 0002:000019C4       DirectPlayCreate_proc
 0001:00037E58       DirectPlayEnumerate
 0001:00037F50       DirectPlayEnumerateA
 0002:000019BC       DirectPlayEnumerateA_proc
 0001:00038050       DirectPlayEnumerateW
 0002:000019C0       DirectPlayEnumerateW_proc
 0002:000019B8       DirectPlayEnumerate_proc
 0001:000384F8       DirectPlayLobbyCreateA
 0002:000019CC       DirectPlayLobbyCreateA_proc
 0001:000383B8       DirectPlayLobbyCreateW
 0002:000019C8       DirectPlayLobbyCreateW_proc
 0001:00039BD8       DisableThreadLibraryCalls
 0002:00001000       DispCallByIDProc
 0001:00006994       DivMod
 0001:0003874C       DllCanUnloadNow
 0001:000387EC       DllGetClassObject
 0002:00001664       DllProc
 0002:000019AC       DoFinalize
 0002:000019A8       DoInitialize
 0002:000008B0       DoInterpretCommand
 0001:0000B5E4       DoneExceptions
 0001:0001423C       DoneThreadSynchronization
 0001:0001F9C4       DoReport
 0002:000003A8       DotSep
 0001:00011B80       DoWrite
 0001:00039B18       Do_LoadTime_CodeInjections
 0001:0001B028       DPlay
 0001:0003A398       dplayx
 0001:00037DC0       DPlayxHandleInvalid
 0002:000008C8       dplayxLibHandle
 0001:00038904       Dplayx_exports
 0001:0001B14C       DPLobby
 0001:00037DB8       DPLobbyWrapper
 0001:00004604       DynArrayClear
 0001:0000460C       DynArraySetLength
 0001:0000AF24       EHeapException.FreeInstance
 0001:00014C64       Elapsed
 0002:000017FC       EmptyParam
 0002:000000D0       EmptyStr
 0002:000000D4       EmptyWideStr
 0001:00008980       EncodeDate
 0001:00008794       EncodeTime
 0001:0000581C       EnterCriticalSection
 0001:00000328       EnterCriticalSection
 0001:00005824       EnumCalendarInfoA
 0001:0000A590       EnumEraNames
 0001:0000A5DC       EnumEraYearOffsets
 0002:00001750       EraNames
 0001:00009C2C       EraToYear
 0002:0000176C       EraYearOffsets
 0002:00000068       errCaption
 0001:00001B1C       Error
 0002:00000004       ErrorAddr
 0001:00001AD0       ErrorAt
 0001:0000B004       ErrorHandler
 0001:00039278       ErrorLog_ExtraData
 0001:00039234       Errorlog_Thunk1
 0001:00038EF0       Errorlog_Thunk2
 0002:00000230       ErrorMap
 0002:00001008       ErrorProc
 0001:00019758       ErrorString
 0002:000013E0       ErrOutput
 0001:00001A98       ExceptAddr
 0002:0000100C       ExceptClsProc
 0001:0000B534       ExceptHandler
 0001:0000AC74       Exception.Create
 0001:0000ACBC       Exception.CreateFmt
 0001:0000AE8C       Exception.CreateFmtHelp
 0001:0000AE38       Exception.CreateHelp
 0001:0000AD4C       Exception.CreateRes
 0001:0000AD94       Exception.CreateResFmt
 0002:0000101C       ExceptionClass
 0001:0000A9E0       ExceptionErrorMessage
 0002:00000268       ExceptMap
 0002:00001010       ExceptObjProc
 0002:00001004       ExceptProc
 0001:0000BC4C       ExcludeTrailingPathDelimiter
 0002:00000000       ExitCode
 0001:00003744       ExitDll
 0002:00001040       ExitProc
 0001:000001DC       ExitProcess
 0002:00001024       ExitProcessProc
 0001:00005674       ExitProcessTLS
 0001:0000564C       ExitThreadTLS
 0001:0000772C       ExpandFileName
 0002:000008A8       ExpectedData
 0001:0000761C       ExtractFileDir
 0001:000076CC       ExtractFileExt
 0001:00007688       ExtractFileName
 0001:000075DC       ExtractFilePath
 0002:0000178C       FalseBoolStrs
 0002:00000178       FCon1E18
 0001:00007304       FileAge
 0001:000072F0       FileClose
 0001:000071F0       FileCreate
 0001:00007224       FileCreate
 0001:00007374       FileExists
 0002:00000818       FileFlags
 0002:0000000C       FileMode
 0001:00001ED8       FileNOPProc
 0001:00007180       FileOpen
 0001:00007244       FileRead
 0001:000072B4       FileSeek
 0001:0000582C       FileTimeToDosDateTime
 0001:00005834       FileTimeToLocalFileTime
 0001:0000727C       FileWrite
 0002:000003B0       FILE_SHARING_ERRORS
 0001:00000E58       FillAfterGap
 0001:00000DF8       FillBeforeGap
 0001:00000EF8       FillerSizeAfterGap
 0001:00000E80       FillerSizeBeforeGap
 0001:000393EC       Finalization
 0001:00037D88       Finalization
 0001:0003959C       Finalization
 0001:00036800       Finalization
 0001:00022DE8       Finalization
 0001:000227E0       Finalization
 0001:00021440       Finalization
 0001:0000CEEC       Finalization
 0001:00039768       Finalization
 0001:00021174       Finalization
 0001:0002113C       Finalization
 0001:00020F34       Finalization
 0001:00020DE4       Finalization
 0001:00020C68       Finalization
 0001:0000D930       Finalization
 0001:00020914       Finalization
 0001:0000572C       Finalization
 0001:00020764       Finalization
 0001:00020624       Finalization
 0001:00039AE0       Finalization
 0001:00005764       Finalization
 0001:00020558       Finalization
 0001:00039BA0       Finalization
 0001:000202CC       Finalization
 0001:00005DC0       Finalization
 0001:00020074       Finalization
 0001:0001FE88       Finalization
 0001:00005A98       Finalization
 0001:0001FE50       Finalization
 0001:00005A60       Finalization
 0001:0001F874       Finalization
 0001:0001F350       Finalization
 0001:000392E4       Finalization
 0001:00010060       Finalization
 0001:00010204       Finalization
 0001:0001DF40       Finalization
 0001:00010268       Finalization
 0001:000102C0       Finalization
 0001:00039F84       Finalization
 0001:0001C7BC       Finalization
 0001:0001B9B0       Finalization
 0001:0001B960       Finalization
 0001:0001B5D4       Finalization
 0001:0001B56C       Finalization
 0001:0003A090       Finalization
 0001:0003A110       Finalization
 0001:0003A148       Finalization
 0001:0001B11C       Finalization
 0001:0001AFF8       Finalization
 0001:00019640       Finalization
 0001:00018BD8       Finalization
 0001:00039248       Finalization
 0001:0001887C       Finalization
 0001:00017D30       Finalization
 0001:00017CF0       Finalization
 0001:00017C84       Finalization
 0001:00016CF0       Finalization
 0001:00016B5C       Finalization
 0001:00016B24       Finalization
 0001:00016508       Finalization
 0001:000164D0       Finalization
 0001:000149FC       Finalization
 0001:00014820       Finalization
 0001:000147D0       Finalization
 0001:000142E8       Finalization
 0001:00005470       Finalization
 0001:000388D4       Finalization
 0001:00038C94       Finalization
 0001:000045FC       FinalizeArray
 0001:000034F4       FinalizeUnits
 0001:000048E0       FindBS
 0001:0000583C       FindClose
 0001:000001EC       FindClose
 0001:00000DB4       FindCommitted
 0001:0000FFA8       FindCustomVariantType
 0001:000001F4       FindFirstFile
 0001:00005844       FindFirstFile
 0002:0000185C       FindGlobalComponentProcs
 0001:00004828       FindHInstance
 0001:00032B80       FindHostPlayer
 0001:0000D5E0       FindProc
 0001:00004898       FindResourceHInstance
 0002:000018C4       fIsWin9x
 0002:0000179C       FLanguages
 0001:00008270       FloatToDecimal
 0001:000085B0       FloatToStr
 0001:00007F9C       FloatToText
 0001:000021A4       Flush
 0001:0000584C       FlushFileBuffers
 0001:00005854       FlushInstructionCache
 0002:0000018C       FMSecsPerDay
 0001:00007E7C       FmtStr
 0001:000073CC       ForceDirectories
 0001:00007E54       Format
 0002:00000194       Format
 0001:00007A84       FormatBuf
 0001:00007A70       FormatClearStr
 0001:000079D0       FormatError
 0002:00000170       FormatErrorStrs
 0001:0000585C       FormatMessage
 0001:00007A38       FormatVarToStr
 0001:00002754       FPower10
 0001:0000CBF8       FreeAndNil
 0001:00000AB4       FreeCommitted
 0001:000010EC       FreeCurAlloc
 0001:00014258       FreeIntConstList
 0001:00005864       FreeLibrary
 0001:000001FC       FreeLibrary
 0001:00017D20       FreeListU
 0001:00000684       FreeSpace
 0001:0000C598       FreeTerminateProcs
 0002:0000081C       fVersionLazyInited
 0001:000205F4       GameUnit_LOS_MiniMap_UnitsProjectiles_IsOwner
 0001:00020758       GameUnit_LOS_PlayerSeeUnit_EpilogCode_Exit
 0001:00020704       GameUnit_LOS_PlayerSeeUnit_IsOwnerAllowedToSee
 0001:000203E4       GameUnit_LOS_Radar_CanDirectlySeeUnit
 0001:00020498       GameUnit_LOS_Radar_LoopCondition
 0001:00020440       GameUnit_LOS_Radar_LoopStart
 0001:00020AA4       GameUnit_LOS_Update_1_Retry
 0001:00020A88       GameUnit_LOS_Update_1_Start
 0001:00020B90       GameUnit_LOS_Update_2_Retry
 0001:00020B74       GameUnit_LOS_Update_2_Start
 0002:000008AC       Game_SetLOSState
 0002:000019B0       gdwDPlaySPRefCount
 0001:0000586C       GetACP
 0001:00000340       GetBlockDesc
 0001:00016680       GetChar
 0001:000002DC       GetCmdShow
 0001:00020CA0       GetCodeInjections
 0001:00020590       GetCodeInjections
 0001:00020304       GetCodeInjections
 0001:0002094C       GetCodeInjections
 0001:0002065C       GetCodeInjections
 0001:0002079C       GetCodeInjections
 0001:00000204       GetCommandLine
 0001:000008C8       GetCommitted
 0001:00000970       GetCommittedAt
 0001:00008D00       GetCount
 0001:00005874       GetCPInfo
 0001:0000587C       GetCurrentProcess
 0001:00005884       GetCurrentThreadId
 0001:000002BC       GetCurrentThreadId
 0001:00008D38       GetDate
 0001:0000588C       GetDateFormat
 0001:00009AF8       GetDateOrder
 0001:00005894       GetDiskFreeSpaceA
 0002:00000144       GetDiskFreeSpaceEx
 0001:00002DA8       GetDynaMethod
 0001:0000A668       GetEraNamesAndYearOffsets
 0001:00009BC8       GetEraYearOffset
 0001:0000B244       GetExceptionClass
 0001:0000B454       GetExceptionObject
 0001:0000589C       GetFileAttributes
 0001:000058A4       GetFileSize
 0001:0000018C       GetFileSize
 0001:00000184       GetFileType
 0001:0001871C       GetFileVersion
 0001:000059E4       GetFileVersionInfo
 0001:000059EC       GetFileVersionInfoSize
 0001:00018510       GetFileVersion_internal
 0001:0000C12C       GetFormatSettings
 0001:000058AC       GetFullPathName
 0001:00002A40       GetKeyboardType
 0001:000058B4       GetLastError
 0001:0000020C       GetLastError
 0001:00017A44       GetLineNumberFromAddress
 0001:0000A3DC       GetLocaleChar
 0001:000058C4       GetLocaleInfo
 0001:00000214       GetLocaleInfo
 0001:0000A380       GetLocaleStr
 0001:000058BC       GetLocalTime
 0001:00017C38       GetMapAddressFromAddress
 0001:00017B40       GetMapFileName
 0001:0000021C       GetModuleFileName
 0001:000058CC       GetModuleFileName
 0001:000058D4       GetModuleHandle
 0001:00000224       GetModuleHandle
 0001:00017958       GetModuleNameFromAddress
 0001:0000A45C       GetMonthDayNames
 0001:00017E50       GetMyDocs
 0001:00001BFC       GetParamStr
 0001:000397B4       GetPlugin
 0001:00020F90       GetPlugin
 0001:0002026C       GetPlugin
 0001:0003942C       GetPlugin
 0001:000211E8       GetPlugin
 0001:00020E7C       GetPlugin
 0001:00039288       GetPlugin
 0001:00039324       GetPlugin
 0001:00039694       GetPlugin
 0001:00038CD4       GetPlugin
 0001:0000022C       GetProcAddress
 0001:000058DC       GetProcAddress
 0001:000179D4       GetProcNameFromAddress
 0001:000005A8       GetSpace
 0001:0000060C       GetSpaceAt
 0001:00000234       GetStartupInfo
 0001:00000194       GetStdHandle
 0001:000058E4       GetStdHandle
 0001:000058EC       GetStringTypeEx
 0001:00017EB0       GetSysDir
 0001:000058F4       GetSystemDirectory
 0001:000058FC       GetSystemInfo
 0001:00005A1C       GetSystemMetrics
 0001:00018804       GetTADemoVersion
 0001:00005904       GetTempFileName
 0001:0000590C       GetTempPath
 0001:00005914       GetThreadLocale
 0001:0000023C       GetThreadLocale
 0001:000002D4       GetTickCount
 0001:0000591C       GetTickCount
 0001:00008D70       GetTime
 0001:000055D4       GetTlsSize
 0001:000002C4       GetVersion
 0001:00005924       GetVersionEx
 0001:0000592C       GetVolumeInformation
 0001:00017FF0       GetVolumePathName
 0002:00001860       GlobalFixupList
 0002:00001848       GlobalNameSpace
 0001:00016500       GPHugeF
 0002:00001988       hBattleRoomScrollBarKeyboardHook
 0002:000015C0       heapErrorCode
 0002:000015C4       heapLock
 0002:00000140       HexDisplayPrefix
 0002:00001660       HInstance
 0001:00005A44       HiWord
 0001:0003683C       idplay
 0002:00000834       IID_IDirectPlay
 0002:00000824       IID_IDirectPlay3
 0002:00000844       IID_IDirectPlayLobby2
 0002:00000190       IMSecsPerDay
 0001:0000E468       InBounds
 0001:0000E708       InBounds
 0001:0000BBF8       IncludeTrailingPathDelimiter
 0001:0000E498       Increment
 0001:0000E738       Increment
 0001:0001B9F8       IniFiles
 0001:00000B48       InitAllocator
 0001:00039FB4       InitCode
 0001:0003A0C0       InitCode_CoreExePatching
 0002:00001630       InitContext
 0001:0000C5CC       InitDriveSpacePtr
 0001:0000B55C       InitExceptions
 0001:00005934       InitializeCriticalSection
 0001:00000320       InitializeCriticalSection
 0002:000015BC       initialized
 0001:000056D8       InitializeModule
 0001:0000D624       InitializeVarUtils
 0001:0000BEDC       InitLeadBytes
 0001:0000B668       InitPlatformId
 0001:00005620       InitProcessTLS
 0001:0000BF80       InitSysLocale
 0001:00014204       InitThreadSynchronization
 0001:000055DC       InitThreadTLS
 0001:0003A084       InitThunk_Stage1
 0001:0003A004       InitThunk_Stage2
 0001:00038938       InitToolHelp
 0001:00003564       InitUnits
 0002:00001048       Input
 0001:000200AC       InputHandler
 0001:000202FC       InputHook
 0001:00000FF4       InsertFree
 0001:0001F028       InstallPlugins
 0002:00001854       IntConstList
 0001:000002B4       InterlockedDecrement
 0001:0000C63C       InterlockedDecrement
 0001:0000C648       InterlockedExchange
 0001:0000C650       InterlockedExchangeAdd
 0001:000002AC       InterlockedIncrement
 0001:0000C630       InterlockedIncrement
 0001:00001F18       InternalClose
 0001:0000215C       InternalFlush
 0001:00000E34       InternalFreeMem
 0001:00003DC0       InternalUniqueString
 0001:00006EC8       IntToHex
 0001:00006EA0       IntToHex
 0001:00006E78       IntToStr
 0001:00006D8C       IntToStr
 0002:00001798       InvalidPointer
 0001:00002C70       InvokeImplGetter
 0001:00001B9C       IOResult
 0001:0000593C       IsBadReadPtr
 0002:00001044       IsConsole
 0001:0000BB9C       IsDelimiter
 0001:00008838       IsLeapYear
 0002:00001034       IsLibrary
 0002:00001045       IsMultiThread
 0001:0000BB50       IsPathDelimiter
 0001:0001BB68       IsRelative
 0001:000165F4       IsStrBool
 0001:0001B4A8       IsTAHookRunning
 0001:0001F9AC       IsTAVersion31
 0002:00001919       IsTAVersion31_Cache
 0001:0000BF5C       IsWesternGroup
 0001:00017F90       IsWin9x
 0002:0000002C       JITEnable
 0002:000019D4       KernelHandle
 0002:000018BC       kernellib
 0001:000074CC       LastDelimiter
 0001:0000BE64       LCIDToCodePage
 0001:000053FC       LCIDToCodePage
 0002:00000120       LeadBytes
 0001:00005944       LeaveCriticalSection
 0001:00000330       LeaveCriticalSection
 0002:00000038       LibModuleList
 0001:00039FDC       LibraryProc
 0002:000018A4       LineNumbers
 0001:0001B1C8       ListCheats
 0002:0000174E       ListSeparator
 0001:00014800       ListsU
 0001:000176D4       LoadAndParseMapFile
 0001:0000594C       LoadLibrary
 0001:00000244       LoadLibraryEx
 0001:00004AE4       LoadResourceModule
 0001:000053A4       LoadResString
 0001:00005A24       LoadString
 0001:0000024C       LoadString
 0001:00005598       LocalAlloc
 0001:00000300       LocalAlloc
 0001:000055A0       LocalFree
 0001:00000308       LocalFree
 0001:0000A418       LocalGetLocaleStr
 0001:0001B990       log2
 0002:00000820       logdir
 0001:00018D94       LogError
 0001:00018C80       LogException
 0002:000018D8       logFilename
 0001:00019684       logging
 0002:000008C4       logsave
 0002:000018DC       Log_
 0002:00001690       LongDateFormat
 0002:00001724       LongDayNames
 0002:000016D8       LongMonthNames
 0002:000016A4       LongTimeFormat
 0001:00020E14       LOS_AllyPlayer
 0001:00020F64       LOS_extensions
 0001:00020944       LOS_GUIText
 0001:000208A8       LOS_GUIText_SeeCommHealth
 0001:000208E0       LOS_GUIText_Unit_KillsNStuff
 0001:00020868       LOS_GUIText_Unit_Resources
 0001:00020654       LOS_MiniMapUnits
 0001:00020794       LOS_PlayerSeeUnit
 0001:00020588       LOS_Radar
 0002:0000195C       LOS_Updates_PTR
 0001:00020C98       LOS_UpdateTables
 0001:00006A94       LowerCase
 0002:000008BC       LowerLimit
 0001:00000254       lstrcpyn
 0002:00001820       LVarTypes
 0002:00001824       LVarTypeSync
 0002:0000102C       MainInstance
 0002:00001030       MainThreadID
 0001:000003C4       MakeEmpty
 0001:000036E8       MakeErrorMessage
 0001:0001846C       MakeTempFilename
 0001:0000B190       MapException
 0002:000007D0       MapFileName
 0002:000018A8       MapFileSetup
 0001:0000336C       MapToRunError
 0001:00005954       MapViewOfFile
 0001:00016B8C       Math
 0001:0001B59C       MemMappedDataStructure
 0002:00000040       MemoryManager
 0001:0000045C       MergeBlockAfter
 0001:00001138       MergeCommit
 0001:00005A2C       MessageBox
 0001:000001E4       MessageBox
 0001:00005AC8       Messages
 0001:00014850       MMSystem
 0002:000000A8       Module
 0001:00038C2C       Module32First
 0001:00038C60       Module32Next
 0001:00038EA8       ModuleInfoComparer
 0002:0000165D       ModuleIsCpp
 0002:0000165C       ModuleIsLib
 0001:000142D4       ModuleUnload
 0002:0000003C       ModuleUnloadList
 0002:000000F0       MonthDays
 0001:00001BBC       Move
 0001:000397A4       MultiAILimit
 0001:00000264       MultiByteToWideChar
 0002:00001685       NegCurrFormat
 0001:000011C4       NewCommit
 0001:000011F0       NewCommitAt
 0002:000008D4       NewUnitLimit
 0001:0000BAFC       NextCharIndex
 0002:00000030       NoErrMsg
 0001:00002F24       NotifyAnyExcept
 0001:00002EF8       NotifyExcept
 0001:00002F58       NotifyExceptFinally
 0001:00004E20       NotifyModuleUnload
 0001:00002ED4       NotifyNonDelphiException
 0001:00002F10       NotifyOnExcept
 0001:00002EB8       NotifyReRaise
 0001:00002F80       NotifyTerminate
 0001:00002F9C       NotifyUnhandled
 0001:00008BC4       Now
 0002:0000032C       NullAsStringValue
 0002:00000328       NullStrictConvert
 0002:00001984       nUpClicks
 0002:000018B0       ObjectsToFree
 0001:00015D8C       OffsetPtr
 0001:00039F4C       OnFinalize
 0001:00017CE0       OnFinalize
 0001:00037DE8       OnInit
 0001:00017CC8       OnInitialize
 0001:00039C6C       OnInitialize
 0001:000395D4       OnInstall
 0001:0003931C       OnInstall
 0001:00039280       OnInstall
 0001:00038CCC       OnInstall
 0001:0002023C       OnInstall
 0001:000211AC       OnInstallBattleRoomScroll
 0001:000397AC       OnInstallCobExtensions
 0001:00020E38       OnInstallShareLOS
 0001:00020F80       OnInstallSpeedHack
 0001:00039424       OnInstallUnitLimit
 0001:0002025C       OnUnInstall
 0001:00038CD0       OnUnInstall
 0001:00039320       OnUninstall
 0001:000395D8       OnUninstall
 0001:00039284       OnUnInstall
 0001:000211CC       OnUninstallBattleRoomScroll
 0001:000397B0       OnUninstallCobExtensions
 0001:00020E44       OnUninstallShareLOS
 0001:00020F8C       OnUninstallSpeedHack
 0001:00039428       OnUninstallUnitLimit
 0001:0001B4F8       OpenMemMap
 0001:00001E2C       OpenText
 0002:00001794       OutOfMemory
 0002:00001214       Output
 0001:00031148       OutputInfo
 0001:0001B604       PacketBufferU
 0001:0001DF70       packet_old
 0001:00001D60       ParamStr
 0001:000166D8       ParseParams
 0001:0001E2A0       PatchNJump
 0001:000393C4       PauseHandling
 0001:0003941C       PauseLock
 0001:00022810       PlayerDataU
 0002:00001934       PlayerPtr
 0002:00001960       PlayerPtr
 0002:00001948       PlayerPtr
 0001:00020DB4       Player_SetAlliedState_JumpHook
 0001:00020DCC       Player_SetAlliedState_RetHook
 0001:000200A4       PluginCommandHandlerU
 0002:00001924       PluginCommands
 0001:0001F390       PluginEngine
 0001:00039BD0       Plugins
 0002:00001908       Plugins
 0001:00010CE8       PointerInModule
 0002:000018C8       proc
 0002:00001A38       proc
 0002:000018A0       Procedures
 0001:00013958       PropValueError
 0002:000000A4       PtrToNil
 0001:00016904       PtrToStr
 0001:00007F58       PutExponent
 0001:000002CC       QueryPerformanceCounter
 0001:0001147C       QuickSort
 0001:0000B12C       RaiseAssertException
 0001:0000019C       RaiseException
 0001:0001331C       RaiseException
 0002:00001014       RaiseExceptionProc
 0001:0000C4C8       RaiseLastOSError
 0001:00001DC4       Randomize
 0002:00000008       RandSeed
 0001:00013938       ReadError
 0001:0001BB34       ReadError
 0001:000001A4       ReadFile
 0001:0000595C       ReadFile
 0001:000023DC       ReadLine
 0001:00005964       ReadProcessMemory
 0002:00001818       RefAnyProc
 0001:0000026C       RegCloseKey
 0001:0000579C       RegCloseKey
 0001:000057A4       RegCreateKeyEx
 0001:0001BB90       RegDataToDataType
 0001:000057AC       RegFlushKey
 0002:00001858       RegGroups
 0001:00004E7C       RegisterModule
 0001:0001EFC4       RegisterPlugin
 0001:0001C804       Registry
 0001:000057B4       RegOpenKeyEx
 0001:00000274       RegOpenKeyEx
 0001:000057BC       RegQueryValueEx
 0001:0000027C       RegQueryValueEx
 0001:000057C4       RegSetValueEx
 0002:0000004C       reMap
 0002:00001614       remBytes
 0001:000004E4       RemoveBlock
 0001:000137E8       RemoveFixupReferences
 0001:000138A4       RemoveFixups
 0001:00016AAC       RemoveInvalid
 0001:00004D70       RemoveModuleUnloadProc
 0001:00004D98       RemoveModuleUnloadProc
 0001:0000596C       ResetEvent
 0001:00020F6C       ResetGameSpeedLimits
 0001:00020E1C       ResetShareLosState
 0001:00001728       ResizeInPlace
 0001:00011D04       ReturnAddr
 0001:00011120       ReturnAddr
 0002:00001610       rover
 0001:00010234       RTLConsts
 0001:000001AC       RtlUnwind
 0002:00001018       RTLUnwindProc
 0002:00000070       runErrMsg
 0001:00001AC4       RunErrorAt
 0001:0000D5C0       SafeArrayCreate
 0001:0000D5C8       SafeArrayGetLBound
 0001:0000D5D0       SafeArrayGetUBound
 0001:0000D5D8       SafeArrayPtrOfIndex
 0001:00006B54       SameText
 0001:0000991C       ScanBlanks
 0001:00009AA8       ScanChar
 0001:00009C94       ScanDate
 0001:0000995C       ScanNumber
 0001:00009A10       ScanString
 0001:0000A028       ScanTime
 0001:00009B60       ScanToNumber
 0001:000213EC       ScrollBattleRoomTextWindowDown
 0001:00021388       ScrollBattleRoomTextWindowUp
 0001:00001224       SearchSmallBlocks
 0001:000182FC       SelfLocation
 0002:000018CC       SelfLocation_cache
 0001:0000FCD4       SetClearVarToEmptyParam
 0001:00005974       SetEndOfFile
 0001:000001B4       SetEndOfFile
 0001:0000597C       SetEvent
 0001:000034AC       SetExceptionHandler
 0001:000001BC       SetFilePointer
 0001:00005984       SetFilePointer
 0001:00001B48       SetInOutRes
 0001:0000598C       SetLastError
 0001:0001F4C4       SetLongword
 0001:0000FCBC       SetVarAsError
 0001:00005A34       SetWindowsHookEx
 0001:0001F4A8       SetWord
 0002:00000810       ShareFlags
 0002:0000015C       ShareMode
 0001:00017D60       SHFolder
 0001:00017D28       SHGetFolderPath
 0002:0000168C       ShortDateFormat
 0002:00001708       ShortDayNames
 0002:000016A8       ShortMonthNames
 0002:000016A0       ShortTimeFormat
 0001:0000AB98       ShowException
 0001:00020D70       Signal_AlliedStateChange
 0001:000169E0       SimpleCrypt
 0001:00013D48       SkipBinary
 0001:00013D7C       SkipCollection
 0001:00013D1C       SkipList
 0001:00005994       Sleep
 0001:0000C4C0       Sleep
 0002:0000161C       smallTab
 0002:000015E4       spaceRoot
 0001:0002116C       SpeedHack
 0001:000210AC       SpeedState_DecreaseSpeed_Check
 0001:000210E4       SpeedState_IncreaseSpeed_Check
 0001:00021114       SpeedState_SetSpeed_Check
 0001:0001E2D0       SpliceInJump
 0002:00001998       StartedFrom
 0002:000008C0       State_BattleRoomScroll
 0002:000008E4       State_COB_extensions
 0002:000008DC       State_MultiAILimit
 0002:000008CC       State_PauseLock
 0002:000008B4       State_SpeedHack
 0002:000008D8       State_UnitLimit
 0001:0002154C       StatusToStr
 0002:000008D0       StopPauseStateChange
 0001:00007964       StrAlloc
 0001:0000B7C8       StrByteType
 0001:0000BA5C       StrCharLength
 0001:00013158       StringListCompareStrings
 0001:00016E78       StripFromString
 0001:00007860       StrLCopy
 0001:0000781C       StrLen
 0001:00007DFC       StrLFmt
 0001:00007894       StrLIComp
 0001:00007834       StrMove
 0001:00007990       StrNew
 0001:0000BA90       StrNextChar
 0001:00007910       StrPos
 0001:000078D8       StrScan
 0001:00006EF8       StrToInt
 0001:00006F38       StrToIntDef
 0001:00038890       StubCall
 0001:000180F4       SupportsCompression
 0002:0000184C       SyncEvent
 0001:00016FC8       SyncHeaders
 0002:000003AC       SyncList
 0001:00014A2C       SyncObjs
 0001:00000294       SysAllocStringLen
 0001:00005DF0       SysConst
 0001:0000A31C       SysErrorMessage
 0001:00001550       SysFreeMem
 0001:000002A4       SysFreeString
 0001:000013A4       SysGetMem
 0001:0000575C       SysInit
 0002:00001740       SysLocale
 0001:0000192C       SysReallocMem
 0001:0000029C       SysReAllocStringLen
 0001:000054C4       System
 0001:0000D06C       SysUtils
 0002:00001910       TAData
 0001:000188D8       TADemoConsts
 0002:000018D0       TADemoVersion_cache
 0001:0001FBFC       TAMem.getActualUnitLimit
 0001:0001FBA8       TAMem.getGameSpeed
 0001:0001FC28       TAMem.getIsAlteredUnitLimit
 0001:0001FBD0       TAMem.getMaxUnitLimit
 0001:0001FC7C       TAMem.getPlayerIndex
 0001:0001FD00       TAMem.GetUnitPtr
 0001:0001FC54       TAMem.getUnitsPtr
 0001:0001FB80       TAMem.getViewPLayer
 0001:0001FAE8       TAMem.IsTAVersion31
 0001:0001F8A4       TAMemManipulations
 0001:0001FD64       TAPlayer.GetAlliedState
 0001:0001FDAC       TAPlayer.PlayerType
 0001:0001FDD4       TAUnit.getKills
 0001:0001FE28       TAUnit.GetOwnerIndex
 0001:0001FE00       TAUnit.GetOwnerPtr
 0001:0001FEB8       TA_FunctionsU
 0001:0001FE80       TA_MemoryLocations
 0001:000211A4       TA_NetworkingMessages
 0001:0001E43C       TCodeInjection.Create
 0001:0001E480       TCodeInjection.RestoreProc
 0001:0001E928       TCodeInjection_RelativeJmp.Create
 0001:0001E990       TCodeInjection_RelativeJmp.WriteProc
 0001:0001E5C0       TCodeInjection_Replacement.WriteProc
 0001:0001E774       TCodeInjection_StaticCall.WriteProc
 0001:000228F0       TCommandHandler.Create
 0001:00022CB4       TCommands.AddCommand
 0001:00022B50       TCommands.AddCommandAlias
 0001:00022AA8       TCommands.ClearCommands
 0001:00022994       TCommands.Create
 0001:00022A00       TCommands.destroy
 0001:00022A44       TCommands.GetCount
 0001:00022A74       TCommands.GetItem
 0001:00022B08       TCommands.LookUpCommand
 0001:000149CC       TCriticalSection.Acquire
 0001:0001493C       TCriticalSection.Create
 0001:0001498C       TCriticalSection.Destroy
 0001:000149E4       TCriticalSection.Release
 0001:0000FD70       TCustomVariantType.BinaryOp
 0001:0000FD7C       TCustomVariantType.Cast
 0001:0000FDB4       TCustomVariantType.CastTo
 0001:0000FE40       TCustomVariantType.CastToOle
 0001:0000FDFC       TCustomVariantType.Compare
 0001:0000FE08       TCustomVariantType.CompareOp
 0001:0000FE7C       TCustomVariantType.Destroy
 0001:0000FF5C       TCustomVariantType.DispInvoke
 0001:0000FF08       TCustomVariantType.IsClear
 0001:0000FF0C       TCustomVariantType.LeftPromotion
 0001:0000FF20       TCustomVariantType.OlePromotion
 0001:0000FF80       TCustomVariantType.QueryInterface
 0001:0000FF28       TCustomVariantType.RaiseCastError
 0001:0000FF38       TCustomVariantType.RaiseDispError
 0001:0000FF30       TCustomVariantType.RaiseInvalidOp
 0001:0000FF40       TCustomVariantType.RightPromotion
 0001:0000FF54       TCustomVariantType.UnaryOp
 0001:0000FF68       TCustomVariantType._AddRef
 0001:0000FF74       TCustomVariantType._Release
 0001:0002CAFC       TDPlay.AddGroupToGroup
 0001:0002BB78       TDPlay.AddPlayerToGroup
 0001:000259B8       TDPlay.ChatMsgHandler
 0001:00024178       TDPlay.checkForCheats
 0001:00032E34       TDPlay.Close
 0001:00033A28       TDPlay.Create
 0001:0002BC78       TDPlay.CreateGroup
 0001:0002C4DC       TDPlay.CreateGroup
 0001:0002CB78       TDPlay.CreateGroupInGroup
 0001:00026628       TDPlay.createlogfile
 0001:0002BBF4       TDPlay.CreatePlayer
 0001:0002D188       TDPlay.CreatePlayer
 0001:0002CC04       TDPlay.DeleteGroupFromGroup
 0001:0002BCF8       TDPlay.DeletePlayerFromGroup
 0001:00036748       TDPlay.Destroy
 0001:0002BD74       TDPlay.DestroyGroup
 0001:0002D43C       TDPlay.DestroyPlayer
 0001:000251C0       TDPlay.dobase
 0001:0002BDEC       TDPlay.EnableNewPlayers
 0001:0002D858       TDPlay.EnumConnections
 0001:0002C564       TDPlay.EnumGroupPlayers
 0001:0002BE64       TDPlay.EnumGroupPlayers
 0001:0002BEE8       TDPlay.EnumGroups
 0001:0002C5EC       TDPlay.EnumGroups
 0001:0002CC80       TDPlay.EnumGroupsInGroup
 0001:0002D560       TDPlay.EnumPlayers
 0001:0002BF6C       TDPlay.EnumPlayers
 0001:0002BFF0       TDPlay.EnumSessions
 0001:0002D620       TDPlay.EnumSessions
 0001:00032844       TDPlay.ExceptMessage
 0001:000335AC       TDPlay.Exiting
 0001:000276A4       TDPlay.facexpshandler
 0001:0002C078       TDPlay.GetCaps
 0001:0002C670       TDPlay.GetCaps
 0001:0002EEF8       TDPlay.GetFixFacExps
 0001:00032AD4       TDPlay.GetGoodSource
 0001:0002CD08       TDPlay.GetGroupConnectionSettings
 0001:0002C6EC       TDPlay.GetGroupData
 0001:0002CF90       TDPlay.GetGroupFlags
 0001:0002C770       TDPlay.GetGroupName
 0001:0002D00C       TDPlay.GetGroupParent
 0001:0002C0F0       TDPlay.GetMessageCount
 0001:0002D088       TDPlay.GetPlayerAccount
 0001:0002D6A4       TDPlay.GetPlayerAddress
 0001:0002C7F0       TDPlay.GetPlayerCaps
 0001:0002C16C       TDPlay.GetPlayerCaps
 0001:0002C870       TDPlay.GetPlayerData
 0001:0002D10C       TDPlay.GetPlayerFlags
 0001:0002C1E8       TDPlay.GetPlayerName
 0001:0002D958       TDPlay.GetPlayerName
 0001:0002EF2C       TDPlay.GetProtectDT
 0001:000241B0       TDPlay.GetRandomMap
 0001:000258D4       TDPlay.getRecorderStatusString
 0001:00032C04       TDPlay.GetServerPlayer
 0001:0002D768       TDPlay.GetSessionDesc
 0001:00027304       TDPlay.Handleunitdata
 0001:00032C48       TDPlay.ImServer
 0001:00024710       TDPlay.initbuilding
 0001:000247A4       TDPlay.initfastbase
 0001:0002C270       TDPlay.Initialize
 0001:0002D8DC       TDPlay.InitializeConnection
 0001:0003214C       TDPlay.On3dta
 0001:00031820       TDPlay.OnAbout
 0001:00030860       TDPlay.OnAutoPause
 0001:00030F2C       TDPlay.OnBase
 0001:000307E4       TDPlay.OnBaseOff
 0001:00030A60       TDPlay.OnCmdwarp
 0001:00031668       TDPlay.OnCrash
 0001:000323F4       TDPlay.OnCreatetxt
 0001:0002F960       TDPlay.OnDate
 0001:00030FE0       TDPlay.OnDoBase
 0001:0002F1EC       TDPlay.OnEhaoff
 0001:0002F2B8       TDPlay.OnEhaOn
 0001:0002F450       TDPlay.Onehareport
 0001:00032824       TDPlay.OnException
 0001:000309B0       TDPlay.Onf1off
 0001:0003267C       TDPlay.OnFakeWatch
 0001:0003196C       TDPlay.OnFixall
 0001:0002F06C       TDPlay.OnFixDisabled
 0001:0002F12C       TDPlay.OnFixEnabled
 0001:000319D4       TDPlay.OnFixFactoryExplosions
 0001:00032708       TDPlay.OnForceCd
 0001:0002FD20       TDPlay.OnGive
 0001:00031270       TDPlay.OnHelp
 0001:000306F4       TDPlay.OnHookReport
 0001:00032498       TDPlay.OnLockOn
 0001:00032350       TDPlay.OnOnlyUnits
 0001:00031764       TDPlay.OnPanic
 0001:0002F5D0       TDPlay.OnPlayers
 0001:00031ABC       TDPlay.OnProtectDT
 0001:000325B0       TDPlay.OnRandMap
 0001:00031E84       TDPlay.OnRecord
 0001:00032B54       TDPlay.OnRemovePlayer
 0001:0002F828       TDPlay.OnReport
 0001:0002EF60       TDPlay.OnShareLos
 0001:00031B94       TDPlay.OnSharemapPos
 0001:00031538       TDPlay.OnStatus
 0001:0002FE5C       TDPlay.OnStopGive
 0001:00032304       TDPlay.OnStopLog
 0001:00030ED0       TDPlay.OnSyncOff
 0001:00030B10       TDPlay.OnSyncon
 0001:0002F384       TDPlay.OnTaHookOff
 0001:000302F8       TDPlay.OnTake
 0001:00031CCC       TDPlay.OnTime
 0001:0002FF40       TDPlay.OnUnits
 0001:0002FC54       TDPlay.OnVoteGo
 0001:0002FA70       TDPlay.OnVoteReady
 0001:00031610       TDPlay.OnYankspank
 0001:00032C80       TDPlay.Open
 0001:0002C2E8       TDPlay.Open
 0001:00027A30       TDPlay.PacketHandler
 0001:0002631C       TDPlay.PacketLostHandler
 0001:0002E3C0       TDPlay.Receive
 0001:0002C360       TDPlay.Receive
 0001:00032EE4       TDPlay.ResetRecorder
 0001:0002C3E8       TDPlay.SaveSession
 0001:0002CD8C       TDPlay.SecureOpen
 0001:0002DF74       TDPlay.Send
 0001:00023B7C       TDPlay.SendAlliedChat
 0001:000236A0       TDPlay.SendChat
 0001:000237E4       TDPlay.SendChatLocal
 0001:00023914       TDPlay.SendChatLocal2
 0001:0002CE10       TDPlay.SendChatMessage
 0001:000240B0       TDPlay.SendClipboard
 0001:000239D8       TDPlay.SendLocal
 0001:00023A08       TDPlay.SendLocal
 0001:00023F24       TDPlay.SendRecorderToRecorderMsg
 0001:00023C4C       TDPlay.SendRecorderToRecorderMsg2
 0001:00027930       TDPlay.SetAutoPauseAtStart
 0001:00027950       TDPlay.SetCommanderWarp
 0001:0002798C       TDPlay.SetF1Disable
 0001:000279E8       TDPlay.SetFastSpeed
 0001:0002CE94       TDPlay.SetGroupConnectionSettings
 0001:0002C8F4       TDPlay.SetGroupData
 0001:0002C978       TDPlay.SetGroupName
 0001:0002C9F8       TDPlay.SetPlayerData
 0001:0002CA7C       TDPlay.SetPlayerName
 0001:0002C45C       TDPlay.SetPlayerName
 0001:0002D7E0       TDPlay.SetSessionDesc
 0001:00027A0C       TDPlay.SetSlowSpeed
 0001:000279C8       TDPlay.SetSpeedLock
 0001:00027098       TDPlay.SmartPak
 0001:0002CF14       TDPlay.StartSession
 0001:00026254       TDPlay.UnitCountChange
 0001:000183CC       TempPath
 0002:0000031C       TerminateProcList
 0002:00001046       Test8086
 0001:0001F398       TestByte
 0001:0001F3D0       TestByte
 0001:0001F41C       TestBytes
 0002:00001964       TestPlayer
 0002:0000194C       TestPlayer
 0002:0000192C       TestPlayerIndex
 0002:00001930       TestPlayerPtr
 0001:00001F28       TextClose
 0001:00020E50       TextCommand_View_Hook
 0001:00016B54       textdata
 0001:00018C08       TextFileU
 0001:00001E9C       TextIn
 0001:00001F48       TextOpen
 0001:00001EDC       TextOut
 0001:0000849C       TextToFloat
 0001:000135F0       TFileStream.Create
 0001:00013640       TFileStream.Create
 0001:000137A0       TFileStream.Destroy
 0001:00014CE0       TGpHugeFile.AccessFile
 0001:00015B84       TGpHugeFile.AllocBuffer
 0001:000154F4       TGpHugeFile.BlockWrite
 0001:000160E0       TGpHugeFile.BlockWriteUnsafe
 0001:00015330       TGpHugeFile.CheckHandle
 0001:00015278       TGpHugeFile.Close
 0001:00014B70       TGpHugeFile.CreateEx
 0001:00014C28       TGpHugeFile.Destroy
 0001:00015A20       TGpHugeFile.FilePos
 0001:00016420       TGpHugeFile.FileSize
 0001:0001539C       TGpHugeFile.FileSizeNoCache
 0001:00015AE4       TGpHugeFile.Flush
 0001:0001601C       TGpHugeFile.FlushBuffer
 0001:00015CBC       TGpHugeFile.FreeBuffer
 0001:0001649C       TGpHugeFile.InitReadBuffer
 0001:00016468       TGpHugeFile.InitWriteBuffer
 0001:0001619C       TGpHugeFile.IsOpen
 0001:000163B8       TGpHugeFile.LoadedToTheEOF
 0001:00014F88       TGpHugeFile.ResetEx
 0001:00015114       TGpHugeFile.RewriteEx
 0001:00015B58       TGpHugeFile.RoundToPageSize
 0001:000158B0       TGpHugeFile.Seek
 0001:00015DA8       TGpHugeFile.Transmit
 0001:00015934       TGpHugeFile.Truncate
 0001:00016370       TGpHugeFile.Win32Check
 0001:0001564C       TGpHugeFile._Seek
 0001:000134AC       THandleStream.Create
 0001:000134FC       THandleStream.Read
 0001:0001356C       THandleStream.Seek
 0001:000135A0       THandleStream.SetSize
 0001:000135C0       THandleStream.SetSize
 0001:00013534       THandleStream.Write
 0002:00001686       ThousandSeparator
 0002:00001864       ThreadLock
 0001:0003A140       threadlogging
 0001:00039314       Thread_marshaller
 0001:000161B8       ThrowCase1
 0001:000162B0       ThrowCase2
 0002:00001698       TimeAMString
 0001:00014808       timeBeginPeriod
 0001:00014810       timeGetDevCaps
 0001:00014818       timeGetTime
 0002:0000169C       TimePMString
 0002:00001694       TimeSeparator
 0001:000098E0       TimeToStr
 0001:00004F60       TInterfacedObject.AfterConstruction
 0001:00004F6C       TInterfacedObject.BeforeDestruction
 0001:00004F7C       TInterfacedObject.NewInstance
 0001:00004F8C       TInterfacedObject.QueryInterface
 0001:00004FB4       TInterfacedObject._AddRef
 0001:00004FC8       TInterfacedObject._Release
 0001:00038CC4       TlHelp32
 0001:00011014       TList.Add
 0001:0001106C       TList.Clear
 0001:0001108C       TList.Delete
 0001:00010FE8       TList.Destroy
 0001:00011128       TList.Error
 0001:00011168       TList.Error
 0001:00011588       TList.Extract
 0001:000111C8       TList.Get
 0001:00011210       TList.Grow
 0001:00011268       TList.IndexOf
 0001:000115E4       TList.Notify
 0001:000112B4       TList.Put
 0001:00011344       TList.Remove
 0001:00011378       TList.SetCapacity
 0001:000113D4       TList.SetCount
 0001:0001154C       TList.Sort
 0001:00036A88       TLobby.Connect
 0001:00037C6C       TLobby.Create
 0001:00036C38       TLobby.CreateAddress
 0001:00037BB4       TLobby.CreateCompoundAddress
 0001:00036CEC       TLobby.EnumAddress
 0001:00036D98       TLobby.EnumAddressTypes
 0001:00036E48       TLobby.EnumLocalApplications
 0001:00036EF8       TLobby.GetConnectionSettings
 0001:00036FA8       TLobby.ReceiveLobbyMessage
 0001:00037170       TLobby.RunApplication
 0001:000378DC       TLobby.SendLobbyMessage
 0001:00037A54       TLobby.SetConnectionSettings
 0001:00037B04       TLobby.SetLobbyMessageEvent
 0001:00019450       TLog.Add
 0001:000195C4       TLog.Add
 0001:000193CC       TLog.Add
 0001:000192B4       TLog.Add2
 0001:00018EE8       TLog.Create
 0001:000191E0       TLog.Destroy
 0001:00019288       TLog.Flush
 0001:0001B768       TLog2.Add
 0001:0001B670       TLog2.Create
 0001:0001B924       TLog2.Destroy
 0001:0001B740       TLog2.Flush
 0001:000055A8       TlsAlloc
 0002:0000166C       tlsBuffer
 0001:000055B0       TlsFree
 0001:000055B8       TlsGetValue
 0002:000000A0       TlsIndex
 0002:FF8C400C       TlsLast
 0002:000000C0       TlsProc
 0001:000055C0       TlsSetValue
 0001:00038DC8       TModuleInfo.Create
 0001:0000CAEC       TMultiReadExclusiveWriteSynchronizer.BeginRead
 0001:0000C9A4       TMultiReadExclusiveWriteSynchronizer.BeginWrite
 0001:0000C91C       TMultiReadExclusiveWriteSynchronizer.BlockReaders
 0001:0000C830       TMultiReadExclusiveWriteSynchronizer.Create
 0001:0000C8C0       TMultiReadExclusiveWriteSynchronizer.Destroy
 0001:0000CB74       TMultiReadExclusiveWriteSynchronizer.EndRead
 0001:0000CA80       TMultiReadExclusiveWriteSynchronizer.EndWrite
 0001:0000C94C       TMultiReadExclusiveWriteSynchronizer.UnblockOneWriter
 0001:0000C934       TMultiReadExclusiveWriteSynchronizer.UnblockReaders
 0001:0000C964       TMultiReadExclusiveWriteSynchronizer.WaitForReadSignal
 0001:0000C984       TMultiReadExclusiveWriteSynchronizer.WaitForWriteSignal
 0001:00002E10       TObject.AfterConstruction
 0001:00002E14       TObject.BeforeDestruction
 0001:00002B64       TObject.ClassName
 0001:00002B78       TObject.ClassParent
 0001:00002B58       TObject.ClassType
 0001:00002C50       TObject.CleanupInstance
 0001:00002BBC       TObject.Create
 0001:00002E0C       TObject.DefaultHandler
 0001:00002BDC       TObject.Destroy
 0001:00002E18       TObject.Dispatch
 0001:00002BEC       TObject.Free
 0001:00002BA0       TObject.FreeInstance
 0001:00002CA0       TObject.GetInterface
 0001:00002D40       TObject.GetInterfaceEntry
 0001:00002DF0       TObject.InheritsFrom
 0001:00002BF8       TObject.InitInstance
 0001:00002BB4       TObject.InstanceSize
 0001:00002B84       TObject.NewInstance
 0001:00002E04       TObject.SafeCallException
 0001:00016BFC       TObjectList.Add
 0001:00016C20       TObjectList.Create
 0001:00016C70       TObjectList.Extract
 0001:00016C94       TObjectList.GetItem
 0001:00016CB8       TObjectList.Notify
 0001:0000490C       ToLongPath
 0001:0001D9B0       TPacket.Compress
 0001:0001C874       TPacket.Create
 0001:0001D4F4       TPacket.Decompress
 0001:0001D284       TPacket.Decrypt
 0001:0001D3CC       TPacket.Encrypt
 0001:0001C9EC       TPacket.GetRawData2
 0001:0001CA28       TPacket.GetTAData
 0001:0001C9B0       TPacket.GetTimestamp
 0001:0001CA8C       TPacket.PacketLength
 0001:0001C920       TPacket.SJCreateNew
 0001:0001CF14       TPacket.Split2
 0001:00011758       TPersistent.Assign
 0001:00011784       TPersistent.AssignError
 0001:0001185C       TPersistent.AssignTo
 0001:00011878       TPersistent.DefineProperties
 0001:0001171C       TPersistent.Destroy
 0001:00011888       TPersistent.GetNamePath
 0001:00011940       TPersistent.GetOwner
 0001:000215DC       TPlayerData.Create
 0001:00021728       TPlayerData.IsSelf
 0001:000217BC       TPlayerData.IsServer
 0001:000216B0       TPlayerData.OnPlayerRemoved
 0001:00021B38       TPlayers.Add
 0001:00021A48       TPlayers.Clear
 0001:000224F4       TPlayers.Convert
 0001:00022670       TPlayers.ConvertId
 0001:00021858       TPlayers.Create
 0001:000219EC       TPlayers.Destroy
 0001:000220D8       TPlayers.getCount
 0001:000222F4       TPlayers.GetData_
 0001:00022198       TPlayers.Name
 0001:000220F4       TPlayers.Name
 0001:0002209C       TPlayers.Remove
 0001:00021B8C       TPlayers.Remove
 0001:0001FFCC       TPluginCommands.ClearCommands
 0001:0001FF1C       TPluginCommands.Create
 0001:0001FF88       TPluginCommands.destroy
 0001:0002002C       TPluginCommands.LookUpCommand
 0001:0001EBEC       TPluginData.create
 0001:0001ED58       TPluginData.MakeNOPReplacement
 0001:0001EC90       TPluginData.MakeRelativeJmp
 0001:0001EDFC       TPluginData.MakeReplacement
 0001:0001ED04       TPluginData.MakeStaticCall
 0001:0001EEB4       TPluginData.NewCodeInjection
 0001:0000A72C       TranslateDateFormat
 0001:0000E180       TranslateResult
 0001:00013968       TReader.CheckValue
 0001:00013998       TReader.EndOfList
 0001:000139BC       TReader.NextValue
 0001:000139E0       TReader.Read
 0001:00013A2C       TReader.ReadBuffer
 0001:00013A80       TReader.ReadListBegin
 0001:00013A94       TReader.ReadListEnd
 0001:00013AA8       TReader.ReadStr
 0001:00013AF0       TReader.ReadString
 0001:00013CAC       TReader.ReadValue
 0001:00013BB4       TReader.ReadWideString
 0001:00013FDC       TReader.SkipBytes
 0001:00013F8C       TReader.SkipProperty
 0001:00013CCC       TReader.SkipSetBody
 0001:00013DF0       TReader.SkipValue
 0001:00010C0C       TRegGroup.Create
 0001:00010C94       TRegGroup.Destroy
 0001:00010D18       TRegGroup.UnregisterModuleClasses
 0001:00010DF4       TRegGroups.Create
 0001:00010E80       TRegGroups.Destroy
 0001:00010EFC       TRegGroups.Lock
 0001:00010F14       TRegGroups.Unlock
 0001:00010F2C       TRegGroups.UnregisterModuleClasses
 0001:0001C38C       TRegIniFile.Create
 0001:0001C340       TRegIniFile.Create
 0001:0001C770       TRegIniFile.ReadBool
 0001:0001C570       TRegIniFile.ReadInteger
 0001:0001C3F0       TRegIniFile.ReadString
 0001:0001C67C       TRegIniFile.WriteInteger
 0001:0001C4C0       TRegIniFile.WriteString
 0001:0001BD98       TRegistry.ChangeKey
 0001:0001BD08       TRegistry.CloseKey
 0001:0001BC7C       TRegistry.Create
 0001:0001BC24       TRegistry.Create
 0001:0001BE20       TRegistry.CreateKey
 0001:0001BCCC       TRegistry.Destroy
 0001:0001BDCC       TRegistry.GetBaseKey
 0001:0001C1FC       TRegistry.GetData
 0001:0001C03C       TRegistry.GetDataInfo
 0001:0001C098       TRegistry.GetDataSize
 0001:0001C2A0       TRegistry.GetKey
 0001:0001BF04       TRegistry.OpenKey
 0001:0001C18C       TRegistry.PutData
 0001:0001C100       TRegistry.ReadString
 0001:0001BE04       TRegistry.SetCurrentKey
 0001:0001BD50       TRegistry.SetRootKey
 0001:0001C27C       TRegistry.ValueExists
 0001:0001C0CC       TRegistry.WriteString
 0001:00006C7C       Trim
 0001:00006CF0       TrimLeft
 0002:00001788       TrueBoolStrs
 0001:0000887C       TryEncodeDate
 0001:00008714       TryEncodeTime
 0001:0000125C       TryHarder
 0001:00002334       TryOpenForInput
 0001:000025D8       TryOpenForOutput
 0001:00007078       TryStrToBool
 0001:000086A8       TryStrToCurr
 0001:0000A288       TryStrToDateTime
 0001:00008638       TryStrToFloat
 0001:00008610       TryStrToFloat
 0001:00008670       TryStrToFloat
 0001:00006F68       TryStrToInt
 0001:0000A244       TryStrToTime
 0001:00013240       TStream.GetPosition
 0001:00013268       TStream.GetSize
 0001:000133F4       TStream.Seek
 0001:00013368       TStream.Seek
 0001:000132B4       TStream.SetSize
 0001:000132C4       TStream.SetSize
 0001:00013464       TStream.WriteBuffer
 0001:00012918       TStringList.Add
 0001:00012940       TStringList.AddObject
 0001:000129B8       TStringList.Changed
 0001:000129E4       TStringList.Changing
 0001:00012A10       TStringList.Clear
 0001:00013200       TStringList.CompareStrings
 0001:000131B0       TStringList.CustomSort
 0001:00012A64       TStringList.Delete
 0001:0001289C       TStringList.Destroy
 0001:00012B04       TStringList.Exchange
 0001:00012B80       TStringList.ExchangeItems
 0001:00012BEC       TStringList.Find
 0001:00012C84       TStringList.Get
 0001:00012CD0       TStringList.GetCapacity
 0001:00012CEC       TStringList.GetCount
 0001:00012D08       TStringList.GetObject
 0001:00012D50       TStringList.Grow
 0001:00012DA8       TStringList.IndexOf
 0001:00012DF4       TStringList.Insert
 0001:00012E84       TStringList.InsertItem
 0001:00012E1C       TStringList.InsertObject
 0001:00012F2C       TStringList.Put
 0001:00012FA4       TStringList.PutObject
 0001:00013000       TStringList.QuickSort
 0001:000130C4       TStringList.SetCapacity
 0001:000130F0       TStringList.SetSorted
 0001:00013128       TStringList.SetUpdateState
 0001:00013194       TStringList.Sort
 0001:00014528       TStringQueue.Clear
 0001:000144B8       TStringQueue.Create
 0001:000146E0       TStringQueue.DeQueue
 0001:0001465C       TStringQueue.EnQueue
 0001:00014788       TStringQueue.Examine
 0001:0001454C       TStringQueue.Grow
 0001:00011994       TStrings.Add
 0001:000119C4       TStrings.AddObject
 0001:000119F8       TStrings.AddStrings
 0001:00011AB8       TStrings.Assign
 0001:00011B5C       TStrings.BeginUpdate
 0001:00012818       TStrings.CompareStrings
 0001:00011BE0       TStrings.DefineProperties
 0001:00011958       TStrings.Destroy
 0001:00011C2C       TStrings.EndUpdate
 0001:00011C50       TStrings.Equals
 0001:00011D0C       TStrings.Error
 0001:00011D4C       TStrings.Error
 0001:00011DAC       TStrings.Exchange
 0001:00011E98       TStrings.GetCapacity
 0001:0001283C       TStrings.GetNameValueSeparator
 0001:00011EB4       TStrings.GetObject
 0001:00011ECC       TStrings.GetText
 0001:00011F28       TStrings.GetTextStr
 0001:00012070       TStrings.IndexOf
 0001:000120FC       TStrings.IndexOfName
 0001:000121D8       TStrings.IndexOfObject
 0001:00012224       TStrings.InsertObject
 0001:00012258       TStrings.LoadFromFile
 0001:000122B4       TStrings.LoadFromStream
 0001:00012368       TStrings.Move
 0001:00012424       TStrings.Put
 0001:00012464       TStrings.PutObject
 0001:00012478       TStrings.ReadData
 0001:00012528       TStrings.SaveToFile
 0001:00012588       TStrings.SaveToStream
 0001:000125E8       TStrings.SetCapacity
 0001:00012868       TStrings.SetNameValueSeparator
 0001:000125F8       TStrings.SetStringsAdapter
 0001:00012644       TStrings.SetText
 0001:0001269C       TStrings.SetTextStr
 0001:0001277C       TStrings.SetUpdateState
 0001:0001278C       TStrings.WriteData
 0001:00014924       TSynchroObject.Acquire
 0001:00014930       TSynchroObject.Release
 0001:00018938       TTextFile.Create_Append
 0001:00018A10       TTextFile.Create_Rewrite
 0001:00018AD0       TTextFile.Destroy
 0001:00018B0C       TTextFile.Flush
 0001:00018B34       TTextFile.Writeln
 0001:000115F8       TThreadList.Create
 0001:00011660       TThreadList.Destroy
 0001:000116DC       TThreadList.LockList
 0001:00011704       TThreadList.UnlockList
 0001:0000C7A8       TThreadLocalCounter.Delete
 0001:0000C658       TThreadLocalCounter.Destroy
 0001:0000C6D4       TThreadLocalCounter.HashIndex
 0001:0000C6F8       TThreadLocalCounter.Open
 0001:0000C7CC       TThreadLocalCounter.Recycle
 0002:000000EC       TwoDigitYearCenturyWindow
 0001:00014038       TWriter.Write
 0001:00014084       TWriter.WriteBuffer
 0001:000140B0       TWriter.WriteListBegin
 0001:000140C4       TWriter.WriteListEnd
 0001:000140D8       TWriter.WriteMinStr
 0001:00014188       TWriter.WriteString
 0001:000141E4       TWriter.WriteValue
 0001:00005794       Types
 0001:000102B8       TypInfo
 0001:00017CC0       uDebug
 0001:000001C4       UnhandledExceptionFilter
 0001:00005A3C       UnhookWindowsHookEx
 0001:00004FF0       UnicodeToUtf8
 0001:00000C20       UninitAllocator
 0001:00039B94       UninstallCodeInjections
 0001:0001F1F0       UnInstallPlugins
 0001:00003E04       UniqueString
 0001:000395CC       UnitLimit
 0002:00001944       UnitPtr
 0002:0000189C       Units
 0001:0000D144       UniUnimplemented
 0001:00004E8C       UnregisterModule
 0001:00010F98       UnRegisterModuleClasses
 0001:000034CC       UnsetExceptionHandler
 0001:0001E3A8       UnSpliceJump
 0001:00006A28       UpperCase
 0002:000008B8       Upperlimit
 0002:000008A0       UseCompression
 0001:000052B0       UTF8Decode
 0001:00005204       UTF8Encode
 0001:000050CC       Utf8ToUnicode
 0002:00000894       Values
 0002:0000088C       Values
 0002:000017AC       VarAdd
 0002:00000014       VarAddRefProc
 0002:000017C4       VarAnd
 0001:0000E4F4       VarArrayClear
 0001:0000E794       VarArrayCopyForEach
 0001:0000E12C       VarArrayCreateError
 0002:000017E8       VarBoolFromStr
 0002:000017F4       VarBstrFromBool
 0002:000017EC       VarBstrFromCy
 0002:000017F0       VarBstrFromDate
 0001:0000DF4C       VarCastError
 0001:0000DFA0       VarCastError
 0001:0000E670       VarClearDeep
 0002:00000010       VarClearProc
 0002:000017D0       VarCmp
 0001:0000E974       VarCopyCopyProc
 0001:0000E97C       VarCopyDeep
 0002:00000018       VarCopyProc
 0002:000017E4       VarCyFromStr
 0002:000017E0       VarDateFromStr
 0002:0000180C       VarDispProc
 0002:000017B8       VarDiv
 0002:000017D4       VarI4FromStr
 0001:0000D104       VariantChangeType
 0002:000017A0       VariantChangeTypeEx
 0001:0000D0F4       VariantClear
 0001:0000D0FC       VariantCopy
 0001:0000D0EC       VariantInit
 0001:000100D8       Variants
 0002:000017BC       VarIDiv
 0001:0000E03C       VarInvalidOp
 0002:000017C0       VarMod
 0002:000017B4       VarMul
 0002:000017A4       VarNeg
 0002:000017A8       VarNot
 0002:000017C8       VarOr
 0001:0000E090       VarOverflowError
 0002:000017D8       VarR4FromStr
 0002:000017DC       VarR8FromStr
 0001:0000E3D4       VarResultCheck
 0001:0000E3E0       VarResultCheck
 0002:000017B0       VarSub
 0001:0000EC6C       VarToLStrAny
 0001:0000ECD0       VarToLStrCustom
 0002:0000001C       VarToLStrProc
 0001:0000EBA0       VarToLStrViaOS
 0001:0000F348       VarToWStrAny
 0001:0000F3AC       VarToWStrCustom
 0002:00000020       VarToWStrProc
 0001:0000F290       VarToWStrViaOS
 0001:0000FB4C       VarTypeAsText
 0001:0000D960       VarUtils
 0002:000017CC       VarXor
 0001:00006F94       VerifyBoolStrArray
 0001:000059F4       VerQueryValue
 0002:00001974       ViewPlayer
 0002:00001950       ViewPlayerPlSeeU
 0002:00001938       ViewPlayerRadar
 0001:00000310       VirtualAlloc
 0001:0000599C       VirtualAlloc
 0001:000059A4       VirtualFree
 0001:00000318       VirtualFree
 0001:000059AC       VirtualLock
 0001:000059B4       VirtualProtect
 0001:0000028C       VirtualQuery
 0001:000059BC       VirtualQuery
 0001:000059C4       VirtualUnlock
 0001:000059CC       WaitForSingleObject
 0001:00003A58       WCharFromChar
 0002:00000318       WesternGroups
 0001:00000284       WideCharToMultiByte
 0002:000000E4       Win32BuildNumber
 0001:0000C574       Win32Check
 0002:000000E8       Win32CSDVersion
 0002:000000DC       Win32MajorVersion
[...]
   527 0001:00032708   528 0001:0003272E   529 0001:00032732   530 0001:0003273C
   531 0001:0003274A   532 0001:00032753   534 0001:00032785   535 0001:000327DA

Line numbers for idplay(idplay.pas) segment .text

  3112 0001:00032824  3113 0001:00032830  3114 0001:00032838  3138 0001:0003283F
  3141 0001:00032844  3143 0001:00032860  3145 0001:00032873  3147 0001:000328A3
  3148 0001:000328B2  3149 0001:000328C1  3150 0001:000328D0  3151 0001:000328DF
  3152 0001:000328EE  3153 0001:0003291A  3160 0001:00032AD4  3161 0001:00032ADD
  3162 0001:00032AE2  3163 0001:00032AE9  3164 0001:00032B07  3166 0001:00032B20
  3167 0001:00032B37  3168 0001:00032B3D  3163 0001:00032B40  3169 0001:00032B45
  3170 0001:00032B4E  3175 0001:00032B54  3176 0001:00032B60  3177 0001:00032B6E
  3178 0001:00032B79  3190 0001:00032B80  3191 0001:00032B86  3192 0001:00032B8D
  3194 0001:00032B93  3195 0001:00032BA2  3196 0001:00032BA9  3198 0001:00032BBF
  3200 0001:00032BCA  3201 0001:00032BE2  3202 0001:00032BE8  3203 0001:00032BF4
  3207 0001:00032BFC  3217 0001:00032C04  3218 0001:00032C0D  3219 0001:00032C19
  3220 0001:00032C33  3221 0001:00032C42  3224 0001:00032C48  3225 0001:00032C52
  3226 0001:00032C78  3231 0001:00032C80  3232 0001:00032C9C  3233 0001:00032CAA
  3234 0001:00032CB4  3235 0001:00032CC2  3238 0001:00032CF8  3239 0001:00032D0A
  3240 0001:00032D21  3242 0001:00032D27  3245 0001:00032D31  3246 0001:00032D3A
  3249 0001:00032D74  3252 0001:00032DA2  3254 0001:00032DA5  3257 0001:00032DEA
  3262 0001:00032E34  3263 0001:00032E3D  3264 0001:00032E4B  3265 0001:00032E55
  3271 0001:00032E63  3272 0001:00032E6B  3274 0001:00032E87  3277 0001:00032EB5
  3279 0001:00032EB8  3282 0001:00032EDB  3287 0001:00032EE4  3288 0001:00032F07
  3289 0001:00032F11  3290 0001:00032F1F  3291 0001:00032F33  3295 0001:00032F41
  3297 0001:00032F4A  3298 0001:00032F5B  3299 0001:00032F6A  3301 0001:00032F75
  3302 0001:00032F87  3303 0001:00032F8E  3304 0001:00032F97  3305 0001:00032FA0
  3307 0001:00032FB2  3308 0001:00032FBD  3309 0001:00032FD0  3311 0001:00032FD7
  3313 0001:00032FDE  3314 0001:00032FE8  3316 0001:00033007  3317 0001:00033024
  3318 0001:00033041  3319 0001:0003305B  3321 0001:00033075  3322 0001:0003307F
  3323 0001:00033099  3324 0001:000330B3  3325 0001:000330CD  3326 0001:000330E9
  3327 0001:00033106  3328 0001:00033137  3330 0001:0003316A  3331 0001:00033176
  3332 0001:00033184  3334 0001:000331AD  3335 0001:000331B0  3337 0001:000331C2
  3339 0001:000331D2  3340 0001:000331EA  3342 0001:000331FA  3343 0001:00033220
  3344 0001:0003322E  3346 0001:00033257  3347 0001:0003325A  3349 0001:0003326C
  3350 0001:00033278  3356 0001:00033294  3357 0001:0003329E  3358 0001:000332A8
  3359 0001:000332B2  3361 0001:000332B9  3362 0001:000332C2  3364 0001:000332CB
  3366 0001:000332D5  3367 0001:000332DF  3369 0001:000332E9  3370 0001:000332F0
  3371 0001:000332FB  3374 0001:00033308  3375 0001:0003330D  3377 0001:00033312
  3378 0001:00033319  3379 0001:00033320  3380 0001:0003332B  3382 0001:00033338
  3383 0001:00033343  3384 0001:0003334D  3385 0001:0003335E  3387 0001:00033367
  3388 0001:00033372  3389 0001:0003337F  3391 0001:00033387  3393 0001:00033394
  3394 0001:0003339B  3396 0001:000333A2  3397 0001:000333B0  3398 0001:000333BE
  3400 0001:000333CC  3402 0001:000333ED  3405 0001:0003340A  3407 0001:0003343F
  3414 0001:000335AC  3415 0001:000335CF  3416 0001:000335D9  3417 0001:000335E7
  3419 0001:000335F0  3420 0001:00033604  3423 0001:0003360E  3424 0001:00033624
  3425 0001:0003362E  3426 0001:00033638  3428 0001:00033646  3429 0001:0003365A
  3430 0001:00033668  3432 0001:0003368F  3436 0001:0003369F  3438 0001:000336A8
  3439 0001:000336BC  3442 0001:000336C6  3444 0001:000336ED  3446 0001:0003370E
  3447 0001:00033723  3448 0001:00033731  3449 0001:00033762  3450 0001:0003376F
  3451 0001:0003378B  3450 0001:000337AA  3452 0001:000337AF  3453 0001:000337D0
  3454 0001:000337FA  3455 0001:00033829  3458 0001:00033836  3460 0001:00033854
  3462 0001:00033864  3465 0001:0003386F  3467 0001:00033879  3468 0001:00033882
  3478 0001:000338AC  3480 0001:000338AF  3484 0001:000338D5  3485 0001:000338DC
  3487 0001:00033911  3490 0001:00033A28  3491 0001:00033A59  3492 0001:00033A63
  3499 0001:00033A75  3500 0001:00033A83  3503 0001:00033AA0  3505 0001:00033AB0
  3506 0001:00033ACA  3507 0001:00033AE4  3508 0001:00033AF9

Line numbers for idplay(AddCommands.inc) segment .text

    17 0001:00033B29    21 0001:00033B5A    28 0001:00033B8B    31 0001:00033BBC
    34 0001:00033BED    37 0001:00033C1E    40 0001:00033C4F    43 0001:00033C80
    46 0001:00033CB1    49 0001:00033CE2    52 0001:00033D13    55 0001:00033D47
    58 0001:00033D7B    61 0001:00033DAC    64 0001:00033DDD    67 0001:00033E0E
    70 0001:00033E3F    74 0001:00033E70    78 0001:00033EA1    81 0001:00033EB9
    87 0001:00033EEA    90 0001:00033F1B    93 0001:00033F4C    96 0001:00033F7D
   101 0001:00033FAE   104 0001:00033FE2   107 0001:00034013   112 0001:00034047
   118 0001:00034078   126 0001:000340AC   129 0001:000340DD   133 0001:0003410E
   137 0001:0003413F   140 0001:00034170   145 0001:000341A1   148 0001:000341D2
   151 0001:00034203   154 0001:00034234   157 0001:00034265   161 0001:00034299
   164 0001:000342CD   167 0001:00034301   170 0001:00034332   174 0001:00034363
   178 0001:00034394   181 0001:000343C5   184 0001:000343F6   188 0001:0003442A
   192 0001:0003445B

Line numbers for idplay(idplay.pas) segment .text

  3515 0001:0003448C  3516 0001:000344CC  3519 0001:00036748  3520 0001:00036759
  3521 0001:00036763  3522 0001:0003676E  3531 0001:00036776  3532 0001:00036782
  3533 0001:0003678F  3534 0001:0003679D  3535 0001:000367AA  3536 0001:000367B7
  3537 0001:000367C4  3538 0001:000367CE  3539 0001:000367D3  3540 0001:000367DE
  3541 0001:000367FA  3543 0001:0003683C  3543 0001:00036843

Line numbers for DPLobbyWrapper(DPLobbyWrapper.pas) segment .text

    47 0001:00036844    63 0001:00036A88    64 0001:00036AAF    65 0001:00036ABD
    66 0001:00036AD8    67 0001:00036AEC    68 0001:00036B04    69 0001:00036B0E
    70 0001:00036B25    71 0001:00036B37    74 0001:00036B52    76 0001:00036B6F
    78 0001:00036B99    80 0001:00036B9C    81 0001:00036BA4    82 0001:00036BAC
    85 0001:00036BE6    89 0001:00036C38    90 0001:00036C41    91 0001:00036C4F
    92 0001:00036C76    93 0001:00036C8A    95 0001:00036CAF    97 0001:00036CB2
    98 0001:00036CBA   101 0001:00036CC7   105 0001:00036CEC   106 0001:00036CF5
   107 0001:00036D03   108 0001:00036D22   109 0001:00036D36   111 0001:00036D5B
   113 0001:00036D5E   114 0001:00036D66   117 0001:00036D73   122 0001:00036D98
   123 0001:00036DA1   124 0001:00036DAF   125 0001:00036DCE   126 0001:00036DE2
   128 0001:00036E07   130 0001:00036E0A   131 0001:00036E12   134 0001:00036E1F
   139 0001:00036E48   140 0001:00036E51   141 0001:00036E5F   142 0001:00036E7A
   143 0001:00036E8E   145 0001:00036EB3   147 0001:00036EB6   148 0001:00036EBE
   151 0001:00036ECB   155 0001:00036EF8   156 0001:00036F01   157 0001:00036F0F
   158 0001:00036F2A   159 0001:00036F3E   161 0001:00036F63   163 0001:00036F66
   164 0001:00036F6E   167 0001:00036F7B   172 0001:00036FA8   173 0001:00036FB1
   174 0001:00036FBF   176 0001:00036FE2   177 0001:00036FF6   179 0001:00036FFC
   180 0001:00037014   181 0001:0003702E   182 0001:00037046   186 0001:00037062
   187 0001:00037076   189 0001:0003709B   191 0001:0003709E   192 0001:000370A6
   195 0001:000370B3   199 0001:00037170   200 0001:0003718E   201 0001:0003719C
   202 0001:000371BB   203 0001:000371CF   204 0001:000371E7   205 0001:00037201
   207 0001:0003721C   208 0001:0003723A   209 0001:00037258   210 0001:00037276
   211 0001:00037294   212 0001:000372B2   213 0001:000372E5   214 0001:00037303
   215 0001:00037321   216 0001:0003733F   218 0001:0003735D   219 0001:00037390
   221 0001:000373C3   222 0001:000373DE   223 0001:000373F9   225 0001:00037414
   226 0001:0003742C   228 0001:00037451   230 0001:00037454   231 0001:0003745C
   234 0001:0003748B   238 0001:000378DC   239 0001:000378E5   240 0001:000378F3
   241 0001:00037912   242 0001:00037926   244 0001:0003792C   245 0001:00037944
   246 0001:0003795C   250 0001:00037976   251 0001:0003798A   253 0001:000379AF
   255 0001:000379B2   256 0001:000379BA   259 0001:000379C7   263 0001:00037A54
   264 0001:00037A5D   265 0001:00037A6B   266 0001:00037A86   267 0001:00037A9A
   269 0001:00037ABF   271 0001:00037AC2   272 0001:00037ACA   275 0001:00037AD7
   279 0001:00037B04   280 0001:00037B0D   281 0001:00037B1B   282 0001:00037B36
   283 0001:00037B4A   285 0001:00037B6F   287 0001:00037B72   288 0001:00037B7A
   291 0001:00037B87   298 0001:00037BB4   299 0001:00037BBD   300 0001:00037BCB
   301 0001:00037BEA   302 0001:00037BFE   304 0001:00037C23   306 0001:00037C26
   307 0001:00037C2E   310 0001:00037C3B   315 0001:00037C6C   316 0001:00037CA0
   317 0001:00037CAE   318 0001:00037CB8   319 0001:00037CC6   321 0001:00037CE3
   322 0001:00037CF7   324 0001:00037D1C   326 0001:00037D1F   327 0001:00037D27
   330 0001:00037D69   332 0001:00037DB8   332 0001:00037DBF

Line numbers for Dplayx_exports(Dplayx_exports.pas) segment .text

   117 0001:00037DC0   118 0001:00037DC4   119 0001:00037DE2   122 0001:00037DE8
   133 0001:00037DEC   135 0001:00037DF5   136 0001:00037DFE   137 0001:00037E06
   138 0001:00037E0F   140 0001:00037E25   141 0001:00037E2C   148 0001:00037E58
   149 0001:00037E61   150 0001:00037E7B   151 0001:00037E89   152 0001:00037E92
   153 0001:00037EA7   154 0001:00037EB0   156 0001:00037EC1   157 0001:00037ED5
   159 0001:00037EFA   161 0001:00037EFD   162 0001:00037F05   165 0001:00037F12
   171 0001:00037F50   172 0001:00037F59   173 0001:00037F73   174 0001:00037F81
   175 0001:00037F8A   176 0001:00037F9F   177 0001:00037FA8   179 0001:00037FB9
   180 0001:00037FCD   182 0001:00037FF2   184 0001:00037FF5   185 0001:00037FFD
   188 0001:0003800A   195 0001:00038050   196 0001:00038059   197 0001:00038073
   198 0001:00038081   199 0001:0003808A   200 0001:0003809F   201 0001:000380A8
   203 0001:000380B9   204 0001:000380CD   206 0001:000380F2   208 0001:000380F5
   209 0001:000380FD   212 0001:0003810A   220 0001:00038150   221 0001:00038173
   222 0001:0003818D   223 0001:0003819B   224 0001:000381A4   225 0001:000381B9
   226 0001:000381C2   227 0001:000381D7   229 0001:000381DD   230 0001:000381F1
   231 0001:00038209   232 0001:00038213   233 0001:00038236   237 0001:00038247
   238 0001:0003825B   239 0001:00038273   240 0001:000382A0   243 0001:000382C5
   245 0001:000382C8   246 0001:000382D0   249 0001:0003830F   257 0001:000383B8
   258 0001:000383D7   259 0001:000383F1   260 0001:000383FF   261 0001:00038408
   262 0001:0003841D   263 0001:00038426   265 0001:00038443   266 0001:00038457
   268 0001:0003847C   270 0001:0003847F   271 0001:00038487   274 0001:000384B1
   283 0001:000384F8   284 0001:0003851B   285 0001:00038535   286 0001:00038543
   287 0001:0003854C   288 0001:00038561   289 0001:0003856A   290 0001:00038587
   292 0001:0003858D   293 0001:000385A1   294 0001:000385B9   298 0001:000385C3
   303 0001:000385E5   304 0001:000385F9   305 0001:00038611   306 0001:0003863E
   309 0001:00038663   311 0001:00038666   312 0001:0003866E   315 0001:000386AD
   326 0001:0003874C   327 0001:00038755   328 0001:00038765   329 0001:00038773
   331 0001:00038778   332 0001:0003878C   334 0001:000387B1   336 0001:000387B4
   337 0001:000387BC   340 0001:000387C9   343 0001:000387EC   344 0001:000387F5
   345 0001:00038805   346 0001:00038813   348 0001:00038818   349 0001:0003882C
   351 0001:00038851   353 0001:00038854   354 0001:0003885C   357 0001:00038869
   363 0001:00038890   365 0001:00038893   367 0001:0003889A   368 0001:000388B3
   401 0001:000388D4   401 0001:00038900   370 0001:00038904   392 0001:00038910
   393 0001:00038919   394 0001:00038923   395 0001:0003892C   397 0001:00038936

Line numbers for TlHelp32(TlHelp32.pas) segment .text

   339 0001:00038938   340 0001:0003893C   342 0001:00038949   343 0001:00038958
   345 0001:00038965   346 0001:0003897A   347 0001:0003898F   348 0001:000389A4
   349 0001:000389B9   350 0001:000389CE   351 0001:000389E3   352 0001:000389F8
   353 0001:00038A0D   354 0001:00038A22   355 0001:00038A37   356 0001:00038A4C
   357 0001:00038A61   358 0001:00038A76   359 0001:00038A8B   360 0001:00038AA0
   363 0001:00038AB5   364 0001:00038AD3   367 0001:00038BF8   368 0001:00038C04
   369 0001:00038C0D   370 0001:00038C20   371 0001:00038C28   452 0001:00038C2C
   453 0001:00038C38   454 0001:00038C41   455 0001:00038C54   456 0001:00038C5C
   459 0001:00038C60   460 0001:00038C6C   461 0001:00038C75   462 0001:00038C88
   463 0001:00038C90   479 0001:00038CC4   479 0001:00038CCB

Line numbers for ErrorLog_ExtraData(plugins\ErrorLog_ExtraData.pas) segment .text

    29 0001:00038CCC    33 0001:00038CD0    36 0001:00038CD4    37 0001:00038CD8
    40 0001:00038CE1    45 0001:00038D05    53 0001:00038D22    54 0001:00038D2A
    69 0001:00038DC8    70 0001:00038E0A    71 0001:00038E18    72 0001:00038E26
    73 0001:00038E4A    74 0001:00038E53    75 0001:00038EA1    78 0001:00038EA8
    79 0001:00038EB4    80 0001:00038EC2    81 0001:00038ECB    82 0001:00038ED9
    84 0001:00038EE2    85 0001:00038EEA   100 0001:00038EF0   101 0001:00038F39
   103 0001:00038F47   104 0001:00038F56   105 0001:00038F60   107 0001:00038F6E
   110 0001:00038F78   111 0001:00038F8A   112 0001:00038F99   113 0001:00038FAA
   115 0001:00038FB8   119 0001:00038FE2   123 0001:0003903F   125 0001:00039051
   127 0001:0003905E   128 0001:00039066   130 0001:00039089   131 0001:00039097
   133 0001:000390AB   138 0001:0003912C   128 0001:0003912F   140 0001:00039138
   141 0001:00039144   143 0001:00039194   147 0001:000391B1   150 0001:000391CF
   152 0001:00039215   156 0001:00039234   157 0001:00039235   159 0001:0003923A
   160 0001:0003923F   161 0001:00039244   164 0001:00039278   164 0001:0003927F

Line numbers for Thread_marshaller(plugins\Thread_marshaller.pas) segment .text

    33 0001:00039280    37 0001:00039284    74 0001:00039288    75 0001:0003928C
    78 0001:00039295    91 0001:000392BB    92 0001:000392C3    99 0001:00039314
    99 0001:0003931B

Line numbers for PauseLock(plugins\PauseLock.pas) segment .text

    39 0001:0003931C    43 0001:00039320    46 0001:00039324    47 0001:00039328
    50 0001:0003933A    55 0001:00039362    67 0001:0003937F    68 0001:00039387
    82 0001:000393C4    83 0001:000393C9    84 0001:000393CC    86 0001:000393CE
    89 0001:000393D4    90 0001:000393D9    94 0001:000393DE    95 0001:000393E3
    96 0001:000393E8    98 0001:0003941C    98 0001:00039423

Line numbers for UnitLimit(plugins\UnitLimit.pas) segment .text

    68 0001:00039424    72 0001:00039428    77 0001:0003942C    78 0001:00039445
    80 0001:0003945F    82 0001:00039469    86 0001:000394AC    90 0001:000394CA
    94 0001:000394E8   101 0001:00039508   102 0001:0003952D   104 0001:000395CC
   104 0001:000395D3

Line numbers for MultiAILimit(plugins\MultiAILimit.pas) segment .text

    32 0001:000395D4    36 0001:000395D8    64 0001:000395F0    65 0001:000395F6
    66 0001:000395FD    67 0001:00039667    68 0001:00039671    72 0001:00039678
    74 0001:0003967F    75 0001:00039680    76 0001:00039681    78 0001:00039682
    81 0001:00039687    82 0001:0003968C    83 0001:00039691    87 0001:00039694
    88 0001:00039698    90 0001:000396AA    94 0001:000396D2    95 0001:000396EC
    99 0001:0003970D   100 0001:00039715   102 0001:000397A4   102 0001:000397AB

Line numbers for COB_extensions(plugins\COB_extensions.pas) segment .text

    51 0001:000397AC    55 0001:000397B0    58 0001:000397B4    59 0001:000397B8
    62 0001:000397CA    67 0001:000397F6    76 0001:00039817    77 0001:0003981F
    86 0001:0003985C    87 0001:00039862    88 0001:00039867    90 0001:00039881
    91 0001:000398C3    94 0001:000398CF    95 0001:000398DF    97 0001:00039904
   101 0001:00039929   105 0001:00039954   106 0001:00039964   110 0001:00039982
   111 0001:00039992   112 0001:000399A2   113 0001:000399BB   117 0001:000399E6
   121 0001:00039A09   122 0001:00039A19   123 0001:00039A29   124 0001:00039A39
   126 0001:00039A46   128 0001:00039A4F   133 0001:00039A59   147 0001:00039A60
   148 0001:00039A66   149 0001:00039A6A   150 0001:00039A6D   152 0001:00039A6E
   153 0001:00039A71   154 0001:00039A74   156 0001:00039A77   157 0001:00039A7A
   158 0001:00039A7C   160 0001:00039A84   164 0001:00039A85   165 0001:00039A86
   166 0001:00039A89   168 0001:00039A8B   169 0001:00039A91   170 0001:00039A95
   171 0001:00039A9B   172 0001:00039AA1   174 0001:00039AA3   175 0001:00039AA5
   177 0001:00039AA7   178 0001:00039AAD   179 0001:00039AAF   181 0001:00039AB1
   182 0001:00039AB6   185 0001:00039ABB   186 0001:00039ABF   187 0001:00039AC0
   188 0001:00039AC4   189 0001:00039AC5   190 0001:00039AC9   191 0001:00039ACA
   192 0001:00039ACE   193 0001:00039ACF   194 0001:00039AD0   196 0001:00039AD1
   199 0001:00039AD6   200 0001:00039AD7   201 0001:00039ADA   202 0001:00039ADD
   204 0001:00039B10   204 0001:00039B17

Line numbers for Plugins(Plugins.pas) segment .text

    28 0001:00039B18    30 0001:00039B1F    32 0001:00039B25    33 0001:00039B2F
    36 0001:00039B39    37 0001:00039B43    38 0001:00039B4D    39 0001:00039B57
    40 0001:00039B61    41 0001:00039B6B    42 0001:00039B75    43 0001:00039B7F
    46 0001:00039B89    47 0001:00039B91    50 0001:00039B94    51 0001:00039B97
    52 0001:00039B9C    54 0001:00039BD0    54 0001:00039BD7

Line numbers for InitCode(InitCode.pas) segment .text

    86 0001:00039BD8    87 0001:00039BDC    88 0001:00039BE3    89 0001:00039BED
    90 0001:00039BFF    92 0001:00039C09    93 0001:00039C20    94 0001:00039C29
    96 0001:00039C39   102 0001:00039C6C   106 0001:00039C90   107 0001:00039C9E
   109 0001:00039CA8   113 0001:00039CAD   117 0001:00039CB8   118 0001:00039CC3
   120 0001:00039CCC   121 0001:00039CE9   123 0001:00039D21   124 0001:00039D2B
   126 0001:00039D5B   127 0001:00039D65   128 0001:00039D85   129 0001:00039DAC
   130 0001:00039DB5   131 0001:00039DC6   132 0001:00039DCF   135 0001:00039DE0
   141 0001:00039DE9   146 0001:00039E14   155 0001:00039E19   157 0001:00039E3C
   159 0001:00039E3F   160 0001:00039E47   163 0001:00039E73   166 0001:00039F4C
   167 0001:00039F4F   168 0001:00039F54   170 0001:00039F59   172 0001:00039F62
   173 0001:00039F6F   176 0001:00039F78   178 0001:00039F82   180 0001:00039FB4
   181 0001:00039FC0   182 0001:00039FCD   183 0001:00039FDA

Line numbers for InitCode_CoreExePatching(InitCode_CoreExePatching.pas) segment .text

    50 0001:00039FDC    51 0001:00039FE4    53 0001:00039FEA    54 0001:00039FF4
    56 0001:00039FFE    71 0001:0003A004    72 0001:0003A00B    73 0001:0003A015
    74 0001:0003A01F    75 0001:0003A02D    77 0001:0003A054    79 0001:0003A057
    80 0001:0003A05F    81 0001:0003A071    84 0001:0003A07B    88 0001:0003A084
    90 0001:0003A089    91 0001:0003A08E    92 0001:0003A08F    94 0001:0003A0C0
    95 0001:0003A0CC    96 0001:0003A0D9   100 0001:0003A0E6   101 0001:0003A0F0
   102 0001:0003A0FA   104 0001:0003A104   105 0001:0003A10E

Line numbers for threadlogging(threadlogging.pas) segment .text

   145 0001:0003A140   145 0001:0003A147

Line numbers for dplayx(F:\TADR_ALWAYS_SVN\trunk\src\Recorder\Dplayx.dpr) segment .text

    51 0001:0003A398    52 0001:0003A3A8

Bound resource files

dplayx.res
dplayx.drf


Program entry point at 0001:0003A398
