
 Start         Length     Name                   Class
 0001:00000000 0005E690H .text                   CODE
 0002:00000000 000017E4H .data                   DATA
 0002:000017E4 00002CC1H .bss                    BSS


Detailed map of segments

 0001:00000000 0000557B C=CODE     S=.text    G=(none)   M=System   ACBP=A9
 0001:0000557C 000001CC C=CODE     S=.text    G=(none)   M=SysInit  ACBP=A9
 0001:00005748 00000038 C=CODE     S=.text    G=(none)   M=Types    ACBP=A9
 0001:00005780 0000044C C=CODE     S=.text    G=(none)   M=Windows  ACBP=A9
 0001:00005BCC 00000038 C=CODE     S=.text    G=(none)   M=Messages ACBP=A9
 0001:00005C04 00000348 C=CODE     S=.text    G=(none)   M=SysConst ACBP=A9
 0001:00005F4C 0000858C C=CODE     S=.text    G=(none)   M=SysUtils ACBP=A9
 0001:0000E4D8 00000887 C=CODE     S=.text    G=(none)   M=VarUtils ACBP=A9
 0001:0000ED60 00002A42 C=CODE     S=.text    G=(none)   M=Variants ACBP=A9
 0001:000117A4 00000128 C=CODE     S=.text    G=(none)   M=RTLConsts ACBP=A9
 0001:000118CC 00000A10 C=CODE     S=.text    G=(none)   M=TypInfo  ACBP=A9
 0001:000122DC 00000038 C=CODE     S=.text    G=(none)   M=ActiveX  ACBP=A9
 0001:00012314 000089F2 C=CODE     S=.text    G=(none)   M=Classes  ACBP=A9
 0001:0001AD08 000003DC C=CODE     S=.text    G=(none)   M=ListsU   ACBP=A9
 0001:0001B0E4 00000050 C=CODE     S=.text    G=(none)   M=MMSystem ACBP=A9
 0001:0001B134 00000420 C=CODE     S=.text    G=(none)   M=SyncObjs ACBP=A9
 0001:0001B554 00001AD4 C=CODE     S=.text    G=(none)   M=GPHugeF  ACBP=A9
 0001:0001D028 00000038 C=CODE     S=.text    G=(none)   M=Consts   ACBP=A9
 0001:0001D060 00000740 C=CODE     S=.text    G=(none)   M=textdata ACBP=A9
 0001:0001D7A0 00000168 C=CODE     S=.text    G=(none)   M=Math     ACBP=A9
 0001:0001D908 000001DC C=CODE     S=.text    G=(none)   M=Contnrs  ACBP=A9
 0001:0001DAE4 00000FA0 C=CODE     S=.text    G=(none)   M=uDebug   ACBP=A9
 0001:0001EA84 00000060 C=CODE     S=.text    G=(none)   M=FreeListU ACBP=A9
 0001:0001EAE4 00000A80 C=CODE     S=.text    G=(none)   M=logging  ACBP=A9
 0001:0001F564 00000040 C=CODE     S=.text    G=(none)   M=SHFolder ACBP=A9
 0001:0001F5A4 00000CA0 C=CODE     S=.text    G=(none)   M=TADemoConsts ACBP=A9
 0001:00020244 00000330 C=CODE     S=.text    G=(none)   M=TextFileU ACBP=A9
 0001:00020574 000019A4 C=CODE     S=.text    G=(none)   M=DPlay    ACBP=A9
 0001:00021F18 00000124 C=CODE     S=.text    G=(none)   M=DPLobby  ACBP=A9
 0001:0002203C 0000061C C=CODE     S=.text    G=(none)   M=CommandHandlerU ACBP=A9
 0001:00022658 00000060 C=CODE     S=.text    G=(none)   M=DateUtils ACBP=A9
 0001:000226B8 000001FC C=CODE     S=.text    G=(none)   M=StopWatch ACBP=A9
 0001:000228B4 000002B8 C=CODE     S=.text    G=(none)   M=ConsoleTimer ACBP=A9
 0001:00022B6C 00000488 C=CODE     S=.text    G=(none)   M=MemMappedDataStructure ACBP=A9
 0001:00022FF4 00000068 C=CODE     S=.text    G=(none)   M=PacketBufferU ACBP=A9
 0001:0002305C 00000388 C=CODE     S=.text    G=(none)   M=log2     ACBP=A9
 0001:000233E4 000008D8 C=CODE     S=.text    G=(none)   M=statslogging ACBP=A9
 0001:00023CBC 000011B0 C=CODE     S=.text    G=(none)   M=IniFiles ACBP=A9
 0001:00024E6C 00000E10 C=CODE     S=.text    G=(none)   M=Registry ACBP=A9
 0001:00025C7C 00001418 C=CODE     S=.text    G=(none)   M=PluginEngine ACBP=A9
 0001:00027094 00000280 C=CODE     S=.text    G=(none)   M=TA_MemoryStructures ACBP=A9
 0001:00027314 000000D8 C=CODE     S=.text    G=(none)   M=TA_FunctionsU ACBP=A9
 0001:000273EC 00000038 C=CODE     S=.text    G=(none)   M=TA_MemoryConstants ACBP=A9
 0001:00027424 00000738 C=CODE     S=.text    G=(none)   M=ExplodeBitmaps ACBP=A9
 0001:00027B5C 00000038 C=CODE     S=.text    G=(none)   M=SynLZ    ACBP=A9
 0001:00027B94 000020DC C=CODE     S=.text    G=(none)   M=SynCommons ACBP=A9
 0001:00029C70 00000038 C=CODE     S=.text    G=(none)   M=TA_NetworkingMessages ACBP=A9
 0001:00029CA8 00002254 C=CODE     S=.text    G=(none)   M=COB_extensions ACBP=A9
 0001:0002BEFC 000057BC C=CODE     S=.text    G=(none)   M=TA_MemoryLocations ACBP=A9
 0001:000316B8 0000041C C=CODE     S=.text    G=(none)   M=ModsList ACBP=A9
 0001:00031AD4 000000B0 C=CODE     S=.text    G=(none)   M=StrUtils ACBP=A9
 0001:00031B84 000014F8 C=CODE     S=.text    G=(none)   M=IniOptions ACBP=A9
 0001:0003307C 000017CC C=CODE     S=.text    G=(none)   M=packet_old ACBP=A9
 0001:00034848 000001EC C=CODE     S=.text    G=(none)   M=PluginCommandHandlerU ACBP=A9
 0001:00034A34 00000258 C=CODE     S=.text    G=(none)   M=InputHook ACBP=A9
 0001:00034C8C 0000028C C=CODE     S=.text    G=(none)   M=LOS_Radar ACBP=A9
 0001:00034F18 000000CC C=CODE     S=.text    G=(none)   M=LOS_MiniMapUnits ACBP=A9
 0001:00034FE4 00000140 C=CODE     S=.text    G=(none)   M=LOS_PlayerSeeUnit ACBP=A9
 0001:00035124 000001B0 C=CODE     S=.text    G=(none)   M=LOS_GUIText ACBP=A9
 0001:000352D4 00000354 C=CODE     S=.text    G=(none)   M=LOS_UpdateTables ACBP=A9
 0001:00035628 0000017C C=CODE     S=.text    G=(none)   M=LOS_AllyPlayer ACBP=A9
 0001:000357A4 00000150 C=CODE     S=.text    G=(none)   M=LOS_extensions ACBP=A9
 0001:000358F4 00000208 C=CODE     S=.text    G=(none)   M=SpeedHack ACBP=A9
 0001:00035AFC 000006FC C=CODE     S=.text    G=(none)   M=DropUnitsWeaponsList ACBP=A9
 0001:000361F8 00000A40 C=CODE     S=.text    G=(none)   M=KeyboardHook ACBP=A9
 0001:00036C38 00016178 C=CODE     S=.text    G=(none)   M=idplay   ACBP=A9
 0001:0004CDB0 000001AC C=CODE     S=.text    G=(none)   M=IdException ACBP=A9
 0001:0004CF5C 000001E8 C=CODE     S=.text    G=(none)   M=IdResourceStrings ACBP=A9
 0001:0004D144 0000117F C=CODE     S=.text    G=(none)   M=IdWinSock2 ACBP=A9
 0001:0004E2C4 00000038 C=CODE     S=.text    G=(none)   M=IdStackConsts ACBP=A9
 0001:0004E2FC 000008C8 C=CODE     S=.text    G=(none)   M=IdStack  ACBP=A9
 0001:0004EBC4 0000145C C=CODE     S=.text    G=(none)   M=IdStackWindows ACBP=A9
 0001:00050020 00000038 C=CODE     S=.text    G=(none)   M=IdURI    ACBP=A9
 0001:00050058 00000750 C=CODE     S=.text    G=(none)   M=IdGlobal ACBP=A9
 0001:000507A8 00000038 C=CODE     S=.text    G=(none)   M=IdMultipartFormData ACBP=A9
 0001:000507E0 00000038 C=CODE     S=.text    G=(none)   M=IdAssignedNumbers ACBP=A9
 0001:00050818 00000ABC C=CODE     S=.text    G=(none)   M=IdHeaderList ACBP=A9
 0001:000512D4 000000FC C=CODE     S=.text    G=(none)   M=IdBaseComponent ACBP=A9
 0001:000513D0 0000026C C=CODE     S=.text    G=(none)   M=IdCoder  ACBP=A9
 0001:0005163C 0000073C C=CODE     S=.text    G=(none)   M=IdCoder3to4 ACBP=A9
 0001:00051D78 000001C7 C=CODE     S=.text    G=(none)   M=IdCoderMIME ACBP=A9
 0001:00051F40 00000984 C=CODE     S=.text    G=(none)   M=IdAuthentication ACBP=A9
 0001:000528C4 00000038 C=CODE     S=.text    G=(none)   M=IdHTTPHeaderInfo ACBP=A9
 0001:000528FC 00000038 C=CODE     S=.text    G=(none)   M=IdAntiFreezeBase ACBP=A9
 0001:00052934 000000BD C=CODE     S=.text    G=(none)   M=IdComponent ACBP=A9
 0001:000529F4 00000038 C=CODE     S=.text    G=(none)   M=IdSocketHandle ACBP=A9
 0001:00052A2C 0000009C C=CODE     S=.text    G=(none)   M=IdSSLOpenSSLHeaders ACBP=A9
 0001:00052AC8 00000038 C=CODE     S=.text    G=(none)   M=IdIOHandler ACBP=A9
 0001:00052B00 00000038 C=CODE     S=.text    G=(none)   M=IdIntercept ACBP=A9
 0001:00052B38 00000038 C=CODE     S=.text    G=(none)   M=IdRFCReply ACBP=A9
 0001:00052B70 00000038 C=CODE     S=.text    G=(none)   M=IdSocks  ACBP=A9
 0001:00052BA8 00000038 C=CODE     S=.text    G=(none)   M=IdTCPStream ACBP=A9
 0001:00052BE0 00000038 C=CODE     S=.text    G=(none)   M=IdStream ACBP=A9
 0001:00052C18 00000038 C=CODE     S=.text    G=(none)   M=IdIOHandlerSocket ACBP=A9
 0001:00052C50 00000038 C=CODE     S=.text    G=(none)   M=IdTCPConnection ACBP=A9
 0001:00052C88 00000038 C=CODE     S=.text    G=(none)   M=IdThread ACBP=A9
 0001:00052CC0 00000038 C=CODE     S=.text    G=(none)   M=IdThreadMgrDefault ACBP=A9
 0001:00052CF8 00000038 C=CODE     S=.text    G=(none)   M=IdServerIOHandler ACBP=A9
 0001:00052D30 00000038 C=CODE     S=.text    G=(none)   M=IdServerIOHandlerSocket ACBP=A9
 0001:00052D68 00000038 C=CODE     S=.text    G=(none)   M=IdStrings ACBP=A9
 0001:00052DA0 00000038 C=CODE     S=.text    G=(none)   M=IdThreadSafe ACBP=A9
 0001:00052DD8 00000038 C=CODE     S=.text    G=(none)   M=IdThreadMgr ACBP=A9
 0001:00052E10 00000038 C=CODE     S=.text    G=(none)   M=IdTCPServer ACBP=A9
 0001:00052E48 0000006C C=CODE     S=.text    G=(none)   M=IdSSLOpenSSL ACBP=A9
 0001:00052EB4 00000038 C=CODE     S=.text    G=(none)   M=IdTCPClient ACBP=A9
 0001:00052EEC 00000148 C=CODE     S=.text    G=(none)   M=IdCookie ACBP=A9
 0001:00053034 00000038 C=CODE     S=.text    G=(none)   M=IdCookieManager ACBP=A9
 0001:0005306C 00000038 C=CODE     S=.text    G=(none)   M=IdAuthenticationManager ACBP=A9
 0001:000530A4 00000068 C=CODE     S=.text    G=(none)   M=IdHTTP   ACBP=A9
 0001:0005310C 000007B8 C=CODE     S=.text    G=(none)   M=TAMemManipulations ACBP=A9
 0001:000538C4 0000138C C=CODE     S=.text    G=(none)   M=PlayerDataU ACBP=A9
 0001:00054C50 0000157C C=CODE     S=.text    G=(none)   M=DPLobbyWrapper ACBP=A9
 0001:000561CC 00000B78 C=CODE     S=.text    G=(none)   M=Dplayx_exports ACBP=A9
 0001:00056D44 00000394 C=CODE     S=.text    G=(none)   M=TlHelp32 ACBP=A9
 0001:000570D8 000005B4 C=CODE     S=.text    G=(none)   M=ErrorLog_ExtraData ACBP=A9
 0001:0005768C 0000009C C=CODE     S=.text    G=(none)   M=Thread_marshaller ACBP=A9
 0001:00057728 00000228 C=CODE     S=.text    G=(none)   M=RegPathFix ACBP=A9
 0001:00057950 00000138 C=CODE     S=.text    G=(none)   M=PauseLock ACBP=A9
 0001:00057A88 000001D8 C=CODE     S=.text    G=(none)   M=UnitLimit ACBP=A9
 0001:00057C60 000001D8 C=CODE     S=.text    G=(none)   M=MultiAILimit ACBP=A9
 0001:00057E38 00000370 C=CODE     S=.text    G=(none)   M=WeaponsExtend ACBP=A9
 0001:000581A8 000005F4 C=CODE     S=.text    G=(none)   M=UnitsExtend ACBP=A9
 0001:0005879C 00000244 C=CODE     S=.text    G=(none)   M=Builders ACBP=A9
 0001:000589E0 00000498 C=CODE     S=.text    G=(none)   M=ScriptCallsExtend ACBP=A9
 0001:00058E78 00000390 C=CODE     S=.text    G=(none)   M=ResurrectPatrol ACBP=A9
 0001:00059208 0000048C C=CODE     S=.text    G=(none)   M=UnitActions ACBP=A9
 0001:00059694 00000548 C=CODE     S=.text    G=(none)   M=WeaponAimNTrajectory ACBP=A9
 0001:00059BDC 00000748 C=CODE     S=.text    G=(none)   M=TAExceptionsLog ACBP=A9
 0001:0005A324 00000514 C=CODE     S=.text    G=(none)   M=Colors   ACBP=A9
 0001:0005A838 0000035C C=CODE     S=.text    G=(none)   M=ClockPosition ACBP=A9
 0001:0005AB94 00002C38 C=CODE     S=.text    G=(none)   M=GUIEnhancements ACBP=A9
 0001:0005D7CC 000001AC C=CODE     S=.text    G=(none)   M=BattlerRoomMemFix ACBP=A9
 0001:0005D978 00000180 C=CODE     S=.text    G=(none)   M=Plugins  ACBP=A9
 0001:0005DAF8 0000051C C=CODE     S=.text    G=(none)   M=InitCode ACBP=A9
 0001:0005E014 00000134 C=CODE     S=.text    G=(none)   M=InitCode_CoreExePatching ACBP=A9
 0001:0005E148 00000038 C=CODE     S=.text    G=(none)   M=threadlogging ACBP=A9
 0001:0005E180 00000038 C=CODE     S=.text    G=(none)   M=StartBuilding ACBP=A9
 0001:0005E1B8 00000038 C=CODE     S=.text    G=(none)   M=KillDamage ACBP=A9
 0001:0005E1F0 0000049D C=CODE     S=.text    G=(none)   M=dplayx   ACBP=A9
 0002:00000000 000000A4 C=DATA     S=.data    G=DGROUP   M=System   ACBP=A9
 0002:000000A4 00000030 C=DATA     S=.data    G=DGROUP   M=SysInit  ACBP=A9
 0002:000000D4 00000250 C=DATA     S=.data    G=DGROUP   M=SysUtils ACBP=A9
 0002:00000324 00000008 C=DATA     S=.data    G=DGROUP   M=VarUtils ACBP=A9
 0002:0000032C 0000008E C=DATA     S=.data    G=DGROUP   M=Variants ACBP=A9
 0002:000003BC 0000000C C=DATA     S=.data    G=DGROUP   M=TypInfo  ACBP=A9
 0002:000003C8 00000094 C=DATA     S=.data    G=DGROUP   M=Classes  ACBP=A9
 0002:0000045C 00000020 C=DATA     S=.data    G=DGROUP   M=GPHugeF  ACBP=A9
 0002:0000047C 00000400 C=DATA     S=.data    G=DGROUP   M=textdata ACBP=A9
 0002:0000087C 00000004 C=DATA     S=.data    G=DGROUP   M=uDebug   ACBP=A9
 0002:00000880 00000004 C=DATA     S=.data    G=DGROUP   M=logging  ACBP=A9
 0002:00000884 00000049 C=DATA     S=.data    G=DGROUP   M=TADemoConsts ACBP=A9
 0002:000008D0 00000020 C=DATA     S=.data    G=DGROUP   M=DPlay    ACBP=A9
 0002:000008F0 00000010 C=DATA     S=.data    G=DGROUP   M=DPLobby  ACBP=A9
 0002:00000900 0000003C C=DATA     S=.data    G=DGROUP   M=MemMappedDataStructure ACBP=A9
 0002:0000093C 00000008 C=DATA     S=.data    G=DGROUP   M=IniFiles ACBP=A9
 0002:00000944 00000008 C=DATA     S=.data    G=DGROUP   M=Registry ACBP=A9
 0002:0000094C 00000014 C=DATA     S=.data    G=DGROUP   M=TA_MemoryStructures ACBP=A9
 0002:00000960 000000F0 C=DATA     S=.data    G=DGROUP   M=TA_FunctionsU ACBP=A9
 0002:00000A50 00000040 C=DATA     S=.data    G=DGROUP   M=ExplodeBitmaps ACBP=A9
 0002:00000A90 00000099 C=DATA     S=.data    G=DGROUP   M=SynCommons ACBP=A9
 0002:00000B2C 00000001 C=DATA     S=.data    G=DGROUP   M=COB_extensions ACBP=A9
 0002:00000B30 00000007 C=DATA     S=.data    G=DGROUP   M=TA_MemoryLocations ACBP=A9
 0002:00000B38 00000001 C=DATA     S=.data    G=DGROUP   M=IniOptions ACBP=A9
 0002:00000B3C 00000005 C=DATA     S=.data    G=DGROUP   M=packet_old ACBP=A9
 0002:00000B44 0000000A C=DATA     S=.data    G=DGROUP   M=SpeedHack ACBP=A9
 0002:00000B50 00000001 C=DATA     S=.data    G=DGROUP   M=KeyboardHook ACBP=A9
 0002:00000B54 00000008 C=DATA     S=.data    G=DGROUP   M=idplay   ACBP=A9
 0002:00000B5C 00000544 C=DATA     S=.data    G=DGROUP   M=IdWinSock2 ACBP=A9
 0002:000010A0 00000008 C=DATA     S=.data    G=DGROUP   M=IdStack  ACBP=A9
 0002:000010A8 00000001 C=DATA     S=.data    G=DGROUP   M=IdStackWindows ACBP=A9
 0002:000010AC 0000009C C=DATA     S=.data    G=DGROUP   M=IdGlobal ACBP=A9
 0002:00001148 00000004 C=DATA     S=.data    G=DGROUP   M=IdCoderMIME ACBP=A9
 0002:0000114C 00000004 C=DATA     S=.data    G=DGROUP   M=IdAuthentication ACBP=A9
 0002:00001150 00000024 C=DATA     S=.data    G=DGROUP   M=IdComponent ACBP=A9
 0002:00001174 0000000C C=DATA     S=.data    G=DGROUP   M=IdSSLOpenSSLHeaders ACBP=A9
 0002:00001180 0000004C C=DATA     S=.data    G=DGROUP   M=IdCookie ACBP=A9
 0002:000011CC 00000008 C=DATA     S=.data    G=DGROUP   M=IdHTTP   ACBP=A9
 0002:000011D4 00000004 C=DATA     S=.data    G=DGROUP   M=Dplayx_exports ACBP=A9
 0002:000011D8 00000001 C=DATA     S=.data    G=DGROUP   M=RegPathFix ACBP=A9
 0002:000011DC 00000008 C=DATA     S=.data    G=DGROUP   M=PauseLock ACBP=A9
 0002:000011E4 00000005 C=DATA     S=.data    G=DGROUP   M=UnitLimit ACBP=A9
 0002:000011EC 00000008 C=DATA     S=.data    G=DGROUP   M=MultiAILimit ACBP=A9
 0002:000011F4 00000014 C=DATA     S=.data    G=DGROUP   M=WeaponsExtend ACBP=A9
 0002:00001208 00000020 C=DATA     S=.data    G=DGROUP   M=UnitsExtend ACBP=A9
 0002:00001228 00000001 C=DATA     S=.data    G=DGROUP   M=Builders ACBP=A9
 0002:0000122C 00000001 C=DATA     S=.data    G=DGROUP   M=ScriptCallsExtend ACBP=A9
 0002:00001230 00000001 C=DATA     S=.data    G=DGROUP   M=ResurrectPatrol ACBP=A9
 0002:00001234 00000001 C=DATA     S=.data    G=DGROUP   M=UnitActions ACBP=A9
 0002:00001238 00000001 C=DATA     S=.data    G=DGROUP   M=WeaponAimNTrajectory ACBP=A9
 0002:0000123C 00000001 C=DATA     S=.data    G=DGROUP   M=TAExceptionsLog ACBP=A9
 0002:00001240 00000001 C=DATA     S=.data    G=DGROUP   M=Colors   ACBP=A9
 0002:00001244 00000001 C=DATA     S=.data    G=DGROUP   M=ClockPosition ACBP=A9
 0002:00001248 0000001C C=DATA     S=.data    G=DGROUP   M=GUIEnhancements ACBP=A9
 0002:00001264 00000001 C=DATA     S=.data    G=DGROUP   M=BattlerRoomMemFix ACBP=A9
 0002:00002000 0000065C C=BSS      S=.bss     G=DGROUP   M=System   ACBP=A9
 0002:0000265C 00000014 C=BSS      S=.bss     G=DGROUP   M=SysInit  ACBP=A9
 0002:00002670 00000004 C=BSS      S=.bss     G=DGROUP   M=Types    ACBP=A9
 0002:00002674 00000004 C=BSS      S=.bss     G=DGROUP   M=Windows  ACBP=A9
 0002:00002678 00000004 C=BSS      S=.bss     G=DGROUP   M=Messages ACBP=A9
 0002:0000267C 00000004 C=BSS      S=.bss     G=DGROUP   M=SysConst ACBP=A9
 0002:00002680 00000120 C=BSS      S=.bss     G=DGROUP   M=SysUtils ACBP=A9
 0002:000027A0 0000005C C=BSS      S=.bss     G=DGROUP   M=VarUtils ACBP=A9
 0002:000027FC 00000040 C=BSS      S=.bss     G=DGROUP   M=Variants ACBP=A9
 0002:0000283C 00000004 C=BSS      S=.bss     G=DGROUP   M=RTLConsts ACBP=A9
 0002:00002840 00000004 C=BSS      S=.bss     G=DGROUP   M=TypInfo  ACBP=A9
 0002:00002844 00000004 C=BSS      S=.bss     G=DGROUP   M=ActiveX  ACBP=A9
 0002:00002848 00000038 C=BSS      S=.bss     G=DGROUP   M=Classes  ACBP=A9
 0002:00002880 00000004 C=BSS      S=.bss     G=DGROUP   M=ListsU   ACBP=A9
 0002:00002884 00000004 C=BSS      S=.bss     G=DGROUP   M=MMSystem ACBP=A9
 0002:00002888 00000004 C=BSS      S=.bss     G=DGROUP   M=SyncObjs ACBP=A9
 0002:0000288C 00000004 C=BSS      S=.bss     G=DGROUP   M=GPHugeF  ACBP=A9
 0002:00002890 00000004 C=BSS      S=.bss     G=DGROUP   M=Consts   ACBP=A9
 0002:00002894 00000004 C=BSS      S=.bss     G=DGROUP   M=textdata ACBP=A9
 0002:00002898 00000004 C=BSS      S=.bss     G=DGROUP   M=Math     ACBP=A9
 0002:0000289C 00000004 C=BSS      S=.bss     G=DGROUP   M=Contnrs  ACBP=A9
 0002:000028A0 00000014 C=BSS      S=.bss     G=DGROUP   M=uDebug   ACBP=A9
 0002:000028B4 00000008 C=BSS      S=.bss     G=DGROUP   M=FreeListU ACBP=A9
 0002:000028BC 0000000C C=BSS      S=.bss     G=DGROUP   M=logging  ACBP=A9
 0002:000028C8 00000004 C=BSS      S=.bss     G=DGROUP   M=SHFolder ACBP=A9
 0002:000028CC 00000018 C=BSS      S=.bss     G=DGROUP   M=TADemoConsts ACBP=A9
 0002:000028E4 00000004 C=BSS      S=.bss     G=DGROUP   M=TextFileU ACBP=A9
 0002:000028E8 00000004 C=BSS      S=.bss     G=DGROUP   M=DPlay    ACBP=A9
 0002:000028EC 00000004 C=BSS      S=.bss     G=DGROUP   M=DPLobby  ACBP=A9
 0002:000028F0 00000004 C=BSS      S=.bss     G=DGROUP   M=CommandHandlerU ACBP=A9
 0002:000028F4 00000004 C=BSS      S=.bss     G=DGROUP   M=DateUtils ACBP=A9
 0002:000028F8 00000004 C=BSS      S=.bss     G=DGROUP   M=StopWatch ACBP=A9
 0002:000028FC 00000004 C=BSS      S=.bss     G=DGROUP   M=ConsoleTimer ACBP=A9
 0002:00002900 00000004 C=BSS      S=.bss     G=DGROUP   M=MemMappedDataStructure ACBP=A9
 0002:00002904 00000004 C=BSS      S=.bss     G=DGROUP   M=PacketBufferU ACBP=A9
 0002:00002908 00000004 C=BSS      S=.bss     G=DGROUP   M=log2     ACBP=A9
 0002:0000290C 00000004 C=BSS      S=.bss     G=DGROUP   M=statslogging ACBP=A9
 0002:00002910 00000004 C=BSS      S=.bss     G=DGROUP   M=IniFiles ACBP=A9
 0002:00002914 00000004 C=BSS      S=.bss     G=DGROUP   M=Registry ACBP=A9
 0002:00002918 00000008 C=BSS      S=.bss     G=DGROUP   M=PluginEngine ACBP=A9
 0002:00002920 0000171C C=BSS      S=.bss     G=DGROUP   M=TA_MemoryStructures ACBP=A9
 0002:0000403C 00000004 C=BSS      S=.bss     G=DGROUP   M=TA_FunctionsU ACBP=A9
 0002:00004040 00000004 C=BSS      S=.bss     G=DGROUP   M=TA_MemoryConstants ACBP=A9
 0002:00004044 00000008 C=BSS      S=.bss     G=DGROUP   M=ExplodeBitmaps ACBP=A9
 0002:0000404C 00000004 C=BSS      S=.bss     G=DGROUP   M=SynLZ    ACBP=A9
 0002:00004050 000005C0 C=BSS      S=.bss     G=DGROUP   M=SynCommons ACBP=A9
 0002:00004610 00000004 C=BSS      S=.bss     G=DGROUP   M=TA_NetworkingMessages ACBP=A9
 0002:00004614 00000094 C=BSS      S=.bss     G=DGROUP   M=COB_extensions ACBP=A9
 0002:000046A8 0000000E C=BSS      S=.bss     G=DGROUP   M=TA_MemoryLocations ACBP=A9
 0002:000046B8 00000004 C=BSS      S=.bss     G=DGROUP   M=ModsList ACBP=A9
 0002:000046BC 00000004 C=BSS      S=.bss     G=DGROUP   M=StrUtils ACBP=A9
 0002:000046C0 000000EC C=BSS      S=.bss     G=DGROUP   M=IniOptions ACBP=A9
 0002:000047AC 00000004 C=BSS      S=.bss     G=DGROUP   M=packet_old ACBP=A9
 0002:000047B0 00000004 C=BSS      S=.bss     G=DGROUP   M=PluginCommandHandlerU ACBP=A9
 0002:000047B4 00000008 C=BSS      S=.bss     G=DGROUP   M=InputHook ACBP=A9
 0002:000047BC 00000014 C=BSS      S=.bss     G=DGROUP   M=LOS_Radar ACBP=A9
 0002:000047D0 00000004 C=BSS      S=.bss     G=DGROUP   M=LOS_MiniMapUnits ACBP=A9
 0002:000047D4 00000014 C=BSS      S=.bss     G=DGROUP   M=LOS_PlayerSeeUnit ACBP=A9
 0002:000047E8 00000004 C=BSS      S=.bss     G=DGROUP   M=LOS_GUIText ACBP=A9
 0002:000047EC 00000010 C=BSS      S=.bss     G=DGROUP   M=LOS_UpdateTables ACBP=A9
 0002:000047FC 00000008 C=BSS      S=.bss     G=DGROUP   M=LOS_AllyPlayer ACBP=A9
 0002:00004804 00000008 C=BSS      S=.bss     G=DGROUP   M=LOS_extensions ACBP=A9
 0002:0000480C 00000004 C=BSS      S=.bss     G=DGROUP   M=SpeedHack ACBP=A9
 0002:00004810 00000004 C=BSS      S=.bss     G=DGROUP   M=DropUnitsWeaponsList ACBP=A9
 0002:00004814 00000010 C=BSS      S=.bss     G=DGROUP   M=KeyboardHook ACBP=A9
 0002:00004824 00000010 C=BSS      S=.bss     G=DGROUP   M=idplay   ACBP=A9
 0002:00004834 00000004 C=BSS      S=.bss     G=DGROUP   M=IdException ACBP=A9
 0002:00004838 00000004 C=BSS      S=.bss     G=DGROUP   M=IdResourceStrings ACBP=A9
 0002:0000483C 000001C8 C=BSS      S=.bss     G=DGROUP   M=IdWinSock2 ACBP=A9
 0002:00004A04 00000004 C=BSS      S=.bss     G=DGROUP   M=IdStackConsts ACBP=A9
 0002:00004A08 00000008 C=BSS      S=.bss     G=DGROUP   M=IdStack  ACBP=A9
 0002:00004A10 00000004 C=BSS      S=.bss     G=DGROUP   M=IdStackWindows ACBP=A9
 0002:00004A14 00000004 C=BSS      S=.bss     G=DGROUP   M=IdURI    ACBP=A9
 0002:00004A18 00000014 C=BSS      S=.bss     G=DGROUP   M=IdGlobal ACBP=A9
 0002:00004A2C 00000004 C=BSS      S=.bss     G=DGROUP   M=IdMultipartFormData ACBP=A9
 0002:00004A30 00000004 C=BSS      S=.bss     G=DGROUP   M=IdAssignedNumbers ACBP=A9
 0002:00004A34 00000004 C=BSS      S=.bss     G=DGROUP   M=IdHeaderList ACBP=A9
 0002:00004A38 00000004 C=BSS      S=.bss     G=DGROUP   M=IdBaseComponent ACBP=A9
 0002:00004A3C 00000004 C=BSS      S=.bss     G=DGROUP   M=IdCoder  ACBP=A9
 0002:00004A40 00000004 C=BSS      S=.bss     G=DGROUP   M=IdCoder3to4 ACBP=A9
 0002:00004A44 00000084 C=BSS      S=.bss     G=DGROUP   M=IdCoderMIME ACBP=A9
 0002:00004AC8 00000004 C=BSS      S=.bss     G=DGROUP   M=IdAuthentication ACBP=A9
 0002:00004ACC 00000004 C=BSS      S=.bss     G=DGROUP   M=IdHTTPHeaderInfo ACBP=A9
 0002:00004AD0 00000004 C=BSS      S=.bss     G=DGROUP   M=IdAntiFreezeBase ACBP=A9
 0002:00004AD4 00000008 C=BSS      S=.bss     G=DGROUP   M=IdComponent ACBP=A9
 0002:00004ADC 00000004 C=BSS      S=.bss     G=DGROUP   M=IdSocketHandle ACBP=A9
 0002:00004AE0 00000004 C=BSS      S=.bss     G=DGROUP   M=IdSSLOpenSSLHeaders ACBP=A9
 0002:00004AE4 00000004 C=BSS      S=.bss     G=DGROUP   M=IdIOHandler ACBP=A9
 0002:00004AE8 00000004 C=BSS      S=.bss     G=DGROUP   M=IdIntercept ACBP=A9
 0002:00004AEC 00000004 C=BSS      S=.bss     G=DGROUP   M=IdRFCReply ACBP=A9
 0002:00004AF0 00000004 C=BSS      S=.bss     G=DGROUP   M=IdSocks  ACBP=A9
 0002:00004AF4 00000004 C=BSS      S=.bss     G=DGROUP   M=IdTCPStream ACBP=A9
 0002:00004AF8 00000004 C=BSS      S=.bss     G=DGROUP   M=IdStream ACBP=A9
 0002:00004AFC 00000004 C=BSS      S=.bss     G=DGROUP   M=IdIOHandlerSocket ACBP=A9
 0002:00004B00 00000004 C=BSS      S=.bss     G=DGROUP   M=IdTCPConnection ACBP=A9
 0002:00004B04 00000004 C=BSS      S=.bss     G=DGROUP   M=IdThread ACBP=A9
 0002:00004B08 00000004 C=BSS      S=.bss     G=DGROUP   M=IdThreadMgrDefault ACBP=A9
 0002:00004B0C 00000004 C=BSS      S=.bss     G=DGROUP   M=IdServerIOHandler ACBP=A9
 0002:00004B10 00000004 C=BSS      S=.bss     G=DGROUP   M=IdServerIOHandlerSocket ACBP=A9
 0002:00004B14 00000004 C=BSS      S=.bss     G=DGROUP   M=IdStrings ACBP=A9
 0002:00004B18 00000004 C=BSS      S=.bss     G=DGROUP   M=IdThreadSafe ACBP=A9
 0002:00004B1C 00000004 C=BSS      S=.bss     G=DGROUP   M=IdThreadMgr ACBP=A9
 0002:00004B20 00000004 C=BSS      S=.bss     G=DGROUP   M=IdTCPServer ACBP=A9
 0002:00004B24 00000010 C=BSS      S=.bss     G=DGROUP   M=IdSSLOpenSSL ACBP=A9
 0002:00004B34 00000004 C=BSS      S=.bss     G=DGROUP   M=IdTCPClient ACBP=A9
 0002:00004B38 00000004 C=BSS      S=.bss     G=DGROUP   M=IdCookie ACBP=A9
 0002:00004B3C 00000004 C=BSS      S=.bss     G=DGROUP   M=IdCookieManager ACBP=A9
 0002:00004B40 00000004 C=BSS      S=.bss     G=DGROUP   M=IdAuthenticationManager ACBP=A9
 0002:00004B44 00000004 C=BSS      S=.bss     G=DGROUP   M=IdHTTP   ACBP=A9
 0002:00004B48 00000005 C=BSS      S=.bss     G=DGROUP   M=TAMemManipulations ACBP=A9
 0002:00004B50 00000004 C=BSS      S=.bss     G=DGROUP   M=PlayerDataU ACBP=A9
 0002:00004B54 00000004 C=BSS      S=.bss     G=DGROUP   M=DPLobbyWrapper ACBP=A9
 0002:00004B58 00000028 C=BSS      S=.bss     G=DGROUP   M=Dplayx_exports ACBP=A9
 0002:00004B80 00000048 C=BSS      S=.bss     G=DGROUP   M=TlHelp32 ACBP=A9
 0002:00004BC8 00000004 C=BSS      S=.bss     G=DGROUP   M=ErrorLog_ExtraData ACBP=A9
 0002:00004BCC 00000004 C=BSS      S=.bss     G=DGROUP   M=Thread_marshaller ACBP=A9
 0002:00004BD0 00000008 C=BSS      S=.bss     G=DGROUP   M=RegPathFix ACBP=A9
 0002:00004BD8 00000004 C=BSS      S=.bss     G=DGROUP   M=PauseLock ACBP=A9
 0002:00004BDC 00000004 C=BSS      S=.bss     G=DGROUP   M=UnitLimit ACBP=A9
 0002:00004BE0 00000004 C=BSS      S=.bss     G=DGROUP   M=MultiAILimit ACBP=A9
 0002:00004BE4 00000048 C=BSS      S=.bss     G=DGROUP   M=WeaponsExtend ACBP=A9
 0002:00004C2C 00000008 C=BSS      S=.bss     G=DGROUP   M=UnitsExtend ACBP=A9
 0002:00004C34 00000008 C=BSS      S=.bss     G=DGROUP   M=Builders ACBP=A9
 0002:00004C3C 0000000C C=BSS      S=.bss     G=DGROUP   M=ScriptCallsExtend ACBP=A9
 0002:00004C48 00000014 C=BSS      S=.bss     G=DGROUP   M=ResurrectPatrol ACBP=A9
 0002:00004C5C 00000008 C=BSS      S=.bss     G=DGROUP   M=UnitActions ACBP=A9
 0002:00004C64 00000008 C=BSS      S=.bss     G=DGROUP   M=WeaponAimNTrajectory ACBP=A9
 0002:00004C6C 00000008 C=BSS      S=.bss     G=DGROUP   M=TAExceptionsLog ACBP=A9
 0002:00004C74 00000008 C=BSS      S=.bss     G=DGROUP   M=Colors   ACBP=A9
 0002:00004C7C 00000008 C=BSS      S=.bss     G=DGROUP   M=ClockPosition ACBP=A9
 0002:00004C84 00000008 C=BSS      S=.bss     G=DGROUP   M=GUIEnhancements ACBP=A9
 0002:00004C8C 00000008 C=BSS      S=.bss     G=DGROUP   M=BattlerRoomMemFix ACBP=A9
 0002:00004C94 00000004 C=BSS      S=.bss     G=DGROUP   M=Plugins  ACBP=A9
 0002:00004C98 00000008 C=BSS      S=.bss     G=DGROUP   M=InitCode ACBP=A9
 0002:00004CA0 00000014 C=BSS      S=.bss     G=DGROUP   M=InitCode_CoreExePatching ACBP=A9
 0002:00004CB4 00000004 C=BSS      S=.bss     G=DGROUP   M=threadlogging ACBP=A9
 0002:00004CB8 00000004 C=BSS      S=.bss     G=DGROUP   M=StartBuilding ACBP=A9
 0002:00004CBC 00000004 C=BSS      S=.bss     G=DGROUP   M=KillDamage ACBP=A9


  Address         Publics by Name

 0002:00004800       .1
 0002:000047F8       .1
 0002:000047E8       .1
 0002:00004CBC       .1
 0002:00004A30       .1
 0002:000047CC       .1
 0002:000047E4       .1
 0002:00004B14       .1
 0002:00004808       .1
 0002:000047B8       .1
 0002:00004C94       .1
 0002:00004B64       .1
 0002:000047A4       .1
 0002:000046BC       .1
 0002:000047D0       .1
 0002:00004CB8       .1
 0002:000046B8       .1
 0002:00004C8C       .1
 0002:00002670       .1
 0002:00004C84       .1
 0002:00004CB4       .1
 0002:0000267C       .1
 0002:00004CA0       .1
 0002:00002890       .1
 0002:00002894       .1
 0002:0000480C       .1
 0002:00004C7C       .1
 0002:000046A4       .1
 0002:000028B0       .1
 0002:00004C74       .1
 0002:00002668       .1
 0002:00004C6C       .1
 0002:000028B8       .1
 0002:00004C64       .1
 0002:00004610       .1
 0002:000028C8       .1
 0002:00004C5C       .1
 0002:0000404C       .1
 0002:0000283C       .1
 0002:000028E8       .1
 0002:00004C48       .1
 0002:000028EC       .1
 0002:00002678       .1
 0002:00004044       .1
 0002:000028F4       .1
 0002:00004C3C       .1
 0002:00004040       .1
 0002:0000403C       .1
 0002:00002900       .1
 0002:00004838       .1
 0002:00004C34       .1
 0002:00004C2C       .1
 0002:00004BE4       .1
 0002:00004AE0       .1
 0002:00004B80       .1
 0002:00004820       .1
 0002:00004BC8       .1
 0002:00004A04       .1
 0002:00004BE0       .1
 0002:00004BDC       .1
 0002:00004BD8       .1
 0002:00004BD0       .1
 0002:00004BCC       .1
 0002:00004B20       .11
 0002:00004A20       .11
 0002:00002908       .2
 0002:000028FC       .2
 0002:000028F8       .2
 0002:00004C98       .2
 0002:000028E4       .2
 0002:000028D0       .2
 0002:00004AE4       .2
 0002:000028C4       .2
 0002:00004810       .2
 0002:00004B3C       .2
 0002:00002898       .2
 0002:00004A38       .2
 0002:00004AF4       .2
 0002:00004B34       .2
 0002:000047AC       .2
 0002:00004AF0       .2
 0002:00004A34       .2
 0002:00004B54       .2
 0002:00004AFC       .2
 0002:00004B10       .2
 0002:00004B0C       .2
 0002:00004B08       .2
 0002:0000290C       .2
 0002:00004AD0       .2
 0002:0000289C       .21
 0002:00004B24       .22
 0002:00004AF8       .3
 0002:00004AEC       .3
 0002:00004B48       .3
 0002:000047B0       .3
 0002:00004A14       .3
 0002:00004AD4       .3
 0002:00002904       .3
 0002:000028F0       .3
 0002:000049FC       .3
 0002:00004AC4       .3
 0002:00004A40       .3
 0002:00004A3C       .3
 0002:00002674       .3
 0002:00002844       .3
 0002:00004A10       .3
 0002:00004B00       .31
 0002:00002790       .35
 0002:00004B1C       .4
 0002:00004038       .4
 0002:00004B40       .4
 0002:00004B50       .4
 0002:00004AC8       .4
 0002:00004AE8       .4
 0002:00002850       .45
 0002:000027F8       .5
 0002:000025B4       .5
 0002:00004ACC       .5
 0002:000046B0       .5
 0002:00004B04       .5
 0002:00004A2C       .5
 0002:0000288C       .5
 0002:00002914       .5
 0002:00004830       .6
 0002:00002918       .6
 0002:00002840       .6
 0002:00004A0C       .6
 0002:00002888       .6
 0002:00004834       .64
 0002:00004544       .66
 0002:00004B18       .7
 0002:00002884       .7
 0002:00004B44       .8
 0002:00002910       .8
 0002:0000281C       .81
 0002:00004ADC       .9
 0002:00002880       .9
 0002:00004B38       .9
 0001:00001B70       @AbstractError
 0001:00002D14       @AfterConstruction
 0001:00002B60       @AsClass
 0001:0000374C       @Assert
 0001:00001E54       @Assign
 0001:00001FCC       @AStrCmp
 0001:00002D24       @BeforeDestruction
 0001:000028E8       @BoundErr
 0001:00002BAC       @CallDynaInst
 0001:00002CBC       @ClassCreate
 0001:00002D0C       @ClassDestroy
 0001:00001F1C       @Close
 0001:000018CC       @Copy
 0001:00004490       @CopyArray
 0001:00004374       @CopyRecord
 0001:00001AE4       @COS
 0001:00004584       @DispCallByIDError
 0001:0000F800       @DispInvokeError
 0001:000031A0       @DoneExcept
 0001:0000488C       @DynArrayAsg
 0001:00004850       @DynArrayClear
 0001:00004690       @DynArrayHigh
 0001:00004688       @DynArrayLength
 0001:00004844       @DynArraySetLength
 0001:0000203C       @EofText
 0001:00003288       @ExceptionHandler
 0001:00001AF4       @EXP
 0001:00002074       @FillChar
 0001:00004350       @Finalize
 0001:00004264       @FinalizeArray
 0001:00004218       @FinalizeRecord
 0001:00001F10       @Flush
 0001:000028DC       @FpuInit
 0001:00002818       @FpuMaskInit
 0001:00001B1C       @FRAC
 0001:00001754       @FreeMem
 0001:00001734       @GetMem
 0001:0000567C       @GetTls
 0001:00003734       @Halt
 0001:0000365C       @Halt0
 0001:00002E38       @HandleAnyException
 0001:000030EC       @HandleFinally
 0001:00002F64       @HandleOnException
 0001:00004184       @InitializeArray
 0001:00004154       @InitializeRecord
 0001:00003520       @InitImports
 0001:000056C8       @InitLib
 0001:000034F8       @InitResStringImports
 0001:00004F38       @IntfAddRef
 0001:00004EF4       @IntfClear
 0001:00004F0C       @IntfCopy
 0001:000028F0       @IntOver
 0001:00002B3C       @IsClass
 0001:000027E8       @isNECWindows
 0001:00003CA0       @LStrAddRef
 0001:00003814       @LStrArrayClr
 0001:00003844       @LStrAsg
 0001:00003AB8       @LStrCat
 0001:00003AFC       @LStrCat3
 0001:00003B70       @LStrCatN
 0001:000037F0       @LStrClr
 0001:00003BFC       @LStrCmp
 0001:00003D10       @LStrCopy
 0001:00003D50       @LStrDelete
 0001:00003A60       @LStrFromArray
 0001:000039D8       @LStrFromChar
 0001:000039E8       @LStrFromPChar
 0001:000038E0       @LStrFromPCharLen
 0001:00003A18       @LStrFromPWChar
 0001:0000394C       @LStrFromPWCharLen
 0001:00003A54       @LStrFromString
 0001:00003A78       @LStrFromWStr
 0001:00003888       @LStrLAsg
 0001:00003AB0       @LStrLen
 0001:00003E44       @LStrOfChar
 0001:00003D98       @LStrPos
 0001:00003DE0       @LStrSetLength
 0001:00003CB0       @LStrToPChar
 0001:00003A8C       @LStrToString
 0001:000038B4       @NewAnsiString
 0001:00003EA0       @NewWideString
 0001:000024FC       @Pow10
 0001:00001FA4       @PStrCpy
 0001:00001F74       @PStrNCat
 0001:00001FB0       @PStrNCpy
 0001:0000314C       @RaiseAgain
 0001:00003124       @RaiseExcept
 0001:00002094       @RandInt
 0001:000020EC       @ReadChar
 0001:00002250       @ReadLn
 0001:000021E4       @ReadLString
 0001:000021D8       @ReadString
 0001:00001774       @ReallocMem
 0001:00001BE4       @ResetText
 0001:00001BF0       @RewritText
 0001:00001B40       @ROUND
 0001:00003740       @RunError
 0001:000024D4       @SetEq
 0001:000024E8       @SetUnion
 0001:00001B0C       @SIN
 0001:00003430       @StartLib
 0001:00000304       @strlen
 0001:00001B4C       @TRUNC
 0001:000031D0       @TryFinallyExit
 0001:00003D08       @UniqueStringA
 0001:00002280       @ValLong
 0001:00010EF8       @VarAddRef
 0001:0000FAEC       @VarClear
 0001:0000FB00       @VarClr
 0001:0000424C       @VarClr
 0001:0000435C       @VarCopy
 0001:0000FE14       @VarCopy
 0001:00010E30       @VarFromBool
 0001:00010E80       @VarFromCurr
 0001:00010DC8       @VarFromInt
 0001:00010E04       @VarFromInt64
 0001:00010E94       @VarFromLStr
 0001:00010E58       @VarFromReal
 0001:00010E6C       @VarFromTDateTime
 0001:00010EC0       @VarFromWStr
 0001:0000F854       @VarNull
 0001:00010140       @VarToLStr
 0001:00010868       @VarToWStr
 0001:00003E70       @Write0LString
 0001:00002398       @WriteBytes
 0001:00002468       @WriteLn
 0001:00003E78       @WriteLString
 0001:000023EC       @WriteSpaces
 0001:00003EE0       @WStrArrayClr
 0001:00003F04       @WStrAsg
 0001:00003EC8       @WStrClr
 0001:00004040       @WStrCmp
 0001:000040C4       @WStrCopy
 0001:00004014       @WStrFromLStr
 0001:00003F28       @WStrFromPCharLen
 0001:00003FD8       @WStrFromPWChar
 0001:00003FB4       @WStrFromPWCharLen
 0001:00004034       @WStrLen
 0001:00004110       @WStrSetLength
 0001:00004024       @WStrToPWChar
 0001:000024B0       @_CLenToPasStr
 0001:0000189C       @_IOTest
 0001:000045D4       @_lldiv
 0001:00004650       @_lldivo
 0001:0000458C       @_llmul
 0001:000045B0       @_llmulo
 0001:0000BF6C       AbstractErrorHandler
 0002:00002028       AbstractErrorProc
 0002:00004840       accept
 0002:000049F0       AcceptEx
 0002:000008B8       AccessMode
 0002:00000154       AccessMode
 0001:00001804       AcquireExceptionObject
 0001:0001230C       ActiveX
 0001:00000440       AddBlockAfter
 0001:00022B8C       AddCheatDescription
 0001:0001E320       AddLineNo
 0001:00004D98       AddModuleUnloadProc
 0001:00004D88       AddModuleUnloadProc
 0001:0001E16C       AddProcedure
 0001:00017480       AddSubComponentsToLoaded
 0001:00019840       AddThread
 0001:0001DF88       AddUnit
 0002:000011F0       AIName
 0002:000047FC       AlliedStateChanged
 0001:00006C3C       AllocMem
 0002:000025AC       AllocMemCount
 0002:000025B0       AllocMemSize
 0001:000055AC       AllocTlsBuffer
 0002:00000A2C       AllowMemReadWrite
 0001:00006E44       AnsiCompareStr
 0001:00006E90       AnsiCompareText
 0001:00006DFC       AnsiLowerCase
 0001:0000CA90       AnsiPos
 0001:00006EDC       AnsiSameText
 0001:0000CADC       AnsiStrPos
 0001:0000CBB4       AnsiStrRScan
 0001:0000CC04       AnsiStrScan
 0001:00005338       AnsiToUtf8
 0001:00006DB4       AnsiUpperCase
 0001:00009790       AppendChars
 0001:00009BB0       AppendFormat
 0001:00009814       AppendNumber
 0001:000097F0       AppendString
 0001:0000BF34       AssertErrorHandler
 0002:00002020       AssertErrorProc
 0001:00011CB0       AssignLongStr
 0001:00012118       AssignVariant
 0002:00004A28       ATempPath
 0002:0000114C       AuthList
 0002:00002604       avail
 0001:00007AB8       BackfillGetDiskFreeSpaceEx
 0001:0000E7B0       BackupVarBoolFromStr
 0001:0000E92C       BackupVarBStrFromBool
 0001:0000E834       BackupVarBStrFromCy
 0001:0000E8B0       BackupVarBStrFromDate
 0001:0000E73C       BackupVarCyFromStr
 0001:0000E6C8       BackupVarDateFromStr
 0001:0000E56C       BackupVarI4FromStr
 0001:0000E4F8       BackupVariantChangeTypeEx
 0001:0000E5E0       BackupVarR4FromStr
 0001:0000E654       BackupVarR8FromStr
 0001:0005D970       BattlerRoomMemFix
 0002:00004C90       BattlerRoomMemFixPlugin
 0001:0005D90C       BattlerRoomMemFix_GetMemory
 0001:000037A4       BeginThread
 0001:00057C7C       BetterAIName
 0001:00057D04       BetterAINameStub
 0002:00001254       BIGUNIT
 0002:00004844       bind
 0001:000196C4       BinToHex
 0001:0001D4E8       BinToInt
 0001:0000E544       BiUnimplemented
 0002:000025DC       blockDescBlockList
 0002:000025E0       blockDescFreeList
 0002:000003BC       BooleanIdents
 0002:00000338       BooleanToStringRule
 0001:0000746C       BoolToStr
 0001:0000FEC8       BoolToWStrViaOS
 0002:00000B30       BoolValues
 0001:000589D8       Builders
 0002:00004C38       BuildersPlugin
 0001:0005890C       Builders_MobileAddBuild
 0001:00058960       Builders_PlantBuildNonMobile
 0001:0000C62C       ByteToCharIndex
 0001:0000C5F0       ByteToCharLen
 0001:0000C58C       ByteType
 0001:0000C4E0       ByteTypeTest
 0002:000046B4       CacheUsed
 0001:0001D610       CalcCRC
 0001:00005A78       CallNextHookEx
 0001:00058CB4       CallWeaponHit
 0002:00000A20       CanAttachAtGridSpot
 0002:00002814       ChangeAnyProc
 0001:00007884       ChangeFileExt
 0001:00003910       CharFromWChar
 0001:0000C8A4       CharLength
 0001:00005A80       CharLowerBuff
 0001:00005A88       CharNext
 0001:0000026C       CharNext
 0001:0000C768       CharToByteIndex
 0001:0000C7E0       CharToByteLen
 0001:00005A90       CharToOemA
 0001:00005A98       CharUpperBuff
 0002:00004828       chatview
 0001:00022B6C       CheatEnabled
 0002:00000918       Cheat_BuildAnywhere
 0002:00000914       Cheat_ControlMenu
 0002:00000934       Cheat_DoubleShot
 0002:00000928       Cheat_ExtraDamage
 0002:00000908       Cheat_FastBuild
 0002:0000090C       Cheat_InfiniteResources
 0002:0000092C       Cheat_InstantBuild
 0002:0000091C       Cheat_InstantCapture
 0002:00000904       Cheat_Invisible
 0002:00000900       Cheat_Invulnerability
 0002:00000924       Cheat_JamAll
 0002:00000910       Cheat_LosRadar
 0002:00000938       Cheat_ProhibitedTask
 0002:00000930       Cheat_ResourcesFreeze
 0002:00000920       Cheat_SpecialMove
 0001:00053868       CheckForCheats
 0001:00002DB4       CheckJmp
 0001:000174CC       CheckSubComponents
 0001:00019860       CheckSynchronize
 0002:00000978       CheckUnitInPlayerLOS
 0002:0000033C       CInvalidCustomVariantType
 0001:0001AC74       Classes
 0001:000136B8       ClassNotFound
 0001:0001E6E8       CleanUpMapFile
 0002:00002810       ClearAnyProc
 0002:00000A18       ClearChat
 0001:00011234       ClearVariantTypeList
 0001:0005AAC8       ClockMove_LeftBottom
 0001:0005AB10       ClockMove_LeftTop
 0001:0005AAE8       ClockMove_RightBottom
 0001:0005AB30       ClockMove_RightTop
 0001:0005AB8C       ClockPosition
 0002:00004C80       ClockPositionPlugin
 0001:0000020C       CloseHandle
 0001:000057B0       CloseHandle
 0002:00004848       closesocket
 0002:0000203C       CmdLine
 0002:00002038       CmdShow
 0001:0000E558       CmpUnimplemented
 0001:00059D10       COBCallbackEmptyCOB_Message
 0001:0002BEF4       COB_extensions
 0001:0002BD48       COB_ExtensionsSetters_Handling
 0001:0002BE6C       COB_Extensions_FreeMemory
 0001:0002BCC8       COB_Extensions_Handling
 0002:00004CA4       CodeInjectionData
 0001:0005A830       Colors
 0002:00004C78       ColorsPlugin
 0001:00022650       CommandHandlerU
 0001:00000720       Commit
 0002:00002620       committedRoot
 0001:0003C324       compare
 0001:0001DCF8       CompareHeaders
 0001:000057B8       CompareString
 0001:00006D3C       CompareText
 0001:00059520       CompareVTOLUnitWeight
 0001:00007370       CompareWith
 0001:000175DC       ComponentCreated
 0001:0001B618       Compress
 0001:0001F9E0       Compress
 0002:0000484C       connect
 0001:00022B64       ConsoleTimer
 0001:0001D058       Consts
 0001:0001DADC       Contnrs
 0002:000003E8       Convert
 0002:000003D8       Convert
 0001:0000B7C8       ConvertAddr
 0002:00004608       ConvertBase64ToBin
 0001:00009914       ConvertEraString
 0001:00006BEC       ConvertError
 0001:00006C0C       ConvertErrorFmt
 0002:00004358       ConvertHexToBin
 0001:00009A98       ConvertYearString
 0001:00004698       CopyArray
 0001:000294BC       CopyArray
 0001:000057C0       CopyFile
 0001:0000C6B0       CountChars
 0002:00000340       CRangeToType
 0001:0001D5D8       CRC32
 0002:0000047C       CRC32tab
 0001:0000BE6C       CreateAssertException
 0001:0000C068       CreateAVObject
 0001:00017670       CreateComponent
 0001:00007B38       CreateDir
 0001:000057C8       CreateDirectory
 0001:000057D0       CreateEvent
 0001:000057D8       CreateFile
 0001:00000214       CreateFileA
 0001:000057E0       CreateFileMapping
 0001:0000BD58       CreateInOutError
 0002:00000A08       CreateMovementClass
 0002:00000A04       CreateMultiplayerMapsList
 0001:00000274       CreateThread
 0001:00057004       CreateToolhelp32Snapshot
 0002:000003A8       CRelationshipToBoolean
 0002:00000324       CResult
 0002:0000014C       cSimpleBoolStrs
 0002:00000354       CText
 0001:00036AE8       CtrlFDontSelectNotLabs
 0002:00002618       curAlloc
 0002:00002688       CurrencyDecimals
 0002:00002684       CurrencyFormat
 0002:00002680       CurrencyString
 0002:00004054       CurrentAnsiConvert
 0001:00009770       CurrentYear
 0001:000090C8       CurrToStr
 0001:0000FE58       CurrToWStrViaOS
 0001:00029F14       CustomGetters
 0001:0002B8BC       CustomSetters
 0002:00004678       CustomUnitFields
 0002:00004620       CustomUnitFieldsArr
 0002:000046A0       CustomUnitFieldsCount
 0002:00004624       CustomUnitInfos
 0002:00004614       CustomUnitInfosArray
 0002:00004694       CustomUnitInfosCount
 0001:00007088       CvtInt
 0001:000070F4       CvtInt64
 0002:0000018C       CWNear
 0001:0001D060       DataToStr2
 0001:0002504C       DataTypeToRegData
 0001:000096FC       Date
 0002:00002689       DateSeparator
 0001:0000A464       DateTimeToStr
 0001:0000A3B8       DateTimeToString
 0001:00009234       DateTimeToTimeStamp
 0001:0000A424       DateToStr
 0001:0000FE90       DateToWStrViaOS
 0001:000226B0       DateUtils
 0001:000096CC       DayOfWeek
 0002:00000188       DCon10
 0002:0000002C       DebugHook
 0002:00002687       DecimalSeparator
 0001:0000969C       DecodeDate
 0001:00009520       DecodeDateFully
 0001:0000933C       DecodeTime
 0001:000007B4       Decommit
 0001:00000DD0       DecommitFree
 0002:000025F4       decommittedRoot
 0002:00000B3C       DecompressionBufferSize
 0002:00000024       Default8087CW
 0002:00000A9C       DefaultChar
 0002:00000038       DefaultTextLineBreakStyle
 0002:000025B8       DefaultUserCodePage
 0002:00000218       DefLongDayNames
 0002:000001CC       DefLongMonthNames
 0002:000001FC       DefShortDayNames
 0002:0000019C       DefShortMonthNames
 0002:00000884       Deities
 0001:000048DC       DelayLoadResourceModule
 0001:00000470       DeleteBlock
 0001:000057E8       DeleteCriticalSection
 0001:000003E0       DeleteCriticalSection
 0001:000057F0       DeleteFile
 0001:00000C18       DeleteFree
 0001:000057F8       DeviceIoControl
 0002:00000094       dig
 0001:000076DC       DirectoryExists
 0001:0005655C       DirectPlayCreate
 0002:00004B74       DirectPlayCreate_proc
 0001:00056264       DirectPlayEnumerate
 0001:0005635C       DirectPlayEnumerateA
 0002:00004B6C       DirectPlayEnumerateA_proc
 0001:0005645C       DirectPlayEnumerateW
 0002:00004B70       DirectPlayEnumerateW_proc
 0002:00004B68       DirectPlayEnumerate_proc
 0001:00056904       DirectPlayLobbyCreateA
 0002:00004B7C       DirectPlayLobbyCreateA_proc
 0001:000567C4       DirectPlayLobbyCreateW
 0002:00004B78       DirectPlayLobbyCreateW_proc
 0001:0004453C       DirectPlay_PlayerPoll
 0001:0005DAF8       DisableThreadLibraryCalls
 0002:00002000       DispCallByIDProc
 0001:00006BD0       DivMod
 0001:00056B58       DllCanUnloadNow
 0001:00056BF8       DllGetClassObject
 0002:00002664       DllProc
 0002:00004B5C       DoFinalize
 0002:00004B58       DoInitialize
 0002:00000A00       DoInterpretCommand
 0001:0000C3DC       DoneExceptions
 0001:000197E0       DoneThreadSynchronization
 0001:0002C068       DoReport
 0002:000003C4       DotSep
 0001:00014594       DoWrite
 0001:0005D978       Do_LoadTime_CodeInjections
 0001:00021F10       DPlay
 0001:0005E678       dplayx
 0001:000561CC       DPlayxHandleInvalid
 0002:000011D4       dplayxLibHandle
 0001:00056D10       Dplayx_exports
 0001:00022034       DPLobby
 0001:000561C4       DPLobbyWrapper
 0002:000009D8       DrawBar
 0001:0005D22C       DrawBuildSpotNanoframe
 0001:0005D50C       DrawBuildSpotQueueNanoframe
 0001:0005D064       DrawBuildSpot_InitScript
 0001:0005D4F0       DrawBuildSpot_NanoframeHook
 0001:0005D714       DrawBuildSpot_NanoframeShimmerHook
 0001:0005D6F4       DrawBuildSpot_QueueNanoframeHook
 0001:0005CBD4       DrawCircleUnitSelect
 0001:0005CFCC       DrawCircleUnitSelectHook
 0001:0005CAFC       DrawDevUnitStateProbes
 0002:000009E0       DrawDotteCircle
 0002:000009DC       DrawLine
 0002:000009E4       DrawText_Heavy
 0001:0005C5B4       DrawTrueIncome
 0002:00000A4C       DrawUnit
 0001:0005AF54       DrawUnitState
 0001:000361F0       DropUnitsWeaponsList
 0001:000046B0       DynArrayClear
 0001:000046B8       DynArraySetLength
 0001:0000BD1C       EHeapException.FreeInstance
 0001:0004CED0       EIdSocketError.CreateError
 0001:0004D1BC       EIdWS2StubError.Build
 0001:0001B784       Elapsed
 0002:000027FC       EmptyParam
 0002:000000D4       EmptyStr
 0002:000000D8       EmptyWideStr
 0001:000094E4       EncodeDate
 0001:000092F8       EncodeTime
 0001:000037E8       EndThread
 0001:000003D0       EnterCriticalSection
 0001:00005800       EnterCriticalSection
 0001:00005808       EnumCalendarInfoA
 0001:0000B388       EnumEraNames
 0001:0000B3D4       EnumEraYearOffsets
 0001:00016C7C       EnumValue
 0001:00005AA0       EnumWindows
 0001:00053340       EnumWindowsProc
 0002:00002750       EraNames
 0001:0000A7B4       EraToYear
 0002:0000276C       EraYearOffsets
 0002:0000006C       errCaption
 0001:00001890       Error
 0002:00000004       ErrorAddr
 0001:00001844       ErrorAt
 0001:0000BDFC       ErrorHandler
 0001:00057684       ErrorLog_ExtraData
 0001:00057640       Errorlog_Thunk1
 0001:000572FC       Errorlog_Thunk2
 0002:00000234       ErrorMap
 0002:00002008       ErrorProc
 0001:00020640       ErrorString
 0002:000023E0       ErrOutput
 0001:000017E4       ExceptAddr
 0002:0000200C       ExceptClsProc
 0001:0000C32C       ExceptHandler
 0001:0000BA6C       Exception.Create
 0001:0000BAB4       Exception.CreateFmt
 0001:0000BC84       Exception.CreateFmtHelp
 0001:0000BC30       Exception.CreateHelp
 0001:0000BB44       Exception.CreateRes
 0001:0000BB8C       Exception.CreateResFmt
 0002:0000201C       ExceptionClass
 0001:0000B7D8       ExceptionErrorMessage
 0002:0000026C       ExceptMap
 0001:000017C4       ExceptObject
 0002:00002010       ExceptObjProc
 0002:00002004       ExceptProc
 0001:0000CA44       ExcludeTrailingPathDelimiter
 0002:00004520       ExeVersion
 0002:00000000       ExitCode
 0001:000035A0       ExitDll
 0002:00002040       ExitProc
 0001:00000284       ExitProcess
 0002:00002024       ExitProcessProc
 0001:00005658       ExitProcessTLS
 0001:0000027C       ExitThread
 0001:00005630       ExitThreadTLS
 0001:00007A74       ExpandFileName
 0002:00000B34       ExpectedData
 0001:00027B54       ExplodeBitmaps
 0002:00004048       ExplodeBitmapsPlugin
 0002:00002920       ExtraAnimations
 0001:00007964       ExtractFileDir
 0001:00007A14       ExtractFileExt
 0001:000079D0       ExtractFileName
 0001:00007924       ExtractFilePath
 0002:0000125C       EXTRALARGEUNIT
 0001:0005CB74       ExtraUnitBars_MainCall
 0002:00002964       ExtraUnitDefTags
 0002:00002960       ExtraWeaponDefTags
 0002:0000278C       FalseBoolStrs
 0002:0000017C       FCon1E18
 0001:00050488       Fetch
 0001:00050380       FetchCaseInsensitive
 0002:00004A24       FIdPorts
 0001:0000764C       FileAge
 0001:00007638       FileClose
 0001:0000756C       FileCreate
 0001:00007538       FileCreate
 0001:000076BC       FileExists
 0002:000008C8       FileFlags
 0002:0000000C       FileMode
 0001:00001C38       FileNOPProc
 0001:000074C8       FileOpen
 0001:0000758C       FileRead
 0001:000075FC       FileSeek
 0001:00005810       FileTimeToDosDateTime
 0001:00005818       FileTimeToLocalFileTime
 0001:000075C4       FileWrite
 0002:0000045C       FILE_SHARING_ERRORS
 0001:00000D00       FillAfterGap
 0001:00000CAC       FillBeforeGap
 0001:00028D0C       FillChar
 0001:00028D04       FillCharInvoke
 0001:00028EB8       FillCharX87
 0001:00000D98       FillerSizeAfterGap
 0001:00000D28       FillerSizeBeforeGap
 0001:0005306C       Finalization
 0001:000530BC       Finalization
 0001:0005A800       Finalization
 0001:0005388C       Finalization
 0001:00054C18       Finalization
 0001:00056194       Finalization
 0001:0005A2EC       Finalization
 0001:00056CE0       Finalization
 0001:0000E2D8       Finalization
 0001:00057C28       Finalization
 0001:000570A0       Finalization
 0001:00059BA4       Finalization
 0001:00057654       Finalization
 0001:000576F0       Finalization
 0001:00057A50       Finalization
 0001:00057918       Finalization
 0001:0005965C       Finalization
 0001:00053034       Finalization
 0001:00052FD0       Finalization
 0001:00052EB4       Finalization
 0001:00052E70       Finalization
 0001:00052E10       Finalization
 0001:00052DD8       Finalization
 0001:00052DA0       Finalization
 0001:00052D68       Finalization
 0001:00052D30       Finalization
 0001:0005AB5C       Finalization
 0001:00052CF8       Finalization
 0001:00052CC0       Finalization
 0001:00052C88       Finalization
 0001:00052C50       Finalization
 0001:000591D0       Finalization
 0001:00052C18       Finalization
 0001:00052BE0       Finalization
 0001:00052BA8       Finalization
 0001:00052B70       Finalization
 0001:00052B38       Finalization
 0001:000122DC       Finalization
 0001:00052B00       Finalization
 0001:00052AC8       Finalization
 0001:00052A84       Finalization
 0001:000529F4       Finalization
 0001:00052980       Finalization
 0001:00057DF4       Finalization
 0001:000528FC       Finalization
 0001:000528C4       Finalization
 0001:00052824       Finalization
 0001:00051EE0       Finalization
 0001:00012284       Finalization
 0001:00051D40       Finalization
 0001:00051604       Finalization
 0001:00051398       Finalization
 0001:0005129C       Finalization
 0001:000507E0       Finalization
 0001:000507A8       Finalization
 0001:000505CC       Finalization
 0001:00050020       Finalization
 0001:0004FFAC       Finalization
 0001:0004EB8C       Finalization
 0001:0004E2C4       Finalization
 0001:0004E278       Finalization
 0001:0004D10C       Finalization
 0001:0001ABC4       Finalization
 0001:00005748       Finalization
 0001:0004CF24       Finalization
 0001:0004CD6C       Finalization
 0001:00011894       Finalization
 0001:0001B0AC       Finalization
 0001:0001B0FC       Finalization
 0001:00005710       Finalization
 0001:00036C00       Finalization
 0001:0001B51C       Finalization
 0001:000361C0       Finalization
 0001:00035AC4       Finalization
 0001:000358BC       Finalization
 0001:0001CFF0       Finalization
 0001:0001D028       Finalization
 0001:0003576C       Finalization
 0001:0001D768       Finalization
 0001:0001D8D0       Finalization
 0001:000355F0       Finalization
 0001:0001DAAC       Finalization
 0001:0005D788       Finalization
 0001:0001EA40       Finalization
 0001:0003529C       Finalization
 0001:0001EAAC       Finalization
 0001:00005B94       Finalization
 0001:000350EC       Finalization
 0001:0001F518       Finalization
 0001:0001F56C       Finalization
 0001:00005454       Finalization
 0001:000201E0       Finalization
 0001:00034FAC       Finalization
 0001:00034EE0       Finalization
 0001:0002053C       Finalization
 0001:00005BCC       Finalization
 0001:00021EE0       Finalization
 0001:00022004       Finalization
 0001:00034C54       Finalization
 0001:000349FC       Finalization
 0001:00022620       Finalization
 0001:00034810       Finalization
 0001:00022680       Finalization
 0001:00033028       Finalization
 0001:0002287C       Finalization
 0001:00022B34       Finalization
 0001:00031B4C       Finalization
 0001:00011680       Finalization
 0001:00058148       Finalization
 0001:0005871C       Finalization
 0001:0005D940       Finalization
 0001:000589A8       Finalization
 0001:00031A9C       Finalization
 0001:0005DAC0       Finalization
 0001:00005F14       Finalization
 0001:00022FBC       Finalization
 0001:00023024       Finalization
 0001:00031680       Finalization
 0001:000233AC       Finalization
 0001:0002BE84       Finalization
 0001:0005DFBC       Finalization
 0001:00023C84       Finalization
 0001:00029C70       Finalization
 0001:00029B18       Finalization
 0001:00024E1C       Finalization
 0001:00058E40       Finalization
 0001:00027B5C       Finalization
 0001:0005E0C8       Finalization
 0001:0005E148       Finalization
 0001:00027A88       Finalization
 0001:0005E180       Finalization
 0001:000273EC       Finalization
 0001:000273B4       Finalization
 0001:00025C2C       Finalization
 0001:0002704C       Finalization
 0001:000272BC       Finalization
 0001:0005E1B8       Finalization
 0001:0005E1F0       Finalization
 0001:0000ED1C       Finalization
 0001:000046A8       FinalizeArray
 0001:00003370       FinalizeUnits
 0001:0000494C       FindBS
 0001:00005820       FindClose
 0001:00000294       FindClose
 0001:00000C7C       FindCommitted
 0001:000114D8       FindCustomVariantType
 0001:00011590       FindCustomVariantType
 0001:00017824       FindExistingComponent
 0001:00005828       FindFirstFile
 0001:0000029C       FindFirstFile
 0001:00013860       FindGlobalComponent
 0002:0000285C       FindGlobalComponentProcs
 0001:000048B4       FindHInstance
 0001:00048964       FindHostPlayer
 0001:000137D0       FindIdentToInt
 0001:00053494       FindMemoryCheats
 0001:000169C0       FindNestedComponent
 0001:0000E9CC       FindProc
 0001:00053320       FindprohibitedProcesses
 0001:00004924       FindResourceHInstance
 0002:000009B8       fire_callback0
 0002:000009AC       fire_callback1
 0002:000009B0       fire_callback2
 0002:000009B4       fire_callback3
 0002:000028D4       fIsWin9x
 0001:00058FB8       FixFeaturePosition
 0001:000316B8       FixModsINI
 0002:0000279C       FLanguages
 0001:00008D58       FloatToDecimal
 0001:00009098       FloatToStr
 0001:000090F8       FloatToStrF
 0001:00008A80       FloatToText
 0001:000087AC       FloatToText
 0001:00007DCC       FloatToTextEx
 0001:00001F04       Flush
 0001:00005830       FlushFileBuffers
 0001:00005838       FlushInstructionCache
 0002:00000190       FMSecsPerDay
 0001:00008684       FmtStr
 0001:000085A8       FmtStr
 0001:00050948       FoldWrapText
 0001:00007714       ForceDirectories
 0002:00000198       Format
 0001:00008554       Format
 0001:0000857C       Format
 0001:00007E08       FormatBuf
 0001:00008180       FormatBuf
 0001:00007DB8       FormatClearStr
 0001:0000A480       FormatDateTime
 0001:00007D18       FormatError
 0002:00000174       FormatErrorStrs
 0001:00005840       FormatMessage
 0001:00007D80       FormatVarToStr
 0001:000024F4       FPower10
 0001:0000DF00       FreeAndNil
 0001:0005D164       FreeCob
 0001:000009E8       FreeCommitted
 0001:00000F08       FreeCurAlloc
 0001:0002BDBC       FreeExtensionsMemory
 0001:0001AB34       FreeIntConstList
 0001:000002A4       FreeLibrary
 0001:00005848       FreeLibrary
 0001:0001EADC       FreeListU
 0002:00000990       FreeMoveClass
 0002:0000098C       FreeObjectState
 0001:00000668       FreeSpace
 0001:0000D8A0       FreeTerminateProcs
 0001:0005D178       FreeUnitMem
 0002:00000988       FreeUnitOrders
 0002:00000994       free_MMwapper__
 0002:000008CC       fVersionLazyInited
 0001:00034F7C       GameUnit_LOS_MiniMap_UnitsProjectiles_IsOwner
 0001:000350E0       GameUnit_LOS_PlayerSeeUnit_EpilogCode_Exit
 0001:0003508C       GameUnit_LOS_PlayerSeeUnit_IsOwnerAllowedToSee
 0001:00034D6C       GameUnit_LOS_Radar_CanDirectlySeeUnit
 0001:00034E20       GameUnit_LOS_Radar_LoopCondition
 0001:00034DC8       GameUnit_LOS_Radar_LoopStart
 0001:0003542C       GameUnit_LOS_Update_1_Retry
 0001:00035410       GameUnit_LOS_Update_1_Start
 0001:00035518       GameUnit_LOS_Update_2_Retry
 0001:000354FC       GameUnit_LOS_Update_2_Start
 0002:00000960       Game_SetLOSState
 0002:00004540       GarbageCollector
 0002:00001148       GBase64CodeTable
 0002:00004A44       GBase64DecodeTable
 0002:00004B60       gdwDPlaySPRefCount
 0002:000049F4       GetAcceptExSockaddrs
 0001:00005868       GetACP
 0001:00029A94       GetAddressFromCall
 0001:0001F6EC       GetAppData
 0001:00005AA8       GetAsyncKeyState
 0001:000003E8       GetBlockDesc
 0001:0001D230       GetChar
 0001:00013728       GetClass
 0001:00000384       GetCmdShow
 0001:00035628       GetCodeInjections
 0001:000352D4       GetCodeInjections
 0001:00034F18       GetCodeInjections
 0001:00035124       GetCodeInjections
 0001:00034FE4       GetCodeInjections
 0001:00034C8C       GetCodeInjections
 0001:000002AC       GetCommandLine
 0001:00000834       GetCommitted
 0001:000008C4       GetCommittedAt
 0001:00009864       GetCount
 0001:00005870       GetCPInfo
 0001:00005878       GetCurrentProcess
 0001:00005880       GetCurrentThreadId
 0001:00000364       GetCurrentThreadId
 0001:0000989C       GetDate
 0001:00005888       GetDateFormat
 0001:0000A680       GetDateOrder
 0001:00005890       GetDiskFreeSpaceA
 0002:00000148       GetDiskFreeSpaceEx
 0001:00002B7C       GetDynaMethod
 0001:0002930C       GetEnumName
 0001:00011904       GetEnumName
 0001:00011A0C       GetEnumNameValue
 0001:00011A58       GetEnumValue
 0001:0000B460       GetEraNamesAndYearOffsets
 0001:0000A750       GetEraYearOffset
 0001:0000C03C       GetExceptionClass
 0001:0000C24C       GetExceptionObject
 0001:00005898       GetExitCodeThread
 0001:0004F288       GetFDSet
 0002:000009A0       GetFeatureTypeOfOrder
 0001:000136AC       GetFieldClassTable
 0001:000058A0       GetFileAttributes
 0001:00000224       GetFileSize
 0001:000058A8       GetFileSize
 0001:0000021C       GetFileType
 0001:00020080       GetFileVersion
 0001:00005A60       GetFileVersionInfo
 0001:00005A68       GetFileVersionInfoSize
 0001:0001FE74       GetFileVersion_internal
 0001:0000CF24       GetFormatSettings
 0001:000058B0       GetFullPathName
 0002:0000489C       gethostbyaddr
 0002:000048A0       gethostbyname
 0002:000048A4       gethostname
 0001:00031F9C       GetINIFileName
 0001:000027E0       GetKeyboardType
 0001:000002B4       GetLastError
 0001:000058B8       GetLastError
 0001:0001E800       GetLineNumberFromAddress
 0001:0000B050       GetLocaleChar
 0001:0000D2B8       GetLocaleFormatSettings
 0001:000002BC       GetLocaleInfo
 0001:000058C8       GetLocaleInfo
 0001:0000B248       GetLocaleMonthDayNames
 0001:0000AFF4       GetLocaleStr
 0001:000058C0       GetLocalTime
 0001:0001E9F4       GetMapAddressFromAddress
 0001:0001E8FC       GetMapFileName
 0001:0005D84C       GetMemory
 0001:000002C4       GetModuleFileName
 0001:000058D0       GetModuleFileName
 0001:000002CC       GetModuleHandle
 0001:000058D8       GetModuleHandle
 0001:0001E714       GetModuleNameFromAddress
 0001:0000B0D0       GetMonthDayNames
 0001:0001F68C       GetMyDocs
 0001:00011B50       GetOrdProp
 0001:00001970       GetParamStr
 0002:00004854       getpeername
 0001:00057958       GetPlugin
 0001:0005D7DC       GetPlugin
 0001:0005A798       GetPlugin
 0001:00035918       GetPlugin
 0001:00059210       GetPlugin
 0001:00057730       GetPlugin
 0001:0005AC5C       GetPlugin
 0001:00036244       GetPlugin
 0001:00034BF4       GetPlugin
 0001:00057A90       GetPlugin
 0001:000570E0       GetPlugin
 0001:00057D20       GetPlugin
 0001:00032FB4       GetPlugin
 0001:0005A840       GetPlugin
 0001:00027558       GetPlugin
 0001:000587A4       GetPlugin
 0001:00057694       GetPlugin
 0001:00035804       GetPlugin
 0001:00059BE4       GetPlugin
 0001:00058E80       GetPlugin
 0001:00029DDC       GetPlugin
 0001:00057EE4       GetPlugin
 0001:000589E8       GetPlugin
 0001:0005827C       GetPlugin
 0001:0005969C       GetPlugin
 0002:00000974       GetPosHeight
 0001:000058E0       GetPrivateProfileString
 0001:000058E8       GetProcAddress
 0001:000002D4       GetProcAddress
 0001:0001E790       GetProcNameFromAddress
 0001:00011AE0       GetPropInfo
 0002:000048B4       getprotobyname
 0002:000048B0       getprotobynumber
 0002:000048AC       getservbyname
 0002:000048A8       getservbyport
 0002:00004858       getsockname
 0002:0000485C       getsockopt
 0001:0000058C       GetSpace
 0001:000005F0       GetSpaceAt
 0001:000002DC       GetStartupInfo
 0001:0000022C       GetStdHandle
 0001:000058F0       GetStdHandle
 0001:000058F8       GetStringTypeEx
 0001:0001F814       GetSysDir
 0001:00005900       GetSystemDirectory
 0001:00005908       GetSystemInfo
 0001:00005AB0       GetSystemMetrics
 0001:00020168       GetTADemoVersion
 0001:00005910       GetTempFileName
 0001:00005918       GetTempPath
 0001:00005920       GetThreadLocale
 0001:000002E4       GetThreadLocale
 0001:00005928       GetTickCount
 0001:0000037C       GetTickCount
 0001:000098D4       GetTime
 0001:000055B8       GetTlsSize
 0002:00000A28       GetTPosition
 0001:000118F8       GetTypeData
 0002:00000A24       GetUnitAtMouse
 0001:00058468       GetUnitExtProperty
 0002:0000099C       GetUnit_BuildWeaponProgress
 0001:0000036C       GetVersion
 0001:00005930       GetVersionEx
 0001:000290F4       GetVersionEx
 0001:00005938       GetVolumeInformation
 0001:0001F954       GetVolumePathName
 0001:000598A0       GetWeaponExtProperty
 0001:00005940       GlobalAlloc
 0001:00005B54       GlobalAllocPtr
 0002:0000482C       GlobalDPlay
 0002:00002860       GlobalFixupList
 0001:00005948       GlobalFree
 0001:00005B80       GlobalFreePtr
 0001:00005958       GlobalHandle
 0001:00005950       GlobalLock
 0001:0005D7CC       GlobalMemoryStatusEx
 0002:00002848       GlobalNameSpace
 0001:00005960       GlobalReAlloc
 0001:00005B64       GlobalReAllocPtr
 0001:00005968       GlobalUnlock
 0001:0001D020       GPHugeF
 0002:000010A4       GServeFileProc
 0002:00004A08       GSocketListClass
 0002:000010A0       GStackClass
 0002:00004AD8       GStackCriticalSection
 0002:000010A8       GStarted
 0001:0005D7C4       GUIEnhancements
 0002:00004C88       GUIEnhancementsPlugin
 0001:0005CB58       GUIEnhancements_DevUnitProbes
 0001:00017FD0       HandleException
 0002:00000028       HeapAllocFlags
 0002:000025C0       heapErrorCode
 0002:000025C4       heapLock
 0002:00000144       HexDisplayPrefix
 0001:0001972C       HexToBin
 0002:00001178       hIdCrypto
 0002:0000117C       hIdIndySSL
 0002:00001174       hIdSSL
 0002:00002660       HInstance
 0001:00005B18       HiWord
 0002:00004814       hKeyboardHook
 0002:00004860       htonl
 0002:00004864       htons
 0002:00001258       HUGEUNIT
 0002:00000B5C       hWS2Dll
 0001:0001D7D0       Hypot
 0001:0005292C       IdAntiFreezeBase
 0001:00050810       IdAssignedNumbers
 0001:00052894       IdAuthentication
 0001:0005309C       IdAuthenticationManager
 0001:000513C8       IdBaseComponent
 0001:00051634       IdCoder
 0001:00051D70       IdCoder3to4
 0001:00051F1C       IdCoderMIME
 0001:000529C8       IdComponent
 0001:0005302C       IdCookie
 0001:00053064       IdCookieManager
 0001:0004CF54       IdException
 0001:00050688       IdGlobal
 0001:000512CC       IdHeaderList
 0001:00053104       IdHTTP
 0001:000528F4       IdHTTPHeaderInfo
 0001:00052B30       IdIntercept
 0001:00052AF8       IdIOHandler
 0001:00052C48       IdIOHandlerSocket
 0001:000507D8       IdMultipartFormData
 0001:0004CDA8       idplay
 0001:0004D13C       IdResourceStrings
 0001:00052B68       IdRFCReply
 0001:00052D28       IdServerIOHandler
 0001:00052D60       IdServerIOHandlerSocket
 0001:00052A24       IdSocketHandle
 0001:00052BA0       IdSocks
 0001:00052EA8       IdSSLOpenSSL
 0001:00052ABC       IdSSLOpenSSLHeaders
 0001:0004EBBC       IdStack
 0001:0004E2F4       IdStackConsts
 0001:0004FFF0       IdStackWindows
 0002:00001150       IdStati
 0001:00052C10       IdStream
 0001:00052D98       IdStrings
 0001:00052EE4       IdTCPClient
 0001:00052C80       IdTCPConnection
 0001:00052E40       IdTCPServer
 0001:00052BD8       IdTCPStream
 0001:00052CB8       IdThread
 0001:00052E08       IdThreadMgr
 0001:00052CF0       IdThreadMgrDefault
 0001:00052DD0       IdThreadSafe
 0001:00050050       IdURI
 0001:0004E2B0       IdWinSock2
 0002:000008E0       IID_IDirectPlay
 0002:000008D0       IID_IDirectPlay3
 0002:000008F0       IID_IDirectPlayLobby2
 0002:00000194       IMSecsPerDay
 0001:0000FB08       InBounds
 0001:0000F868       InBounds
 0001:0000C9F0       IncludeTrailingPathDelimiter
 0001:00050200       IncludeTrailingSlash
 0001:0000F898       Increment
 0001:0000FB38       Increment
 0002:00004A18       IndyFalseBoolStrs
 0002:000010F8       IndyPos
 0002:00004A1C       IndyTrueBoolStrs
 0002:00004868       inet_addr
 0002:0000486C       inet_ntoa
 0001:000277E0       InGameChoseBitmap
 0001:00024E64       IniFiles
 0001:00033074       IniOptions
 0002:000047A8       iniPath_cache
 0002:000046C0       IniSettings
 0001:00000A74       InitAllocator
 0001:0005DFEC       InitCode
 0001:0005E0F8       InitCode_CoreExePatching
 0002:00002630       InitContext
 0001:0000D8D4       InitDriveSpacePtr
 0001:0000C354       InitExceptions
 0001:00005970       InitializeCriticalSection
 0001:000003C8       InitializeCriticalSection
 0002:000025BC       initialized
 0001:000056BC       InitializeModule
 0001:0000EA10       InitializeVarUtils
 0001:0000CCD4       InitLeadBytes
 0001:0000C460       InitPlatformId
 0001:00005604       InitProcessTLS
 0001:00028FAC       InitSynCommonsConversionTables
 0001:0000CD78       InitSysLocale
 0001:000197A8       InitThreadSynchronization
 0001:000055C0       InitThreadTLS
 0001:0005E0BC       InitThunk_Stage1
 0001:0005E03C       InitThunk_Stage2
 0001:00056D44       InitToolHelp
 0001:000033D0       InitUnits
 0002:00002048       Input
 0001:00034A34       InputHandler
 0001:00034C84       InputHook
 0001:00000E80       InsertFree
 0001:00026D24       InstallPlugins
 0002:00002854       IntConstList
 0001:0000D944       InterlockedDecrement
 0001:00005850       InterlockedDecrement
 0001:0000035C       InterlockedDecrement
 0001:0000D950       InterlockedExchange
 0001:00005858       InterlockedExchange
 0001:0000D958       InterlockedExchangeAdd
 0001:00000354       InterlockedIncrement
 0001:00005860       InterlockedIncrement
 0001:0000D938       InterlockedIncrement
 0001:00001C78       InternalClose
 0001:00001EBC       InternalFlush
 0001:00000CDC       InternalFreeMem
 0001:00003CBC       InternalUniqueString
 0002:000009FC       InterpretCommand
 0001:00027314       InterpretInternalCommand
 0001:0001D7A0       IntPower
 0001:000071E8       IntToHex
 0001:00007210       IntToHex
 0001:000070D4       IntToStr
 0001:000071C0       IntToStr
 0002:00002798       InvalidPointer
 0001:00002A34       InvokeImplGetter
 0002:00004850       ioctlsocket
 0001:00001910       IOResult
 0001:00005978       IsBadReadPtr
 0002:00002044       IsConsole
 0001:0000C994       IsDelimiter
 0001:000280A0       IsFixedWidthCodePage
 0001:0000939C       IsLeapYear
 0002:00002034       IsLibrary
 0002:00002045       IsMultiThread
 0001:0000C948       IsPathDelimiter
 0001:00024FD4       IsRelative
 0001:0001D1A4       IsStrBool
 0001:0001D114       IsStrByte
 0001:00022EF8       IsTAHookRunning
 0001:0002C050       IsTAVersion31
 0002:000046B5       IsTAVersion31_Cache
 0001:0000700C       IsValidIdent
 0001:00005980       IsValidLocale
 0001:0000CD54       IsWesternGroup
 0001:0001F8F4       IsWin9x
 0002:00004458       IsWow64
 0002:00000030       JITEnable
 0002:0000460C       JSONCustomParsers
 0002:00000A90       JSON_BOOLEAN
 0002:00004B84       KernelHandle
 0002:000028CC       kernellib
 0001:00036C30       KeyboardHook
 0001:000362C4       KeyboardHookFunction
 0002:00004818       keyboardHookLevel
 0001:0005E1E8       KillDamage
 0001:00007814       LastDelimiter
 0002:0000481C       lastShareEnergyVal
 0001:000053E0       LCIDToCodePage
 0001:0000CC5C       LCIDToCodePage
 0002:00000124       LeadBytes
 0001:000003D8       LeaveCriticalSection
 0001:00005988       LeaveCriticalSection
 0001:0001D6D4       LeftPad
 0001:00031AD4       LeftStr
 0002:0000003C       LibModuleList
 0001:0005E014       LibraryProc
 0002:000028A8       LineNumbers
 0001:00022BE0       ListCheats
 0002:00004870       listen
 0002:0000274E       ListSeparator
 0001:0001B0DC       ListsU
 0001:0001E490       LoadAndParseMapFile
 0001:00027644       LoadExtraBitmaps
 0001:00005990       LoadLibrary
 0001:000002EC       LoadLibraryEx
 0001:00004B18       LoadResourceModule
 0001:00005388       LoadResString
 0001:000002F4       LoadString
 0001:00005AB8       LoadString
 0001:000003A8       LocalAlloc
 0001:0000557C       LocalAlloc
 0001:00005584       LocalFree
 0001:000003B0       LocalFree
 0001:0000B08C       LocalGetLocaleStr
 0001:0000B204       LocalGetLocaleStr
 0002:00004B28       LockInfoCB
 0002:00004B2C       LockPassCB
 0002:00004B30       LockVerifyCB
 0001:000233DC       log2
 0001:0005A1C0       LogAITooHighUnitInfo
 0002:00000880       logdir
 0001:0001EC64       LogError
 0001:0001EB54       LogException
 0002:000028BC       logFilename
 0001:0001F55C       logging
 0001:00059F48       LogMissingCob
 0002:00000B54       logsave
 0002:000028C0       Log_
 0002:00002690       LongDateFormat
 0002:00002724       LongDayNames
 0002:000026D8       LongMonthNames
 0002:000026A4       LongTimeFormat
 0001:0003579C       LOS_AllyPlayer
 0001:000358EC       LOS_extensions
 0001:000352CC       LOS_GUIText
 0001:00035230       LOS_GUIText_SeeCommHealth
 0001:00035268       LOS_GUIText_Unit_KillsNStuff
 0001:000351F0       LOS_GUIText_Unit_Resources
 0001:00034FDC       LOS_MiniMapUnits
 0001:0003511C       LOS_PlayerSeeUnit
 0001:00034F10       LOS_Radar
 0002:000047EC       LOS_Updates_PTR
 0001:00035620       LOS_UpdateTables
 0001:00006CD0       LowerCase
 0002:00000B4C       LowerLimit
 0001:000002FC       lstrcpyn
 0002:00002820       LVarTypes
 0002:00002824       LVarTypeSync
 0002:0000202C       MainInstance
 0002:00002030       MainThreadID
 0002:000009A8       MakeDamageToUnit
 0001:00000438       MakeEmpty
 0001:00003544       MakeErrorMessage
 0001:00005AF0       MakeLong
 0001:0001FDD0       MakeTempFilename
 0001:0000BF88       MapException
 0002:0000087C       MapFileName
 0002:000028AC       MapFileSetup
 0001:000031E8       MapToRunError
 0001:00005998       MapViewOfFile
 0001:0001D900       Math
 0002:00001250       MEDIUMUNIT
 0001:00022FEC       MemMappedDataStructure
 0002:00000044       MemoryManager
 0001:00000488       MergeBlockAfter
 0001:00000F54       MergeCommit
 0001:00005AC0       MessageBox
 0001:0000028C       MessageBox
 0001:00005BFC       Messages
 0001:00022658       MilliSecondOf
 0001:0001B12C       MMSystem
 0001:00031ACC       ModsList
 0002:000000AC       Module
 0001:00057038       Module32First
 0001:0005706C       Module32Next
 0001:000572B4       ModuleInfoComparer
 0002:0000265D       ModuleIsCpp
 0002:0000265C       ModuleIsLib
 0001:0001ABB0       ModuleUnload
 0002:00000040       ModuleUnloadList
 0002:000000F4       MonthDays
 0002:0000119C       monthnames
 0002:00001118       monthnames
 0002:000010C8       monthnames
 0001:00028DB8       Move
 0001:00001930       Move
 0001:00028DB0       MoveInvoke
 0001:00005AC8       MsgWaitForMultipleObjects
 0002:000009F0       Msg_Reminder
 0001:00057E30       MultiAILimit
 0001:0000030C       MultiByteToWideChar
 0001:000059A0       MultiByteToWideChar
 0002:00000AA0       n2u
 0002:00000964       Name2Sequence_Gaf
 0002:00002DE8       NanoSpotQueueUnitInfoSt
 0002:00002A84       NanoSpotQueueUnitSt
 0002:00002B9C       NanoSpotUnitInfoSt
 0002:0000296C       NanoSpotUnitSt
 0002:00001260       NanoUnitCreateInit
 0002:00002685       NegCurrFormat
 0001:00000FE0       NewCommit
 0001:0000100C       NewCommitAt
 0002:000011E4       NewUnitLimit
 0001:0000C8F4       NextCharIndex
 0002:000003D0       NilMethod
 0002:00000034       NoErrMsg
 0002:00004158       NormToLower
 0002:00004058       NormToUpper
 0002:00004258       NormToUpperAnsi7
 0001:00002DA0       NotifyAnyExcept
 0001:00002D74       NotifyExcept
 0001:00002DD4       NotifyExceptFinally
 0001:00004E18       NotifyModuleUnload
 0001:00002D50       NotifyNonDelphiException
 0001:00002D8C       NotifyOnExcept
 0001:00002D34       NotifyReRaise
 0001:00002DFC       NotifyTerminate
 0001:00002E18       NotifyUnhandled
 0001:00009728       Now
 0002:00004874       ntohl
 0002:00004878       ntohs
 0001:00011678       Null
 0002:00000330       NullAsStringValue
 0002:0000032C       NullStrictConvert
 0002:000028B4       ObjectsToFree
 0001:0001C8AC       OffsetPtr
 0001:0001EA9C       OnFinalize
 0001:0005DF84       OnFinalize
 0001:000561F4       OnInit
 0001:0005DB8C       OnInitialize
 0001:0001EA84       OnInitialize
 0001:00057C60       OnInstall
 0001:00034BC4       OnInstall
 0001:0005768C       OnInstall
 0001:000570D8       OnInstall
 0001:00057950       OnInstall
 0001:0005D7D4       OnInstallBattlerRoomMemFix
 0001:0005879C       OnInstallBuilders
 0001:0005A838       OnInstallClockPosition
 0001:00029CA8       OnInstallCobExtensions
 0001:0005A488       OnInstallColors
 0001:00027550       OnInstallExplodeBitmaps
 0001:0005ABAC       OnInstallGUIEnhancements
 0001:00032FAC       OnInstallINI_Options
 0001:000361F8       OnInstallKeyboardHook
 0001:00057728       OnInstallRegPathFix
 0001:00058E78       OnInstallResurrectPatrol
 0001:000589E0       OnInstallScriptCallsExtend
 0001:000357C0       OnInstallShareLOS
 0001:00035908       OnInstallSpeedHack
 0001:00059BDC       OnInstallTAExceptionsLog
 0001:00059208       OnInstallUnitActions
 0001:00057A88       OnInstallUnitLimit
 0001:00058250       OnInstallUnitsExtend
 0001:00059694       OnInstallWeaponAimNTrajectory
 0001:00057E98       OnInstallWeaponsExtend
 0001:00057C64       OnUninstall
 0001:000570DC       OnUnInstall
 0001:00034BE4       OnUnInstall
 0001:00057690       OnUnInstall
 0001:00057954       OnUninstall
 0001:0005D7D8       OnUninstallBattlerRoomMemFix
 0001:000587A0       OnUninstallBuilders
 0001:0005A83C       OnUninstallClockPosition
 0001:00029DD8       OnUninstallCobExtensions
 0001:0005A794       OnUninstallColors
 0001:00027554       OnUninstallExplodeBitmaps
 0001:0005AC58       OnUninstallGUIEnhancements
 0001:00032FB0       OnUninstallINI_Options
 0001:00036228       OnUninstallKeyboardHook
 0001:0005772C       OnUninstallRegPathFix
 0001:00058E7C       OnUninstallResurrectPatrol
 0001:000589E4       OnUninstallScriptCallsExtend
 0001:000357CC       OnUninstallShareLOS
 0001:00035914       OnUninstallSpeedHack
 0001:00059BE0       OnUninstallTAExceptionsLog
 0001:0005920C       OnUninstallUnitActions
 0001:00057A8C       OnUninstallUnitLimit
 0001:00058278       OnUninstallUnitsExtend
 0001:00059698       OnUninstallWeaponAimNTrajectory
 0001:00057EE0       OnUninstallWeaponsExtend
 0001:00022F48       OpenMemMap
 0001:00001B8C       OpenText
 0002:000009CC       Order2Unit
 0002:0000451C       OSVersion
 0002:00004480       OSVersionInfo
 0002:00002794       OutOfMemory
 0002:00002214       Output
 0001:00046400       OutputInfo
 0001:00059470       OverloadBugFix
 0001:00023054       PacketBufferU
 0001:00034840       packet_old
 0002:00000334       PackVarCreation
 0001:00001A5C       ParamStr
 0001:0001D288       ParseParams
 0001:00029330       PatchCode
 0001:00025FA4       PatchNJump
 0001:00057A28       PauseHandling
 0001:00057A80       PauseLock
 0001:00005AD0       PeekMessage
 0001:00054C48       PlayerDataU
 0002:000046AC       PlayerInfo
 0002:000047F0       PlayerPtr
 0002:000047D8       PlayerPtr
 0002:000047C4       PlayerPtr
 0001:0003573C       Player_SetAlliedState_JumpHook
 0001:00035754       Player_SetAlliedState_RetHook
 0002:000009F4       PlaySound_UnitSpeech
 0001:00034A2C       PluginCommandHandlerU
 0002:000047B4       PluginCommands
 0001:0002708C       PluginEngine
 0001:0005DAF0       Plugins
 0002:0000291C       Plugins
 0001:000132F8       PointerInModule
 0001:0001D808       Power
 0001:0005D094       PrepareNanoUnit
 0002:00004C9C       proc
 0002:000028D8       proc
 0002:000028A4       Procedures
 0002:00004B4C       ProhibitedFound
 0001:00016C48       PropertyNotFound
 0001:000180D0       PropPathError
 0001:00016C38       PropValueError
 0002:000011CC       ProtocolVersionString
 0002:000000A8       PtrToNil
 0001:0001D4B4       PtrToStr
 0001:00008768       PutExponent
 0001:00000374       QueryPerformanceCounter
 0001:000059A8       QueryPerformanceCounter
 0001:000059B0       QueryPerformanceFrequency
[...]
   141 0001:00059F70   143 0001:00059F8A   144 0001:00059F9A   145 0001:00059FA6
   147 0001:00059FB2   149 0001:00059FBC   150 0001:00059FC2   152 0001:0005A00E
   154 0001:0005A05C   155 0001:0005A0A8   161 0001:0005A190   162 0001:0005A191
   163 0001:0005A193   164 0001:0005A195   165 0001:0005A197   166 0001:0005A199
   167 0001:0005A19D   168 0001:0005A19E   169 0001:0005A19F   170 0001:0005A1A4
   171 0001:0005A1A9   173 0001:0005A1AE   174 0001:0005A1B0   175 0001:0005A1B3
   176 0001:0005A1B4   177 0001:0005A1B9   178 0001:0005A1BE   189 0001:0005A1C0
   190 0001:0005A1D7   191 0001:0005A247   197 0001:0005A2B0   198 0001:0005A2B4
   199 0001:0005A2B5   200 0001:0005A2B6   201 0001:0005A2BC   202 0001:0005A2C2
   203 0001:0005A2C5   204 0001:0005A2C7   205 0001:0005A2C8   206 0001:0005A2C9
   207 0001:0005A2CA   208 0001:0005A2CF   210 0001:0005A2D4   211 0001:0005A2D5
   212 0001:0005A2D6   213 0001:0005A2D7   214 0001:0005A2D8   215 0001:0005A2DD
   216 0001:0005A2DF   217 0001:0005A2E4   218 0001:0005A2E9   220 0001:0005A31C
   220 0001:0005A323

Line numbers for Colors(plugins\Colors.pas) segment .text

    40 0001:0005A324    41 0001:0005A34D    44 0001:0005A365    45 0001:0005A36B
    46 0001:0005A385    47 0001:0005A38F    51 0001:0005A3C5    52 0001:0005A3CB
    53 0001:0005A3F1    54 0001:0005A3F7    57 0001:0005A42A    58 0001:0005A430
    61 0001:0005A481    66 0001:0005A488    67 0001:0005A48C    69 0001:0005A491
    71 0001:0005A4AF    72 0001:0005A53E    73 0001:0005A556    74 0001:0005A56E
    75 0001:0005A586    76 0001:0005A59E    77 0001:0005A5B6    78 0001:0005A5CE
    79 0001:0005A5E6    80 0001:0005A5FE    81 0001:0005A616    82 0001:0005A62E
    83 0001:0005A646    84 0001:0005A65E    85 0001:0005A676    86 0001:0005A68E
    87 0001:0005A6A6    88 0001:0005A6BE    89 0001:0005A6D6    90 0001:0005A6EE
    91 0001:0005A703    92 0001:0005A718    93 0001:0005A72D    94 0001:0005A742
    95 0001:0005A757    96 0001:0005A76C    99 0001:0005A781    67 0001:0005A784
   100 0001:0005A78E   104 0001:0005A794   107 0001:0005A798   108 0001:0005A79C
   111 0001:0005A7AE   115 0001:0005A7D8   119 0001:0005A7E2   120 0001:0005A7EA
   122 0001:0005A830   122 0001:0005A837

Line numbers for ClockPosition(plugins\ClockPosition.pas) segment .text

    42 0001:0005A838    46 0001:0005A83C    54 0001:0005A840    55 0001:0005A846
    57 0001:0005A860    58 0001:0005A868    59 0001:0005A870    60 0001:0005A876
    62 0001:0005A87C    68 0001:0005A8A6    73 0001:0005A8B8    75 0001:0005A8D8
    80 0001:0005A8F8    82 0001:0005A918    88 0001:0005A93B    94 0001:0005A95E
   100 0001:0005A981   108 0001:0005A9A2   110 0001:0005A9AC   111 0001:0005A9B4
   115 0001:0005AAC8   116 0001:0005AAC9   117 0001:0005AACE   118 0001:0005AAD2
   119 0001:0005AAD3   120 0001:0005AAD4   121 0001:0005AADA   122 0001:0005AADF
   123 0001:0005AAE4   127 0001:0005AAE8   128 0001:0005AAE9   129 0001:0005AAEF
   130 0001:0005AAF5   131 0001:0005AAF8   132 0001:0005AAF9   133 0001:0005AAFD
   134 0001:0005AAFE   135 0001:0005AAFF   136 0001:0005AB05   137 0001:0005AB0A
   138 0001:0005AB0F   142 0001:0005AB10   143 0001:0005AB12   144 0001:0005AB17
   145 0001:0005AB1B   146 0001:0005AB1C   147 0001:0005AB1D   148 0001:0005AB23
   149 0001:0005AB28   150 0001:0005AB2D   154 0001:0005AB30   155 0001:0005AB32
   156 0001:0005AB38   157 0001:0005AB3E   158 0001:0005AB41   159 0001:0005AB42
   160 0001:0005AB46   161 0001:0005AB47   162 0001:0005AB48   163 0001:0005AB4E
   164 0001:0005AB53   165 0001:0005AB58   167 0001:0005AB8C   167 0001:0005AB93

Line numbers for GUIEnhancements(plugins\GUIEnhancements.pas) segment .text

    61 0001:0005ABAC    63 0001:0005ABBE    64 0001:0005ABCC    65 0001:0005ABDC
    66 0001:0005ABEA    67 0001:0005ABFA    68 0001:0005AC08    69 0001:0005AC18
    70 0001:0005AC26    71 0001:0005AC36    72 0001:0005AC44    74 0001:0005AC54
    78 0001:0005AC58    82 0001:0005AC5C    83 0001:0005AC60    85 0001:0005AC7A
    91 0001:0005ACA4    94 0001:0005ACCE    99 0001:0005ACEF   104 0001:0005AD10
   105 0001:0005AD1E   110 0001:0005AD3F   115 0001:0005AD60   120 0001:0005AD81
   125 0001:0005ADA2   126 0001:0005ADB0   131 0001:0005ADD1   132 0001:0005ADDF
   143 0001:0005AE00   145 0001:0005AE0A   146 0001:0005AE12   202 0001:0005AF54
   203 0001:0005AF8C   204 0001:0005AF91   206 0001:0005AF97   209 0001:0005AFBF
   210 0001:0005AFCB   212 0001:0005AFE6   218 0001:0005B020   220 0001:0005B03F
   222 0001:0005B049   223 0001:0005B057   225 0001:0005B063   227 0001:0005B06E
   228 0001:0005B07A   229 0001:0005B080   231 0001:0005B092   232 0001:0005B09D
   234 0001:0005B0A8   235 0001:0005B0BE   237 0001:0005B0C9   238 0001:0005B0DF
   240 0001:0005B0EA   241 0001:0005B100   243 0001:0005B108   244 0001:0005B11E
   246 0001:0005B126   247 0001:0005B131   250 0001:0005B139   251 0001:0005B147
   254 0001:0005B16C   257 0001:0005B1A0   259 0001:0005B1C5   260 0001:0005B1DE
   261 0001:0005B1F7   262 0001:0005B20D   264 0001:0005B223   265 0001:0005B23D
   266 0001:0005B24B   267 0001:0005B259   269 0001:0005B267   270 0001:0005B2C8
   272 0001:0005B2E4   274 0001:0005B302   276 0001:0005B318   277 0001:0005B322
   279 0001:0005B350   281 0001:0005B37E   284 0001:0005B3AC   286 0001:0005B3C2
   287 0001:0005B3CC   289 0001:0005B3F2   291 0001:0005B418   296 0001:0005B43C
   299 0001:0005B460   303 0001:0005B47F   304 0001:0005B484   305 0001:0005B489
   307 0001:0005B48D   309 0001:0005B496   310 0001:0005B4AE   311 0001:0005B4B2
   313 0001:0005B4D7   314 0001:0005B4E7   317 0001:0005B4FD   319 0001:0005B506
   320 0001:0005B51E   321 0001:0005B522   323 0001:0005B547   324 0001:0005B557
   327 0001:0005B56D   329 0001:0005B576   330 0001:0005B58E   331 0001:0005B592
   333 0001:0005B5B7   334 0001:0005B5C7   339 0001:0005B5DD   340 0001:0005B5E1
   341 0001:0005B5EF   342 0001:0005B625   344 0001:0005B64E   345 0001:0005B677
   346 0001:0005B6A0   349 0001:0005B6A4   351 0001:0005B6AE   352 0001:0005B6B4
   355 0001:0005B6C7   356 0001:0005B6D2   359 0001:0005B6DD   360 0001:0005B6E3
   363 0001:0005B6E8   367 0001:0005B702   369 0001:0005B70B   370 0001:0005B712
   372 0001:0005B72D   375 0001:0005B732   377 0001:0005B73C   378 0001:0005B752
   379 0001:0005B768   380 0001:0005B788   384 0001:0005B7A8   386 0001:0005B7C2
   387 0001:0005B7D0   388 0001:0005B7DE   389 0001:0005B7EC   391 0001:0005B829
   393 0001:0005B82F   394 0001:0005B845   396 0001:0005B873   399 0001:0005B89C
   400 0001:0005B8C0   401 0001:0005B8D6   403 0001:0005B8EF   404 0001:0005B8F3
   405 0001:0005B93F   406 0001:0005B96D   407 0001:0005B9A5   408 0001:0005B9DD
   409 0001:0005BA15   410 0001:0005BA4A   411 0001:0005BA7F   421 0001:0005BAB2
   423 0001:0005BAC4   424 0001:0005BAD4   429 0001:0005BAF0   432 0001:0005BB02
   434 0001:0005BB1F   435 0001:0005BB3A   437 0001:0005BB44   438 0001:0005BB4A
   440 0001:0005BB51   441 0001:0005BB78   443 0001:0005BB82   444 0001:0005BB8A
   445 0001:0005BB92   448 0001:0005BBB2   449 0001:0005BBCF   450 0001:0005BC01
   454 0001:0005BC1B   455 0001:0005BC38   456 0001:0005BC6A   460 0001:0005BC84
   461 0001:0005BCA1   463 0001:0005BCAC   464 0001:0005BCD2   465 0001:0005BCF8
   467 0001:0005BD08   468 0001:0005BD1F   473 0001:0005BD48   474 0001:0005BD65
   475 0001:0005BD84   477 0001:0005BD8F   478 0001:0005BDA6   479 0001:0005BDD2
   480 0001:0005BE0A   481 0001:0005BE21   486 0001:0005BE36   491 0001:0005BE81
   492 0001:0005BE97   493 0001:0005BEAD   494 0001:0005BEC3   496 0001:0005BED9
   498 0001:0005BEF3   499 0001:0005BF01   500 0001:0005BF0F   501 0001:0005BF1D
   503 0001:0005BF7C   504 0001:0005BFCE   505 0001:0005BFE4   507 0001:0005C000
   508 0001:0005C007   509 0001:0005C041   510 0001:0005C072   511 0001:0005C0AD
   512 0001:0005C0E5   513 0001:0005C11D   523 0001:0005C153   524 0001:0005C161
   525 0001:0005C16A   528 0001:0005C1AF   530 0001:0005C1C1   532 0001:0005C1D6
   533 0001:0005C1F8   535 0001:0005C1FF   537 0001:0005C222   540 0001:0005C231
   544 0001:0005C238   547 0001:0005C245   555 0001:0005C24F   556 0001:0005C25F
   557 0001:0005C269   560 0001:0005C2E8   561 0001:0005C30B   563 0001:0005C315
   564 0001:0005C325   565 0001:0005C332   567 0001:0005C342   569 0001:0005C34C
   570 0001:0005C370   571 0001:0005C376   572 0001:0005C37D   573 0001:0005C385
   574 0001:0005C38C   575 0001:0005C398   576 0001:0005C39E   578 0001:0005C3BE
   579 0001:0005C3C4   581 0001:0005C3E4   583 0001:0005C402   586 0001:0005C45D
   594 0001:0005C47D   597 0001:0005C4AE   598 0001:0005C4B2   600 0001:0005C4BE
   601 0001:0005C4D0   603 0001:0005C4D6   605 0001:0005C4DA   607 0001:0005C4E0
   608 0001:0005C4F6   613 0001:0005C556   622 0001:0005C5B4   623 0001:0005C60E
   624 0001:0005C613   625 0001:0005C62E   626 0001:0005C635   628 0001:0005C641
   629 0001:0005C651   631 0001:0005C663   632 0001:0005C681   633 0001:0005C68F
   636 0001:0005C6DF   637 0001:0005C6EC   641 0001:0005C73C   642 0001:0005C75A
   643 0001:0005C768   646 0001:0005C7B5   647 0001:0005C7C2   650 0001:0005C80D
   652 0001:0005C830   653 0001:0005C840   655 0001:0005C852   656 0001:0005C870
   657 0001:0005C87E   660 0001:0005C8CE   661 0001:0005C8DB   665 0001:0005C92B
   666 0001:0005C949   667 0001:0005C957   670 0001:0005C9A4   671 0001:0005C9B1
   674 0001:0005C9FC   675 0001:0005CA66   678 0001:0005CAFC   680 0001:0005CAFF
   682 0001:0005CB0F   683 0001:0005CB24   684 0001:0005CB31   685 0001:0005CB46
   687 0001:0005CB53   691 0001:0005CB58   692 0001:0005CB5C   693 0001:0005CB5D
   694 0001:0005CB5E   695 0001:0005CB63   696 0001:0005CB64   697 0001:0005CB66
   698 0001:0005CB6B   699 0001:0005CB70   703 0001:0005CB74   704 0001:0005CB78
   705 0001:0005CB79   706 0001:0005CB7A   707 0001:0005CB7B   708 0001:0005CB7C
   709 0001:0005CB81   710 0001:0005CB86   711 0001:0005CB8B   715 0001:0005CB8C
   716 0001:0005CB92   717 0001:0005CB98   718 0001:0005CB9D   719 0001:0005CB9E
   720 0001:0005CBA5   721 0001:0005CBA6   722 0001:0005CBAA   723 0001:0005CBAB
   724 0001:0005CBAC   725 0001:0005CBB2   726 0001:0005CBB6   727 0001:0005CBB8
   728 0001:0005CBBD   730 0001:0005CBBE   731 0001:0005CBBF   733 0001:0005CBC3
   734 0001:0005CBC4   735 0001:0005CBC9   736 0001:0005CBCE   737 0001:0005CBD3
   750 0001:0005CBD4   751 0001:0005CBDA   752 0001:0005CBDF   753 0001:0005CBEF
   755 0001:0005CBFB   756 0001:0005CC2A   758 0001:0005CC59   773 0001:0005CC74
   774 0001:0005CC9D   775 0001:0005CCC7   779 0001:0005CCF5   780 0001:0005CD1E
   782 0001:0005CD39   783 0001:0005CD49   790 0001:0005CD71   791 0001:0005CD9A
   792 0001:0005CDAC   794 0001:0005CDB2   795 0001:0005CDC4   797 0001:0005CDEF
   799 0001:0005CDF3   807 0001:0005CE84   808 0001:0005CEAD   810 0001:0005CEBF
   812 0001:0005CEC5   813 0001:0005CEC9   815 0001:0005CEF4   817 0001:0005CF2A
   823 0001:0005CFBC   831 0001:0005CFCC   832 0001:0005CFCD   833 0001:0005CFD4
   834 0001:0005CFD6   835 0001:0005CFD7   838 0001:0005CFD9   839 0001:0005CFDA
   840 0001:0005CFDD   841 0001:0005CFE0   842 0001:0005CFE3   843 0001:0005CFE4
   844 0001:0005CFE6   845 0001:0005CFE7   846 0001:0005CFE8   847 0001:0005CFE9
   848 0001:0005CFEA   851 0001:0005CFF0   852 0001:0005CFF3   853 0001:0005CFF6
   854 0001:0005CFF9   855 0001:0005CFFA   856 0001:0005CFFB   857 0001:0005CFFE
   858 0001:0005CFFF   859 0001:0005D000   860 0001:0005D001   861 0001:0005D002
   864 0001:0005D008   865 0001:0005D00B   866 0001:0005D00E   867 0001:0005D011
   868 0001:0005D012   869 0001:0005D013   870 0001:0005D016   871 0001:0005D017
   872 0001:0005D018   873 0001:0005D019   874 0001:0005D01A   877 0001:0005D020
   878 0001:0005D023   879 0001:0005D025   880 0001:0005D028   881 0001:0005D029
   882 0001:0005D02A   883 0001:0005D02D   884 0001:0005D02E   885 0001:0005D02F
   886 0001:0005D030   887 0001:0005D031   888 0001:0005D037   890 0001:0005D039
   891 0001:0005D03D   892 0001:0005D03E   893 0001:0005D041   894 0001:0005D044
   895 0001:0005D045   896 0001:0005D046   897 0001:0005D048   898 0001:0005D04B
   899 0001:0005D04C   900 0001:0005D04D   901 0001:0005D04E   902 0001:0005D051
   903 0001:0005D052   905 0001:0005D057   906 0001:0005D05C   907 0001:0005D061
   913 0001:0005D064   914 0001:0005D065   915 0001:0005D06C   916 0001:0005D06F
   917 0001:0005D070   918 0001:0005D072   919 0001:0005D077   920 0001:0005D07C
   922 0001:0005D081   923 0001:0005D087   924 0001:0005D08C   925 0001:0005D091
   930 0001:0005D094   931 0001:0005D09D   932 0001:0005D0A9   934 0001:0005D0B3
   935 0001:0005D0C0   936 0001:0005D0CC   937 0001:0005D0D8   938 0001:0005D0E4
   939 0001:0005D0F0   940 0001:0005D0FC   941 0001:0005D106   942 0001:0005D111
   943 0001:0005D11C   944 0001:0005D127   945 0001:0005D132   946 0001:0005D13D
   947 0001:0005D148   948 0001:0005D153   950 0001:0005D15E   954 0001:0005D164
   955 0001:0005D167   956 0001:0005D169   957 0001:0005D16F   958 0001:0005D171
   959 0001:0005D173   960 0001:0005D176   964 0001:0005D178   965 0001:0005D182
   966 0001:0005D18F   967 0001:0005D19B   969 0001:0005D1A1   970 0001:0005D1AB
   972 0001:0005D1B6   974 0001:0005D1C2   975 0001:0005D1D5   977 0001:0005D1E0
   979 0001:0005D1E8   980 0001:0005D1F7   981 0001:0005D207   983 0001:0005D20E
   984 0001:0005D21A   985 0001:0005D227   991 0001:0005D22C   992 0001:0005D234
   993 0001:0005D243   995 0001:0005D24D   998 0001:0005D280   999 0001:0005D2A0
  1000 0001:0005D2C3  1003 0001:0005D2E6  1004 0001:0005D2FB  1005 0001:0005D310
  1007 0001:0005D324  1008 0001:0005D339  1009 0001:0005D35F  1011 0001:0005D385
  1012 0001:0005D3AE  1014 0001:0005D3BF  1015 0001:0005D3FB  1016 0001:0005D406
  1017 0001:0005D445  1019 0001:0005D450  1020 0001:0005D45B  1021 0001:0005D466
  1022 0001:0005D475  1024 0001:0005D482  1025 0001:0005D49A  1027 0001:0005D4AA
  1029 0001:0005D4B8  1031 0001:0005D4CB  1032 0001:0005D4D5  1037 0001:0005D4E8
  1041 0001:0005D4F0  1042 0001:0005D4F4  1043 0001:0005D4F5  1044 0001:0005D4FA
  1045 0001:0005D500  1046 0001:0005D505  1047 0001:0005D50A  1053 0001:0005D50C
  1055 0001:0005D514  1057 0001:0005D521  1058 0001:0005D530  1060 0001:0005D53A
  1061 0001:0005D54F  1062 0001:0005D566  1063 0001:0005D589  1064 0001:0005D590
  1065 0001:0005D597  1067 0001:0005D5AC  1068 0001:0005D5D2  1070 0001:0005D5F8
  1071 0001:0005D621  1073 0001:0005D632  1074 0001:0005D645  1075 0001:0005D650
  1076 0001:0005D663  1078 0001:0005D66E  1079 0001:0005D679  1081 0001:0005D686
  1082 0001:0005D69D  1084 0001:0005D6AD  1086 0001:0005D6BB  1088 0001:0005D6CE
  1089 0001:0005D6D8  1093 0001:0005D6EB  1101 0001:0005D6F4  1102 0001:0005D6F6
  1103 0001:0005D6F7  1104 0001:0005D6FB  1105 0001:0005D6FC  1106 0001:0005D6FD
  1107 0001:0005D6FE  1108 0001:0005D703  1109 0001:0005D704  1110 0001:0005D707
  1111 0001:0005D70C  1112 0001:0005D711  1120 0001:0005D714  1121 0001:0005D71B
  1122 0001:0005D722  1123 0001:0005D725  1125 0001:0005D727  1126 0001:0005D72D
  1127 0001:0005D72F  1128 0001:0005D731  1129 0001:0005D734  1130 0001:0005D73A
  1131 0001:0005D73D  1132 0001:0005D73F  1133 0001:0005D742  1134 0001:0005D744
  1135 0001:0005D746  1136 0001:0005D749  1137 0001:0005D74C  1139 0001:0005D74F
  1140 0001:0005D751  1141 0001:0005D754  1142 0001:0005D759  1143 0001:0005D75B
  1145 0001:0005D75E  1146 0001:0005D760  1148 0001:0005D762  1149 0001:0005D765
  1150 0001:0005D767  1151 0001:0005D76C  1152 0001:0005D771  1154 0001:0005D773
  1155 0001:0005D778  1157 0001:0005D77D  1158 0001:0005D782  1159 0001:0005D787
  1209 0001:0005D7C4  1209 0001:0005D7CB

Line numbers for BattlerRoomMemFix(plugins\BattlerRoomMemFix.pas) segment .text

    48 0001:0005D7CC    52 0001:0005D7D4    56 0001:0005D7D8    59 0001:0005D7DC
    60 0001:0005D7E0    62 0001:0005D7F2    68 0001:0005D819    73 0001:0005D837
    75 0001:0005D841    76 0001:0005D849    82 0001:0005D84C    83 0001:0005D855
    84 0001:0005D85B    85 0001:0005D86A    86 0001:0005D871    87 0001:0005D87F
    88 0001:0005D88C    90 0001:0005D8B8    92 0001:0005D8D1    95 0001:0005D8DD
    96 0001:0005D8E6    98 0001:0005D8EE    99 0001:0005D905   112 0001:0005D90C
   113 0001:0005D90D   114 0001:0005D90E   115 0001:0005D90F   116 0001:0005D914
   117 0001:0005D916   118 0001:0005D918   119 0001:0005D919   120 0001:0005D920
   121 0001:0005D921   122 0001:0005D922   123 0001:0005D927   125 0001:0005D92C
   126 0001:0005D92D   127 0001:0005D92E   128 0001:0005D92F   129 0001:0005D935
   130 0001:0005D93A   131 0001:0005D93F   133 0001:0005D970   133 0001:0005D977

Line numbers for Plugins(Plugins.pas) segment .text

    44 0001:0005D978    46 0001:0005D97F    48 0001:0005D989    49 0001:0005D993
    51 0001:0005D99D    52 0001:0005D9A7    53 0001:0005D9B1    54 0001:0005D9BB
    55 0001:0005D9C5    57 0001:0005D9CF    58 0001:0005D9D9    59 0001:0005D9E3
    62 0001:0005D9ED    63 0001:0005D9F7    64 0001:0005DA01    66 0001:0005DA0B
    67 0001:0005DA16    68 0001:0005DA20    69 0001:0005DA2A    70 0001:0005DA34
    71 0001:0005DA3E    73 0001:0005DA48    74 0001:0005DA56    75 0001:0005DA60
    77 0001:0005DA6A    78 0001:0005DA75    79 0001:0005DA7F    80 0001:0005DA89
    81 0001:0005DA93    82 0001:0005DA9D    85 0001:0005DAA7    86 0001:0005DAAF
    89 0001:0005DAB4    90 0001:0005DAB7    91 0001:0005DABC    93 0001:0005DAF0
    93 0001:0005DAF7

Line numbers for InitCode(InitCode.pas) segment .text

    87 0001:0005DAF8    88 0001:0005DAFC    89 0001:0005DB03    90 0001:0005DB0D
    91 0001:0005DB1F    93 0001:0005DB29    94 0001:0005DB40    95 0001:0005DB49
    97 0001:0005DB59   103 0001:0005DB8C   108 0001:0005DBB0   109 0001:0005DBBE
   111 0001:0005DBC8   115 0001:0005DBCD   119 0001:0005DBD8   120 0001:0005DBE3
   122 0001:0005DBEC   123 0001:0005DC09   125 0001:0005DC41   126 0001:0005DC4B
   128 0001:0005DC7B   129 0001:0005DC85   130 0001:0005DCA5   131 0001:0005DCCC
   132 0001:0005DCD5   133 0001:0005DCE6   134 0001:0005DCEF   135 0001:0005DD00
   136 0001:0005DD0B   138 0001:0005DD1E   139 0001:0005DD45   140 0001:0005DD4F
   141 0001:0005DD7D   145 0001:0005DD99   151 0001:0005DDA2   156 0001:0005DDCD
   165 0001:0005DDD2   167 0001:0005DDF5   169 0001:0005DDF8   170 0001:0005DE00
   173 0001:0005DE2C   176 0001:0005DF84   177 0001:0005DF87   178 0001:0005DF8C
   180 0001:0005DF91   182 0001:0005DF9A   183 0001:0005DFA7   186 0001:0005DFB0
   188 0001:0005DFBA   190 0001:0005DFEC   191 0001:0005DFF8   192 0001:0005E005
   193 0001:0005E012

Line numbers for InitCode_CoreExePatching(InitCode_CoreExePatching.pas) segment .text

    50 0001:0005E014    51 0001:0005E01C    53 0001:0005E022    54 0001:0005E02C
    56 0001:0005E036    71 0001:0005E03C    72 0001:0005E043    73 0001:0005E04D
    74 0001:0005E057    75 0001:0005E065    77 0001:0005E08C    79 0001:0005E08F
    80 0001:0005E097    81 0001:0005E0A9    84 0001:0005E0B3    88 0001:0005E0BC
    92 0001:0005E0C1    93 0001:0005E0C6    94 0001:0005E0C7    96 0001:0005E0F8
    97 0001:0005E104    98 0001:0005E111   102 0001:0005E11E   103 0001:0005E128
   104 0001:0005E132   106 0001:0005E13C   107 0001:0005E146

Line numbers for threadlogging(threadlogging.pas) segment .text

   145 0001:0005E178   145 0001:0005E17F

Line numbers for StartBuilding(plugins\StartBuilding.pas) segment .text

    96 0001:0005E1B0    96 0001:0005E1B7

Line numbers for KillDamage(plugins\KillDamage.pas) segment .text

    96 0001:0005E1E8    96 0001:0005E1EF

Line numbers for dplayx(F:\TA\TADR\SVN\trunk\src\Recorder\Dplayx.dpr) segment .text

    74 0001:0005E678    75 0001:0005E688

Bound resource files

dplayx.res
dplayx.drf


Program entry point at 0001:0005E678
