
 Start         Length     Name                   Class
 0001:00000000 00039D90H .text                   CODE
 0002:00000000 00000B8CH .data                   DATA
 0002:00000B8C 00000A41H .bss                    BSS


Detailed map of segments

 0001:00000000 00005597 C=CODE     S=.text    G=(none)   M=System   ACBP=A9
 0001:00005598 000001CC C=CODE     S=.text    G=(none)   M=SysInit  ACBP=A9
 0001:00005764 00000038 C=CODE     S=.text    G=(none)   M=Types    ACBP=A9
 0001:0000579C 000002E4 C=CODE     S=.text    G=(none)   M=Windows  ACBP=A9
 0001:00005A80 00000038 C=CODE     S=.text    G=(none)   M=Messages ACBP=A9
 0001:00005AB8 00000328 C=CODE     S=.text    G=(none)   M=SysConst ACBP=A9
 0001:00005DE0 000072F4 C=CODE     S=.text    G=(none)   M=SysUtils ACBP=A9
 0001:0000D0D4 00000887 C=CODE     S=.text    G=(none)   M=VarUtils ACBP=A9
 0001:0000D95C 0000280E C=CODE     S=.text    G=(none)   M=Variants ACBP=A9
 0001:0001016C 000000B8 C=CODE     S=.text    G=(none)   M=RTLConsts ACBP=A9
 0001:00010224 00000084 C=CODE     S=.text    G=(none)   M=TypInfo  ACBP=A9
 0001:000102A8 00000038 C=CODE     S=.text    G=(none)   M=ActiveX  ACBP=A9
 0001:000102E0 00004132 C=CODE     S=.text    G=(none)   M=Classes  ACBP=A9
 0001:00014414 000003DC C=CODE     S=.text    G=(none)   M=ListsU   ACBP=A9
 0001:000147F0 00000050 C=CODE     S=.text    G=(none)   M=MMSystem ACBP=A9
 0001:00014840 000001DC C=CODE     S=.text    G=(none)   M=SyncObjs ACBP=A9
 0001:00014A1C 00001AD4 C=CODE     S=.text    G=(none)   M=GPHugeF  ACBP=A9
 0001:000164F0 00000038 C=CODE     S=.text    G=(none)   M=Consts   ACBP=A9
 0001:00016528 0000061C C=CODE     S=.text    G=(none)   M=textdata ACBP=A9
 0001:00016B44 00000038 C=CODE     S=.text    G=(none)   M=Math     ACBP=A9
 0001:00016B7C 00000194 C=CODE     S=.text    G=(none)   M=Contnrs  ACBP=A9
 0001:00016D10 00000FA0 C=CODE     S=.text    G=(none)   M=uDebug   ACBP=A9
 0001:00017CB0 00000060 C=CODE     S=.text    G=(none)   M=FreeListU ACBP=A9
 0001:00017D10 00000040 C=CODE     S=.text    G=(none)   M=SHFolder ACBP=A9
 0001:00017D50 00000B78 C=CODE     S=.text    G=(none)   M=TADemoConsts ACBP=A9
 0001:000188C8 00000330 C=CODE     S=.text    G=(none)   M=TextFileU ACBP=A9
 0001:00018BF8 00000A7C C=CODE     S=.text    G=(none)   M=logging  ACBP=A9
 0001:00019674 000019A4 C=CODE     S=.text    G=(none)   M=DPlay    ACBP=A9
 0001:0001B018 00000124 C=CODE     S=.text    G=(none)   M=DPLobby  ACBP=A9
 0001:0001B13C 00000450 C=CODE     S=.text    G=(none)   M=MemMappedDataStructure ACBP=A9
 0001:0001B58C 00000068 C=CODE     S=.text    G=(none)   M=PacketBufferU ACBP=A9
 0001:0001B5F4 0000038C C=CODE     S=.text    G=(none)   M=log2     ACBP=A9
 0001:0001B980 00000068 C=CODE     S=.text    G=(none)   M=IniFiles ACBP=A9
 0001:0001B9E8 00000E0C C=CODE     S=.text    G=(none)   M=Registry ACBP=A9
 0001:0001C7F4 0000176C C=CODE     S=.text    G=(none)   M=packet_old ACBP=A9
 0001:0001DF60 00001420 C=CODE     S=.text    G=(none)   M=PluginEngine ACBP=A9
 0001:0001F380 00000514 C=CODE     S=.text    G=(none)   M=TAMemManipulations ACBP=A9
 0001:0001F894 000005DC C=CODE     S=.text    G=(none)   M=TA_MemoryLocations ACBP=A9
 0001:0001FE70 00000038 C=CODE     S=.text    G=(none)   M=TA_FunctionsU ACBP=A9
 0001:0001FEA8 000001EC C=CODE     S=.text    G=(none)   M=PluginCommandHandlerU ACBP=A9
 0001:00020094 00000258 C=CODE     S=.text    G=(none)   M=InputHook ACBP=A9
 0001:000202EC 0000028C C=CODE     S=.text    G=(none)   M=LOS_Radar ACBP=A9
 0001:00020578 000000CC C=CODE     S=.text    G=(none)   M=LOS_MiniMapUnits ACBP=A9
 0001:00020644 00000140 C=CODE     S=.text    G=(none)   M=LOS_PlayerSeeUnit ACBP=A9
 0001:00020784 000001B0 C=CODE     S=.text    G=(none)   M=LOS_GUIText ACBP=A9
 0001:00020934 00000360 C=CODE     S=.text    G=(none)   M=LOS_UpdateTables ACBP=A9
 0001:00020C94 0000017C C=CODE     S=.text    G=(none)   M=LOS_AllyPlayer ACBP=A9
 0001:00020E10 00000150 C=CODE     S=.text    G=(none)   M=LOS_extensions ACBP=A9
 0001:00020F60 00000208 C=CODE     S=.text    G=(none)   M=SpeedHack ACBP=A9
 0001:00021168 00000038 C=CODE     S=.text    G=(none)   M=TA_NetworkingMessages ACBP=A9
 0001:000211A0 000013A0 C=CODE     S=.text    G=(none)   M=PlayerDataU ACBP=A9
 0001:00022540 00000608 C=CODE     S=.text    G=(none)   M=CommandHandlerU ACBP=A9
 0001:00022B48 000136F0 C=CODE     S=.text    G=(none)   M=idplay   ACBP=A9
 0001:00036238 0000157C C=CODE     S=.text    G=(none)   M=DPLobbyWrapper ACBP=A9
 0001:000377B4 00000B78 C=CODE     S=.text    G=(none)   M=Dplayx_exports ACBP=A9
 0001:0003832C 00000394 C=CODE     S=.text    G=(none)   M=TlHelp32 ACBP=A9
 0001:000386C0 000005B4 C=CODE     S=.text    G=(none)   M=ErrorLog_ExtraData ACBP=A9
 0001:00038C74 0000009C C=CODE     S=.text    G=(none)   M=Thread_marshaller ACBP=A9
 0001:00038D10 00000108 C=CODE     S=.text    G=(none)   M=PauseLock ACBP=A9
 0001:00038E18 000001B0 C=CODE     S=.text    G=(none)   M=UnitLimit ACBP=A9
 0001:00038FC8 000001D8 C=CODE     S=.text    G=(none)   M=MultiAILimit ACBP=A9
 0001:000391A0 0000036C C=CODE     S=.text    G=(none)   M=COB_extensions ACBP=A9
 0001:0003950C 000000B8 C=CODE     S=.text    G=(none)   M=Plugins  ACBP=A9
 0001:000395C4 00000400 C=CODE     S=.text    G=(none)   M=InitCode ACBP=A9
 0001:000399C4 00000134 C=CODE     S=.text    G=(none)   M=InitCode_CoreExePatching ACBP=A9
 0001:00039AF8 00000038 C=CODE     S=.text    G=(none)   M=threadlogging ACBP=A9
 0001:00039B30 0000025D C=CODE     S=.text    G=(none)   M=dplayx   ACBP=A9
 0002:00000000 000000A0 C=DATA     S=.data    G=DGROUP   M=System   ACBP=A9
 0002:000000A0 00000030 C=DATA     S=.data    G=DGROUP   M=SysInit  ACBP=A9
 0002:000000D0 00000250 C=DATA     S=.data    G=DGROUP   M=SysUtils ACBP=A9
 0002:00000320 00000008 C=DATA     S=.data    G=DGROUP   M=VarUtils ACBP=A9
 0002:00000328 00000076 C=DATA     S=.data    G=DGROUP   M=Variants ACBP=A9
 0002:000003A0 0000000C C=DATA     S=.data    G=DGROUP   M=TypInfo  ACBP=A9
 0002:000003AC 00000004 C=DATA     S=.data    G=DGROUP   M=Classes  ACBP=A9
 0002:000003B0 00000020 C=DATA     S=.data    G=DGROUP   M=GPHugeF  ACBP=A9
 0002:000003D0 00000400 C=DATA     S=.data    G=DGROUP   M=textdata ACBP=A9
 0002:000007D0 00000004 C=DATA     S=.data    G=DGROUP   M=uDebug   ACBP=A9
 0002:000007D4 00000049 C=DATA     S=.data    G=DGROUP   M=TADemoConsts ACBP=A9
 0002:00000820 00000004 C=DATA     S=.data    G=DGROUP   M=logging  ACBP=A9
 0002:00000824 00000020 C=DATA     S=.data    G=DGROUP   M=DPlay    ACBP=A9
 0002:00000844 00000010 C=DATA     S=.data    G=DGROUP   M=DPLobby  ACBP=A9
 0002:00000854 00000038 C=DATA     S=.data    G=DGROUP   M=MemMappedDataStructure ACBP=A9
 0002:0000088C 00000008 C=DATA     S=.data    G=DGROUP   M=IniFiles ACBP=A9
 0002:00000894 00000008 C=DATA     S=.data    G=DGROUP   M=Registry ACBP=A9
 0002:0000089C 00000005 C=DATA     S=.data    G=DGROUP   M=packet_old ACBP=A9
 0002:000008A4 00000007 C=DATA     S=.data    G=DGROUP   M=TA_MemoryLocations ACBP=A9
 0002:000008AC 00000008 C=DATA     S=.data    G=DGROUP   M=TA_FunctionsU ACBP=A9
 0002:000008B4 0000000A C=DATA     S=.data    G=DGROUP   M=SpeedHack ACBP=A9
 0002:000008C0 00000004 C=DATA     S=.data    G=DGROUP   M=idplay   ACBP=A9
 0002:000008C4 00000004 C=DATA     S=.data    G=DGROUP   M=Dplayx_exports ACBP=A9
 0002:000008C8 00000008 C=DATA     S=.data    G=DGROUP   M=PauseLock ACBP=A9
 0002:000008D0 00000005 C=DATA     S=.data    G=DGROUP   M=UnitLimit ACBP=A9
 0002:000008D8 00000008 C=DATA     S=.data    G=DGROUP   M=MultiAILimit ACBP=A9
 0002:000008E0 00000001 C=DATA     S=.data    G=DGROUP   M=COB_extensions ACBP=A9
 0002:00001000 0000065C C=BSS      S=.bss     G=DGROUP   M=System   ACBP=A9
 0002:0000165C 00000014 C=BSS      S=.bss     G=DGROUP   M=SysInit  ACBP=A9
 0002:00001670 00000004 C=BSS      S=.bss     G=DGROUP   M=Types    ACBP=A9
 0002:00001674 00000004 C=BSS      S=.bss     G=DGROUP   M=Windows  ACBP=A9
 0002:00001678 00000004 C=BSS      S=.bss     G=DGROUP   M=Messages ACBP=A9
 0002:0000167C 00000004 C=BSS      S=.bss     G=DGROUP   M=SysConst ACBP=A9
 0002:00001680 00000120 C=BSS      S=.bss     G=DGROUP   M=SysUtils ACBP=A9
 0002:000017A0 0000005C C=BSS      S=.bss     G=DGROUP   M=VarUtils ACBP=A9
 0002:000017FC 00000040 C=BSS      S=.bss     G=DGROUP   M=Variants ACBP=A9
 0002:0000183C 00000004 C=BSS      S=.bss     G=DGROUP   M=RTLConsts ACBP=A9
 0002:00001840 00000004 C=BSS      S=.bss     G=DGROUP   M=TypInfo  ACBP=A9
 0002:00001844 00000004 C=BSS      S=.bss     G=DGROUP   M=ActiveX  ACBP=A9
 0002:00001848 00000034 C=BSS      S=.bss     G=DGROUP   M=Classes  ACBP=A9
 0002:0000187C 00000004 C=BSS      S=.bss     G=DGROUP   M=ListsU   ACBP=A9
 0002:00001880 00000004 C=BSS      S=.bss     G=DGROUP   M=MMSystem ACBP=A9
 0002:00001884 00000004 C=BSS      S=.bss     G=DGROUP   M=SyncObjs ACBP=A9
 0002:00001888 00000004 C=BSS      S=.bss     G=DGROUP   M=GPHugeF  ACBP=A9
 0002:0000188C 00000004 C=BSS      S=.bss     G=DGROUP   M=Consts   ACBP=A9
 0002:00001890 00000004 C=BSS      S=.bss     G=DGROUP   M=textdata ACBP=A9
 0002:00001894 00000004 C=BSS      S=.bss     G=DGROUP   M=Math     ACBP=A9
 0002:00001898 00000004 C=BSS      S=.bss     G=DGROUP   M=Contnrs  ACBP=A9
 0002:0000189C 00000014 C=BSS      S=.bss     G=DGROUP   M=uDebug   ACBP=A9
 0002:000018B0 00000008 C=BSS      S=.bss     G=DGROUP   M=FreeListU ACBP=A9
 0002:000018B8 00000004 C=BSS      S=.bss     G=DGROUP   M=SHFolder ACBP=A9
 0002:000018BC 00000018 C=BSS      S=.bss     G=DGROUP   M=TADemoConsts ACBP=A9
 0002:000018D4 00000004 C=BSS      S=.bss     G=DGROUP   M=TextFileU ACBP=A9
 0002:000018D8 0000000C C=BSS      S=.bss     G=DGROUP   M=logging  ACBP=A9
 0002:000018E4 00000004 C=BSS      S=.bss     G=DGROUP   M=DPlay    ACBP=A9
 0002:000018E8 00000004 C=BSS      S=.bss     G=DGROUP   M=DPLobby  ACBP=A9
 0002:000018EC 00000004 C=BSS      S=.bss     G=DGROUP   M=MemMappedDataStructure ACBP=A9
 0002:000018F0 00000004 C=BSS      S=.bss     G=DGROUP   M=PacketBufferU ACBP=A9
 0002:000018F4 00000004 C=BSS      S=.bss     G=DGROUP   M=log2     ACBP=A9
 0002:000018F8 00000004 C=BSS      S=.bss     G=DGROUP   M=IniFiles ACBP=A9
 0002:000018FC 00000004 C=BSS      S=.bss     G=DGROUP   M=Registry ACBP=A9
 0002:00001900 00000004 C=BSS      S=.bss     G=DGROUP   M=packet_old ACBP=A9
 0002:00001904 00000008 C=BSS      S=.bss     G=DGROUP   M=PluginEngine ACBP=A9
 0002:0000190C 00000004 C=BSS      S=.bss     G=DGROUP   M=TAMemManipulations ACBP=A9
 0002:00001910 0000000A C=BSS      S=.bss     G=DGROUP   M=TA_MemoryLocations ACBP=A9
 0002:0000191C 00000004 C=BSS      S=.bss     G=DGROUP   M=TA_FunctionsU ACBP=A9
 0002:00001920 00000004 C=BSS      S=.bss     G=DGROUP   M=PluginCommandHandlerU ACBP=A9
 0002:00001924 00000008 C=BSS      S=.bss     G=DGROUP   M=InputHook ACBP=A9
 0002:0000192C 00000010 C=BSS      S=.bss     G=DGROUP   M=LOS_Radar ACBP=A9
 0002:0000193C 00000004 C=BSS      S=.bss     G=DGROUP   M=LOS_MiniMapUnits ACBP=A9
 0002:00001940 00000010 C=BSS      S=.bss     G=DGROUP   M=LOS_PlayerSeeUnit ACBP=A9
 0002:00001950 00000004 C=BSS      S=.bss     G=DGROUP   M=LOS_GUIText ACBP=A9
 0002:00001954 00000010 C=BSS      S=.bss     G=DGROUP   M=LOS_UpdateTables ACBP=A9
 0002:00001964 00000008 C=BSS      S=.bss     G=DGROUP   M=LOS_AllyPlayer ACBP=A9
 0002:0000196C 00000008 C=BSS      S=.bss     G=DGROUP   M=LOS_extensions ACBP=A9
 0002:00001974 00000004 C=BSS      S=.bss     G=DGROUP   M=SpeedHack ACBP=A9
 0002:00001978 00000004 C=BSS      S=.bss     G=DGROUP   M=TA_NetworkingMessages ACBP=A9
 0002:0000197C 00000004 C=BSS      S=.bss     G=DGROUP   M=PlayerDataU ACBP=A9
 0002:00001980 00000004 C=BSS      S=.bss     G=DGROUP   M=CommandHandlerU ACBP=A9
 0002:00001984 0000000C C=BSS      S=.bss     G=DGROUP   M=idplay   ACBP=A9
 0002:00001990 00000004 C=BSS      S=.bss     G=DGROUP   M=DPLobbyWrapper ACBP=A9
 0002:00001994 00000028 C=BSS      S=.bss     G=DGROUP   M=Dplayx_exports ACBP=A9
 0002:000019BC 00000048 C=BSS      S=.bss     G=DGROUP   M=TlHelp32 ACBP=A9
 0002:00001A04 00000004 C=BSS      S=.bss     G=DGROUP   M=ErrorLog_ExtraData ACBP=A9
 0002:00001A08 00000004 C=BSS      S=.bss     G=DGROUP   M=Thread_marshaller ACBP=A9
 0002:00001A0C 00000004 C=BSS      S=.bss     G=DGROUP   M=PauseLock ACBP=A9
 0002:00001A10 00000004 C=BSS      S=.bss     G=DGROUP   M=UnitLimit ACBP=A9
 0002:00001A14 00000004 C=BSS      S=.bss     G=DGROUP   M=MultiAILimit ACBP=A9
 0002:00001A18 00000004 C=BSS      S=.bss     G=DGROUP   M=COB_extensions ACBP=A9
 0002:00001A1C 00000004 C=BSS      S=.bss     G=DGROUP   M=Plugins  ACBP=A9
 0002:00001A20 00000008 C=BSS      S=.bss     G=DGROUP   M=InitCode ACBP=A9
 0002:00001A28 00000014 C=BSS      S=.bss     G=DGROUP   M=InitCode_CoreExePatching ACBP=A9
 0002:00001A3C 00000004 C=BSS      S=.bss     G=DGROUP   M=threadlogging ACBP=A9


  Address         Publics by Name

 0002:000018AC       .1
 0002:00001A3C       .1
 0002:000018B4       .1
 0002:00001A28       .1
 0002:000018B8       .1
 0002:00001890       .1
 0002:000018E4       .1
 0002:00001A1C       .1
 0002:0000188C       .1
 0002:000018E8       .1
 0002:0000183C       .1
 0002:000018EC       .1
 0002:0000190C       .1
 0002:00001A18       .1
 0002:0000191C       .1
 0002:00001928       .1
 0002:00001938       .1
 0002:0000193C       .1
 0002:0000194C       .1
 0002:00001A14       .1
 0002:00001A10       .1
 0002:00001A0C       .1
 0002:00001A08       .1
 0002:00001A04       .1
 0002:00001670       .1
 0002:000019BC       .1
 0002:00001950       .1
 0002:00001960       .1
 0002:00001968       .1
 0002:00001678       .1
 0002:0000167C       .1
 0002:00001970       .1
 0002:00001974       .1
 0002:000019A0       .1
 0002:00001668       .1
 0002:00001990       .2
 0002:00001900       .2
 0002:00001978       .2
 0002:000018F4       .2
 0002:000018E0       .2
 0002:000018D4       .2
 0002:00001894       .2
 0002:00001A20       .2
 0002:000018C0       .2
 0002:00001898       .21
 0002:00001674       .3
 0002:00001844       .3
 0002:000018F0       .3
 0002:00001920       .3
 0002:00001980       .3
 0002:00001790       .35
 0002:00001914       .4
 0002:0000197C       .4
 0002:00001850       .45
 0002:000015B4       .5
 0002:000017F8       .5
 0002:00001888       .5
 0002:000018FC       .5
 0002:00001884       .6
 0002:0000198C       .6
 0002:00001840       .6
 0002:00001904       .6
 0002:00001880       .7
 0002:000018F8       .8
 0002:0000181C       .81
 0002:0000187C       .9
 0001:00001E10       @AbstractError
 0001:00002E98       @AfterConstruction
 0001:000038F8       @Assert
 0001:000020F4       @Assign
 0001:00002250       @AStrCmp
 0001:00002EA8       @BeforeDestruction
 0001:00002B48       @BoundErr
 0001:00002DD8       @CallDynaInst
 0001:00002E40       @ClassCreate
 0001:00002E90       @ClassDestroy
 0001:000021BC       @Close
 0001:00001B58       @Copy
 0001:000044BC       @CopyArray
 0001:000043A0       @CopyRecord
 0001:000045B0       @DispCallByIDError
 0001:0000E3FC       @DispInvokeError
 0001:00003324       @DoneExcept
 0001:00004800       @DynArrayAsg
 0001:000047C4       @DynArrayClear
 0001:000045E4       @DynArrayHigh
 0001:000045DC       @DynArrayLength
 0001:000047B8       @DynArraySetLength
 0001:000022C0       @EofText
 0001:0000340C       @ExceptionHandler
 0001:000022F8       @FillChar
 0001:0000437C       @Finalize
 0001:00004290       @FinalizeArray
 0001:00004244       @FinalizeRecord
 0001:000021B0       @Flush
 0001:00002B3C       @FpuInit
 0001:00002A78       @FpuMaskInit
 0001:00001A28       @FreeMem
 0001:000019F8       @GetMem
 0001:00005698       @GetTls
 0001:000038E0       @Halt
 0001:00003800       @Halt0
 0001:00002FBC       @HandleAnyException
 0001:00003270       @HandleFinally
 0001:000030E8       @HandleOnException
 0001:000036C4       @InitImports
 0001:000056E4       @InitLib
 0001:0000369C       @InitResStringImports
 0001:00004F54       @IntfAddRef
 0001:00004F10       @IntfClear
 0001:00004F28       @IntfCopy
 0001:00002B50       @IntOver
 0001:00002D84       @IsClass
 0001:00002A48       @isNECWindows
 0001:00003DA4       @LStrAddRef
 0001:0000393C       @LStrArrayClr
 0001:0000396C       @LStrAsg
 0001:00003BBC       @LStrCat
 0001:00003C00       @LStrCat3
 0001:00003C74       @LStrCatN
 0001:00003918       @LStrClr
 0001:00003D00       @LStrCmp
 0001:00003E14       @LStrCopy
 0001:00003E54       @LStrDelete
 0001:00003B88       @LStrFromArray
 0001:00003B00       @LStrFromChar
 0001:00003B10       @LStrFromPChar
 0001:00003A08       @LStrFromPCharLen
 0001:00003B40       @LStrFromPWChar
 0001:00003A74       @LStrFromPWCharLen
 0001:00003B7C       @LStrFromString
 0001:00003BA0       @LStrFromWStr
 0001:000039B0       @LStrLAsg
 0001:00003BB4       @LStrLen
 0001:00003E9C       @LStrPos
 0001:00003EE4       @LStrSetLength
 0001:00003DB4       @LStrToPChar
 0001:000039DC       @NewAnsiString
 0001:00003F8C       @NewWideString
 0001:0000275C       @Pow10
 0001:00002244       @PStrCpy
 0001:00002214       @PStrNCat
 0001:000032D0       @RaiseAgain
 0001:000032A8       @RaiseExcept
 0001:00002318       @RandInt
 0001:00002370       @ReadChar
 0001:000024D4       @ReadLn
 0001:00002468       @ReadLString
 0001:0000245C       @ReadString
 0001:00001A48       @ReallocMem
 0001:00001E84       @ResetText
 0001:00001E90       @RewritText
 0001:000038EC       @RunError
 0001:00002740       @SetEq
 0001:000035D4       @StartLib
 0001:0000025C       @strlen
 0001:00001DEC       @TRUNC
 0001:00003354       @TryFinallyExit
 0001:00003E0C       @UniqueStringA
 0001:00002504       @ValLong
 0001:0000F9B0       @VarAddRef
 0001:0000E6D4       @VarClear
 0001:0000E6E8       @VarClr
 0001:00004278       @VarClr
 0001:0000EA10       @VarCopy
 0001:00004388       @VarCopy
 0001:0000ED3C       @VarToLStr
 0001:0000F45C       @VarToWStr
 0001:00003F48       @Write0LString
 0001:0000261C       @WriteBytes
 0001:000026EC       @WriteLn
 0001:00003F64       @WriteLString
 0001:00002670       @WriteSpaces
 0001:00003FCC       @WStrArrayClr
 0001:00003FF0       @WStrAsg
 0001:00003FB4       @WStrClr
 0001:0000412C       @WStrCmp
 0001:000041B0       @WStrCopy
 0001:00004100       @WStrFromLStr
 0001:00004014       @WStrFromPCharLen
 0001:000040C4       @WStrFromPWChar
 0001:000040A0       @WStrFromPWCharLen
 0001:00004120       @WStrLen
 0001:000041FC       @WStrSetLength
 0001:00004110       @WStrToPWChar
 0001:00001B28       @_IOTest
 0001:000045B8       @_llmul
 0001:0000B15C       AbstractErrorHandler
 0002:00001028       AbstractErrorProc
 0002:00000150       AccessMode
 0002:00000808       AccessMode
 0001:000102D8       ActiveX
 0001:000003CC       AddBlockAfter
 0001:0001B15C       AddCheatDescription
 0001:0001754C       AddLineNo
 0001:00004D68       AddModuleUnloadProc
 0001:00004D78       AddModuleUnloadProc
 0001:00017398       AddProcedure
 0001:000171B4       AddUnit
 0002:000008DC       AIName
 0002:00001964       AlliedStateChanged
 0001:000069E8       AllocMem
 0002:000015AC       AllocMemCount
 0002:000015B0       AllocMemSize
 0001:000055C8       AllocTlsBuffer
 0001:00006BA8       AnsiCompareStr
 0001:00006BF4       AnsiCompareText
 0001:00006B60       AnsiLowerCase
 0001:0000BC80       AnsiPos
 0001:00006C40       AnsiSameText
 0001:0000BCCC       AnsiStrPos
 0001:0000BDA4       AnsiStrRScan
 0001:0000BDF4       AnsiStrScan
 0001:00005354       AnsiToUtf8
 0001:00008C14       AppendChars
 0001:00009034       AppendFormat
 0001:00008C98       AppendNumber
 0001:00008C74       AppendString
 0001:0000B124       AssertErrorHandler
 0002:00001020       AssertErrorProc
 0002:00001604       avail
 0001:00007758       BackfillGetDiskFreeSpaceEx
 0001:0000D3AC       BackupVarBoolFromStr
 0001:0000D528       BackupVarBStrFromBool
 0001:0000D430       BackupVarBStrFromCy
 0001:0000D4AC       BackupVarBStrFromDate
 0001:0000D338       BackupVarCyFromStr
 0001:0000D2C4       BackupVarDateFromStr
 0001:0000D168       BackupVarI4FromStr
 0001:0000D0F4       BackupVariantChangeTypeEx
 0001:0000D1DC       BackupVarR4FromStr
 0001:0000D250       BackupVarR8FromStr
 0001:00038FE4       BetterAIName
 0001:0003906C       BetterAINameStub
 0001:00016920       BinToInt
 0001:0000D140       BiUnimplemented
 0002:000015DC       blockDescBlockList
 0002:000015E0       blockDescFreeList
 0002:000003A0       BooleanIdents
 0002:00000330       BooleanToStringRule
 0001:0000710C       BoolToStr
 0001:0000EAC4       BoolToWStrViaOS
 0002:000008A4       BoolValues
 0001:0000B81C       ByteToCharIndex
 0001:0000B7E0       ByteToCharLen
 0001:0000B77C       ByteType
 0001:0000B6D0       ByteTypeTest
 0002:00001918       CacheUsed
 0001:00016A48       CalcCRC
 0002:00001814       ChangeAnyProc
 0001:00007524       ChangeFileExt
 0001:00003A38       CharFromWChar
 0001:0000BA94       CharLength
 0001:000059FC       CharLowerBuff
 0001:00005A04       CharNext
 0001:000001D4       CharNext
 0001:0000B958       CharToByteIndex
 0001:0000B9D0       CharToByteLen
 0001:00005A0C       CharToOemA
 0002:00001988       chatview
 0001:0001B13C       CheatEnabled
 0002:0000086C       Cheat_BuildAnywhere
 0002:00000868       Cheat_ControlMenu
 0002:00000888       Cheat_DoubleShot
 0002:0000087C       Cheat_ExtraDamage
 0002:0000085C       Cheat_FastBuild
 0002:00000860       Cheat_InfiniteResources
 0002:00000880       Cheat_InstantBuild
 0002:00000870       Cheat_InstantCapture
 0002:00000858       Cheat_Invisible
 0002:00000854       Cheat_Invulnerability
 0002:00000878       Cheat_JamAll
 0002:00000864       Cheat_LosRadar
 0002:00000884       Cheat_ResourcesFreeze
 0002:00000874       Cheat_SpecialMove
 0001:0001F4C4       CheckForCheats
 0001:00002F38       CheckJmp
 0002:00000334       CInvalidCustomVariantType
 0001:00014380       Classes
 0001:00017914       CleanUpMapFile
 0002:00001810       ClearAnyProc
 0001:0000FCEC       ClearVariantTypeList
 0001:00000174       CloseHandle
 0001:000057CC       CloseHandle
 0002:0000103C       CmdLine
 0002:00001038       CmdShow
 0001:0000D154       CmpUnimplemented
 0001:00039504       COB_extensions
 0001:00039454       COB_Extensions_Handling
 0002:00001A2C       CodeInjectionData
 0001:00022B40       CommandHandlerU
 0001:0000074C       Commit
 0002:00001620       committedRoot
 0001:0002760C       compare
 0001:00016F24       CompareHeaders
 0001:000057D4       CompareString
 0001:00006AE8       CompareText
 0001:00007010       CompareWith
 0001:00018064       Compress
 0001:00014AE0       Compress
 0001:00016520       Consts
 0001:00016D08       Contnrs
 0001:0000A9B8       ConvertAddr
 0001:00008D98       ConvertEraString
 0001:00006998       ConvertError
 0001:000069B8       ConvertErrorFmt
 0001:00008F1C       ConvertYearString
 0001:000045EC       CopyArray
 0001:000057DC       CopyFile
 0001:0000B8A0       CountChars
 0001:00016A10       CRC32
 0002:000003D0       CRC32tab
 0001:0000B05C       CreateAssertException
 0001:0000B258       CreateAVObject
 0001:000077D8       CreateDir
 0001:000057E4       CreateDirectory
 0001:000057EC       CreateEvent
 0001:000057F4       CreateFile
 0001:0000017C       CreateFileA
 0001:000057FC       CreateFileMapping
 0001:0000AF48       CreateInOutError
 0001:000385EC       CreateToolhelp32Snapshot
 0002:0000038C       CRelationshipToBoolean
 0002:00000320       CResult
 0002:00000148       cSimpleBoolStrs
 0002:00000338       CText
 0002:00001618       curAlloc
 0002:00001688       CurrencyDecimals
 0002:00001684       CurrencyFormat
 0002:00001680       CurrencyString
 0001:00008BF4       CurrentYear
 0001:000085C8       CurrToStr
 0001:0000EA54       CurrToWStrViaOS
 0001:00039250       CustomGetters
 0001:00006D28       CvtInt
 0001:00006D94       CvtInt64
 0002:00000188       CWNear
 0001:00016528       DataToStr2
 0001:0001BBC8       DataTypeToRegData
 0001:00008B80       Date
 0002:00001689       DateSeparator
 0001:000098E8       DateTimeToStr
 0001:0000983C       DateTimeToString
 0001:000086B8       DateTimeToTimeStamp
 0001:000098A8       DateToStr
 0001:0000EA8C       DateToWStrViaOS
 0001:00008B50       DayOfWeek
 0002:00000184       DCon10
 0002:00000028       DebugHook
 0002:00001687       DecimalSeparator
 0001:00008B20       DecodeDate
 0001:000089A4       DecodeDateFully
 0001:000087C0       DecodeTime
 0001:0000080C       Decommit
 0001:00000F38       DecommitFree
 0002:000015F4       decommittedRoot
 0002:0000089C       DecompressionBufferSize
 0002:00000024       Default8087CW
 0002:00000034       DefaultTextLineBreakStyle
 0002:000015B8       DefaultUserCodePage
 0002:00000214       DefLongDayNames
 0002:000001C8       DefLongMonthNames
 0002:000001F8       DefShortDayNames
 0002:00000198       DefShortMonthNames
 0002:000007D4       Deities
 0001:00004850       DelayLoadResourceModule
 0001:00000428       DeleteBlock
 0001:00005804       DeleteCriticalSection
 0001:00000338       DeleteCriticalSection
 0001:0000580C       DeleteFile
 0001:00000D20       DeleteFree
 0001:00005814       DeviceIoControl
 0002:00000090       dig
 0001:0000737C       DirectoryExists
 0001:00037B44       DirectPlayCreate
 0002:000019B0       DirectPlayCreate_proc
 0001:0003784C       DirectPlayEnumerate
 0001:00037944       DirectPlayEnumerateA
 0002:000019A8       DirectPlayEnumerateA_proc
 0001:00037A44       DirectPlayEnumerateW
 0002:000019AC       DirectPlayEnumerateW_proc
 0002:000019A4       DirectPlayEnumerate_proc
 0001:00037EEC       DirectPlayLobbyCreateA
 0002:000019B8       DirectPlayLobbyCreateA_proc
 0001:00037DAC       DirectPlayLobbyCreateW
 0002:000019B4       DirectPlayLobbyCreateW_proc
 0001:000395C4       DisableThreadLibraryCalls
 0002:00001000       DispCallByIDProc
 0001:0000697C       DivMod
 0001:00038140       DllCanUnloadNow
 0001:000381E0       DllGetClassObject
 0002:00001664       DllProc
 0002:00001998       DoFinalize
 0002:00001994       DoInitialize
 0002:000008B0       DoInterpretCommand
 0001:0000B5CC       DoneExceptions
 0001:00014224       DoneThreadSynchronization
 0001:0001F9AC       DoReport
 0002:000003A8       DotSep
 0001:00011B68       DoWrite
 0001:0003950C       Do_LoadTime_CodeInjections
 0001:0001B010       DPlay
 0001:00039D78       dplayx
 0001:000377B4       DPlayxHandleInvalid
 0002:000008C4       dplayxLibHandle
 0001:000382F8       Dplayx_exports
 0001:0001B134       DPLobby
 0001:000377AC       DPLobbyWrapper
 0001:00004604       DynArrayClear
 0001:0000460C       DynArraySetLength
 0001:0000AF0C       EHeapException.FreeInstance
 0001:00014C4C       Elapsed
 0002:000017FC       EmptyParam
 0002:000000D0       EmptyStr
 0002:000000D4       EmptyWideStr
 0001:00008968       EncodeDate
 0001:0000877C       EncodeTime
 0001:0000581C       EnterCriticalSection
 0001:00000328       EnterCriticalSection
 0001:00005824       EnumCalendarInfoA
 0001:0000A578       EnumEraNames
 0001:0000A5C4       EnumEraYearOffsets
 0002:00001750       EraNames
 0001:00009C14       EraToYear
 0002:0000176C       EraYearOffsets
 0002:00000068       errCaption
 0001:00001B1C       Error
 0002:00000004       ErrorAddr
 0001:00001AD0       ErrorAt
 0001:0000AFEC       ErrorHandler
 0001:00038C6C       ErrorLog_ExtraData
 0001:00038C28       Errorlog_Thunk1
 0001:000388E4       Errorlog_Thunk2
 0002:00000230       ErrorMap
 0002:00001008       ErrorProc
 0001:00019740       ErrorString
 0002:000013E0       ErrOutput
 0001:00001A98       ExceptAddr
 0002:0000100C       ExceptClsProc
 0001:0000B51C       ExceptHandler
 0001:0000AC5C       Exception.Create
 0001:0000ACA4       Exception.CreateFmt
 0001:0000AE74       Exception.CreateFmtHelp
 0001:0000AE20       Exception.CreateHelp
 0001:0000AD34       Exception.CreateRes
 0001:0000AD7C       Exception.CreateResFmt
 0002:0000101C       ExceptionClass
 0001:0000A9C8       ExceptionErrorMessage
 0002:00000268       ExceptMap
 0002:00001010       ExceptObjProc
 0002:00001004       ExceptProc
 0001:0000BC34       ExcludeTrailingPathDelimiter
 0002:00000000       ExitCode
 0001:00003744       ExitDll
 0002:00001040       ExitProc
 0001:000001DC       ExitProcess
 0002:00001024       ExitProcessProc
 0001:00005674       ExitProcessTLS
 0001:0000564C       ExitThreadTLS
 0001:00007714       ExpandFileName
 0002:000008A8       ExpectedData
 0001:00007604       ExtractFileDir
 0001:000076B4       ExtractFileExt
 0001:00007670       ExtractFileName
 0001:000075C4       ExtractFilePath
 0002:0000178C       FalseBoolStrs
 0002:00000178       FCon1E18
 0001:000072EC       FileAge
 0001:000072D8       FileClose
 0001:000071D8       FileCreate
 0001:0000720C       FileCreate
 0001:0000735C       FileExists
 0002:00000818       FileFlags
 0002:0000000C       FileMode
 0001:00001ED8       FileNOPProc
 0001:00007168       FileOpen
 0001:0000722C       FileRead
 0001:0000729C       FileSeek
 0001:0000582C       FileTimeToDosDateTime
 0001:00005834       FileTimeToLocalFileTime
 0001:00007264       FileWrite
 0002:000003B0       FILE_SHARING_ERRORS
 0001:00000E58       FillAfterGap
 0001:00000DF8       FillBeforeGap
 0001:00000EF8       FillerSizeAfterGap
 0001:00000E80       FillerSizeBeforeGap
 0001:00016CD8       Finalization
 0001:000361F4       Finalization
 0001:00038688       Finalization
 0001:0000572C       Finalization
 0001:0001B5BC       Finalization
 0001:00005764       Finalization
 0001:00021130       Finalization
 0001:0002074C       Finalization
 0001:00016B44       Finalization
 0001:00016B0C       Finalization
 0001:000208FC       Finalization
 0001:00039A78       Finalization
 0001:00021168       Finalization
 0001:0001B104       Finalization
 0001:00039AF8       Finalization
 0001:000164B8       Finalization
 0001:000202B4       Finalization
 0001:0000CED4       Finalization
 0001:0001AFE0       Finalization
 0001:0003777C       Finalization
 0001:00020DD8       Finalization
 0001:0001B948       Finalization
 0001:000394D4       Finalization
 0001:00019628       Finalization
 0001:0001C7A4       Finalization
 0001:000149E4       Finalization
 0001:00022508       Finalization
 0001:0001B998       Finalization
 0001:0001F85C       Finalization
 0001:00022B10       Finalization
 0001:000142D0       Finalization
 0001:0002005C       Finalization
 0001:00020540       Finalization
 0001:000164F0       Finalization
 0001:0001FE70       Finalization
 0001:00017C6C       Finalization
 0001:00018BC0       Finalization
 0001:00038CD8       Finalization
 0001:0002060C       Finalization
 0001:00018864       Finalization
 0001:000147B8       Finalization
 0001:0001DF28       Finalization
 0001:00020C5C       Finalization
 0001:0003915C       Finalization
 0001:00038DE0       Finalization
 0001:00014808       Finalization
 0001:000102A8       Finalization
 0001:00010250       Finalization
 0001:00039B30       Finalization
 0001:000101EC       Finalization
 0001:0001F338       Finalization
 0001:0001FE38       Finalization
 0001:00017D18       Finalization
 0001:00010048       Finalization
 0001:00005470       Finalization
 0001:00017CD8       Finalization
 0001:0003958C       Finalization
 0001:000382C8       Finalization
 0001:0001B554       Finalization
 0001:00005DA8       Finalization
 0001:00038F90       Finalization
 0001:0000D918       Finalization
 0001:00005A80       Finalization
 0001:00038C3C       Finalization
 0001:0003996C       Finalization
 0001:00005A48       Finalization
 0001:00020F28       Finalization
 0001:000045FC       FinalizeArray
 0001:000034F4       FinalizeUnits
 0001:000048E0       FindBS
 0001:000001EC       FindClose
 0001:0000583C       FindClose
 0001:00000DB4       FindCommitted
 0001:0000FF90       FindCustomVariantType
 0001:000001F4       FindFirstFile
 0001:00005844       FindFirstFile
 0002:0000185C       FindGlobalComponentProcs
 0001:00004828       FindHInstance
 0001:00032574       FindHostPlayer
 0001:0000D5C8       FindProc
 0001:00004898       FindResourceHInstance
 0002:000018C4       fIsWin9x
 0002:0000179C       FLanguages
 0001:00008258       FloatToDecimal
 0001:00008598       FloatToStr
 0001:00007F84       FloatToText
 0001:000021A4       Flush
 0001:0000584C       FlushFileBuffers
 0001:00005854       FlushInstructionCache
 0002:0000018C       FMSecsPerDay
 0001:00007E64       FmtStr
 0001:000073B4       ForceDirectories
 0001:00007E3C       Format
 0002:00000194       Format
 0001:00007A6C       FormatBuf
 0001:00007A58       FormatClearStr
 0001:000079B8       FormatError
 0002:00000170       FormatErrorStrs
 0001:0000585C       FormatMessage
 0001:00007A20       FormatVarToStr
 0001:00002754       FPower10
 0001:0000CBE0       FreeAndNil
 0001:00000AB4       FreeCommitted
 0001:000010EC       FreeCurAlloc
 0001:00014240       FreeIntConstList
 0001:00005864       FreeLibrary
 0001:000001FC       FreeLibrary
 0001:00017D08       FreeListU
 0001:00000684       FreeSpace
 0001:0000C580       FreeTerminateProcs
 0002:0000081C       fVersionLazyInited
 0001:000205DC       GameUnit_LOS_MiniMap_UnitsProjectiles_IsOwner
 0001:00020740       GameUnit_LOS_PlayerSeeUnit_EpilogCode_Exit
 0001:000206EC       GameUnit_LOS_PlayerSeeUnit_IsOwnerAllowedToSee
 0001:000203CC       GameUnit_LOS_Radar_CanDirectlySeeUnit
 0001:00020480       GameUnit_LOS_Radar_LoopCondition
 0001:00020428       GameUnit_LOS_Radar_LoopStart
 0001:00020A8C       GameUnit_LOS_Update_1_Retry
 0001:00020A70       GameUnit_LOS_Update_1_Start
 0001:00020B78       GameUnit_LOS_Update_2_Retry
 0001:00020B5C       GameUnit_LOS_Update_2_Start
 0002:000008AC       Game_SetLOSState
 0002:0000199C       gdwDPlaySPRefCount
 0001:0000586C       GetACP
 0001:00000340       GetBlockDesc
 0001:00016668       GetChar
 0001:000002DC       GetCmdShow
 0001:00020C94       GetCodeInjections
 0001:00020784       GetCodeInjections
 0001:00020934       GetCodeInjections
 0001:000202EC       GetCodeInjections
 0001:00020578       GetCodeInjections
 0001:00020644       GetCodeInjections
 0001:00000204       GetCommandLine
 0001:000008C8       GetCommitted
 0001:00000970       GetCommittedAt
 0001:00008CE8       GetCount
 0001:00005874       GetCPInfo
 0001:0000587C       GetCurrentProcess
 0001:000002BC       GetCurrentThreadId
 0001:00005884       GetCurrentThreadId
 0001:00008D20       GetDate
 0001:0000588C       GetDateFormat
 0001:00009AE0       GetDateOrder
 0001:00005894       GetDiskFreeSpaceA
 0002:00000144       GetDiskFreeSpaceEx
 0001:00002DA8       GetDynaMethod
 0001:0000A650       GetEraNamesAndYearOffsets
 0001:00009BB0       GetEraYearOffset
 0001:0000B22C       GetExceptionClass
 0001:0000B43C       GetExceptionObject
 0001:0000589C       GetFileAttributes
 0001:0000018C       GetFileSize
 0001:000058A4       GetFileSize
 0001:00000184       GetFileType
 0001:00018704       GetFileVersion
 0001:000059E4       GetFileVersionInfo
 0001:000059EC       GetFileVersionInfoSize
 0001:000184F8       GetFileVersion_internal
 0001:0000C114       GetFormatSettings
 0001:000058AC       GetFullPathName
 0001:00002A40       GetKeyboardType
 0001:0000020C       GetLastError
 0001:000058B4       GetLastError
 0001:00017A2C       GetLineNumberFromAddress
 0001:0000A3C4       GetLocaleChar
 0001:000058C4       GetLocaleInfo
 0001:00000214       GetLocaleInfo
 0001:0000A368       GetLocaleStr
 0001:000058BC       GetLocalTime
 0001:00017C20       GetMapAddressFromAddress
 0001:00017B28       GetMapFileName
 0001:000058CC       GetModuleFileName
 0001:0000021C       GetModuleFileName
 0001:00000224       GetModuleHandle
 0001:000058D4       GetModuleHandle
 0001:00017940       GetModuleNameFromAddress
 0001:0000A444       GetMonthDayNames
 0001:00017E38       GetMyDocs
 0001:00001BFC       GetParamStr
 0001:00038E20       GetPlugin
 0001:00020E70       GetPlugin
 0001:00020F84       GetPlugin
 0001:00038C7C       GetPlugin
 0001:000391A8       GetPlugin
 0001:000386C8       GetPlugin
 0001:00038D18       GetPlugin
 0001:00020254       GetPlugin
 0001:00039088       GetPlugin
 0001:000058DC       GetProcAddress
 0001:0000022C       GetProcAddress
 0001:000179BC       GetProcNameFromAddress
 0001:000005A8       GetSpace
 0001:0000060C       GetSpaceAt
 0001:00000234       GetStartupInfo
 0001:000058E4       GetStdHandle
 0001:00000194       GetStdHandle
 0001:000058EC       GetStringTypeEx
 0001:00017E98       GetSysDir
 0001:000058F4       GetSystemDirectory
 0001:000058FC       GetSystemInfo
 0001:00005A14       GetSystemMetrics
 0001:000187EC       GetTADemoVersion
 0001:00005904       GetTempFileName
 0001:0000590C       GetTempPath
 0001:0000023C       GetThreadLocale
 0001:00005914       GetThreadLocale
 0001:0000591C       GetTickCount
 0001:000002D4       GetTickCount
 0001:00008D58       GetTime
 0001:000055D4       GetTlsSize
 0001:000002C4       GetVersion
 0001:00005924       GetVersionEx
 0001:0000592C       GetVolumeInformation
 0001:00017FD8       GetVolumePathName
 0002:00001860       GlobalFixupList
 0002:00001848       GlobalNameSpace
 0001:000164E8       GPHugeF
 0002:000015C0       heapErrorCode
 0002:000015C4       heapLock
 0002:00000140       HexDisplayPrefix
 0002:00001660       HInstance
 0001:00005A2C       HiWord
 0001:00036230       idplay
 0002:00000834       IID_IDirectPlay
 0002:00000824       IID_IDirectPlay3
 0002:00000844       IID_IDirectPlayLobby2
 0002:00000190       IMSecsPerDay
 0001:0000E6F0       InBounds
 0001:0000E450       InBounds
 0001:0000BBE0       IncludeTrailingPathDelimiter
 0001:0000E720       Increment
 0001:0000E480       Increment
 0001:0001B9E0       IniFiles
 0001:00000B48       InitAllocator
 0001:0003999C       InitCode
 0001:00039AA8       InitCode_CoreExePatching
 0002:00001630       InitContext
 0001:0000C5B4       InitDriveSpacePtr
 0001:0000B544       InitExceptions
 0001:00000320       InitializeCriticalSection
 0001:00005934       InitializeCriticalSection
 0002:000015BC       initialized
 0001:000056D8       InitializeModule
 0001:0000D60C       InitializeVarUtils
 0001:0000BEC4       InitLeadBytes
 0001:0000B650       InitPlatformId
 0001:00005620       InitProcessTLS
 0001:0000BF68       InitSysLocale
 0001:000141EC       InitThreadSynchronization
 0001:000055DC       InitThreadTLS
 0001:00039A6C       InitThunk_Stage1
 0001:000399EC       InitThunk_Stage2
 0001:0003832C       InitToolHelp
 0001:00003564       InitUnits
 0002:00001048       Input
 0001:00020094       InputHandler
 0001:000202E4       InputHook
 0001:00000FF4       InsertFree
 0001:0001F010       InstallPlugins
 0002:00001854       IntConstList
 0001:000002B4       InterlockedDecrement
 0001:0000C624       InterlockedDecrement
 0001:0000C630       InterlockedExchange
 0001:0000C638       InterlockedExchangeAdd
 0001:0000C618       InterlockedIncrement
 0001:000002AC       InterlockedIncrement
 0001:00001F18       InternalClose
 0001:0000215C       InternalFlush
 0001:00000E34       InternalFreeMem
 0001:00003DC0       InternalUniqueString
 0001:00006E88       IntToHex
 0001:00006EB0       IntToHex
 0001:00006E60       IntToStr
 0001:00006D74       IntToStr
 0002:00001798       InvalidPointer
 0001:00002C70       InvokeImplGetter
 0001:00001B9C       IOResult
 0001:0000593C       IsBadReadPtr
 0002:00001044       IsConsole
 0001:0000BB84       IsDelimiter
 0001:00008820       IsLeapYear
 0002:00001034       IsLibrary
 0002:00001045       IsMultiThread
 0001:0000BB38       IsPathDelimiter
 0001:0001BB50       IsRelative
 0001:000165DC       IsStrBool
 0001:0001B490       IsTAHookRunning
 0001:0001F994       IsTAVersion31
 0002:00001919       IsTAVersion31_Cache
 0001:0000BF44       IsWesternGroup
 0001:00017F78       IsWin9x
 0002:0000002C       JITEnable
 0002:000019C0       KernelHandle
 0002:000018BC       kernellib
 0001:000074B4       LastDelimiter
 0001:000053FC       LCIDToCodePage
 0001:0000BE4C       LCIDToCodePage
 0002:00000120       LeadBytes
 0001:00000330       LeaveCriticalSection
 0001:00005944       LeaveCriticalSection
 0002:00000038       LibModuleList
 0001:000399C4       LibraryProc
 0002:000018A4       LineNumbers
 0001:0001B1B0       ListCheats
 0002:0000174E       ListSeparator
 0001:000147E8       ListsU
 0001:000176BC       LoadAndParseMapFile
 0001:0000594C       LoadLibrary
 0001:00000244       LoadLibraryEx
 0001:00004AE4       LoadResourceModule
 0001:000053A4       LoadResString
 0001:0000024C       LoadString
 0001:00005A1C       LoadString
 0001:00005598       LocalAlloc
 0001:00000300       LocalAlloc
 0001:000055A0       LocalFree
 0001:00000308       LocalFree
 0001:0000A400       LocalGetLocaleStr
 0001:0001B978       log2
 0002:00000820       logdir
 0001:00018D7C       LogError
 0001:00018C68       LogException
 0002:000018D8       logFilename
 0001:0001966C       logging
 0002:000008C0       logsave
 0002:000018DC       Log_
 0002:00001690       LongDateFormat
 0002:00001724       LongDayNames
 0002:000016D8       LongMonthNames
 0002:000016A4       LongTimeFormat
 0001:00020E08       LOS_AllyPlayer
 0001:00020F58       LOS_extensions
 0001:0002092C       LOS_GUIText
 0001:00020890       LOS_GUIText_SeeCommHealth
 0001:000208C8       LOS_GUIText_Unit_KillsNStuff
 0001:00020850       LOS_GUIText_Unit_Resources
 0001:0002063C       LOS_MiniMapUnits
 0001:0002077C       LOS_PlayerSeeUnit
 0001:00020570       LOS_Radar
 0002:00001954       LOS_Updates_PTR
 0001:00020C8C       LOS_UpdateTables
 0001:00006A7C       LowerCase
 0002:000008BC       LowerLimit
 0001:00000254       lstrcpyn
 0002:00001820       LVarTypes
 0002:00001824       LVarTypeSync
 0002:0000102C       MainInstance
 0002:00001030       MainThreadID
 0001:000003C4       MakeEmpty
 0001:000036E8       MakeErrorMessage
 0001:00018454       MakeTempFilename
 0001:0000B178       MapException
 0002:000007D0       MapFileName
 0002:000018A8       MapFileSetup
 0001:0000336C       MapToRunError
 0001:00005954       MapViewOfFile
 0001:00016B74       Math
 0001:0001B584       MemMappedDataStructure
 0002:00000040       MemoryManager
 0001:0000045C       MergeBlockAfter
 0001:00001138       MergeCommit
 0001:00005A24       MessageBox
 0001:000001E4       MessageBox
 0001:00005AB0       Messages
 0001:00014838       MMSystem
 0002:000000A8       Module
 0001:00038620       Module32First
 0001:00038654       Module32Next
 0001:0003889C       ModuleInfoComparer
 0002:0000165D       ModuleIsCpp
 0002:0000165C       ModuleIsLib
 0001:000142BC       ModuleUnload
 0002:0000003C       ModuleUnloadList
 0002:000000F0       MonthDays
 0001:00001BBC       Move
 0001:00039198       MultiAILimit
 0001:00000264       MultiByteToWideChar
 0002:00001685       NegCurrFormat
 0001:000011C4       NewCommit
 0001:000011F0       NewCommitAt
 0002:000008D0       NewUnitLimit
 0001:0000BAE4       NextCharIndex
 0002:00000030       NoErrMsg
 0001:00002F24       NotifyAnyExcept
 0001:00002EF8       NotifyExcept
 0001:00002F58       NotifyExceptFinally
 0001:00004E20       NotifyModuleUnload
 0001:00002ED4       NotifyNonDelphiException
 0001:00002F10       NotifyOnExcept
 0001:00002EB8       NotifyReRaise
 0001:00002F80       NotifyTerminate
 0001:00002F9C       NotifyUnhandled
 0001:00008BAC       Now
 0002:0000032C       NullAsStringValue
 0002:00000328       NullStrictConvert
 0002:000018B0       ObjectsToFree
 0001:00015D74       OffsetPtr
 0001:00039934       OnFinalize
 0001:00017CC8       OnFinalize
 0001:000377DC       OnInit
 0001:00017CB0       OnInitialize
 0001:00039658       OnInitialize
 0001:000386C0       OnInstall
 0001:00038C74       OnInstall
 0001:00038FC8       OnInstall
 0001:00038D10       OnInstall
 0001:00020224       OnInstall
 0001:000391A0       OnInstallCobExtensions
 0001:00020E2C       OnInstallShareLOS
 0001:00020F74       OnInstallSpeedHack
 0001:00038E18       OnInstallUnitLimit
 0001:000386C4       OnUnInstall
 0001:00038C78       OnUnInstall
 0001:00020244       OnUnInstall
 0001:00038FCC       OnUninstall
 0001:00038D14       OnUninstall
 0001:000391A4       OnUninstallCobExtensions
 0001:00020E38       OnUninstallShareLOS
 0001:00020F80       OnUninstallSpeedHack
 0001:00038E1C       OnUninstallUnitLimit
 0001:0001B4E0       OpenMemMap
 0001:00001E2C       OpenText
 0002:00001794       OutOfMemory
 0002:00001214       Output
 0001:00030B3C       OutputInfo
 0001:0001B5EC       PacketBufferU
 0001:0001DF58       packet_old
 0001:00001D60       ParamStr
 0001:000166C0       ParseParams
 0001:0001E288       PatchNJump
 0001:00038DB8       PauseHandling
 0001:00038E10       PauseLock
 0001:00022538       PlayerDataU
 0002:00001934       PlayerPtr
 0002:00001944       PlayerPtr
 0002:00001958       PlayerPtr
 0001:00020DA8       Player_SetAlliedState_JumpHook
 0001:00020DC0       Player_SetAlliedState_RetHook
 0001:0002008C       PluginCommandHandlerU
 0002:00001924       PluginCommands
 0001:0001F378       PluginEngine
 0001:000395BC       Plugins
 0002:00001908       Plugins
 0001:00010CD0       PointerInModule
 0002:000018C8       proc
 0002:00001A24       proc
 0002:000018A0       Procedures
 0001:00013940       PropValueError
 0002:000000A4       PtrToNil
 0001:000168EC       PtrToStr
 0001:00007F40       PutExponent
 0001:000002CC       QueryPerformanceCounter
 0001:00011464       QuickSort
 0001:0000B114       RaiseAssertException
 0001:00013304       RaiseException
 0001:0000019C       RaiseException
 0002:00001014       RaiseExceptionProc
 0001:0000C4B0       RaiseLastOSError
 0001:00001DC4       Randomize
 0002:00000008       RandSeed
 0001:0001BB1C       ReadError
 0001:00013920       ReadError
 0001:0000595C       ReadFile
 0001:000001A4       ReadFile
 0001:000023DC       ReadLine
 0001:00005964       ReadProcessMemory
 0002:00001818       RefAnyProc
 0001:0000579C       RegCloseKey
 0001:0000026C       RegCloseKey
 0001:000057A4       RegCreateKeyEx
 0001:0001BB78       RegDataToDataType
 0001:000057AC       RegFlushKey
 0002:00001858       RegGroups
 0001:00004E7C       RegisterModule
 0001:0001EFAC       RegisterPlugin
 0001:0001C7EC       Registry
 0001:000057B4       RegOpenKeyEx
 0001:00000274       RegOpenKeyEx
 0001:0000027C       RegQueryValueEx
 0001:000057BC       RegQueryValueEx
 0001:000057C4       RegSetValueEx
 0002:0000004C       reMap
 0002:00001614       remBytes
 0001:000004E4       RemoveBlock
 0001:000137D0       RemoveFixupReferences
 0001:0001388C       RemoveFixups
 0001:00016A94       RemoveInvalid
 0001:00004D98       RemoveModuleUnloadProc
 0001:00004D70       RemoveModuleUnloadProc
 0001:0000596C       ResetEvent
 0001:00020F60       ResetGameSpeedLimits
 0001:00020E10       ResetShareLosState
 0001:00001728       ResizeInPlace
 0001:00011CEC       ReturnAddr
 0001:00011108       ReturnAddr
 0002:00001610       rover
 0001:0001021C       RTLConsts
 0001:000001AC       RtlUnwind
 0002:00001018       RTLUnwindProc
 0002:00000070       runErrMsg
 0001:00001AC4       RunErrorAt
 0001:0000D5A8       SafeArrayCreate
 0001:0000D5B0       SafeArrayGetLBound
 0001:0000D5B8       SafeArrayGetUBound
 0001:0000D5C0       SafeArrayPtrOfIndex
 0001:00006B3C       SameText
 0001:00009904       ScanBlanks
 0001:00009A90       ScanChar
 0001:00009C7C       ScanDate
 0001:00009944       ScanNumber
 0001:000099F8       ScanString
 0001:0000A010       ScanTime
 0001:00009B48       ScanToNumber
 0001:00001224       SearchSmallBlocks
 0001:000182E4       SelfLocation
 0002:000018CC       SelfLocation_cache
 0001:0000FCBC       SetClearVarToEmptyParam
 0001:00005974       SetEndOfFile
 0001:000001B4       SetEndOfFile
 0001:0000597C       SetEvent
 0001:000034AC       SetExceptionHandler
 0001:00005984       SetFilePointer
 0001:000001BC       SetFilePointer
 0001:00001B48       SetInOutRes
 0001:0000598C       SetLastError
 0001:0001F4AC       SetLongword
 0001:0000FCA4       SetVarAsError
 0001:0001F490       SetWord
 0002:00000810       ShareFlags
 0002:0000015C       ShareMode
 0001:00017D48       SHFolder
 0001:00017D10       SHGetFolderPath
 0002:0000168C       ShortDateFormat
 0002:00001708       ShortDayNames
 0002:000016A8       ShortMonthNames
 0002:000016A0       ShortTimeFormat
 0001:0000AB80       ShowException
 0001:00020D64       Signal_AlliedStateChange
 0001:000169C8       SimpleCrypt
 0001:00013D30       SkipBinary
 0001:00013D64       SkipCollection
 0001:00013D04       SkipList
 0001:0000C4A8       Sleep
 0001:00005994       Sleep
 0002:0000161C       smallTab
 0002:000015E4       spaceRoot
 0001:00021160       SpeedHack
 0001:000210A0       SpeedState_DecreaseSpeed_Check
 0001:000210D8       SpeedState_IncreaseSpeed_Check
 0001:00021108       SpeedState_SetSpeed_Check
 0001:0001E2B8       SpliceInJump
 0002:00001984       StartedFrom
 0002:000008E0       State_COB_extensions
 0002:000008D8       State_MultiAILimit
 0002:000008C8       State_PauseLock
 0002:000008B4       State_SpeedHack
 0002:000008D4       State_UnitLimit
 0001:00021274       StatusToStr
 0002:000008CC       StopPauseStateChange
 0001:0000794C       StrAlloc
 0001:0000B7B0       StrByteType
 0001:0000BA44       StrCharLength
 0001:00013140       StringListCompareStrings
 0001:00016E60       StripFromString
 0001:00007848       StrLCopy
 0001:00007804       StrLen
 0001:00007DE4       StrLFmt
 0001:0000787C       StrLIComp
 0001:0000781C       StrMove
 0001:00007978       StrNew
 0001:0000BA78       StrNextChar
 0001:000078F8       StrPos
 0001:000078C0       StrScan
 0001:00006EE0       StrToInt
 0001:00006F20       StrToIntDef
 0001:00038284       StubCall
 0001:000180DC       SupportsCompression
 0002:0000184C       SyncEvent
 0001:00016FB0       SyncHeaders
 0002:000003AC       SyncList
 0001:00014A14       SyncObjs
 0001:00000294       SysAllocStringLen
 0001:00005DD8       SysConst
 0001:0000A304       SysErrorMessage
 0001:00001550       SysFreeMem
 0001:000002A4       SysFreeString
 0001:000013A4       SysGetMem
 0001:0000575C       SysInit
 0002:00001740       SysLocale
 0001:0000192C       SysReallocMem
 0001:0000029C       SysReAllocStringLen
 0001:000054C4       System
 0001:0000D054       SysUtils
 0002:00001910       TAData
 0001:000188C0       TADemoConsts
 0002:000018D0       TADemoVersion_cache
 0001:0001FBE4       TAMem.getActualUnitLimit
 0001:0001FB90       TAMem.getGameSpeed
 0001:0001FC10       TAMem.getIsAlteredUnitLimit
 0001:0001FBB8       TAMem.getMaxUnitLimit
 0001:0001FC64       TAMem.getPlayerIndex
 0001:0001FCE8       TAMem.GetUnitPtr
 0001:0001FC3C       TAMem.getUnitsPtr
 0001:0001FB68       TAMem.getViewPLayer
 0001:0001FAD0       TAMem.IsTAVersion31
 0001:0001F88C       TAMemManipulations
 0001:0001FD4C       TAPlayer.GetAlliedState
 0001:0001FD94       TAPlayer.PlayerType
 0001:0001FDBC       TAUnit.getKills
 0001:0001FE10       TAUnit.GetOwnerIndex
 0001:0001FDE8       TAUnit.GetOwnerPtr
 0001:0001FEA0       TA_FunctionsU
 0001:0001FE68       TA_MemoryLocations
 0001:00021198       TA_NetworkingMessages
 0001:0001E424       TCodeInjection.Create
 0001:0001E468       TCodeInjection.RestoreProc
 0001:0001E910       TCodeInjection_RelativeJmp.Create
 0001:0001E978       TCodeInjection_RelativeJmp.WriteProc
 0001:0001E5A8       TCodeInjection_Replacement.WriteProc
 0001:0001E75C       TCodeInjection_StaticCall.WriteProc
 0001:00022618       TCommandHandler.Create
 0001:000229DC       TCommands.AddCommand
 0001:00022878       TCommands.AddCommandAlias
 0001:000227D0       TCommands.ClearCommands
 0001:000226BC       TCommands.Create
 0001:00022728       TCommands.destroy
 0001:0002276C       TCommands.GetCount
 0001:0002279C       TCommands.GetItem
 0001:00022830       TCommands.LookUpCommand
 0001:000149B4       TCriticalSection.Acquire
 0001:00014924       TCriticalSection.Create
 0001:00014974       TCriticalSection.Destroy
 0001:000149CC       TCriticalSection.Release
 0001:0000FD58       TCustomVariantType.BinaryOp
 0001:0000FD64       TCustomVariantType.Cast
 0001:0000FD9C       TCustomVariantType.CastTo
 0001:0000FE28       TCustomVariantType.CastToOle
 0001:0000FDE4       TCustomVariantType.Compare
 0001:0000FDF0       TCustomVariantType.CompareOp
 0001:0000FE64       TCustomVariantType.Destroy
 0001:0000FF44       TCustomVariantType.DispInvoke
 0001:0000FEF0       TCustomVariantType.IsClear
 0001:0000FEF4       TCustomVariantType.LeftPromotion
 0001:0000FF08       TCustomVariantType.OlePromotion
 0001:0000FF68       TCustomVariantType.QueryInterface
 0001:0000FF10       TCustomVariantType.RaiseCastError
 0001:0000FF20       TCustomVariantType.RaiseDispError
 0001:0000FF18       TCustomVariantType.RaiseInvalidOp
 0001:0000FF28       TCustomVariantType.RightPromotion
 0001:0000FF3C       TCustomVariantType.UnaryOp
 0001:0000FF50       TCustomVariantType._AddRef
 0001:0000FF5C       TCustomVariantType._Release
 0001:0002C50C       TDPlay.AddGroupToGroup
 0001:0002B588       TDPlay.AddPlayerToGroup
 0001:000256DC       TDPlay.ChatMsgHandler
 0001:00023E9C       TDPlay.checkForCheats
 0001:00032828       TDPlay.Close
 0001:0003341C       TDPlay.Create
 0001:0002B688       TDPlay.CreateGroup
 0001:0002BEEC       TDPlay.CreateGroup
 0001:0002C588       TDPlay.CreateGroupInGroup
 0001:0002634C       TDPlay.createlogfile
 0001:0002CB98       TDPlay.CreatePlayer
 0001:0002B604       TDPlay.CreatePlayer
 0001:0002C614       TDPlay.DeleteGroupFromGroup
 0001:0002B708       TDPlay.DeletePlayerFromGroup
 0001:0003613C       TDPlay.Destroy
 0001:0002B784       TDPlay.DestroyGroup
 0001:0002CE4C       TDPlay.DestroyPlayer
 0001:00024EE4       TDPlay.dobase
 0001:0002B7FC       TDPlay.EnableNewPlayers
 0001:0002D268       TDPlay.EnumConnections
 0001:0002BF74       TDPlay.EnumGroupPlayers
 0001:0002B874       TDPlay.EnumGroupPlayers
 0001:0002BFFC       TDPlay.EnumGroups
 0001:0002B8F8       TDPlay.EnumGroups
 0001:0002C690       TDPlay.EnumGroupsInGroup
 0001:0002B97C       TDPlay.EnumPlayers
 0001:0002CF70       TDPlay.EnumPlayers
 0001:0002D030       TDPlay.EnumSessions
 0001:0002BA00       TDPlay.EnumSessions
 0001:00032238       TDPlay.ExceptMessage
 0001:00032FA0       TDPlay.Exiting
 0001:000273C8       TDPlay.facexpshandler
 0001:0002C080       TDPlay.GetCaps
 0001:0002BA88       TDPlay.GetCaps
 0001:0002E908       TDPlay.GetFixFacExps
 0001:000324C8       TDPlay.GetGoodSource
 0001:0002C718       TDPlay.GetGroupConnectionSettings
 0001:0002C0FC       TDPlay.GetGroupData
 0001:0002C9A0       TDPlay.GetGroupFlags
 0001:0002C180       TDPlay.GetGroupName
 0001:0002CA1C       TDPlay.GetGroupParent
 0001:0002BB00       TDPlay.GetMessageCount
 0001:0002CA98       TDPlay.GetPlayerAccount
 0001:0002D0B4       TDPlay.GetPlayerAddress
 0001:0002BB7C       TDPlay.GetPlayerCaps
 0001:0002C200       TDPlay.GetPlayerCaps
 0001:0002C280       TDPlay.GetPlayerData
 0001:0002CB1C       TDPlay.GetPlayerFlags
 0001:0002D368       TDPlay.GetPlayerName
 0001:0002BBF8       TDPlay.GetPlayerName
 0001:0002E93C       TDPlay.GetProtectDT
 0001:00023ED4       TDPlay.GetRandomMap
 0001:000255F8       TDPlay.getRecorderStatusString
 0001:000325F8       TDPlay.GetServerPlayer
 0001:0002D178       TDPlay.GetSessionDesc
 0001:00027028       TDPlay.Handleunitdata
 0001:0003263C       TDPlay.ImServer
 0001:00024434       TDPlay.initbuilding
 0001:000244C8       TDPlay.initfastbase
 0001:0002BC80       TDPlay.Initialize
 0001:0002D2EC       TDPlay.InitializeConnection
 0001:00031B40       TDPlay.On3dta
 0001:00031214       TDPlay.OnAbout
 0001:00030260       TDPlay.OnAutoPause
 0001:00030920       TDPlay.OnBase
 0001:000301E4       TDPlay.OnBaseOff
 0001:00030460       TDPlay.OnCmdwarp
 0001:0003105C       TDPlay.OnCrash
 0001:00031DE8       TDPlay.OnCreatetxt
 0001:0002F360       TDPlay.OnDate
 0001:000309D4       TDPlay.OnDoBase
 0001:0002EBFC       TDPlay.OnEhaoff
 0001:0002ECC8       TDPlay.OnEhaOn
 0001:0002EE60       TDPlay.Onehareport
 0001:00032218       TDPlay.OnException
 0001:000303B0       TDPlay.Onf1off
 0001:00032070       TDPlay.OnFakeWatch
 0001:00031360       TDPlay.OnFixall
 0001:0002EA7C       TDPlay.OnFixDisabled
 0001:0002EB3C       TDPlay.OnFixEnabled
 0001:000313C8       TDPlay.OnFixFactoryExplosions
 0001:000320FC       TDPlay.OnForceCd
 0001:0002F720       TDPlay.OnGive
 0001:00030C64       TDPlay.OnHelp
 0001:000300F4       TDPlay.OnHookReport
 0001:00031E8C       TDPlay.OnLockOn
 0001:00031D44       TDPlay.OnOnlyUnits
 0001:00031158       TDPlay.OnPanic
 0001:0002EFE0       TDPlay.OnPlayers
 0001:000314B0       TDPlay.OnProtectDT
 0001:00031FA4       TDPlay.OnRandMap
 0001:00031878       TDPlay.OnRecord
 0001:00032548       TDPlay.OnRemovePlayer
 0001:0002F238       TDPlay.OnReport
 0001:0002E970       TDPlay.OnShareLos
 0001:00031588       TDPlay.OnSharemapPos
 0001:00030F2C       TDPlay.OnStatus
 0001:0002F85C       TDPlay.OnStopGive
 0001:00031CF8       TDPlay.OnStopLog
 0001:000308C4       TDPlay.OnSyncOff
 0001:00030510       TDPlay.OnSyncon
 0001:0002ED94       TDPlay.OnTaHookOff
 0001:0002FCF8       TDPlay.OnTake
 0001:000316C0       TDPlay.OnTime
 0001:0002F940       TDPlay.OnUnits
 0001:0002F654       TDPlay.OnVoteGo
 0001:0002F470       TDPlay.OnVoteReady
 0001:00031004       TDPlay.OnYankspank
 0001:00032674       TDPlay.Open
 0001:0002BCF8       TDPlay.Open
 0001:00027754       TDPlay.PacketHandler
 0001:00026040       TDPlay.PacketLostHandler
 0001:0002DDD0       TDPlay.Receive
 0001:0002BD70       TDPlay.Receive
 0001:000328D8       TDPlay.ResetRecorder
 0001:0002BDF8       TDPlay.SaveSession
 0001:0002C79C       TDPlay.SecureOpen
 0001:0002D984       TDPlay.Send
 0001:000238A4       TDPlay.SendAlliedChat
 0001:000233C8       TDPlay.SendChat
 0001:0002350C       TDPlay.SendChatLocal
 0001:0002363C       TDPlay.SendChatLocal2
 0001:0002C820       TDPlay.SendChatMessage
 0001:00023DD4       TDPlay.SendClipboard
 0001:00023730       TDPlay.SendLocal
 0001:00023700       TDPlay.SendLocal
 0001:00023C4C       TDPlay.SendRecorderToRecorderMsg
 0001:00023974       TDPlay.SendRecorderToRecorderMsg2
 0001:00027654       TDPlay.SetAutoPauseAtStart
 0001:00027674       TDPlay.SetCommanderWarp
 0001:000276B0       TDPlay.SetF1Disable
 0001:0002770C       TDPlay.SetFastSpeed
 0001:0002C8A4       TDPlay.SetGroupConnectionSettings
 0001:0002C304       TDPlay.SetGroupData
 0001:0002C388       TDPlay.SetGroupName
 0001:0002C408       TDPlay.SetPlayerData
 0001:0002BE6C       TDPlay.SetPlayerName
 0001:0002C48C       TDPlay.SetPlayerName
 0001:0002D1F0       TDPlay.SetSessionDesc
 0001:00027730       TDPlay.SetSlowSpeed
 0001:000276EC       TDPlay.SetSpeedLock
 0001:00026DBC       TDPlay.SmartPak
 0001:0002C924       TDPlay.StartSession
 0001:00025F78       TDPlay.UnitCountChange
 0001:000183B4       TempPath
 0002:0000031C       TerminateProcList
 0002:00001046       Test8086
 0001:0001F380       TestByte
 0001:0001F3B8       TestByte
 0001:0001F404       TestBytes
 0002:0000195C       TestPlayer
 0002:00001948       TestPlayer
 0002:0000192C       TestPlayerIndex
 0002:00001930       TestPlayerPtr
 0001:00001F28       TextClose
 0001:00020E44       TextCommand_View_Hook
 0001:00016B3C       textdata
 0001:00018BF0       TextFileU
 0001:00001E9C       TextIn
 0001:00001F48       TextOpen
 0001:00001EDC       TextOut
 0001:00008484       TextToFloat
 0001:00013628       TFileStream.Create
 0001:000135D8       TFileStream.Create
 0001:00013788       TFileStream.Destroy
 0001:00014CC8       TGpHugeFile.AccessFile
 0001:00015B6C       TGpHugeFile.AllocBuffer
 0001:000154DC       TGpHugeFile.BlockWrite
 0001:000160C8       TGpHugeFile.BlockWriteUnsafe
 0001:00015318       TGpHugeFile.CheckHandle
 0001:00015260       TGpHugeFile.Close
 0001:00014B58       TGpHugeFile.CreateEx
 0001:00014C10       TGpHugeFile.Destroy
 0001:00015A08       TGpHugeFile.FilePos
 0001:00016408       TGpHugeFile.FileSize
 0001:00015384       TGpHugeFile.FileSizeNoCache
 0001:00015ACC       TGpHugeFile.Flush
 0001:00016004       TGpHugeFile.FlushBuffer
 0001:00015CA4       TGpHugeFile.FreeBuffer
 0001:00016484       TGpHugeFile.InitReadBuffer
 0001:00016450       TGpHugeFile.InitWriteBuffer
 0001:00016184       TGpHugeFile.IsOpen
 0001:000163A0       TGpHugeFile.LoadedToTheEOF
 0001:00014F70       TGpHugeFile.ResetEx
 0001:000150FC       TGpHugeFile.RewriteEx
 0001:00015B40       TGpHugeFile.RoundToPageSize
 0001:00015898       TGpHugeFile.Seek
 0001:00015D90       TGpHugeFile.Transmit
 0001:0001591C       TGpHugeFile.Truncate
 0001:00016358       TGpHugeFile.Win32Check
 0001:00015634       TGpHugeFile._Seek
 0001:00013494       THandleStream.Create
 0001:000134E4       THandleStream.Read
 0001:00013554       THandleStream.Seek
 0001:00013588       THandleStream.SetSize
 0001:000135A8       THandleStream.SetSize
 0001:0001351C       THandleStream.Write
 0002:00001686       ThousandSeparator
 0002:00001864       ThreadLock
 0001:00039B28       threadlogging
 0001:00038D08       Thread_marshaller
 0001:000161A0       ThrowCase1
 0001:00016298       ThrowCase2
 0002:00001698       TimeAMString
 0001:000147F0       timeBeginPeriod
 0001:000147F8       timeGetDevCaps
 0001:00014800       timeGetTime
 0002:0000169C       TimePMString
 0002:00001694       TimeSeparator
 0001:000098C8       TimeToStr
 0001:00004F60       TInterfacedObject.AfterConstruction
 0001:00004F6C       TInterfacedObject.BeforeDestruction
 0001:00004F7C       TInterfacedObject.NewInstance
 0001:00004F8C       TInterfacedObject.QueryInterface
 0001:00004FB4       TInterfacedObject._AddRef
 0001:00004FC8       TInterfacedObject._Release
 0001:000386B8       TlHelp32
 0001:00010FFC       TList.Add
 0001:00011054       TList.Clear
 0001:00011074       TList.Delete
 0001:00010FD0       TList.Destroy
 0001:00011110       TList.Error
 0001:00011150       TList.Error
 0001:00011570       TList.Extract
 0001:000111B0       TList.Get
 0001:000111F8       TList.Grow
 0001:00011250       TList.IndexOf
 0001:000115CC       TList.Notify
 0001:0001129C       TList.Put
 0001:0001132C       TList.Remove
 0001:00011360       TList.SetCapacity
 0001:000113BC       TList.SetCount
 0001:00011534       TList.Sort
 0001:0003647C       TLobby.Connect
 0001:00037660       TLobby.Create
 0001:0003662C       TLobby.CreateAddress
 0001:000375A8       TLobby.CreateCompoundAddress
 0001:000366E0       TLobby.EnumAddress
 0001:0003678C       TLobby.EnumAddressTypes
 0001:0003683C       TLobby.EnumLocalApplications
 0001:000368EC       TLobby.GetConnectionSettings
 0001:0003699C       TLobby.ReceiveLobbyMessage
 0001:00036B64       TLobby.RunApplication
 0001:000372D0       TLobby.SendLobbyMessage
 0001:00037448       TLobby.SetConnectionSettings
 0001:000374F8       TLobby.SetLobbyMessageEvent
 0001:00019438       TLog.Add
 0001:000193B4       TLog.Add
 0001:000195AC       TLog.Add
 0001:0001929C       TLog.Add2
 0001:00018ED0       TLog.Create
 0001:000191C8       TLog.Destroy
 0001:00019270       TLog.Flush
 0001:0001B750       TLog2.Add
 0001:0001B658       TLog2.Create
 0001:0001B90C       TLog2.Destroy
 0001:0001B728       TLog2.Flush
 0001:000055A8       TlsAlloc
 0002:0000166C       tlsBuffer
 0001:000055B0       TlsFree
 0001:000055B8       TlsGetValue
 0002:000000A0       TlsIndex
 0002:FF8C500C       TlsLast
 0002:000000C0       TlsProc
 0001:000055C0       TlsSetValue
 0001:000387BC       TModuleInfo.Create
 0001:0000CAD4       TMultiReadExclusiveWriteSynchronizer.BeginRead
 0001:0000C98C       TMultiReadExclusiveWriteSynchronizer.BeginWrite
 0001:0000C904       TMultiReadExclusiveWriteSynchronizer.BlockReaders
 0001:0000C818       TMultiReadExclusiveWriteSynchronizer.Create
 0001:0000C8A8       TMultiReadExclusiveWriteSynchronizer.Destroy
 0001:0000CB5C       TMultiReadExclusiveWriteSynchronizer.EndRead
 0001:0000CA68       TMultiReadExclusiveWriteSynchronizer.EndWrite
 0001:0000C934       TMultiReadExclusiveWriteSynchronizer.UnblockOneWriter
 0001:0000C91C       TMultiReadExclusiveWriteSynchronizer.UnblockReaders
 0001:0000C94C       TMultiReadExclusiveWriteSynchronizer.WaitForReadSignal
 0001:0000C96C       TMultiReadExclusiveWriteSynchronizer.WaitForWriteSignal
 0001:00002E10       TObject.AfterConstruction
 0001:00002E14       TObject.BeforeDestruction
 0001:00002B64       TObject.ClassName
 0001:00002B78       TObject.ClassParent
 0001:00002B58       TObject.ClassType
 0001:00002C50       TObject.CleanupInstance
 0001:00002BBC       TObject.Create
 0001:00002E0C       TObject.DefaultHandler
 0001:00002BDC       TObject.Destroy
 0001:00002E18       TObject.Dispatch
 0001:00002BEC       TObject.Free
 0001:00002BA0       TObject.FreeInstance
 0001:00002CA0       TObject.GetInterface
 0001:00002D40       TObject.GetInterfaceEntry
 0001:00002DF0       TObject.InheritsFrom
 0001:00002BF8       TObject.InitInstance
 0001:00002BB4       TObject.InstanceSize
 0001:00002B84       TObject.NewInstance
 0001:00002E04       TObject.SafeCallException
 0001:00016BE4       TObjectList.Add
 0001:00016C08       TObjectList.Create
 0001:00016C58       TObjectList.Extract
 0001:00016C7C       TObjectList.GetItem
 0001:00016CA0       TObjectList.Notify
 0001:0000490C       ToLongPath
 0001:0001D998       TPacket.Compress
 0001:0001C85C       TPacket.Create
 0001:0001D4DC       TPacket.Decompress
 0001:0001D26C       TPacket.Decrypt
 0001:0001D3B4       TPacket.Encrypt
 0001:0001C9D4       TPacket.GetRawData2
 0001:0001CA10       TPacket.GetTAData
 0001:0001C998       TPacket.GetTimestamp
 0001:0001CA74       TPacket.PacketLength
 0001:0001C908       TPacket.SJCreateNew
 0001:0001CEFC       TPacket.Split2
 0001:00011740       TPersistent.Assign
 0001:0001176C       TPersistent.AssignError
 0001:00011844       TPersistent.AssignTo
 0001:00011860       TPersistent.DefineProperties
 0001:00011704       TPersistent.Destroy
 0001:00011870       TPersistent.GetNamePath
 0001:00011928       TPersistent.GetOwner
 0001:00021304       TPlayerData.Create
 0001:00021450       TPlayerData.IsSelf
 0001:000214E4       TPlayerData.IsServer
 0001:000213D8       TPlayerData.OnPlayerRemoved
 0001:00021860       TPlayers.Add
 0001:00021770       TPlayers.Clear
 0001:0002221C       TPlayers.Convert
 0001:00022398       TPlayers.ConvertId
 0001:00021580       TPlayers.Create
 0001:00021714       TPlayers.Destroy
 0001:00021E00       TPlayers.getCount
 0001:0002201C       TPlayers.GetData_
 0001:00021EC0       TPlayers.Name
 0001:00021E1C       TPlayers.Name
 0001:000218B4       TPlayers.Remove
 0001:00021DC4       TPlayers.Remove
 0001:0001FFB4       TPluginCommands.ClearCommands
 0001:0001FF04       TPluginCommands.Create
 0001:0001FF70       TPluginCommands.destroy
 0001:00020014       TPluginCommands.LookUpCommand
 0001:0001EBD4       TPluginData.create
 0001:0001ED40       TPluginData.MakeNOPReplacement
 0001:0001EC78       TPluginData.MakeRelativeJmp
 0001:0001EDE4       TPluginData.MakeReplacement
 0001:0001ECEC       TPluginData.MakeStaticCall
 0001:0001EE9C       TPluginData.NewCodeInjection
 0001:0000A714       TranslateDateFormat
 0001:0000E168       TranslateResult
 0001:00013950       TReader.CheckValue
 0001:00013980       TReader.EndOfList
 0001:000139A4       TReader.NextValue
 0001:000139C8       TReader.Read
 0001:00013A14       TReader.ReadBuffer
 0001:00013A68       TReader.ReadListBegin
 0001:00013A7C       TReader.ReadListEnd
 0001:00013A90       TReader.ReadStr
 0001:00013AD8       TReader.ReadString
 0001:00013C94       TReader.ReadValue
 0001:00013B9C       TReader.ReadWideString
 0001:00013FC4       TReader.SkipBytes
 0001:00013F74       TReader.SkipProperty
 0001:00013CB4       TReader.SkipSetBody
 0001:00013DD8       TReader.SkipValue
 0001:00010BF4       TRegGroup.Create
 0001:00010C7C       TRegGroup.Destroy
 0001:00010D00       TRegGroup.UnregisterModuleClasses
 0001:00010DDC       TRegGroups.Create
 0001:00010E68       TRegGroups.Destroy
 0001:00010EE4       TRegGroups.Lock
 0001:00010EFC       TRegGroups.Unlock
 0001:00010F14       TRegGroups.UnregisterModuleClasses
 0001:0001C374       TRegIniFile.Create
 0001:0001C328       TRegIniFile.Create
 0001:0001C758       TRegIniFile.ReadBool
 0001:0001C558       TRegIniFile.ReadInteger
 0001:0001C3D8       TRegIniFile.ReadString
 0001:0001C664       TRegIniFile.WriteInteger
 0001:0001C4A8       TRegIniFile.WriteString
 0001:0001BD80       TRegistry.ChangeKey
 0001:0001BCF0       TRegistry.CloseKey
 0001:0001BC64       TRegistry.Create
 0001:0001BC0C       TRegistry.Create
 0001:0001BE08       TRegistry.CreateKey
 0001:0001BCB4       TRegistry.Destroy
 0001:0001BDB4       TRegistry.GetBaseKey
 0001:0001C1E4       TRegistry.GetData
 0001:0001C024       TRegistry.GetDataInfo
 0001:0001C080       TRegistry.GetDataSize
 0001:0001C288       TRegistry.GetKey
 0001:0001BEEC       TRegistry.OpenKey
 0001:0001C174       TRegistry.PutData
 0001:0001C0E8       TRegistry.ReadString
 0001:0001BDEC       TRegistry.SetCurrentKey
 0001:0001BD38       TRegistry.SetRootKey
 0001:0001C264       TRegistry.ValueExists
 0001:0001C0B4       TRegistry.WriteString
 0001:00006C64       Trim
 0001:00006CD8       TrimLeft
 0002:00001788       TrueBoolStrs
 0001:00008864       TryEncodeDate
 0001:000086FC       TryEncodeTime
 0001:0000125C       TryHarder
 0001:00002334       TryOpenForInput
 0001:000025D8       TryOpenForOutput
 0001:00007060       TryStrToBool
 0001:00008690       TryStrToCurr
 0001:0000A270       TryStrToDateTime
 0001:00008658       TryStrToFloat
 0001:000085F8       TryStrToFloat
 0001:00008620       TryStrToFloat
 0001:00006F50       TryStrToInt
 0001:0000A22C       TryStrToTime
 0001:00013228       TStream.GetPosition
 0001:00013250       TStream.GetSize
 0001:00013350       TStream.Seek
 0001:000133DC       TStream.Seek
 0001:000132AC       TStream.SetSize
 0001:0001329C       TStream.SetSize
 0001:0001344C       TStream.WriteBuffer
 0001:00012900       TStringList.Add
 0001:00012928       TStringList.AddObject
 0001:000129A0       TStringList.Changed
 0001:000129CC       TStringList.Changing
 0001:000129F8       TStringList.Clear
 0001:000131E8       TStringList.CompareStrings
 0001:00013198       TStringList.CustomSort
 0001:00012A4C       TStringList.Delete
 0001:00012884       TStringList.Destroy
 0001:00012AEC       TStringList.Exchange
 0001:00012B68       TStringList.ExchangeItems
 0001:00012BD4       TStringList.Find
 0001:00012C6C       TStringList.Get
 0001:00012CB8       TStringList.GetCapacity
 0001:00012CD4       TStringList.GetCount
 0001:00012CF0       TStringList.GetObject
 0001:00012D38       TStringList.Grow
 0001:00012D90       TStringList.IndexOf
 0001:00012DDC       TStringList.Insert
 0001:00012E6C       TStringList.InsertItem
 0001:00012E04       TStringList.InsertObject
 0001:00012F14       TStringList.Put
 0001:00012F8C       TStringList.PutObject
 0001:00012FE8       TStringList.QuickSort
 0001:000130AC       TStringList.SetCapacity
 0001:000130D8       TStringList.SetSorted
 0001:00013110       TStringList.SetUpdateState
 0001:0001317C       TStringList.Sort
 0001:00014510       TStringQueue.Clear
 0001:000144A0       TStringQueue.Create
 0001:000146C8       TStringQueue.DeQueue
 0001:00014644       TStringQueue.EnQueue
 0001:00014770       TStringQueue.Examine
 0001:00014534       TStringQueue.Grow
 0001:0001197C       TStrings.Add
 0001:000119AC       TStrings.AddObject
 0001:000119E0       TStrings.AddStrings
 0001:00011AA0       TStrings.Assign
 0001:00011B44       TStrings.BeginUpdate
 0001:00012800       TStrings.CompareStrings
 0001:00011BC8       TStrings.DefineProperties
 0001:00011940       TStrings.Destroy
 0001:00011C14       TStrings.EndUpdate
 0001:00011C38       TStrings.Equals
 0001:00011CF4       TStrings.Error
 0001:00011D34       TStrings.Error
 0001:00011D94       TStrings.Exchange
 0001:00011E80       TStrings.GetCapacity
 0001:00012824       TStrings.GetNameValueSeparator
 0001:00011E9C       TStrings.GetObject
 0001:00011EB4       TStrings.GetText
 0001:00011F10       TStrings.GetTextStr
 0001:00012058       TStrings.IndexOf
 0001:000120E4       TStrings.IndexOfName
 0001:000121C0       TStrings.IndexOfObject
 0001:0001220C       TStrings.InsertObject
 0001:00012240       TStrings.LoadFromFile
 0001:0001229C       TStrings.LoadFromStream
 0001:00012350       TStrings.Move
 0001:0001240C       TStrings.Put
 0001:0001244C       TStrings.PutObject
 0001:00012460       TStrings.ReadData
 0001:00012510       TStrings.SaveToFile
 0001:00012570       TStrings.SaveToStream
 0001:000125D0       TStrings.SetCapacity
 0001:00012850       TStrings.SetNameValueSeparator
 0001:000125E0       TStrings.SetStringsAdapter
 0001:0001262C       TStrings.SetText
 0001:00012684       TStrings.SetTextStr
 0001:00012764       TStrings.SetUpdateState
 0001:00012774       TStrings.WriteData
 0001:0001490C       TSynchroObject.Acquire
 0001:00014918       TSynchroObject.Release
 0001:00018920       TTextFile.Create_Append
 0001:000189F8       TTextFile.Create_Rewrite
 0001:00018AB8       TTextFile.Destroy
 0001:00018AF4       TTextFile.Flush
 0001:00018B1C       TTextFile.Writeln
 0001:000115E0       TThreadList.Create
 0001:00011648       TThreadList.Destroy
 0001:000116C4       TThreadList.LockList
 0001:000116EC       TThreadList.UnlockList
 0001:0000C790       TThreadLocalCounter.Delete
 0001:0000C640       TThreadLocalCounter.Destroy
 0001:0000C6BC       TThreadLocalCounter.HashIndex
 0001:0000C6E0       TThreadLocalCounter.Open
 0001:0000C7B4       TThreadLocalCounter.Recycle
 0002:000000EC       TwoDigitYearCenturyWindow
 0001:00014020       TWriter.Write
 0001:0001406C       TWriter.WriteBuffer
 0001:00014098       TWriter.WriteListBegin
 0001:000140AC       TWriter.WriteListEnd
 0001:000140C0       TWriter.WriteMinStr
 0001:00014170       TWriter.WriteString
 0001:000141CC       TWriter.WriteValue
 0001:00005794       Types
 0001:000102A0       TypInfo
 0001:00017CA8       uDebug
 0001:000001C4       UnhandledExceptionFilter
 0001:00004FF0       UnicodeToUtf8
 0001:00000C20       UninitAllocator
 0001:00039580       UninstallCodeInjections
 0001:0001F1D8       UnInstallPlugins
 0001:00003E04       UniqueString
 0001:00038FC0       UnitLimit
 0002:00001940       UnitPtr
 0002:0000189C       Units
 0001:0000D12C       UniUnimplemented
 0001:00004E8C       UnregisterModule
 0001:00010F80       UnRegisterModuleClasses
 0001:000034CC       UnsetExceptionHandler
 0001:0001E390       UnSpliceJump
 0001:00006A10       UpperCase
 0002:000008B8       Upperlimit
 0002:000008A0       UseCompression
 0001:000052B0       UTF8Decode
 0001:00005204       UTF8Encode
 0001:000050CC       Utf8ToUnicode
 0002:00000894       Values
 0002:0000088C       Values
 0002:000017AC       VarAdd
 0002:00000014       VarAddRefProc
 0002:000017C4       VarAnd
 0001:0000E4DC       VarArrayClear
 0001:0000E77C       VarArrayCopyForEach
 0001:0000E114       VarArrayCreateError
 0002:000017E8       VarBoolFromStr
 0002:000017F4       VarBstrFromBool
 0002:000017EC       VarBstrFromCy
 0002:000017F0       VarBstrFromDate
 0001:0000DF34       VarCastError
 0001:0000DF88       VarCastError
 0001:0000E658       VarClearDeep
 0002:00000010       VarClearProc
 0002:000017D0       VarCmp
 0001:0000E95C       VarCopyCopyProc
 0001:0000E964       VarCopyDeep
 0002:00000018       VarCopyProc
 0002:000017E4       VarCyFromStr
 0002:000017E0       VarDateFromStr
 0002:0000180C       VarDispProc
 0002:000017B8       VarDiv
 0002:000017D4       VarI4FromStr
 0001:0000D0EC       VariantChangeType
 0002:000017A0       VariantChangeTypeEx
 0001:0000D0DC       VariantClear
 0001:0000D0E4       VariantCopy
 0001:0000D0D4       VariantInit
 0001:000100C0       Variants
 0002:000017BC       VarIDiv
 0001:0000E024       VarInvalidOp
 0002:000017C0       VarMod
 0002:000017B4       VarMul
 0002:000017A4       VarNeg
 0002:000017A8       VarNot
 0002:000017C8       VarOr
 0001:0000E078       VarOverflowError
 0002:000017D8       VarR4FromStr
 0002:000017DC       VarR8FromStr
 0001:0000E3C8       VarResultCheck
 0001:0000E3BC       VarResultCheck
 0002:000017B0       VarSub
 0001:0000EC54       VarToLStrAny
 0001:0000ECB8       VarToLStrCustom
 0002:0000001C       VarToLStrProc
 0001:0000EB88       VarToLStrViaOS
 0001:0000F330       VarToWStrAny
 0001:0000F394       VarToWStrCustom
 0002:00000020       VarToWStrProc
 0001:0000F278       VarToWStrViaOS
 0001:0000FB34       VarTypeAsText
 0001:0000D948       VarUtils
 0002:000017CC       VarXor
 0001:00006F7C       VerifyBoolStrArray
 0001:000059F4       VerQueryValue
 0002:0000196C       ViewPlayer
 0001:00000310       VirtualAlloc
 0001:0000599C       VirtualAlloc
 0001:00000318       VirtualFree
 0001:000059A4       VirtualFree
 0001:000059AC       VirtualLock
 0001:000059B4       VirtualProtect
 0001:000059BC       VirtualQuery
 0001:0000028C       VirtualQuery
 0001:000059C4       VirtualUnlock
 0001:000059CC       WaitForSingleObject
 0001:00003A58       WCharFromChar
 0002:00000318       WesternGroups
 0001:00000284       WideCharToMultiByte
 0002:000000E4       Win32BuildNumber
 0001:0000C55C       Win32Check
 0002:000000E8       Win32CSDVersion
 0002:000000DC       Win32MajorVersion
 0002:000000E0       Win32MinorVersion
 0002:000000D8       Win32Platform
 0001:00005A78       Windows
 0001:00003774       WriteErrorMessage
 0001:000059D4       WriteFile
 0001:000001CC       WriteFile
 0001:000059DC       WriteProcessMemory
 0001:00003F84       WStrError
 0001:00003FA4       WStrSet
 0002:000019C4       _CreateToolhelp32Snapshot
 0002:000019D0       _Heap32First
 0002:000019C8       _Heap32ListFirst
 0002:000019CC       _Heap32ListNext
 0002:000019D4       _Heap32Next
 0002:000019F4       _Module32First
 0002:000019FC       _Module32FirstW
 0002:000019F8       _Module32Next
 0002:00001A00       _Module32NextW
 0002:000019DC       _Process32First
 0002:000019E4       _Process32FirstW
 0002:000019E0       _Process32Next
 0002:000019E8       _Process32NextW
 0002:000019EC       _Thread32First
 0002:000019F0       _Thread32Next
 0002:000019D8       _Toolhelp32ReadProcessMemory


  Address         Publics by Value

 0002:FF8C500C       TlsLast
 0001:00000174       CloseHandle
 0001:0000017C       CreateFileA
[...]
   527 0001:000320FC   528 0001:00032122   529 0001:00032126   530 0001:00032130
   531 0001:0003213E   532 0001:00032147   534 0001:00032179   535 0001:000321CE

Line numbers for idplay(idplay.pas) segment .text

  3052 0001:00032218  3053 0001:00032224  3054 0001:0003222C  3078 0001:00032233
  3081 0001:00032238  3083 0001:00032254  3085 0001:00032267  3087 0001:00032297
  3088 0001:000322A6  3089 0001:000322B5  3090 0001:000322C4  3091 0001:000322D3
  3092 0001:000322E2  3093 0001:0003230E  3100 0001:000324C8  3101 0001:000324D1
  3102 0001:000324D6  3103 0001:000324DD  3104 0001:000324FB  3106 0001:00032514
  3107 0001:0003252B  3108 0001:00032531  3103 0001:00032534  3109 0001:00032539
  3110 0001:00032542  3115 0001:00032548  3116 0001:00032554  3117 0001:00032562
  3118 0001:0003256D  3130 0001:00032574  3131 0001:0003257A  3132 0001:00032581
  3134 0001:00032587  3135 0001:00032596  3136 0001:0003259D  3138 0001:000325B3
  3140 0001:000325BE  3141 0001:000325D6  3142 0001:000325DC  3143 0001:000325E8
  3147 0001:000325F0  3157 0001:000325F8  3158 0001:00032601  3159 0001:0003260D
  3160 0001:00032627  3161 0001:00032636  3164 0001:0003263C  3165 0001:00032646
  3166 0001:0003266C  3171 0001:00032674  3172 0001:00032690  3173 0001:0003269E
  3174 0001:000326A8  3175 0001:000326B6  3178 0001:000326EC  3179 0001:000326FE
  3180 0001:00032715  3182 0001:0003271B  3185 0001:00032725  3186 0001:0003272E
  3189 0001:00032768  3192 0001:00032796  3194 0001:00032799  3197 0001:000327DE
  3202 0001:00032828  3203 0001:00032831  3204 0001:0003283F  3205 0001:00032849
  3211 0001:00032857  3212 0001:0003285F  3214 0001:0003287B  3217 0001:000328A9
  3219 0001:000328AC  3222 0001:000328CF  3227 0001:000328D8  3228 0001:000328FB
  3229 0001:00032905  3230 0001:00032913  3231 0001:00032927  3235 0001:00032935
  3237 0001:0003293E  3238 0001:0003294F  3239 0001:0003295E  3241 0001:00032969
  3242 0001:0003297B  3243 0001:00032982  3244 0001:0003298B  3245 0001:00032994
  3247 0001:000329A6  3248 0001:000329B1  3249 0001:000329C4  3251 0001:000329CB
  3253 0001:000329D2  3254 0001:000329DC  3256 0001:000329FB  3257 0001:00032A18
  3258 0001:00032A35  3259 0001:00032A4F  3261 0001:00032A69  3262 0001:00032A73
  3263 0001:00032A8D  3264 0001:00032AA7  3265 0001:00032AC1  3266 0001:00032ADD
  3267 0001:00032AFA  3268 0001:00032B2B  3270 0001:00032B5E  3271 0001:00032B6A
  3272 0001:00032B78  3274 0001:00032BA1  3275 0001:00032BA4  3277 0001:00032BB6
  3279 0001:00032BC6  3280 0001:00032BDE  3282 0001:00032BEE  3283 0001:00032C14
  3284 0001:00032C22  3286 0001:00032C4B  3287 0001:00032C4E  3289 0001:00032C60
  3290 0001:00032C6C  3296 0001:00032C88  3297 0001:00032C92  3298 0001:00032C9C
  3299 0001:00032CA6  3301 0001:00032CAD  3302 0001:00032CB6  3304 0001:00032CBF
  3306 0001:00032CC9  3307 0001:00032CD3  3309 0001:00032CDD  3310 0001:00032CE4
  3311 0001:00032CEF  3314 0001:00032CFC  3315 0001:00032D01  3317 0001:00032D06
  3318 0001:00032D0D  3319 0001:00032D14  3320 0001:00032D1F  3322 0001:00032D2C
  3323 0001:00032D37  3324 0001:00032D41  3325 0001:00032D52  3327 0001:00032D5B
  3328 0001:00032D66  3329 0001:00032D73  3331 0001:00032D7B  3333 0001:00032D88
  3334 0001:00032D8F  3336 0001:00032D96  3337 0001:00032DA4  3338 0001:00032DB2
  3340 0001:00032DC0  3342 0001:00032DE1  3345 0001:00032DFE  3347 0001:00032E33
  3354 0001:00032FA0  3355 0001:00032FC3  3356 0001:00032FCD  3357 0001:00032FDB
  3359 0001:00032FE4  3360 0001:00032FF8  3363 0001:00033002  3364 0001:00033018
  3365 0001:00033022  3366 0001:0003302C  3368 0001:0003303A  3369 0001:0003304E
  3370 0001:0003305C  3372 0001:00033083  3376 0001:00033093  3378 0001:0003309C
  3379 0001:000330B0  3382 0001:000330BA  3384 0001:000330E1  3386 0001:00033102
  3387 0001:00033117  3388 0001:00033125  3389 0001:00033156  3390 0001:00033163
  3391 0001:0003317F  3390 0001:0003319E  3392 0001:000331A3  3393 0001:000331C4
  3394 0001:000331EE  3395 0001:0003321D  3398 0001:0003322A  3400 0001:00033248
  3402 0001:00033258  3405 0001:00033263  3407 0001:0003326D  3408 0001:00033276
  3418 0001:000332A0  3420 0001:000332A3  3424 0001:000332C9  3425 0001:000332D0
  3427 0001:00033305  3430 0001:0003341C  3431 0001:0003344D  3432 0001:00033457
  3439 0001:00033469  3440 0001:00033477  3443 0001:00033494  3445 0001:000334A4
  3446 0001:000334BE  3447 0001:000334D8  3448 0001:000334ED

Line numbers for idplay(AddCommands.inc) segment .text

    17 0001:0003351D    21 0001:0003354E    28 0001:0003357F    31 0001:000335B0
    34 0001:000335E1    37 0001:00033612    40 0001:00033643    43 0001:00033674
    46 0001:000336A5    49 0001:000336D6    52 0001:00033707    55 0001:0003373B
    58 0001:0003376F    61 0001:000337A0    64 0001:000337D1    67 0001:00033802
    70 0001:00033833    74 0001:00033864    78 0001:00033895    81 0001:000338AD
    87 0001:000338DE    90 0001:0003390F    93 0001:00033940    96 0001:00033971
   101 0001:000339A2   104 0001:000339D6   107 0001:00033A07   112 0001:00033A3B
   118 0001:00033A6C   126 0001:00033AA0   129 0001:00033AD1   133 0001:00033B02
   137 0001:00033B33   140 0001:00033B64   145 0001:00033B95   148 0001:00033BC6
   151 0001:00033BF7   154 0001:00033C28   157 0001:00033C59   161 0001:00033C8D
   164 0001:00033CC1   167 0001:00033CF5   170 0001:00033D26   174 0001:00033D57
   178 0001:00033D88   181 0001:00033DB9   184 0001:00033DEA   188 0001:00033E1E
   192 0001:00033E4F

Line numbers for idplay(idplay.pas) segment .text

  3455 0001:00033E80  3456 0001:00033EC0  3459 0001:0003613C  3460 0001:0003614D
  3461 0001:00036157  3462 0001:00036162  3471 0001:0003616A  3472 0001:00036176
  3473 0001:00036183  3474 0001:00036191  3475 0001:0003619E  3476 0001:000361AB
  3477 0001:000361B8  3478 0001:000361C2  3479 0001:000361C7  3480 0001:000361D2
  3481 0001:000361EE  3483 0001:00036230  3483 0001:00036237

Line numbers for DPLobbyWrapper(DPLobbyWrapper.pas) segment .text

    47 0001:00036238    63 0001:0003647C    64 0001:000364A3    65 0001:000364B1
    66 0001:000364CC    67 0001:000364E0    68 0001:000364F8    69 0001:00036502
    70 0001:00036519    71 0001:0003652B    74 0001:00036546    76 0001:00036563
    78 0001:0003658D    80 0001:00036590    81 0001:00036598    82 0001:000365A0
    85 0001:000365DA    89 0001:0003662C    90 0001:00036635    91 0001:00036643
    92 0001:0003666A    93 0001:0003667E    95 0001:000366A3    97 0001:000366A6
    98 0001:000366AE   101 0001:000366BB   105 0001:000366E0   106 0001:000366E9
   107 0001:000366F7   108 0001:00036716   109 0001:0003672A   111 0001:0003674F
   113 0001:00036752   114 0001:0003675A   117 0001:00036767   122 0001:0003678C
   123 0001:00036795   124 0001:000367A3   125 0001:000367C2   126 0001:000367D6
   128 0001:000367FB   130 0001:000367FE   131 0001:00036806   134 0001:00036813
   139 0001:0003683C   140 0001:00036845   141 0001:00036853   142 0001:0003686E
   143 0001:00036882   145 0001:000368A7   147 0001:000368AA   148 0001:000368B2
   151 0001:000368BF   155 0001:000368EC   156 0001:000368F5   157 0001:00036903
   158 0001:0003691E   159 0001:00036932   161 0001:00036957   163 0001:0003695A
   164 0001:00036962   167 0001:0003696F   172 0001:0003699C   173 0001:000369A5
   174 0001:000369B3   176 0001:000369D6   177 0001:000369EA   179 0001:000369F0
   180 0001:00036A08   181 0001:00036A22   182 0001:00036A3A   186 0001:00036A56
   187 0001:00036A6A   189 0001:00036A8F   191 0001:00036A92   192 0001:00036A9A
   195 0001:00036AA7   199 0001:00036B64   200 0001:00036B82   201 0001:00036B90
   202 0001:00036BAF   203 0001:00036BC3   204 0001:00036BDB   205 0001:00036BF5
   207 0001:00036C10   208 0001:00036C2E   209 0001:00036C4C   210 0001:00036C6A
   211 0001:00036C88   212 0001:00036CA6   213 0001:00036CD9   214 0001:00036CF7
   215 0001:00036D15   216 0001:00036D33   218 0001:00036D51   219 0001:00036D84
   221 0001:00036DB7   222 0001:00036DD2   223 0001:00036DED   225 0001:00036E08
   226 0001:00036E20   228 0001:00036E45   230 0001:00036E48   231 0001:00036E50
   234 0001:00036E7F   238 0001:000372D0   239 0001:000372D9   240 0001:000372E7
   241 0001:00037306   242 0001:0003731A   244 0001:00037320   245 0001:00037338
   246 0001:00037350   250 0001:0003736A   251 0001:0003737E   253 0001:000373A3
   255 0001:000373A6   256 0001:000373AE   259 0001:000373BB   263 0001:00037448
   264 0001:00037451   265 0001:0003745F   266 0001:0003747A   267 0001:0003748E
   269 0001:000374B3   271 0001:000374B6   272 0001:000374BE   275 0001:000374CB
   279 0001:000374F8   280 0001:00037501   281 0001:0003750F   282 0001:0003752A
   283 0001:0003753E   285 0001:00037563   287 0001:00037566   288 0001:0003756E
   291 0001:0003757B   298 0001:000375A8   299 0001:000375B1   300 0001:000375BF
   301 0001:000375DE   302 0001:000375F2   304 0001:00037617   306 0001:0003761A
   307 0001:00037622   310 0001:0003762F   315 0001:00037660   316 0001:00037694
   317 0001:000376A2   318 0001:000376AC   319 0001:000376BA   321 0001:000376D7
   322 0001:000376EB   324 0001:00037710   326 0001:00037713   327 0001:0003771B
   330 0001:0003775D   332 0001:000377AC   332 0001:000377B3

Line numbers for Dplayx_exports(Dplayx_exports.pas) segment .text

   117 0001:000377B4   118 0001:000377B8   119 0001:000377D6   122 0001:000377DC
   133 0001:000377E0   135 0001:000377E9   136 0001:000377F2   137 0001:000377FA
   138 0001:00037803   140 0001:00037819   141 0001:00037820   148 0001:0003784C
   149 0001:00037855   150 0001:0003786F   151 0001:0003787D   152 0001:00037886
   153 0001:0003789B   154 0001:000378A4   156 0001:000378B5   157 0001:000378C9
   159 0001:000378EE   161 0001:000378F1   162 0001:000378F9   165 0001:00037906
   171 0001:00037944   172 0001:0003794D   173 0001:00037967   174 0001:00037975
   175 0001:0003797E   176 0001:00037993   177 0001:0003799C   179 0001:000379AD
   180 0001:000379C1   182 0001:000379E6   184 0001:000379E9   185 0001:000379F1
   188 0001:000379FE   195 0001:00037A44   196 0001:00037A4D   197 0001:00037A67
   198 0001:00037A75   199 0001:00037A7E   200 0001:00037A93   201 0001:00037A9C
   203 0001:00037AAD   204 0001:00037AC1   206 0001:00037AE6   208 0001:00037AE9
   209 0001:00037AF1   212 0001:00037AFE   220 0001:00037B44   221 0001:00037B67
   222 0001:00037B81   223 0001:00037B8F   224 0001:00037B98   225 0001:00037BAD
   226 0001:00037BB6   227 0001:00037BCB   229 0001:00037BD1   230 0001:00037BE5
   231 0001:00037BFD   232 0001:00037C07   233 0001:00037C2A   237 0001:00037C3B
   238 0001:00037C4F   239 0001:00037C67   240 0001:00037C94   243 0001:00037CB9
   245 0001:00037CBC   246 0001:00037CC4   249 0001:00037D03   257 0001:00037DAC
   258 0001:00037DCB   259 0001:00037DE5   260 0001:00037DF3   261 0001:00037DFC
   262 0001:00037E11   263 0001:00037E1A   265 0001:00037E37   266 0001:00037E4B
   268 0001:00037E70   270 0001:00037E73   271 0001:00037E7B   274 0001:00037EA5
   283 0001:00037EEC   284 0001:00037F0F   285 0001:00037F29   286 0001:00037F37
   287 0001:00037F40   288 0001:00037F55   289 0001:00037F5E   290 0001:00037F7B
   292 0001:00037F81   293 0001:00037F95   294 0001:00037FAD   298 0001:00037FB7
   303 0001:00037FD9   304 0001:00037FED   305 0001:00038005   306 0001:00038032
   309 0001:00038057   311 0001:0003805A   312 0001:00038062   315 0001:000380A1
   326 0001:00038140   327 0001:00038149   328 0001:00038159   329 0001:00038167
   331 0001:0003816C   332 0001:00038180   334 0001:000381A5   336 0001:000381A8
   337 0001:000381B0   340 0001:000381BD   343 0001:000381E0   344 0001:000381E9
   345 0001:000381F9   346 0001:00038207   348 0001:0003820C   349 0001:00038220
   351 0001:00038245   353 0001:00038248   354 0001:00038250   357 0001:0003825D
   363 0001:00038284   365 0001:00038287   367 0001:0003828E   368 0001:000382A7
   401 0001:000382C8   401 0001:000382F4   370 0001:000382F8   392 0001:00038304
   393 0001:0003830D   394 0001:00038317   395 0001:00038320   397 0001:0003832A

Line numbers for TlHelp32(TlHelp32.pas) segment .text

   339 0001:0003832C   340 0001:00038330   342 0001:0003833D   343 0001:0003834C
   345 0001:00038359   346 0001:0003836E   347 0001:00038383   348 0001:00038398
   349 0001:000383AD   350 0001:000383C2   351 0001:000383D7   352 0001:000383EC
   353 0001:00038401   354 0001:00038416   355 0001:0003842B   356 0001:00038440
   357 0001:00038455   358 0001:0003846A   359 0001:0003847F   360 0001:00038494
   363 0001:000384A9   364 0001:000384C7   367 0001:000385EC   368 0001:000385F8
   369 0001:00038601   370 0001:00038614   371 0001:0003861C   452 0001:00038620
   453 0001:0003862C   454 0001:00038635   455 0001:00038648   456 0001:00038650
   459 0001:00038654   460 0001:00038660   461 0001:00038669   462 0001:0003867C
   463 0001:00038684   479 0001:000386B8   479 0001:000386BF

Line numbers for ErrorLog_ExtraData(plugins\ErrorLog_ExtraData.pas) segment .text

    29 0001:000386C0    33 0001:000386C4    36 0001:000386C8    37 0001:000386CC
    40 0001:000386D5    45 0001:000386F9    53 0001:00038716    54 0001:0003871E
    69 0001:000387BC    70 0001:000387FE    71 0001:0003880C    72 0001:0003881A
    73 0001:0003883E    74 0001:00038847    75 0001:00038895    78 0001:0003889C
    79 0001:000388A8    80 0001:000388B6    81 0001:000388BF    82 0001:000388CD
    84 0001:000388D6    85 0001:000388DE   100 0001:000388E4   101 0001:0003892D
   103 0001:0003893B   104 0001:0003894A   105 0001:00038954   107 0001:00038962
   110 0001:0003896C   111 0001:0003897E   112 0001:0003898D   113 0001:0003899E
   115 0001:000389AC   119 0001:000389D6   123 0001:00038A33   125 0001:00038A45
   127 0001:00038A52   128 0001:00038A5A   130 0001:00038A7D   131 0001:00038A8B
   133 0001:00038A9F   138 0001:00038B20   128 0001:00038B23   140 0001:00038B2C
   141 0001:00038B38   143 0001:00038B88   147 0001:00038BA5   150 0001:00038BC3
   152 0001:00038C09   156 0001:00038C28   157 0001:00038C29   159 0001:00038C2E
   160 0001:00038C33   161 0001:00038C38   164 0001:00038C6C   164 0001:00038C73

Line numbers for Thread_marshaller(plugins\Thread_marshaller.pas) segment .text

    33 0001:00038C74    37 0001:00038C78    74 0001:00038C7C    75 0001:00038C80
    78 0001:00038C89    91 0001:00038CAF    92 0001:00038CB7    99 0001:00038D08
    99 0001:00038D0F

Line numbers for PauseLock(plugins\PauseLock.pas) segment .text

    39 0001:00038D10    43 0001:00038D14    46 0001:00038D18    47 0001:00038D1C
    50 0001:00038D2E    55 0001:00038D56    67 0001:00038D73    68 0001:00038D7B
    82 0001:00038DB8    83 0001:00038DBD    84 0001:00038DC0    86 0001:00038DC2
    89 0001:00038DC8    90 0001:00038DCD    94 0001:00038DD2    95 0001:00038DD7
    96 0001:00038DDC    98 0001:00038E10    98 0001:00038E17

Line numbers for UnitLimit(plugins\UnitLimit.pas) segment .text

    68 0001:00038E18    72 0001:00038E1C    77 0001:00038E20    78 0001:00038E39
    80 0001:00038E53    82 0001:00038E5D    86 0001:00038EA0    90 0001:00038EBE
    94 0001:00038EDC   101 0001:00038EFC   102 0001:00038F21   104 0001:00038FC0
   104 0001:00038FC7

Line numbers for MultiAILimit(plugins\MultiAILimit.pas) segment .text

    32 0001:00038FC8    36 0001:00038FCC    64 0001:00038FE4    65 0001:00038FEA
    66 0001:00038FF1    67 0001:0003905B    68 0001:00039065    72 0001:0003906C
    74 0001:00039073    75 0001:00039074    76 0001:00039075    78 0001:00039076
    81 0001:0003907B    82 0001:00039080    83 0001:00039085    87 0001:00039088
    88 0001:0003908C    90 0001:0003909E    94 0001:000390C6    95 0001:000390E0
    99 0001:00039101   100 0001:00039109   102 0001:00039198   102 0001:0003919F

Line numbers for COB_extensions(plugins\COB_extensions.pas) segment .text

    51 0001:000391A0    55 0001:000391A4    58 0001:000391A8    59 0001:000391AC
    62 0001:000391BE    67 0001:000391EA    76 0001:0003920B    77 0001:00039213
    86 0001:00039250    87 0001:00039256    88 0001:0003925B    90 0001:00039275
    91 0001:000392B7    94 0001:000392C3    95 0001:000392D3    97 0001:000392F8
   101 0001:0003931D   105 0001:00039348   106 0001:00039358   110 0001:00039376
   111 0001:00039386   112 0001:00039396   113 0001:000393AF   117 0001:000393DA
   121 0001:000393FD   122 0001:0003940D   123 0001:0003941D   124 0001:0003942D
   126 0001:0003943A   128 0001:00039443   133 0001:0003944D   147 0001:00039454
   148 0001:0003945A   149 0001:0003945E   150 0001:00039461   152 0001:00039462
   153 0001:00039465   154 0001:00039468   156 0001:0003946B   157 0001:0003946E
   158 0001:00039470   160 0001:00039478   164 0001:00039479   165 0001:0003947A
   166 0001:0003947D   168 0001:0003947F   169 0001:00039485   170 0001:00039489
   171 0001:0003948F   172 0001:00039495   174 0001:00039497   175 0001:00039499
   177 0001:0003949B   178 0001:000394A1   179 0001:000394A3   181 0001:000394A5
   182 0001:000394AA   185 0001:000394AF   186 0001:000394B3   187 0001:000394B4
   188 0001:000394B8   189 0001:000394B9   190 0001:000394BD   191 0001:000394BE
   192 0001:000394C2   193 0001:000394C3   194 0001:000394C4   196 0001:000394C5
   199 0001:000394CA   200 0001:000394CB   201 0001:000394CE   202 0001:000394D1
   204 0001:00039504   204 0001:0003950B

Line numbers for Plugins(Plugins.pas) segment .text

    27 0001:0003950C    29 0001:00039513    31 0001:00039519    32 0001:00039523
    35 0001:0003952D    36 0001:00039537    37 0001:00039541    38 0001:0003954B
    39 0001:00039555    40 0001:0003955F    41 0001:00039569    45 0001:00039573
    46 0001:0003957B    49 0001:00039580    50 0001:00039583    51 0001:00039588
    53 0001:000395BC    53 0001:000395C3

Line numbers for InitCode(InitCode.pas) segment .text

    86 0001:000395C4    87 0001:000395C8    88 0001:000395CF    89 0001:000395D9
    90 0001:000395EB    92 0001:000395F5    93 0001:0003960C    94 0001:00039615
    96 0001:00039625   102 0001:00039658   106 0001:0003967C   107 0001:0003968A
   109 0001:00039694   113 0001:00039699   117 0001:000396A4   118 0001:000396AF
   120 0001:000396B8   121 0001:000396D5   123 0001:0003970D   124 0001:00039717
   126 0001:00039747   127 0001:00039751   128 0001:00039771   129 0001:00039798
   130 0001:000397A1   131 0001:000397B2   132 0001:000397BB   135 0001:000397CC
   141 0001:000397D5   146 0001:00039800   155 0001:00039805   157 0001:00039828
   159 0001:0003982B   160 0001:00039833   163 0001:0003985F   166 0001:00039934
   167 0001:00039937   168 0001:0003993C   170 0001:00039941   172 0001:0003994A
   173 0001:00039957   176 0001:00039960   178 0001:0003996A   180 0001:0003999C
   181 0001:000399A8   182 0001:000399B5   183 0001:000399C2

Line numbers for InitCode_CoreExePatching(InitCode_CoreExePatching.pas) segment .text

    50 0001:000399C4    51 0001:000399CC    53 0001:000399D2    54 0001:000399DC
    56 0001:000399E6    71 0001:000399EC    72 0001:000399F3    73 0001:000399FD
    74 0001:00039A07    75 0001:00039A15    77 0001:00039A3C    79 0001:00039A3F
    80 0001:00039A47    81 0001:00039A59    84 0001:00039A63    88 0001:00039A6C
    90 0001:00039A71    91 0001:00039A76    92 0001:00039A77    94 0001:00039AA8
    95 0001:00039AB4    96 0001:00039AC1   100 0001:00039ACE   101 0001:00039AD8
   102 0001:00039AE2   104 0001:00039AEC   105 0001:00039AF6

Line numbers for threadlogging(threadlogging.pas) segment .text

   145 0001:00039B28   145 0001:00039B2F

Line numbers for dplayx(F:\TADR_ALWAYS_SVN\trunk\src\Recorder\Dplayx.dpr) segment .text

    49 0001:00039D78    50 0001:00039D88

Bound resource files

dplayx.res
dplayx.drf


Program entry point at 0001:00039D78
