
 Start         Length     Name                   Class
 0001:00000000 0003DEBCH .text                   CODE
 0002:00000000 00000C54H .data                   DATA
 0002:00000C54 00000A8DH .bss                    BSS


Detailed map of segments

 0001:00000000 00005667 C=CODE     S=.text    G=(none)   M=System   ACBP=A9
 0001:00005668 000001CC C=CODE     S=.text    G=(none)   M=SysInit  ACBP=A9
 0001:00005834 00000038 C=CODE     S=.text    G=(none)   M=Types    ACBP=A9
 0001:0000586C 0000038C C=CODE     S=.text    G=(none)   M=Windows  ACBP=A9
 0001:00005BF8 00000038 C=CODE     S=.text    G=(none)   M=Messages ACBP=A9
 0001:00005C30 00000348 C=CODE     S=.text    G=(none)   M=SysConst ACBP=A9
 0001:00005F78 000075E8 C=CODE     S=.text    G=(none)   M=SysUtils ACBP=A9
 0001:0000D560 00000887 C=CODE     S=.text    G=(none)   M=VarUtils ACBP=A9
 0001:0000DDE8 0000280E C=CODE     S=.text    G=(none)   M=Variants ACBP=A9
 0001:000105F8 000000C8 C=CODE     S=.text    G=(none)   M=RTLConsts ACBP=A9
 0001:000106C0 00000084 C=CODE     S=.text    G=(none)   M=TypInfo  ACBP=A9
 0001:00010744 00000038 C=CODE     S=.text    G=(none)   M=ActiveX  ACBP=A9
 0001:0001077C 0000478E C=CODE     S=.text    G=(none)   M=Classes  ACBP=A9
 0001:00014F0C 000003DC C=CODE     S=.text    G=(none)   M=ListsU   ACBP=A9
 0001:000152E8 00000050 C=CODE     S=.text    G=(none)   M=MMSystem ACBP=A9
 0001:00015338 000001DC C=CODE     S=.text    G=(none)   M=SyncObjs ACBP=A9
 0001:00015514 00001AD4 C=CODE     S=.text    G=(none)   M=GPHugeF  ACBP=A9
 0001:00016FE8 00000038 C=CODE     S=.text    G=(none)   M=Consts   ACBP=A9
 0001:00017020 0000061C C=CODE     S=.text    G=(none)   M=textdata ACBP=A9
 0001:0001763C 00000038 C=CODE     S=.text    G=(none)   M=Math     ACBP=A9
 0001:00017674 00000194 C=CODE     S=.text    G=(none)   M=Contnrs  ACBP=A9
 0001:00017808 00000FA0 C=CODE     S=.text    G=(none)   M=uDebug   ACBP=A9
 0001:000187A8 00000060 C=CODE     S=.text    G=(none)   M=FreeListU ACBP=A9
 0001:00018808 00000040 C=CODE     S=.text    G=(none)   M=SHFolder ACBP=A9
 0001:00018848 00000B78 C=CODE     S=.text    G=(none)   M=TADemoConsts ACBP=A9
 0001:000193C0 00000330 C=CODE     S=.text    G=(none)   M=TextFileU ACBP=A9
 0001:000196F0 00000A7C C=CODE     S=.text    G=(none)   M=logging  ACBP=A9
 0001:0001A16C 000019A4 C=CODE     S=.text    G=(none)   M=DPlay    ACBP=A9
 0001:0001BB10 00000124 C=CODE     S=.text    G=(none)   M=DPLobby  ACBP=A9
 0001:0001BC34 00000450 C=CODE     S=.text    G=(none)   M=MemMappedDataStructure ACBP=A9
 0001:0001C084 00000068 C=CODE     S=.text    G=(none)   M=PacketBufferU ACBP=A9
 0001:0001C0EC 0000038C C=CODE     S=.text    G=(none)   M=log2     ACBP=A9
 0001:0001C478 000010D4 C=CODE     S=.text    G=(none)   M=IniFiles ACBP=A9
 0001:0001D54C 00000E0C C=CODE     S=.text    G=(none)   M=Registry ACBP=A9
 0001:0001E358 00001420 C=CODE     S=.text    G=(none)   M=PluginEngine ACBP=A9
 0001:0001F778 00000514 C=CODE     S=.text    G=(none)   M=TAMemManipulations ACBP=A9
 0001:0001FC8C 00000660 C=CODE     S=.text    G=(none)   M=TA_MemoryLocations ACBP=A9
 0001:000202EC 0000036C C=CODE     S=.text    G=(none)   M=COB_extensions ACBP=A9
 0001:00020658 00000394 C=CODE     S=.text    G=(none)   M=TlHelp32 ACBP=A9
 0001:000209EC 00000088 C=CODE     S=.text    G=(none)   M=TA_FunctionsU ACBP=A9
 0001:00020A74 000005B4 C=CODE     S=.text    G=(none)   M=ErrorLog_ExtraData ACBP=A9
 0001:00021028 0000009C C=CODE     S=.text    G=(none)   M=Thread_marshaller ACBP=A9
 0001:000210C4 000001B0 C=CODE     S=.text    G=(none)   M=UnitLimit ACBP=A9
 0001:00021274 00000424 C=CODE     S=.text    G=(none)   M=ModsList ACBP=A9
 0001:00021698 000007E0 C=CODE     S=.text    G=(none)   M=INI_Options ACBP=A9
 0001:00021E78 000017B0 C=CODE     S=.text    G=(none)   M=packet_old ACBP=A9
 0001:00023628 000001EC C=CODE     S=.text    G=(none)   M=PluginCommandHandlerU ACBP=A9
 0001:00023814 00000258 C=CODE     S=.text    G=(none)   M=InputHook ACBP=A9
 0001:00023A6C 0000028C C=CODE     S=.text    G=(none)   M=LOS_Radar ACBP=A9
 0001:00023CF8 000000CC C=CODE     S=.text    G=(none)   M=LOS_MiniMapUnits ACBP=A9
 0001:00023DC4 00000140 C=CODE     S=.text    G=(none)   M=LOS_PlayerSeeUnit ACBP=A9
 0001:00023F04 000001B0 C=CODE     S=.text    G=(none)   M=LOS_GUIText ACBP=A9
 0001:000240B4 00000354 C=CODE     S=.text    G=(none)   M=LOS_UpdateTables ACBP=A9
 0001:00024408 0000017C C=CODE     S=.text    G=(none)   M=LOS_AllyPlayer ACBP=A9
 0001:00024584 00000150 C=CODE     S=.text    G=(none)   M=LOS_extensions ACBP=A9
 0001:000246D4 00000208 C=CODE     S=.text    G=(none)   M=SpeedHack ACBP=A9
 0001:000248DC 00000038 C=CODE     S=.text    G=(none)   M=TA_NetworkingMessages ACBP=A9
 0001:00024914 00000244 C=CODE     S=.text    G=(none)   M=BattleRoomScroll ACBP=A9
 0001:00024B58 000003FC C=CODE     S=.text    G=(none)   M=KeyboardHook ACBP=A9
 0001:00024F54 000013A0 C=CODE     S=.text    G=(none)   M=PlayerDataU ACBP=A9
 0001:000262F4 00000608 C=CODE     S=.text    G=(none)   M=CommandHandlerU ACBP=A9
 0001:000268FC 000147DC C=CODE     S=.text    G=(none)   M=idplay   ACBP=A9
 0001:0003B0D8 0000157C C=CODE     S=.text    G=(none)   M=DPLobbyWrapper ACBP=A9
 0001:0003C654 00000B78 C=CODE     S=.text    G=(none)   M=Dplayx_exports ACBP=A9
 0001:0003D1CC 00000108 C=CODE     S=.text    G=(none)   M=PauseLock ACBP=A9
 0001:0003D2D4 000001D8 C=CODE     S=.text    G=(none)   M=MultiAILimit ACBP=A9
 0001:0003D4AC 000000CC C=CODE     S=.text    G=(none)   M=Plugins  ACBP=A9
 0001:0003D578 00000558 C=CODE     S=.text    G=(none)   M=InitCode ACBP=A9
 0001:0003DAD0 00000134 C=CODE     S=.text    G=(none)   M=InitCode_CoreExePatching ACBP=A9
 0001:0003DC04 00000038 C=CODE     S=.text    G=(none)   M=threadlogging ACBP=A9
 0001:0003DC3C 0000027D C=CODE     S=.text    G=(none)   M=dplayx   ACBP=A9
 0002:00000000 000000A4 C=DATA     S=.data    G=DGROUP   M=System   ACBP=A9
 0002:000000A4 00000030 C=DATA     S=.data    G=DGROUP   M=SysInit  ACBP=A9
 0002:000000D4 00000250 C=DATA     S=.data    G=DGROUP   M=SysUtils ACBP=A9
 0002:00000324 00000008 C=DATA     S=.data    G=DGROUP   M=VarUtils ACBP=A9
 0002:0000032C 00000076 C=DATA     S=.data    G=DGROUP   M=Variants ACBP=A9
 0002:000003A4 0000000C C=DATA     S=.data    G=DGROUP   M=TypInfo  ACBP=A9
 0002:000003B0 00000084 C=DATA     S=.data    G=DGROUP   M=Classes  ACBP=A9
 0002:00000434 00000020 C=DATA     S=.data    G=DGROUP   M=GPHugeF  ACBP=A9
 0002:00000454 00000400 C=DATA     S=.data    G=DGROUP   M=textdata ACBP=A9
 0002:00000854 00000004 C=DATA     S=.data    G=DGROUP   M=uDebug   ACBP=A9
 0002:00000858 00000049 C=DATA     S=.data    G=DGROUP   M=TADemoConsts ACBP=A9
 0002:000008A4 00000004 C=DATA     S=.data    G=DGROUP   M=logging  ACBP=A9
 0002:000008A8 00000020 C=DATA     S=.data    G=DGROUP   M=DPlay    ACBP=A9
 0002:000008C8 00000010 C=DATA     S=.data    G=DGROUP   M=DPLobby  ACBP=A9
 0002:000008D8 00000038 C=DATA     S=.data    G=DGROUP   M=MemMappedDataStructure ACBP=A9
 0002:00000910 00000008 C=DATA     S=.data    G=DGROUP   M=IniFiles ACBP=A9
 0002:00000918 00000008 C=DATA     S=.data    G=DGROUP   M=Registry ACBP=A9
 0002:00000920 00000007 C=DATA     S=.data    G=DGROUP   M=TA_MemoryLocations ACBP=A9
 0002:00000928 00000001 C=DATA     S=.data    G=DGROUP   M=COB_extensions ACBP=A9
 0002:0000092C 00000014 C=DATA     S=.data    G=DGROUP   M=TA_FunctionsU ACBP=A9
 0002:00000940 00000005 C=DATA     S=.data    G=DGROUP   M=UnitLimit ACBP=A9
 0002:00000948 00000005 C=DATA     S=.data    G=DGROUP   M=packet_old ACBP=A9
 0002:00000950 0000000A C=DATA     S=.data    G=DGROUP   M=SpeedHack ACBP=A9
 0002:0000095C 00000001 C=DATA     S=.data    G=DGROUP   M=BattleRoomScroll ACBP=A9
 0002:00000960 00000001 C=DATA     S=.data    G=DGROUP   M=KeyboardHook ACBP=A9
 0002:00000964 00000004 C=DATA     S=.data    G=DGROUP   M=idplay   ACBP=A9
 0002:00000968 00000004 C=DATA     S=.data    G=DGROUP   M=Dplayx_exports ACBP=A9
 0002:0000096C 00000008 C=DATA     S=.data    G=DGROUP   M=PauseLock ACBP=A9
 0002:00000974 00000008 C=DATA     S=.data    G=DGROUP   M=MultiAILimit ACBP=A9
 0002:00001000 0000065C C=BSS      S=.bss     G=DGROUP   M=System   ACBP=A9
 0002:0000165C 00000014 C=BSS      S=.bss     G=DGROUP   M=SysInit  ACBP=A9
 0002:00001670 00000004 C=BSS      S=.bss     G=DGROUP   M=Types    ACBP=A9
 0002:00001674 00000004 C=BSS      S=.bss     G=DGROUP   M=Windows  ACBP=A9
 0002:00001678 00000004 C=BSS      S=.bss     G=DGROUP   M=Messages ACBP=A9
 0002:0000167C 00000004 C=BSS      S=.bss     G=DGROUP   M=SysConst ACBP=A9
 0002:00001680 00000120 C=BSS      S=.bss     G=DGROUP   M=SysUtils ACBP=A9
 0002:000017A0 0000005C C=BSS      S=.bss     G=DGROUP   M=VarUtils ACBP=A9
 0002:000017FC 00000040 C=BSS      S=.bss     G=DGROUP   M=Variants ACBP=A9
 0002:0000183C 00000004 C=BSS      S=.bss     G=DGROUP   M=RTLConsts ACBP=A9
 0002:00001840 00000004 C=BSS      S=.bss     G=DGROUP   M=TypInfo  ACBP=A9
 0002:00001844 00000004 C=BSS      S=.bss     G=DGROUP   M=ActiveX  ACBP=A9
 0002:00001848 00000034 C=BSS      S=.bss     G=DGROUP   M=Classes  ACBP=A9
 0002:0000187C 00000004 C=BSS      S=.bss     G=DGROUP   M=ListsU   ACBP=A9
 0002:00001880 00000004 C=BSS      S=.bss     G=DGROUP   M=MMSystem ACBP=A9
 0002:00001884 00000004 C=BSS      S=.bss     G=DGROUP   M=SyncObjs ACBP=A9
 0002:00001888 00000004 C=BSS      S=.bss     G=DGROUP   M=GPHugeF  ACBP=A9
 0002:0000188C 00000004 C=BSS      S=.bss     G=DGROUP   M=Consts   ACBP=A9
 0002:00001890 00000004 C=BSS      S=.bss     G=DGROUP   M=textdata ACBP=A9
 0002:00001894 00000004 C=BSS      S=.bss     G=DGROUP   M=Math     ACBP=A9
 0002:00001898 00000004 C=BSS      S=.bss     G=DGROUP   M=Contnrs  ACBP=A9
 0002:0000189C 00000014 C=BSS      S=.bss     G=DGROUP   M=uDebug   ACBP=A9
 0002:000018B0 00000008 C=BSS      S=.bss     G=DGROUP   M=FreeListU ACBP=A9
 0002:000018B8 00000004 C=BSS      S=.bss     G=DGROUP   M=SHFolder ACBP=A9
 0002:000018BC 00000018 C=BSS      S=.bss     G=DGROUP   M=TADemoConsts ACBP=A9
 0002:000018D4 00000004 C=BSS      S=.bss     G=DGROUP   M=TextFileU ACBP=A9
 0002:000018D8 0000000C C=BSS      S=.bss     G=DGROUP   M=logging  ACBP=A9
 0002:000018E4 00000004 C=BSS      S=.bss     G=DGROUP   M=DPlay    ACBP=A9
 0002:000018E8 00000004 C=BSS      S=.bss     G=DGROUP   M=DPLobby  ACBP=A9
 0002:000018EC 00000004 C=BSS      S=.bss     G=DGROUP   M=MemMappedDataStructure ACBP=A9
 0002:000018F0 00000004 C=BSS      S=.bss     G=DGROUP   M=PacketBufferU ACBP=A9
 0002:000018F4 00000004 C=BSS      S=.bss     G=DGROUP   M=log2     ACBP=A9
 0002:000018F8 00000004 C=BSS      S=.bss     G=DGROUP   M=IniFiles ACBP=A9
 0002:000018FC 00000004 C=BSS      S=.bss     G=DGROUP   M=Registry ACBP=A9
 0002:00001900 00000008 C=BSS      S=.bss     G=DGROUP   M=PluginEngine ACBP=A9
 0002:00001908 00000004 C=BSS      S=.bss     G=DGROUP   M=TAMemManipulations ACBP=A9
 0002:0000190C 0000000E C=BSS      S=.bss     G=DGROUP   M=TA_MemoryLocations ACBP=A9
 0002:0000191C 00000004 C=BSS      S=.bss     G=DGROUP   M=COB_extensions ACBP=A9
 0002:00001920 00000048 C=BSS      S=.bss     G=DGROUP   M=TlHelp32 ACBP=A9
 0002:00001968 00000004 C=BSS      S=.bss     G=DGROUP   M=TA_FunctionsU ACBP=A9
 0002:0000196C 00000004 C=BSS      S=.bss     G=DGROUP   M=ErrorLog_ExtraData ACBP=A9
 0002:00001970 00000004 C=BSS      S=.bss     G=DGROUP   M=Thread_marshaller ACBP=A9
 0002:00001974 00000004 C=BSS      S=.bss     G=DGROUP   M=UnitLimit ACBP=A9
 0002:00001978 00000004 C=BSS      S=.bss     G=DGROUP   M=ModsList ACBP=A9
 0002:0000197C 00000024 C=BSS      S=.bss     G=DGROUP   M=INI_Options ACBP=A9
 0002:000019A0 00000004 C=BSS      S=.bss     G=DGROUP   M=packet_old ACBP=A9
 0002:000019A4 00000004 C=BSS      S=.bss     G=DGROUP   M=PluginCommandHandlerU ACBP=A9
 0002:000019A8 00000008 C=BSS      S=.bss     G=DGROUP   M=InputHook ACBP=A9
 0002:000019B0 00000014 C=BSS      S=.bss     G=DGROUP   M=LOS_Radar ACBP=A9
 0002:000019C4 00000004 C=BSS      S=.bss     G=DGROUP   M=LOS_MiniMapUnits ACBP=A9
 0002:000019C8 00000014 C=BSS      S=.bss     G=DGROUP   M=LOS_PlayerSeeUnit ACBP=A9
 0002:000019DC 00000004 C=BSS      S=.bss     G=DGROUP   M=LOS_GUIText ACBP=A9
 0002:000019E0 00000010 C=BSS      S=.bss     G=DGROUP   M=LOS_UpdateTables ACBP=A9
 0002:000019F0 00000008 C=BSS      S=.bss     G=DGROUP   M=LOS_AllyPlayer ACBP=A9
 0002:000019F8 00000008 C=BSS      S=.bss     G=DGROUP   M=LOS_extensions ACBP=A9
 0002:00001A00 00000004 C=BSS      S=.bss     G=DGROUP   M=SpeedHack ACBP=A9
 0002:00001A04 00000004 C=BSS      S=.bss     G=DGROUP   M=TA_NetworkingMessages ACBP=A9
 0002:00001A08 00000008 C=BSS      S=.bss     G=DGROUP   M=BattleRoomScroll ACBP=A9
 0002:00001A10 00000010 C=BSS      S=.bss     G=DGROUP   M=KeyboardHook ACBP=A9
 0002:00001A20 00000004 C=BSS      S=.bss     G=DGROUP   M=PlayerDataU ACBP=A9
 0002:00001A24 00000004 C=BSS      S=.bss     G=DGROUP   M=CommandHandlerU ACBP=A9
 0002:00001A28 0000000C C=BSS      S=.bss     G=DGROUP   M=idplay   ACBP=A9
 0002:00001A34 00000004 C=BSS      S=.bss     G=DGROUP   M=DPLobbyWrapper ACBP=A9
 0002:00001A38 00000028 C=BSS      S=.bss     G=DGROUP   M=Dplayx_exports ACBP=A9
 0002:00001A60 00000004 C=BSS      S=.bss     G=DGROUP   M=PauseLock ACBP=A9
 0002:00001A64 00000004 C=BSS      S=.bss     G=DGROUP   M=MultiAILimit ACBP=A9
 0002:00001A68 00000004 C=BSS      S=.bss     G=DGROUP   M=Plugins  ACBP=A9
 0002:00001A6C 00000008 C=BSS      S=.bss     G=DGROUP   M=InitCode ACBP=A9
 0002:00001A74 00000014 C=BSS      S=.bss     G=DGROUP   M=InitCode_CoreExePatching ACBP=A9
 0002:00001A88 00000004 C=BSS      S=.bss     G=DGROUP   M=threadlogging ACBP=A9


  Address         Publics by Name

 0002:000018E8       .1
 0002:00001A88       .1
 0002:00001678       .1
 0002:00001A74       .1
 0002:0000167C       .1
 0002:000018E4       .1
 0002:000018EC       .1
 0002:00001A68       .1
 0002:00001908       .1
 0002:000018B8       .1
 0002:000018B4       .1
 0002:0000191C       .1
 0002:000018AC       .1
 0002:00001A64       .1
 0002:00001920       .1
 0002:00001670       .1
 0002:00001A60       .1
 0002:00001968       .1
 0002:0000196C       .1
 0002:00001970       .1
 0002:00001974       .1
 0002:00001978       .1
 0002:00001998       .1
 0002:000019AC       .1
 0002:0000183C       .1
 0002:000019C0       .1
 0002:000019C4       .1
 0002:000019D8       .1
 0002:000019DC       .1
 0002:00001668       .1
 0002:000019EC       .1
 0002:00001A44       .1
 0002:000019F4       .1
 0002:000019FC       .1
 0002:00001A00       .1
 0002:00001A04       .1
 0002:00001A0C       .1
 0002:00001890       .1
 0002:0000188C       .1
 0002:00001A1C       .1
 0002:00001A34       .2
 0002:000018C0       .2
 0002:000018D4       .2
 0002:00001A6C       .2
 0002:000018E0       .2
 0002:000019A0       .2
 0002:000018F4       .2
 0002:00001894       .2
 0002:00001898       .21
 0002:00001674       .3
 0002:00001A24       .3
 0002:00001844       .3
 0002:000019A4       .3
 0002:000018F0       .3
 0002:00001790       .35
 0002:00001914       .4
 0002:00001A20       .4
 0002:00001850       .45
 0002:000017F8       .5
 0002:00001888       .5
 0002:000018FC       .5
 0002:000015B4       .5
 0002:00001884       .6
 0002:00001900       .6
 0002:00001A30       .6
 0002:00001840       .6
 0002:00001880       .7
 0002:000018F8       .8
 0002:0000181C       .81
 0002:0000187C       .9
 0001:00001E1C       @AbstractError
 0001:00002EA4       @AfterConstruction
 0001:00003904       @Assert
 0001:00002100       @Assign
 0001:0000225C       @AStrCmp
 0001:00002EB4       @BeforeDestruction
 0001:00002B54       @BoundErr
 0001:00002DE4       @CallDynaInst
 0001:00002E4C       @ClassCreate
 0001:00002E9C       @ClassDestroy
 0001:000021C8       @Close
 0001:00001B58       @Copy
 0001:0000458C       @CopyArray
 0001:00004470       @CopyRecord
 0001:00004680       @DispCallByIDError
 0001:0000E888       @DispInvokeError
 0001:00003330       @DoneExcept
 0001:000048D0       @DynArrayAsg
 0001:00004894       @DynArrayClear
 0001:000046B4       @DynArrayHigh
 0001:000046AC       @DynArrayLength
 0001:00004888       @DynArraySetLength
 0001:000022CC       @EofText
 0001:00003418       @ExceptionHandler
 0001:00002304       @FillChar
 0001:0000444C       @Finalize
 0001:00004360       @FinalizeArray
 0001:00004314       @FinalizeRecord
 0001:000021BC       @Flush
 0001:00002B48       @FpuInit
 0001:00002A84       @FpuMaskInit
 0001:00001A28       @FreeMem
 0001:000019F8       @GetMem
 0001:00005768       @GetTls
 0001:000038EC       @Halt
 0001:0000380C       @Halt0
 0001:00002FC8       @HandleAnyException
 0001:0000327C       @HandleFinally
 0001:000030F4       @HandleOnException
 0001:00004280       @InitializeArray
 0001:00004250       @InitializeRecord
 0001:000036D0       @InitImports
 0001:000057B4       @InitLib
 0001:000036A8       @InitResStringImports
 0001:00005024       @IntfAddRef
 0001:00004FE0       @IntfClear
 0001:00004FF8       @IntfCopy
 0001:00002B5C       @IntOver
 0001:00002D90       @IsClass
 0001:00002A54       @isNECWindows
 0001:00003DB0       @LStrAddRef
 0001:00003948       @LStrArrayClr
 0001:00003978       @LStrAsg
 0001:00003BC8       @LStrCat
 0001:00003C0C       @LStrCat3
 0001:00003C80       @LStrCatN
 0001:00003924       @LStrClr
 0001:00003D0C       @LStrCmp
 0001:00003E20       @LStrCopy
 0001:00003E60       @LStrDelete
 0001:00003B94       @LStrFromArray
 0001:00003B0C       @LStrFromChar
 0001:00003B1C       @LStrFromPChar
 0001:00003A14       @LStrFromPCharLen
 0001:00003B4C       @LStrFromPWChar
 0001:00003A80       @LStrFromPWCharLen
 0001:00003B88       @LStrFromString
 0001:00003BAC       @LStrFromWStr
 0001:000039BC       @LStrLAsg
 0001:00003BC0       @LStrLen
 0001:00003EA8       @LStrPos
 0001:00003EF0       @LStrSetLength
 0001:00003DC0       @LStrToPChar
 0001:000039E8       @NewAnsiString
 0001:00003F98       @NewWideString
 0001:00002768       @Pow10
 0001:00002250       @PStrCpy
 0001:00002220       @PStrNCat
 0001:000032DC       @RaiseAgain
 0001:000032B4       @RaiseExcept
 0001:00002324       @RandInt
 0001:0000237C       @ReadChar
 0001:000024E0       @ReadLn
 0001:00002474       @ReadLString
 0001:00002468       @ReadString
 0001:00001A48       @ReallocMem
 0001:00001E90       @ResetText
 0001:00001E9C       @RewritText
 0001:00001DEC       @ROUND
 0001:000038F8       @RunError
 0001:0000274C       @SetEq
 0001:000035E0       @StartLib
 0001:0000025C       @strlen
 0001:00001DF8       @TRUNC
 0001:00003360       @TryFinallyExit
 0001:00003E18       @UniqueStringA
 0001:00002510       @ValLong
 0001:0000FE3C       @VarAddRef
 0001:0000EB60       @VarClear
 0001:0000EB74       @VarClr
 0001:00004348       @VarClr
 0001:0000EE9C       @VarCopy
 0001:00004458       @VarCopy
 0001:0000F1C8       @VarToLStr
 0001:0000F8E8       @VarToWStr
 0001:00003F54       @Write0LString
 0001:00002628       @WriteBytes
 0001:000026F8       @WriteLn
 0001:00003F70       @WriteLString
 0001:0000267C       @WriteSpaces
 0001:00003FD8       @WStrArrayClr
 0001:00003FFC       @WStrAsg
 0001:00003FC0       @WStrClr
 0001:00004138       @WStrCmp
 0001:000041BC       @WStrCopy
 0001:0000410C       @WStrFromLStr
 0001:00004020       @WStrFromPCharLen
 0001:000040D0       @WStrFromPWChar
 0001:000040AC       @WStrFromPWCharLen
 0001:0000412C       @WStrLen
 0001:00004208       @WStrSetLength
 0001:0000411C       @WStrToPWChar
 0001:00001B28       @_IOTest
 0001:00004688       @_llmul
 0001:0000B48C       AbstractErrorHandler
 0002:00001028       AbstractErrorProc
 0002:00000154       AccessMode
 0002:0000088C       AccessMode
 0001:00010774       ActiveX
 0001:000003CC       AddBlockAfter
 0001:0001BC54       AddCheatDescription
 0001:00018044       AddLineNo
 0001:00004E38       AddModuleUnloadProc
 0001:00004E48       AddModuleUnloadProc
 0001:00017E90       AddProcedure
 0001:00017CAC       AddUnit
 0002:00000978       AIName
 0002:000019F0       AlliedStateChanged
 0001:00006B80       AllocMem
 0002:000015AC       AllocMemCount
 0002:000015B0       AllocMemSize
 0001:00005698       AllocTlsBuffer
 0001:00006D88       AnsiCompareStr
 0001:00006DD4       AnsiCompareText
 0001:00006D40       AnsiLowerCase
 0001:0000BFB0       AnsiPos
 0001:00006E20       AnsiSameText
 0001:0000BFFC       AnsiStrPos
 0001:0000C0D4       AnsiStrRScan
 0001:0000C124       AnsiStrScan
 0001:00005424       AnsiToUtf8
 0001:00006CF8       AnsiUpperCase
 0001:00008E34       AppendChars
 0001:00009254       AppendFormat
 0001:00008EB8       AppendNumber
 0001:00008E94       AppendString
 0001:0000B454       AssertErrorHandler
 0002:00001020       AssertErrorProc
 0002:00001604       avail
 0001:00007938       BackfillGetDiskFreeSpaceEx
 0001:0000D838       BackupVarBoolFromStr
 0001:0000D9B4       BackupVarBStrFromBool
 0001:0000D8BC       BackupVarBStrFromCy
 0001:0000D938       BackupVarBStrFromDate
 0001:0000D7C4       BackupVarCyFromStr
 0001:0000D750       BackupVarDateFromStr
 0001:0000D5F4       BackupVarI4FromStr
 0001:0000D580       BackupVariantChangeTypeEx
 0001:0000D668       BackupVarR4FromStr
 0001:0000D6DC       BackupVarR8FromStr
 0001:00024B50       BattleRoomScroll
 0001:00024A38       BattleRoomScrollBackAfterTextReceived
 0001:00024A08       BattleRoomTextReceived
 0001:0003D2F0       BetterAIName
 0001:0003D378       BetterAINameStub
 0001:00014C00       BinToHex
 0001:00017418       BinToInt
 0001:0000D5CC       BiUnimplemented
 0002:000015DC       blockDescBlockList
 0002:000015E0       blockDescFreeList
 0002:000003A4       BooleanIdents
 0002:00000334       BooleanToStringRule
 0001:000072EC       BoolToStr
 0001:0000EF50       BoolToWStrViaOS
 0002:00000920       BoolValues
 0001:0000BB4C       ByteToCharIndex
 0001:0000BB10       ByteToCharLen
 0001:0000BAAC       ByteType
 0001:0000BA00       ByteTypeTest
 0002:00001918       CacheUsed
 0001:00017540       CalcCRC
 0001:00005B0C       CallNextHookEx
 0002:00001814       ChangeAnyProc
 0001:00007704       ChangeFileExt
 0001:00003A44       CharFromWChar
 0001:0000BDC4       CharLength
 0001:00005B14       CharLowerBuff
 0001:000001D4       CharNext
 0001:00005B1C       CharNext
 0001:0000BC88       CharToByteIndex
 0001:0000BD00       CharToByteLen
 0001:00005B24       CharToOemA
 0001:00005B2C       CharUpperBuff
 0002:00001A2C       chatview
 0001:0001BC34       CheatEnabled
 0002:000008F0       Cheat_BuildAnywhere
 0002:000008EC       Cheat_ControlMenu
 0002:0000090C       Cheat_DoubleShot
 0002:00000900       Cheat_ExtraDamage
 0002:000008E0       Cheat_FastBuild
 0002:000008E4       Cheat_InfiniteResources
 0002:00000904       Cheat_InstantBuild
 0002:000008F4       Cheat_InstantCapture
 0002:000008DC       Cheat_Invisible
 0002:000008D8       Cheat_Invulnerability
 0002:000008FC       Cheat_JamAll
 0002:000008E8       Cheat_LosRadar
 0002:00000908       Cheat_ResourcesFreeze
 0002:000008F8       Cheat_SpecialMove
 0001:0001F8BC       CheckForCheats
 0001:00002F44       CheckJmp
 0002:00000338       CInvalidCustomVariantType
 0001:00014E78       Classes
 0001:0001840C       CleanUpMapFile
 0002:00001810       ClearAnyProc
 0001:00010178       ClearVariantTypeList
 0001:0000589C       CloseHandle
 0001:00000174       CloseHandle
 0002:0000103C       CmdLine
 0002:00001038       CmdShow
 0001:0000D5E0       CmpUnimplemented
 0001:00020650       COB_extensions
 0001:000205A0       COB_Extensions_Handling
 0002:00001A78       CodeInjectionData
 0001:000268F4       CommandHandlerU
 0001:0000074C       Commit
 0002:00001620       committedRoot
 0001:0002B97C       compare
 0001:00017A1C       CompareHeaders
 0001:000058A4       CompareString
 0001:00006C80       CompareText
 0001:000071F0       CompareWith
 0001:00018B5C       Compress
 0001:000155D8       Compress
 0001:00017018       Consts
 0001:00017800       Contnrs
 0002:000003C0       Convert
 0002:000003B0       Convert
 0001:0000ACE8       ConvertAddr
 0001:00008FB8       ConvertEraString
 0001:00006B30       ConvertError
 0001:00006B50       ConvertErrorFmt
 0001:0000913C       ConvertYearString
 0001:000046BC       CopyArray
 0001:000058AC       CopyFile
 0001:0000BBD0       CountChars
 0001:00017508       CRC32
 0002:00000454       CRC32tab
 0001:0000B38C       CreateAssertException
 0001:0000B588       CreateAVObject
 0001:000079B8       CreateDir
 0001:000058B4       CreateDirectory
 0001:000058BC       CreateEvent
 0001:000058C4       CreateFile
 0001:0000017C       CreateFileA
 0001:000058CC       CreateFileMapping
 0001:0000B278       CreateInOutError
 0002:00000938       CreateMultiplayerMapsList
 0001:00020918       CreateToolhelp32Snapshot
 0002:00000390       CRelationshipToBoolean
 0002:00000324       CResult
 0002:0000014C       cSimpleBoolStrs
 0002:0000033C       CText
 0002:00001618       curAlloc
 0002:00001688       CurrencyDecimals
 0002:00001684       CurrencyFormat
 0002:00001680       CurrencyString
 0001:00008E14       CurrentYear
 0001:000087A8       CurrToStr
 0001:0000EEE0       CurrToWStrViaOS
 0001:0002039C       CustomGetters
 0001:00006F08       CvtInt
 0001:00006F74       CvtInt64
 0002:0000018C       CWNear
 0001:00017020       DataToStr2
 0001:0001D72C       DataTypeToRegData
 0001:00008DA0       Date
 0002:00001689       DateSeparator
 0001:00009B08       DateTimeToStr
 0001:00009A5C       DateTimeToString
 0001:000088D8       DateTimeToTimeStamp
 0001:00009AC8       DateToStr
 0001:0000EF18       DateToWStrViaOS
 0001:00008D70       DayOfWeek
 0002:00000188       DCon10
 0002:0000002C       DebugHook
 0002:00001687       DecimalSeparator
 0001:00008D40       DecodeDate
 0001:00008BC4       DecodeDateFully
 0001:000089E0       DecodeTime
 0001:0000080C       Decommit
 0001:00000F38       DecommitFree
 0002:000015F4       decommittedRoot
 0002:00000948       DecompressionBufferSize
 0002:00000024       Default8087CW
 0002:00000038       DefaultTextLineBreakStyle
 0002:000015B8       DefaultUserCodePage
 0002:00000218       DefLongDayNames
 0002:000001CC       DefLongMonthNames
 0002:000001FC       DefShortDayNames
 0002:0000019C       DefShortMonthNames
 0002:00000858       Deities
 0001:00004920       DelayLoadResourceModule
 0001:00000428       DeleteBlock
 0001:000058D4       DeleteCriticalSection
 0001:00000338       DeleteCriticalSection
 0001:000058DC       DeleteFile
 0001:00000D20       DeleteFree
 0001:000058E4       DeviceIoControl
 0002:00000094       dig
 0001:0000755C       DirectoryExists
 0001:0003C9E4       DirectPlayCreate
 0002:00001A54       DirectPlayCreate_proc
 0001:0003C6EC       DirectPlayEnumerate
 0001:0003C7E4       DirectPlayEnumerateA
 0002:00001A4C       DirectPlayEnumerateA_proc
 0001:0003C8E4       DirectPlayEnumerateW
 0002:00001A50       DirectPlayEnumerateW_proc
 0002:00001A48       DirectPlayEnumerate_proc
 0001:0003CD8C       DirectPlayLobbyCreateA
 0002:00001A5C       DirectPlayLobbyCreateA_proc
 0001:0003CC4C       DirectPlayLobbyCreateW
 0002:00001A58       DirectPlayLobbyCreateW_proc
 0001:0003D578       DisableThreadLibraryCalls
 0002:00001000       DispCallByIDProc
 0001:00006B14       DivMod
 0001:0003CFE0       DllCanUnloadNow
 0001:0003D080       DllGetClassObject
 0002:00001664       DllProc
 0002:00001A3C       DoFinalize
 0002:00001A38       DoInitialize
 0002:00000934       DoInterpretCommand
 0001:0000B8FC       DoneExceptions
 0001:00014D1C       DoneThreadSynchronization
 0001:0001FDA4       DoReport
 0002:000003AC       DotSep
 0001:000120FC       DoWrite
 0001:0003D4AC       Do_LoadTime_CodeInjections
 0001:0001BB08       DPlay
 0001:0003DEA4       dplayx
 0001:0003C654       DPlayxHandleInvalid
 0002:00000968       dplayxLibHandle
 0001:0003D198       Dplayx_exports
 0001:0001BC2C       DPLobby
 0001:0003C64C       DPLobbyWrapper
 0001:000046D4       DynArrayClear
 0001:000046DC       DynArraySetLength
 0001:0000B23C       EHeapException.FreeInstance
 0001:00015744       Elapsed
 0002:000017FC       EmptyParam
 0002:000000D4       EmptyStr
 0002:000000D8       EmptyWideStr
 0001:00008B88       EncodeDate
 0001:0000899C       EncodeTime
 0001:00000328       EnterCriticalSection
 0001:000058EC       EnterCriticalSection
 0001:000058F4       EnumCalendarInfoA
 0001:0000A8A8       EnumEraNames
 0001:0000A8F4       EnumEraYearOffsets
 0002:00001750       EraNames
 0001:00009E58       EraToYear
 0002:0000176C       EraYearOffsets
 0002:0000006C       errCaption
 0001:00001B1C       Error
 0002:00000004       ErrorAddr
 0001:00001AD0       ErrorAt
 0001:0000B31C       ErrorHandler
 0001:00021020       ErrorLog_ExtraData
 0001:00020FDC       Errorlog_Thunk1
 0001:00020C98       Errorlog_Thunk2
 0002:00000234       ErrorMap
 0002:00001008       ErrorProc
 0001:0001A238       ErrorString
 0002:000013E0       ErrOutput
 0001:00001A98       ExceptAddr
 0002:0000100C       ExceptClsProc
 0001:0000B84C       ExceptHandler
 0001:0000AF8C       Exception.Create
 0001:0000AFD4       Exception.CreateFmt
 0001:0000B1A4       Exception.CreateFmtHelp
 0001:0000B150       Exception.CreateHelp
 0001:0000B064       Exception.CreateRes
 0001:0000B0AC       Exception.CreateResFmt
 0002:0000101C       ExceptionClass
 0001:0000ACF8       ExceptionErrorMessage
 0002:0000026C       ExceptMap
 0002:00001010       ExceptObjProc
 0002:00001004       ExceptProc
 0001:0000BF64       ExcludeTrailingPathDelimiter
 0002:00000000       ExitCode
 0001:00003750       ExitDll
 0002:00001040       ExitProc
 0001:000001DC       ExitProcess
 0002:00001024       ExitProcessProc
 0001:00005744       ExitProcessTLS
 0001:0000571C       ExitThreadTLS
 0001:000078F4       ExpandFileName
 0002:00000924       ExpectedData
 0001:000077E4       ExtractFileDir
 0001:00007894       ExtractFileExt
 0001:00007850       ExtractFileName
 0001:000077A4       ExtractFilePath
 0002:0000178C       FalseBoolStrs
 0002:0000017C       FCon1E18
 0001:000074CC       FileAge
 0001:000074B8       FileClose
 0001:000073EC       FileCreate
 0001:000073B8       FileCreate
 0001:0000753C       FileExists
 0002:0000089C       FileFlags
 0002:0000000C       FileMode
 0001:00001EE4       FileNOPProc
 0001:00007348       FileOpen
 0001:0000740C       FileRead
 0001:0000747C       FileSeek
 0001:000058FC       FileTimeToDosDateTime
 0001:00005904       FileTimeToLocalFileTime
 0001:00007444       FileWrite
 0002:00000434       FILE_SHARING_ERRORS
 0001:00000E58       FillAfterGap
 0001:00000DF8       FillBeforeGap
 0001:00000EF8       FillerSizeAfterGap
 0001:00000E80       FillerSizeBeforeGap
 0001:0000D360       Finalization
 0001:000057FC       Finalization
 0001:0000DDA4       Finalization
 0001:00005834       Finalization
 0001:000104D4       Finalization
 0001:00010688       Finalization
 0001:000106EC       Finalization
 0001:00010744       Finalization
 0001:00014DC8       Finalization
 0001:000152B0       Finalization
 0001:00015300       Finalization
 0001:000154DC       Finalization
 0001:00016FB0       Finalization
 0001:00016FE8       Finalization
 0001:00017604       Finalization
 0001:0001763C       Finalization
 0001:000177D0       Finalization
 0001:00018764       Finalization
 0001:000187D0       Finalization
 0001:00018810       Finalization
 0001:00005540       Finalization
 0001:000196B8       Finalization
 0001:00005F40       Finalization
 0001:0001A120       Finalization
 0001:00005BF8       Finalization
 0001:00005BC0       Finalization
 0001:0001BAD8       Finalization
 0001:0001BBFC       Finalization
 0001:0001C04C       Finalization
 0001:0001C0B4       Finalization
 0001:0001C440       Finalization
 0001:0001D4FC       Finalization
 0001:0001E308       Finalization
 0001:0001F730       Finalization
 0001:0001FC54       Finalization
 0001:000202B4       Finalization
 0001:00020620       Finalization
 0001:000209B4       Finalization
 0001:00020A3C       Finalization
 0001:00020FF0       Finalization
 0001:0002108C       Finalization
 0001:0002123C       Finalization
 0001:00021660       Finalization
 0001:00021E24       Finalization
 0001:000235F0       Finalization
 0001:000237DC       Finalization
 0001:00023A34       Finalization
 0001:00023CC0       Finalization
 0001:00023D8C       Finalization
 0001:00023ECC       Finalization
 0001:0002407C       Finalization
 0001:000243D0       Finalization
 0001:0002454C       Finalization
 0001:0002469C       Finalization
 0001:000248A4       Finalization
 0001:000248DC       Finalization
 0001:00024B20       Finalization
 0001:00024F1C       Finalization
 0001:000262BC       Finalization
 0001:000268C4       Finalization
 0001:0003B094       Finalization
 0001:0003C61C       Finalization
 0001:0003D168       Finalization
 0001:0003D29C       Finalization
 0001:0003D468       Finalization
 0001:0003D540       Finalization
 0001:0003DA78       Finalization
 0001:0003DB84       Finalization
 0001:0003DC04       Finalization
 0001:0003DC3C       Finalization
 0001:0001935C       Finalization
 0001:000046CC       FinalizeArray
 0001:00003500       FinalizeUnits
 0001:000049B0       FindBS
 0001:0000590C       FindClose
 0001:000001EC       FindClose
 0001:00000DB4       FindCommitted
 0001:0001041C       FindCustomVariantType
 0001:00005914       FindFirstFile
 0001:000001F4       FindFirstFile
 0002:0000185C       FindGlobalComponentProcs
 0001:000048F8       FindHInstance
 0001:00037064       FindHostPlayer
 0001:0000DA54       FindProc
 0001:00004968       FindResourceHInstance
 0002:000018C4       fIsWin9x
 0001:00021274       FixModsINI
 0002:0000179C       FLanguages
 0001:00008438       FloatToDecimal
 0001:00008778       FloatToStr
 0001:00008164       FloatToText
 0001:000021B0       Flush
 0001:0000591C       FlushFileBuffers
 0001:00005924       FlushInstructionCache
 0002:00000190       FMSecsPerDay
 0001:00008044       FmtStr
 0001:000216D4       fnRemoveInvalidChar
 0001:00007594       ForceDirectories
 0002:00000198       Format
 0001:0000801C       Format
 0001:00007C4C       FormatBuf
 0001:00007C38       FormatClearStr
 0001:00009B24       FormatDateTime
 0001:00007B98       FormatError
 0002:00000174       FormatErrorStrs
 0001:0000592C       FormatMessage
 0001:00007C00       FormatVarToStr
 0001:00002760       FPower10
 0001:0000D06C       FreeAndNil
 0001:00000AB4       FreeCommitted
 0001:000010EC       FreeCurAlloc
 0001:00014D38       FreeIntConstList
 0001:000001FC       FreeLibrary
 0001:00005934       FreeLibrary
 0001:00018800       FreeListU
 0001:00000684       FreeSpace
 0001:0000CA0C       FreeTerminateProcs
 0002:000008A0       fVersionLazyInited
 0001:00023D5C       GameUnit_LOS_MiniMap_UnitsProjectiles_IsOwner
 0001:00023EC0       GameUnit_LOS_PlayerSeeUnit_EpilogCode_Exit
 0001:00023E6C       GameUnit_LOS_PlayerSeeUnit_IsOwnerAllowedToSee
 0001:00023B4C       GameUnit_LOS_Radar_CanDirectlySeeUnit
 0001:00023C00       GameUnit_LOS_Radar_LoopCondition
 0001:00023BA8       GameUnit_LOS_Radar_LoopStart
 0001:0002420C       GameUnit_LOS_Update_1_Retry
 0001:000241F0       GameUnit_LOS_Update_1_Start
 0001:000242F8       GameUnit_LOS_Update_2_Retry
 0001:000242DC       GameUnit_LOS_Update_2_Start
 0002:0000092C       Game_SetLOSState
 0002:00001A40       gdwDPlaySPRefCount
 0001:0000593C       GetACP
 0001:00005B34       GetAsyncKeyState
 0001:00000340       GetBlockDesc
 0001:00017160       GetChar
 0001:000002DC       GetCmdShow
 0001:000240B4       GetCodeInjections
 0001:00023A6C       GetCodeInjections
 0001:00023DC4       GetCodeInjections
 0001:00024408       GetCodeInjections
 0001:00023CF8       GetCodeInjections
 0001:00023F04       GetCodeInjections
 0001:00000204       GetCommandLine
 0001:000008C8       GetCommitted
 0001:00000970       GetCommittedAt
 0001:00008F08       GetCount
 0001:00005944       GetCPInfo
 0001:0000594C       GetCurrentProcess
 0001:00005954       GetCurrentThreadId
 0001:000002BC       GetCurrentThreadId
 0001:00008F40       GetDate
 0001:0000595C       GetDateFormat
 0001:00009D24       GetDateOrder
 0001:00005964       GetDiskFreeSpaceA
 0002:00000148       GetDiskFreeSpaceEx
 0001:00002DB4       GetDynaMethod
 0001:0000A980       GetEraNamesAndYearOffsets
 0001:00009DF4       GetEraYearOffset
 0001:0000B55C       GetExceptionClass
 0001:0000B76C       GetExceptionObject
 0001:0000596C       GetFileAttributes
 0001:0000018C       GetFileSize
 0001:00005974       GetFileSize
 0001:00000184       GetFileType
 0001:000191FC       GetFileVersion
 0001:00005AF4       GetFileVersionInfo
 0001:00005AFC       GetFileVersionInfoSize
 0001:00018FF0       GetFileVersion_internal
 0001:0000C444       GetFormatSettings
 0001:0000597C       GetFullPathName
 0001:000218C0       GetINIFileName
 0001:00002A4C       GetKeyboardType
 0001:0000020C       GetLastError
 0001:00005984       GetLastError
 0001:00018524       GetLineNumberFromAddress
 0001:0000A6F4       GetLocaleChar
 0001:00000214       GetLocaleInfo
 0001:00005994       GetLocaleInfo
 0001:0000A698       GetLocaleStr
 0001:0000598C       GetLocalTime
 0001:00018718       GetMapAddressFromAddress
 0001:00018620       GetMapFileName
 0001:0000599C       GetModuleFileName
 0001:0000021C       GetModuleFileName
 0001:000059A4       GetModuleHandle
 0001:00000224       GetModuleHandle
 0001:00018438       GetModuleNameFromAddress
 0001:0000A774       GetMonthDayNames
 0001:00018930       GetMyDocs
 0001:00001BFC       GetParamStr
 0001:000245E4       GetPlugin
 0001:000202F4       GetPlugin
 0001:00020A7C       GetPlugin
 0001:000210CC       GetPlugin
 0001:0003D394       GetPlugin
 0001:000246F8       GetPlugin
 0001:0003D1D4       GetPlugin
 0001:00024BA4       GetPlugin
 0001:000239D4       GetPlugin
 0001:00021030       GetPlugin
 0001:0002491C       GetPlugin
 0001:000059AC       GetPrivateProfileString
 0001:000059B4       GetProcAddress
 0001:0000022C       GetProcAddress
 0001:000184B4       GetProcNameFromAddress
 0001:000005A8       GetSpace
 0001:0000060C       GetSpaceAt
 0001:00000234       GetStartupInfo
 0001:000059BC       GetStdHandle
 0001:00000194       GetStdHandle
 0001:000059C4       GetStringTypeEx
 0001:00018990       GetSysDir
 0001:000059CC       GetSystemDirectory
 0001:000059D4       GetSystemInfo
 0001:00005B3C       GetSystemMetrics
 0001:000192E4       GetTADemoVersion
 0001:000059DC       GetTempFileName
 0001:000059E4       GetTempPath
 0001:000059EC       GetThreadLocale
 0001:0000023C       GetThreadLocale
 0001:000002D4       GetTickCount
 0001:000059F4       GetTickCount
 0001:00008F78       GetTime
 0001:000056A4       GetTlsSize
 0001:000002C4       GetVersion
 0001:000059FC       GetVersionEx
 0001:00005A04       GetVolumeInformation
 0001:00018AD0       GetVolumePathName
 0001:00005A0C       GlobalAlloc
 0001:00005B80       GlobalAllocPtr
 0002:00001860       GlobalFixupList
 0001:00005A14       GlobalFree
 0001:00005BAC       GlobalFreePtr
 0001:00005A24       GlobalHandle
 0001:00005A1C       GlobalLock
 0002:00001848       GlobalNameSpace
 0001:00005A2C       GlobalReAlloc
 0001:00005B90       GlobalReAllocPtr
 0001:00005A34       GlobalUnlock
 0001:00016FE0       GPHugeF
 0002:00000028       HeapAllocFlags
 0002:000015C0       heapErrorCode
 0002:000015C4       heapLock
 0002:00000144       HexDisplayPrefix
 0001:00014C68       HexToBin
 0002:00001660       HInstance
 0001:00005B64       HiWord
 0002:00001A10       hKeyboardHook
 0001:0003B0D0       idplay
 0002:000008B8       IID_IDirectPlay
 0002:000008A8       IID_IDirectPlay3
 0002:000008C8       IID_IDirectPlayLobby2
 0002:00000194       IMSecsPerDay
 0001:0000E8DC       InBounds
 0001:0000EB7C       InBounds
 0001:0000BF10       IncludeTrailingPathDelimiter
 0001:0000EBAC       Increment
 0001:0000E90C       Increment
 0002:0000199C       iniFileName_cache
 0001:0001D544       IniFiles
 0002:0000197C       iniSettings
 0001:00000B48       InitAllocator
 0001:0003DAA8       InitCode
 0001:0003DBB4       InitCode_CoreExePatching
 0002:00001630       InitContext
 0001:0000CA40       InitDriveSpacePtr
 0001:0000B874       InitExceptions
 0001:00005A3C       InitializeCriticalSection
 0001:00000320       InitializeCriticalSection
 0002:000015BC       initialized
 0001:000057A8       InitializeModule
 0001:0000DA98       InitializeVarUtils
 0001:0000C1F4       InitLeadBytes
 0001:0000B980       InitPlatformId
 0001:000056F0       InitProcessTLS
 0001:0000C298       InitSysLocale
 0001:00014CE4       InitThreadSynchronization
 0001:000056AC       InitThreadTLS
 0001:0003DB78       InitThunk_Stage1
 0001:0003DAF8       InitThunk_Stage2
 0001:00020658       InitToolHelp
 0001:00003570       InitUnits
 0001:00021E70       INI_Options
 0002:00001048       Input
 0001:00023814       InputHandler
 0001:00023A64       InputHook
 0001:00000FF4       InsertFree
 0001:0001F408       InstallPlugins
 0002:00001854       IntConstList
 0001:000002B4       InterlockedDecrement
 0001:0000CAB0       InterlockedDecrement
 0001:0000CABC       InterlockedExchange
 0001:0000CAC4       InterlockedExchangeAdd
 0001:0000CAA4       InterlockedIncrement
 0001:000002AC       InterlockedIncrement
 0001:00001F24       InternalClose
 0001:00002168       InternalFlush
 0001:00000E34       InternalFreeMem
 0001:00003DCC       InternalUniqueString
 0002:00000930       InterpretCommand
 0001:000209EC       InterpretInternalCommand
 0001:00007090       IntToHex
 0001:00007068       IntToHex
 0001:00006F54       IntToStr
 0001:00007040       IntToStr
 0002:00001798       InvalidPointer
 0001:00002C7C       InvokeImplGetter
 0001:00001B9C       IOResult
 0001:00005A44       IsBadReadPtr
 0002:00001044       IsConsole
 0001:0000BEB4       IsDelimiter
 0001:00008A40       IsLeapYear
 0002:00001034       IsLibrary
 0002:00001045       IsMultiThread
 0001:0000BE68       IsPathDelimiter
 0001:0001D6B4       IsRelative
 0001:000170D4       IsStrBool
 0001:0001BF88       IsTAHookRunning
 0001:0001FD8C       IsTAVersion31
 0002:00001919       IsTAVersion31_Cache
 0001:0000C274       IsWesternGroup
 0001:00018A70       IsWin9x
 0002:00000030       JITEnable
 0002:00001924       KernelHandle
 0002:000018BC       kernellib
 0001:00024F4C       KeyboardHook
 0001:00024C08       KeyboardHookFunction
 0002:00001A14       keyboardHookLevel
 0001:00007694       LastDelimiter
 0002:00001A18       lastShareEnergyVal
 0001:0000C17C       LCIDToCodePage
 0001:000054CC       LCIDToCodePage
 0002:00000124       LeadBytes
 0001:00000330       LeaveCriticalSection
 0001:00005A4C       LeaveCriticalSection
 0002:0000003C       LibModuleList
 0001:0003DAD0       LibraryProc
 0002:000018A4       LineNumbers
 0001:0001BCA8       ListCheats
 0002:0000174E       ListSeparator
 0001:000152E0       ListsU
 0001:000181B4       LoadAndParseMapFile
 0001:00005A54       LoadLibrary
 0001:00000244       LoadLibraryEx
 0001:00004BB4       LoadResourceModule
 0001:00005474       LoadResString
 0001:0000024C       LoadString
 0001:00005B44       LoadString
 0001:00005668       LocalAlloc
 0001:00000300       LocalAlloc
 0001:00000308       LocalFree
 0001:00005670       LocalFree
 0001:0000A730       LocalGetLocaleStr
 0001:0001C470       log2
 0002:000008A4       logdir
 0001:00019874       LogError
 0001:00019760       LogException
 0002:000018D8       logFilename
 0001:0001A164       logging
 0002:00000964       logsave
 0002:000018DC       Log_
 0002:00001690       LongDateFormat
 0002:00001724       LongDayNames
 0002:000016D8       LongMonthNames
 0002:000016A4       LongTimeFormat
 0001:0002457C       LOS_AllyPlayer
 0001:000246CC       LOS_extensions
 0001:000240AC       LOS_GUIText
 0001:00024010       LOS_GUIText_SeeCommHealth
 0001:00024048       LOS_GUIText_Unit_KillsNStuff
 0001:00023FD0       LOS_GUIText_Unit_Resources
 0001:00023DBC       LOS_MiniMapUnits
 0001:00023EFC       LOS_PlayerSeeUnit
 0001:00023CF0       LOS_Radar
 0002:000019E0       LOS_Updates_PTR
 0001:00024400       LOS_UpdateTables
 0001:00006C14       LowerCase
 0002:00000958       LowerLimit
 0001:00000254       lstrcpyn
 0002:00001820       LVarTypes
 0002:00001824       LVarTypeSync
 0002:0000102C       MainInstance
 0002:00001030       MainThreadID
 0001:000003C4       MakeEmpty
 0001:000036F4       MakeErrorMessage
 0001:00018F4C       MakeTempFilename
 0001:0000B4A8       MapException
 0002:00000854       MapFileName
 0002:000018A8       MapFileSetup
 0001:00003378       MapToRunError
 0001:00005A5C       MapViewOfFile
 0001:0001766C       Math
 0001:0001C07C       MemMappedDataStructure
 0002:00000044       MemoryManager
 0001:0000045C       MergeBlockAfter
 0001:00001138       MergeCommit
 0001:000001E4       MessageBox
 0001:00005B4C       MessageBox
 0001:00005C28       Messages
 0001:00015330       MMSystem
 0001:00021690       ModsList
 0002:000000AC       Module
 0001:0002094C       Module32First
 0001:00020980       Module32Next
 0001:00020C50       ModuleInfoComparer
 0002:0000165D       ModuleIsCpp
 0002:0000165C       ModuleIsLib
 0001:00014DB4       ModuleUnload
 0002:00000040       ModuleUnloadList
 0002:000000F4       MonthDays
 0001:00001BBC       Move
 0001:0003D4A4       MultiAILimit
 0001:00000264       MultiByteToWideChar
 0002:00001685       NegCurrFormat
 0001:000011C4       NewCommit
 0001:000011F0       NewCommitAt
 0002:00000940       NewUnitLimit
 0001:0000BE14       NextCharIndex
 0002:00000034       NoErrMsg
 0001:00002F30       NotifyAnyExcept
 0001:00002F04       NotifyExcept
 0001:00002F64       NotifyExceptFinally
 0001:00004EF0       NotifyModuleUnload
 0001:00002EE0       NotifyNonDelphiException
 0001:00002F1C       NotifyOnExcept
 0001:00002EC4       NotifyReRaise
 0001:00002F8C       NotifyTerminate
 0001:00002FA8       NotifyUnhandled
 0001:00008DCC       Now
 0002:00000330       NullAsStringValue
 0002:0000032C       NullStrictConvert
 0002:00001A08       nUpClicks
 0002:000018B0       ObjectsToFree
 0001:0001686C       OffsetPtr
 0001:0003DA40       OnFinalize
 0001:000187C0       OnFinalize
 0001:0003C67C       OnInit
 0001:0003D60C       OnInitialize
 0001:000187A8       OnInitialize
 0001:0003D2D4       OnInstall
 0001:00021028       OnInstall
 0001:00020A74       OnInstall
 0001:000239A4       OnInstall
 0001:0003D1CC       OnInstall
 0001:00024914       OnInstallBattleRoomScroll
 0001:000202EC       OnInstallCobExtensions
 0001:00024B58       OnInstallKeyboardHook
 0001:000245A0       OnInstallShareLOS
 0001:000246E8       OnInstallSpeedHack
 0001:000210C4       OnInstallUnitLimit
 0001:00020A78       OnUnInstall
 0001:0003D2D8       OnUninstall
 0001:0002102C       OnUnInstall
 0001:000239C4       OnUnInstall
 0001:0003D1D0       OnUninstall
 0001:00024918       OnUninstallBattleRoomScroll
 0001:000202F0       OnUninstallCobExtensions
 0001:00024B88       OnUninstallKeyboardHook
 0001:000245AC       OnUninstallShareLOS
 0001:000246F4       OnUninstallSpeedHack
 0001:000210C8       OnUninstallUnitLimit
 0001:0001BFD8       OpenMemMap
 0001:00001E38       OpenText
 0002:00001794       OutOfMemory
 0002:00001214       Output
 0001:0003559C       OutputInfo
 0001:0001C0E4       PacketBufferU
 0001:00023620       packet_old
 0001:00001D60       ParamStr
 0001:000171B8       ParseParams
 0001:0001E680       PatchNJump
 0001:0003D274       PauseHandling
 0001:0003D2CC       PauseLock
 0001:000262EC       PlayerDataU
 0002:00001910       PlayerInfo
 0002:000019B8       PlayerPtr
 0002:000019E4       PlayerPtr
 0002:000019CC       PlayerPtr
 0001:0002451C       Player_SetAlliedState_JumpHook
 0001:00024534       Player_SetAlliedState_RetHook
 0001:0002380C       PluginCommandHandlerU
 0002:000019A8       PluginCommands
 0001:0001F770       PluginEngine
 0001:0003D570       Plugins
 0002:00001904       Plugins
 0001:00011264       PointerInModule
 0002:00001A70       proc
 0002:000018C8       proc
 0002:000018A0       Procedures
 0001:00014354       PropValueError
 0002:000000A8       PtrToNil
 0001:000173E4       PtrToStr
 0001:00008120       PutExponent
 0001:000002CC       QueryPerformanceCounter
 0001:000119F8       QuickSort
 0001:0000B444       RaiseAssertException
 0001:0000019C       RaiseException
 0001:000138B4       RaiseException
 0002:00001014       RaiseExceptionProc
 0001:0000C93C       RaiseLastOSError
 0001:00001DC4       Randomize
 0002:00000008       RandSeed
 0001:00014334       ReadError
 0001:0001D680       ReadError
 0001:000001A4       ReadFile
 0001:00005A64       ReadFile
 0001:00021ACC       ReadINISettings
 0001:000023E8       ReadLine
 0001:00021528       ReadModsIniField
 0001:00005A6C       ReadProcessMemory
 0002:00001818       RefAnyProc
 0001:0000586C       RegCloseKey
 0001:0000026C       RegCloseKey
 0001:00005874       RegCreateKeyEx
 0001:0001D6DC       RegDataToDataType
 0001:0000587C       RegFlushKey
 0002:00001858       RegGroups
 0001:00004F4C       RegisterModule
 0001:0001F3A4       RegisterPlugin
 0001:0001E350       Registry
 0001:00000274       RegOpenKeyEx
 0001:00005884       RegOpenKeyEx
 0001:0000027C       RegQueryValueEx
 0001:0000588C       RegQueryValueEx
 0001:00005894       RegSetValueEx
 0002:00000050       reMap
 0002:00001614       remBytes
 0001:000004E4       RemoveBlock
 0001:000141E4       RemoveFixupReferences
 0001:000142A0       RemoveFixups
 0001:0001758C       RemoveInvalid
 0001:00004E40       RemoveModuleUnloadProc
 0001:00004E68       RemoveModuleUnloadProc
 0001:00005A74       ResetEvent
 0001:000246D4       ResetGameSpeedLimits
 0001:00024584       ResetShareLosState
 0001:00001728       ResizeInPlace
 0001:0001169C       ReturnAddr
 0001:00012280       ReturnAddr
 0002:00001610       rover
 0001:000106B8       RTLConsts
 0001:000001AC       RtlUnwind
 0002:00001018       RTLUnwindProc
 0002:00000074       runErrMsg
 0001:00001AC4       RunErrorAt
 0001:0000DA34       SafeArrayCreate
 0001:0000DA3C       SafeArrayGetLBound
 0001:0000DA44       SafeArrayGetUBound
 0001:0000DA4C       SafeArrayPtrOfIndex
 0001:00006CD4       SameText
 0001:00009B48       ScanBlanks
 0001:00009CD4       ScanChar
 0001:00009EC0       ScanDate
 0001:00009B88       ScanNumber
 0001:00009C3C       ScanString
 0001:0000A254       ScanTime
 0001:00009D8C       ScanToNumber
 0001:00024ACC       ScrollBattleRoomTextWindowDown
 0001:00024A68       ScrollBattleRoomTextWindowUp
 0001:00001224       SearchSmallBlocks
 0001:00018DDC       SelfLocation
 0002:000018CC       SelfLocation_cache
 0002:0000093C       SendText
 0001:00010148       SetClearVarToEmptyParam
 0001:000001B4       SetEndOfFile
 0001:00005A7C       SetEndOfFile
 0001:00005A84       SetEvent
 0001:000034B8       SetExceptionHandler
 0001:000001BC       SetFilePointer
 0001:00005A8C       SetFilePointer
 0001:00001B48       SetInOutRes
 0001:00005A94       SetLastError
 0001:0001F8A4       SetLongword
 0001:00010130       SetVarAsError
 0001:00005B54       SetWindowsHookEx
 0001:0001F888       SetWord
 0002:00000894       ShareFlags
 0002:00000160       ShareMode
 0001:00018840       SHFolder
 0001:00018808       SHGetFolderPath
 0002:0000168C       ShortDateFormat
 0002:00001708       ShortDayNames
 0002:000016A8       ShortMonthNames
 0002:000016A0       ShortTimeFormat
 0001:0000AEB0       ShowException
 0001:000244D8       Signal_AlliedStateChange
 0001:000174C0       SimpleCrypt
 0001:00014744       SkipBinary
 0001:00014778       SkipCollection
 0001:00014718       SkipList
 0001:00005A9C       Sleep
 0001:0000C934       Sleep
 0002:0000161C       smallTab
 0002:000015E4       spaceRoot
 0001:000248D4       SpeedHack
 0001:00024814       SpeedState_DecreaseSpeed_Check
 0001:0002484C       SpeedState_IncreaseSpeed_Check
 0001:0002487C       SpeedState_SetSpeed_Check
 0001:0001E6B0       SpliceInJump
 0002:00001A28       StartedFrom
 0002:0000095C       State_BattleRoomScroll
 0002:00000928       State_COB_extensions
 0002:00000960       State_KeyboardHook
 0002:00000974       State_MultiAILimit
 0002:0000096C       State_PauseLock
 0002:00000950       State_SpeedHack
 0002:00000944       State_UnitLimit
 0001:00025028       StatusToStr
 0002:00000970       StopPauseStateChange
 0001:00007B2C       StrAlloc
 0001:0000BAE0       StrByteType
 0001:0000BD74       StrCharLength
 0001:000136D4       StringListCompareStrings
 0001:0000C7D8       StringReplace
 0001:00017958       StripFromString
 0001:00007A28       StrLCopy
 0001:000079E4       StrLen
 0001:00007FC4       StrLFmt
 0001:00007A5C       StrLIComp
 0001:000079FC       StrMove
 0001:00007B58       StrNew
 0001:0000BDA8       StrNextChar
 0001:00007AD8       StrPos
 0001:00007AA0       StrScan
 0001:0000A470       StrToDate
 0001:0000A568       StrToDateTime
 0001:000087D8       StrToFloat
 0001:000070C0       StrToInt
 0001:00007100       StrToIntDef
 0001:0000A4EC       StrToTime
 0001:0003D124       StubCall
 0001:00018BD4       SupportsCompression
 0001:00024E18       SwitchSetShareEnergy
 0002:0000184C       SyncEvent
 0001:00017AA8       SyncHeaders
 0002:00000430       SyncList
 0001:0001550C       SyncObjs
 0001:00000294       SysAllocStringLen
 0001:00005F70       SysConst
 0001:0000A634       SysErrorMessage
 0001:00001550       SysFreeMem
 0001:000002A4       SysFreeString
 0001:000013A4       SysGetMem
 0001:0000582C       SysInit
 0002:00001740       SysLocale
 0001:0000192C       SysReallocMem
 0001:0000029C       SysReAllocStringLen
 0001:00005594       System
 0001:0000D4E0       SysUtils
 0002:0000190C       TAData
 0001:000193B8       TADemoConsts
 0002:000018D0       TADemoVersion_cache
 0001:0001FFDC       TAMem.getActualUnitLimit
 0001:0001FF88       TAMem.getGameSpeed
 0001:00020008       TAMem.getIsAlteredUnitLimit
 0001:0001FFB0       TAMem.getMaxUnitLimit
 0001:0002005C       TAMem.getPlayerIndex
 0001:000200E0       TAMem.GetUnitPtr
 0001:00020034       TAMem.getUnitsPtr
 0001:0001FF60       TAMem.getViewPLayer
 0001:0001FEC8       TAMem.IsTAVersion31
 0001:0001FC84       TAMemManipulations
 0001:00020144       TAPlayer.GetAlliedState
 0001:000201E8       TAPlayer.getShareEnergy
 0001:000201B4       TAPlayer.getShareEnergyVal
 0001:0002018C       TAPlayer.PlayerType
 0001:00020238       TAUnit.getKills
 0001:0002028C       TAUnit.GetOwnerIndex
 0001:00020264       TAUnit.GetOwnerPtr
 0001:00020A6C       TA_FunctionsU
 0001:000202E4       TA_MemoryLocations
 0001:0002490C       TA_NetworkingMessages
 0001:0001E81C       TCodeInjection.Create
 0001:0001E860       TCodeInjection.RestoreProc
 0001:0001ED08       TCodeInjection_RelativeJmp.Create
 0001:0001ED70       TCodeInjection_RelativeJmp.WriteProc
 0001:0001E9A0       TCodeInjection_Replacement.WriteProc
 0001:0001EB54       TCodeInjection_StaticCall.WriteProc
 0001:000263CC       TCommandHandler.Create
 0001:00026790       TCommands.AddCommand
 0001:0002662C       TCommands.AddCommandAlias
 0001:00026584       TCommands.ClearCommands
 0001:00026470       TCommands.Create
 0001:000264DC       TCommands.destroy
 0001:00026520       TCommands.GetCount
 0001:00026550       TCommands.GetItem
 0001:000265E4       TCommands.LookUpCommand
 0001:000154AC       TCriticalSection.Acquire
 0001:0001541C       TCriticalSection.Create
 0001:0001546C       TCriticalSection.Destroy
 0001:000154C4       TCriticalSection.Release
 0001:0001C650       TCustomIniFile.Create
 0001:0001CCDC       TCustomIniFile.ReadBinaryStream
 0001:0001C7C8       TCustomIniFile.ReadBool
 0001:0001C7FC       TCustomIniFile.ReadDate
 0001:0001C8B8       TCustomIniFile.ReadDateTime
 0001:0001C974       TCustomIniFile.ReadFloat
 0001:0001C698       TCustomIniFile.ReadInteger
 0001:0001CA30       TCustomIniFile.ReadTime
 0001:0001CE50       TCustomIniFile.WriteBinaryStream
 0001:0001CCA8       TCustomIniFile.WriteBool
 0001:0001CAEC       TCustomIniFile.WriteDate
 0001:0001CB54       TCustomIniFile.WriteDateTime
 0001:0001CBBC       TCustomIniFile.WriteFloat
 0001:0001C764       TCustomIniFile.WriteInteger
 0001:0001CC28       TCustomIniFile.WriteTime
 0001:00013EE8       TCustomMemoryStream.Read
 0001:00013F58       TCustomMemoryStream.Seek
 0001:00013EC0       TCustomMemoryStream.SetPointer
 0001:000101E4       TCustomVariantType.BinaryOp
 0001:000101F0       TCustomVariantType.Cast
 0001:00010228       TCustomVariantType.CastTo
 0001:000102B4       TCustomVariantType.CastToOle
 0001:00010270       TCustomVariantType.Compare
 0001:0001027C       TCustomVariantType.CompareOp
 0001:000102F0       TCustomVariantType.Destroy
 0001:000103D0       TCustomVariantType.DispInvoke
 0001:0001037C       TCustomVariantType.IsClear
 0001:00010380       TCustomVariantType.LeftPromotion
 0001:00010394       TCustomVariantType.OlePromotion
 0001:000103F4       TCustomVariantType.QueryInterface
 0001:0001039C       TCustomVariantType.RaiseCastError
 0001:000103AC       TCustomVariantType.RaiseDispError
 0001:000103A4       TCustomVariantType.RaiseInvalidOp
 0001:000103B4       TCustomVariantType.RightPromotion
 0001:000103C8       TCustomVariantType.UnaryOp
 0001:000103DC       TCustomVariantType._AddRef
 0001:000103E8       TCustomVariantType._Release
 0001:00030D7C       TDPlay.AddGroupToGroup
 0001:0002FDF8       TDPlay.AddPlayerToGroup
 0001:000297A4       TDPlay.ChatMsgHandler
 0001:00027C54       TDPlay.checkForCheats
 0001:00037318       TDPlay.Close
 0001:00038154       TDPlay.Create
 0001:0002FEF8       TDPlay.CreateGroup
 0001:0003075C       TDPlay.CreateGroup
 0001:00030DF8       TDPlay.CreateGroupInGroup
 0001:0002A414       TDPlay.createlogfile
 0001:00031408       TDPlay.CreatePlayer
 0001:0002FE74       TDPlay.CreatePlayer
 0001:00030E84       TDPlay.DeleteGroupFromGroup
 0001:0002FF78       TDPlay.DeletePlayerFromGroup
 0001:0003AFDC       TDPlay.Destroy
 0001:0002FFF4       TDPlay.DestroyGroup
 0001:000316BC       TDPlay.DestroyPlayer
 0001:00028FAC       TDPlay.dobase
 0001:0003006C       TDPlay.EnableNewPlayers
 0001:00031AD8       TDPlay.EnumConnections
 0001:000307E4       TDPlay.EnumGroupPlayers
 0001:000300E4       TDPlay.EnumGroupPlayers
 0001:0003086C       TDPlay.EnumGroups
 0001:00030168       TDPlay.EnumGroups
 0001:00030F00       TDPlay.EnumGroupsInGroup
 0001:000317E0       TDPlay.EnumPlayers
 0001:000301EC       TDPlay.EnumPlayers
 0001:00030270       TDPlay.EnumSessions
 0001:000318A0       TDPlay.EnumSessions
 0001:00036D28       TDPlay.ExceptMessage
 0001:00037CD8       TDPlay.Exiting
 0001:0002B738       TDPlay.facexpshandler
 0001:000308F0       TDPlay.GetCaps
 0001:000302F8       TDPlay.GetCaps
 0001:00033190       TDPlay.GetFixFacExps
 0001:00036FB8       TDPlay.GetGoodSource
 0001:00030F88       TDPlay.GetGroupConnectionSettings
 0001:0003096C       TDPlay.GetGroupData
 0001:00031210       TDPlay.GetGroupFlags
 0001:000309F0       TDPlay.GetGroupName
 0001:0003128C       TDPlay.GetGroupParent
 0001:00030370       TDPlay.GetMessageCount
 0001:00031308       TDPlay.GetPlayerAccount
 0001:00031924       TDPlay.GetPlayerAddress
 0001:000303EC       TDPlay.GetPlayerCaps
 0001:00030A70       TDPlay.GetPlayerCaps
 0001:00030AF0       TDPlay.GetPlayerData
 0001:0003138C       TDPlay.GetPlayerFlags
 0001:00031BD8       TDPlay.GetPlayerName
 0001:00030468       TDPlay.GetPlayerName
 0001:000331C4       TDPlay.GetProtectDT
 0001:00027C8C       TDPlay.GetRandomMap
 0001:000281EC       TDPlay.GetRandomMapEx
 0001:000296C0       TDPlay.getRecorderStatusString
 0001:000370E8       TDPlay.GetServerPlayer
 0001:000319E8       TDPlay.GetSessionDesc
 0001:0002B398       TDPlay.Handleunitdata
 0001:0003712C       TDPlay.ImServer
 0001:000284FC       TDPlay.initbuilding
 0001:00028590       TDPlay.initfastbase
 0001:000304F0       TDPlay.Initialize
 0001:00031B5C       TDPlay.InitializeConnection
 0001:00036600       TDPlay.On3dta
 0001:00035C74       TDPlay.OnAbout
 0001:00034CB4       TDPlay.OnAutoPause
 0001:00035380       TDPlay.OnBase
 0001:00034C38       TDPlay.OnBaseOff
 0001:00034EB4       TDPlay.OnCmdwarp
 0001:00035ABC       TDPlay.OnCrash
 0001:000368A8       TDPlay.OnCreatetxt
 0001:00033DB4       TDPlay.OnDate
 0001:00035434       TDPlay.OnDoBase
 0001:00033484       TDPlay.OnEhaoff
 0001:00033550       TDPlay.OnEhaOn
 0001:000336E8       TDPlay.Onehareport
 0001:00036D08       TDPlay.OnException
 0001:00034E04       TDPlay.Onf1off
 0001:00036B60       TDPlay.OnFakeWatch
 0001:00035DC0       TDPlay.OnFixall
 0001:00033304       TDPlay.OnFixDisabled
 0001:000333C4       TDPlay.OnFixEnabled
 0001:00035E28       TDPlay.OnFixFactoryExplosions
 0001:00036BEC       TDPlay.OnForceCd
 0001:00034174       TDPlay.OnGive
 0001:000356C4       TDPlay.OnHelp
 0001:00034B48       TDPlay.OnHookReport
 0001:0003694C       TDPlay.OnLockOn
 0001:00036804       TDPlay.OnOnlyUnits
 0001:00035BB8       TDPlay.OnPanic
 0001:00033868       TDPlay.OnPlayers
 0001:00035F10       TDPlay.OnProtectDT
 0001:00036A64       TDPlay.OnRandMap
 0001:00036B30       TDPlay.OnRandMapEx
 0001:000362D8       TDPlay.OnRecord
 0001:00037038       TDPlay.OnRemovePlayer
 0001:00033AC0       TDPlay.OnReport
 0001:00033BF8       TDPlay.OnReportMod
 0001:000331F8       TDPlay.OnShareLos
 0001:00035FE8       TDPlay.OnSharemapPos
 0001:0003598C       TDPlay.OnStatus
 0001:000342B0       TDPlay.OnStopGive
 0001:000367B8       TDPlay.OnStopLog
 0001:00035324       TDPlay.OnSyncOff
 0001:00034F64       TDPlay.OnSyncon
 0001:0003361C       TDPlay.OnTaHookOff
 0001:0003474C       TDPlay.OnTake
 0001:00036120       TDPlay.OnTime
 0001:00034394       TDPlay.OnUnits
 0001:000340A8       TDPlay.OnVoteGo
 0001:00033EC4       TDPlay.OnVoteReady
 0001:00035A64       TDPlay.OnYankspank
 0001:00030568       TDPlay.Open
 0001:00037164       TDPlay.Open
 0001:0002BAC4       TDPlay.PacketHandler
 0001:0002A108       TDPlay.PacketLostHandler
 0001:00032658       TDPlay.Receive
 0001:000305E0       TDPlay.Receive
 0001:000373C8       TDPlay.ResetRecorder
 0001:00030668       TDPlay.SaveSession
 0001:0003100C       TDPlay.SecureOpen
 0001:0003220C       TDPlay.Send
 0001:00027658       TDPlay.SendAlliedChat
 0001:0002717C       TDPlay.SendChat
 0001:000272C0       TDPlay.SendChatLocal
 0001:000273F0       TDPlay.SendChatLocal2
 0001:00031090       TDPlay.SendChatMessage
 0001:00027B8C       TDPlay.SendClipboard
 0001:000274B4       TDPlay.SendLocal
 0001:000274E4       TDPlay.SendLocal
 0001:00027A00       TDPlay.SendRecorderToRecorderMsg
 0001:00027728       TDPlay.SendRecorderToRecorderMsg2
 0001:0002B9C4       TDPlay.SetAutoPauseAtStart
 0001:0002B9E4       TDPlay.SetCommanderWarp
 0001:0002BA20       TDPlay.SetF1Disable
 0001:0002BA7C       TDPlay.SetFastSpeed
 0001:00031114       TDPlay.SetGroupConnectionSettings
 0001:00030B74       TDPlay.SetGroupData
 0001:00030BF8       TDPlay.SetGroupName
 0001:00030C78       TDPlay.SetPlayerData
 0001:00030CFC       TDPlay.SetPlayerName
 0001:000306DC       TDPlay.SetPlayerName
 0001:00031A60       TDPlay.SetSessionDesc
 0001:0002BAA0       TDPlay.SetSlowSpeed
 0001:0002BA5C       TDPlay.SetSpeedLock
 0001:0002B12C       TDPlay.SmartPak
 0001:00031194       TDPlay.StartSession
 0001:0002A040       TDPlay.UnitCountChange
 0001:00018EAC       TempPath
 0002:00000320       TerminateProcList
 0002:00001046       Test8086
 0001:0001F778       TestByte
 0001:0001F7B0       TestByte
 0001:0001F7FC       TestBytes
 0002:000019E8       TestPlayer
 0002:000019D0       TestPlayer
 0002:000019B0       TestPlayerIndex
 0002:000019B4       TestPlayerPtr
 0001:00001F34       TextClose
 0001:000245B8       TextCommand_View_Hook
 0001:00017634       textdata
 0001:000196E8       TextFileU
 0001:00001EA8       TextIn
 0001:00001F54       TextOpen
 0001:00001EE8       TextOut
 0001:00008664       TextToFloat
 0001:00013CC8       TFileStream.Create
 0001:00013D18       TFileStream.Create
 0001:00013E78       TFileStream.Destroy
 0001:000157C0       TGpHugeFile.AccessFile
 0001:00016664       TGpHugeFile.AllocBuffer
 0001:00015FD4       TGpHugeFile.BlockWrite
 0001:00016BC0       TGpHugeFile.BlockWriteUnsafe
 0001:00015E10       TGpHugeFile.CheckHandle
 0001:00015D58       TGpHugeFile.Close
 0001:00015650       TGpHugeFile.CreateEx
 0001:00015708       TGpHugeFile.Destroy
 0001:00016500       TGpHugeFile.FilePos
 0001:00016F00       TGpHugeFile.FileSize
 0001:00015E7C       TGpHugeFile.FileSizeNoCache
 0001:000165C4       TGpHugeFile.Flush
 0001:00016AFC       TGpHugeFile.FlushBuffer
 0001:0001679C       TGpHugeFile.FreeBuffer
 0001:00016F7C       TGpHugeFile.InitReadBuffer
 0001:00016F48       TGpHugeFile.InitWriteBuffer
 0001:00016C7C       TGpHugeFile.IsOpen
 0001:00016E98       TGpHugeFile.LoadedToTheEOF
 0001:00015A68       TGpHugeFile.ResetEx
 0001:00015BF4       TGpHugeFile.RewriteEx
 0001:00016638       TGpHugeFile.RoundToPageSize
 0001:00016390       TGpHugeFile.Seek
 0001:00016888       TGpHugeFile.Transmit
 0001:00016414       TGpHugeFile.Truncate
 0001:00016E50       TGpHugeFile.Win32Check
 0001:0001612C       TGpHugeFile._Seek
 0001:00013B84       THandleStream.Create
 0001:00013BD4       THandleStream.Read
 0001:00013C44       THandleStream.Seek
 0001:00013C98       THandleStream.SetSize
 0001:00013C78       THandleStream.SetSize
 0001:00013C0C       THandleStream.Write
 0002:00001686       ThousandSeparator
 0002:00001864       ThreadLock
 0001:0003DC34       threadlogging
 0001:000210BC       Thread_marshaller
 0001:00016C98       ThrowCase1
 0001:00016D90       ThrowCase2
 0002:00001698       TimeAMString
 0001:000152E8       timeBeginPeriod
 0001:000152F0       timeGetDevCaps
 0001:000152F8       timeGetTime
 0002:0000169C       TimePMString
 0002:00001694       TimeSeparator
 0001:00009AE8       TimeToStr
 0001:0001D4A0       TIniFile.DeleteKey
 0001:0001CFC0       TIniFile.Destroy
 0001:0001D444       TIniFile.EraseSection
 0001:0001D1D8       TIniFile.ReadSection
 0001:0001D0CC       TIniFile.ReadSections
 0001:0001D2F0       TIniFile.ReadSectionValues
 0001:0001CFFC       TIniFile.ReadString
 0001:0001D4D8       TIniFile.UpdateFile
 0001:0001D05C       TIniFile.WriteString
 0001:00005030       TInterfacedObject.AfterConstruction
 0001:0000503C       TInterfacedObject.BeforeDestruction
 0001:0000504C       TInterfacedObject.NewInstance
 0001:0000505C       TInterfacedObject.QueryInterface
 0001:00005084       TInterfacedObject._AddRef
 0001:00005098       TInterfacedObject._Release
 0001:000209E4       TlHelp32
 0001:00011590       TList.Add
 0001:000115E8       TList.Clear
 0001:00011608       TList.Delete
 0001:00011564       TList.Destroy
 0001:000116E4       TList.Error
 0001:000116A4       TList.Error
 0001:00011B04       TList.Extract
 0001:00011744       TList.Get
 0001:0001178C       TList.Grow
 0001:000117E4       TList.IndexOf
 0001:00011B60       TList.Notify
 0001:00011830       TList.Put
 0001:000118C0       TList.Remove
 0001:000118F4       TList.SetCapacity
 0001:00011950       TList.SetCount
 0001:00011AC8       TList.Sort
 0001:0003B31C       TLobby.Connect
 0001:0003C500       TLobby.Create
 0001:0003B4CC       TLobby.CreateAddress
 0001:0003C448       TLobby.CreateCompoundAddress
 0001:0003B580       TLobby.EnumAddress
 0001:0003B62C       TLobby.EnumAddressTypes
 0001:0003B6DC       TLobby.EnumLocalApplications
 0001:0003B78C       TLobby.GetConnectionSettings
 0001:0003B83C       TLobby.ReceiveLobbyMessage
 0001:0003BA04       TLobby.RunApplication
 0001:0003C170       TLobby.SendLobbyMessage
 0001:0003C2E8       TLobby.SetConnectionSettings
 0001:0003C398       TLobby.SetLobbyMessageEvent
 0001:0001A0A4       TLog.Add
 0001:00019EAC       TLog.Add
 0001:00019F30       TLog.Add
 0001:00019D94       TLog.Add2
 0001:000199C8       TLog.Create
 0001:00019CC0       TLog.Destroy
 0001:00019D68       TLog.Flush
 0001:0001C248       TLog2.Add
 0001:0001C150       TLog2.Create
 0001:0001C404       TLog2.Destroy
 0001:0001C220       TLog2.Flush
 0001:00005678       TlsAlloc
 0002:0000166C       tlsBuffer
 0001:00005680       TlsFree
 0001:00005688       TlsGetValue
 0002:000000A4       TlsIndex
 0002:FF8C100C       TlsLast
 0002:000000C4       TlsProc
 0001:00005690       TlsSetValue
 0001:00013FEC       TMemoryStream.Clear
 0001:00013FB0       TMemoryStream.Destroy
 0001:0001408C       TMemoryStream.Realloc
 0001:00014010       TMemoryStream.SetCapacity
 0001:00014044       TMemoryStream.SetSize
 0001:00014154       TMemoryStream.Write
 0001:00020B70       TModuleInfo.Create
 0001:0000CF60       TMultiReadExclusiveWriteSynchronizer.BeginRead
 0001:0000CE18       TMultiReadExclusiveWriteSynchronizer.BeginWrite
 0001:0000CD90       TMultiReadExclusiveWriteSynchronizer.BlockReaders
 0001:0000CCA4       TMultiReadExclusiveWriteSynchronizer.Create
 0001:0000CD34       TMultiReadExclusiveWriteSynchronizer.Destroy
 0001:0000CFE8       TMultiReadExclusiveWriteSynchronizer.EndRead
 0001:0000CEF4       TMultiReadExclusiveWriteSynchronizer.EndWrite
 0001:0000CDC0       TMultiReadExclusiveWriteSynchronizer.UnblockOneWriter
 0001:0000CDA8       TMultiReadExclusiveWriteSynchronizer.UnblockReaders
 0001:0000CDD8       TMultiReadExclusiveWriteSynchronizer.WaitForReadSignal
 0001:0000CDF8       TMultiReadExclusiveWriteSynchronizer.WaitForWriteSignal
 0001:00002E1C       TObject.AfterConstruction
 0001:00002E20       TObject.BeforeDestruction
 0001:00002B70       TObject.ClassName
 0001:00002B84       TObject.ClassParent
 0001:00002B64       TObject.ClassType
 0001:00002C5C       TObject.CleanupInstance
 0001:00002BC8       TObject.Create
 0001:00002E18       TObject.DefaultHandler
 0001:00002BE8       TObject.Destroy
 0001:00002E24       TObject.Dispatch
 0001:00002BF8       TObject.Free
 0001:00002BAC       TObject.FreeInstance
 0001:00002CAC       TObject.GetInterface
 0001:00002D4C       TObject.GetInterfaceEntry
 0001:00002DFC       TObject.InheritsFrom
 0001:00002C04       TObject.InitInstance
 0001:00002BC0       TObject.InstanceSize
 0001:00002B90       TObject.NewInstance
 0001:00002E10       TObject.SafeCallException
 0001:000176DC       TObjectList.Add
 0001:00017700       TObjectList.Create
 0001:00017750       TObjectList.Extract
 0001:00017774       TObjectList.GetItem
 0001:00017798       TObjectList.Notify
 0001:000049DC       ToLongPath
 0001:00023060       TPacket.Compress
 0001:00021EE0       TPacket.Create
 0001:00022BA4       TPacket.Decompress
 0001:00022934       TPacket.Decrypt
 0001:00022A7C       TPacket.Encrypt
 0001:00022058       TPacket.GetRawData2
 0001:00022094       TPacket.GetTAData
 0001:0002201C       TPacket.GetTimestamp
 0001:000220F8       TPacket.PacketLength
 0001:00021F8C       TPacket.SJCreateNew
 0001:000225C4       TPacket.Split2
 0001:00011CD4       TPersistent.Assign
 0001:00011D00       TPersistent.AssignError
 0001:00011DD8       TPersistent.AssignTo
 0001:00011DF4       TPersistent.DefineProperties
 0001:00011C98       TPersistent.Destroy
 0001:00011E04       TPersistent.GetNamePath
 0001:00011EBC       TPersistent.GetOwner
 0001:000250B8       TPlayerData.Create
 0001:00025204       TPlayerData.IsSelf
 0001:00025298       TPlayerData.IsServer
 0001:0002518C       TPlayerData.OnPlayerRemoved
 0001:00025614       TPlayers.Add
 0001:00025524       TPlayers.Clear
 0001:00025FD0       TPlayers.Convert
 0001:0002614C       TPlayers.ConvertId
 0001:00025334       TPlayers.Create
 0001:000254C8       TPlayers.Destroy
 0001:00025BB4       TPlayers.getCount
 0001:00025DD0       TPlayers.GetData_
 0001:00025BD0       TPlayers.Name
 0001:00025C74       TPlayers.Name
 0001:00025B78       TPlayers.Remove
 0001:00025668       TPlayers.Remove
 0001:00023734       TPluginCommands.ClearCommands
 0001:00023684       TPluginCommands.Create
 0001:000236F0       TPluginCommands.destroy
 0001:00023794       TPluginCommands.LookUpCommand
 0001:0001EFCC       TPluginData.create
 0001:0001F138       TPluginData.MakeNOPReplacement
 0001:0001F070       TPluginData.MakeRelativeJmp
 0001:0001F1DC       TPluginData.MakeReplacement
 0001:0001F0E4       TPluginData.MakeStaticCall
 0001:0001F294       TPluginData.NewCodeInjection
 0001:0000AA44       TranslateDateFormat
 0001:0000E5F4       TranslateResult
 0001:00014364       TReader.CheckValue
 0001:00014394       TReader.EndOfList
 0001:000143B8       TReader.NextValue
 0001:000143DC       TReader.Read
 0001:00014428       TReader.ReadBuffer
 0001:0001447C       TReader.ReadListBegin
 0001:00014490       TReader.ReadListEnd
 0001:000144A4       TReader.ReadStr
 0001:000144EC       TReader.ReadString
 0001:000146A8       TReader.ReadValue
 0001:000145B0       TReader.ReadWideString
 0001:000149D8       TReader.SkipBytes
 0001:00014988       TReader.SkipProperty
 0001:000146C8       TReader.SkipSetBody
 0001:000147EC       TReader.SkipValue
 0001:00011188       TRegGroup.Create
 0001:00011210       TRegGroup.Destroy
 0001:00011294       TRegGroup.UnregisterModuleClasses
 0001:00011370       TRegGroups.Create
 0001:000113FC       TRegGroups.Destroy
 0001:00011478       TRegGroups.Lock
 0001:00011490       TRegGroups.Unlock
 0001:000114A8       TRegGroups.UnregisterModuleClasses
 0001:0001DED8       TRegIniFile.Create
 0001:0001DE8C       TRegIniFile.Create
 0001:0001E2BC       TRegIniFile.ReadBool
 0001:0001E0BC       TRegIniFile.ReadInteger
 0001:0001DF3C       TRegIniFile.ReadString
 0001:0001E1C8       TRegIniFile.WriteInteger
 0001:0001E00C       TRegIniFile.WriteString
 0001:0001D8E4       TRegistry.ChangeKey
 0001:0001D854       TRegistry.CloseKey
 0001:0001D770       TRegistry.Create
 0001:0001D7C8       TRegistry.Create
 0001:0001D96C       TRegistry.CreateKey
 0001:0001D818       TRegistry.Destroy
 0001:0001D918       TRegistry.GetBaseKey
 0001:0001DD48       TRegistry.GetData
 0001:0001DB88       TRegistry.GetDataInfo
 0001:0001DBE4       TRegistry.GetDataSize
 0001:0001DDEC       TRegistry.GetKey
 0001:0001DA50       TRegistry.OpenKey
 0001:0001DCD8       TRegistry.PutData
 0001:0001DC4C       TRegistry.ReadString
 0001:0001D950       TRegistry.SetCurrentKey
 0001:0001D89C       TRegistry.SetRootKey
 0001:0001DDC8       TRegistry.ValueExists
 0001:0001DC18       TRegistry.WriteString
 0001:00006E44       Trim
 0001:00006EB8       TrimLeft
 0002:00001788       TrueBoolStrs
 0001:00008A84       TryEncodeDate
 0001:0000891C       TryEncodeTime
 0001:0000125C       TryHarder
 0001:00002340       TryOpenForInput
 0001:000025E4       TryOpenForOutput
 0001:00007240       TryStrToBool
 0001:000088B0       TryStrToCurr
 0001:0000A4A8       TryStrToDate
 0001:0000A5A0       TryStrToDateTime
 0001:00008818       TryStrToFloat
 0001:00008840       TryStrToFloat
 0001:00008878       TryStrToFloat
 0001:00007130       TryStrToInt
 0001:0000A524       TryStrToTime
 0001:00013A8C       TStream.CopyFrom
 0001:000137BC       TStream.GetPosition
 0001:00013800       TStream.GetSize
 0001:000139FC       TStream.ReadBuffer
 0001:0001398C       TStream.Seek
 0001:00013900       TStream.Seek
 0001:000137E4       TStream.SetPosition
 0001:0001385C       TStream.SetSize
 0001:0001384C       TStream.SetSize
 0001:00013A44       TStream.WriteBuffer
 0001:00012E94       TStringList.Add
 0001:00012EBC       TStringList.AddObject
 0001:00012F34       TStringList.Changed
 0001:00012F60       TStringList.Changing
 0001:00012F8C       TStringList.Clear
 0001:0001377C       TStringList.CompareStrings
 0001:0001372C       TStringList.CustomSort
 0001:00012FE0       TStringList.Delete
 0001:00012E18       TStringList.Destroy
 0001:00013080       TStringList.Exchange
 0001:000130FC       TStringList.ExchangeItems
 0001:00013168       TStringList.Find
 0001:00013200       TStringList.Get
 0001:0001324C       TStringList.GetCapacity
 0001:00013268       TStringList.GetCount
 0001:00013284       TStringList.GetObject
 0001:000132CC       TStringList.Grow
 0001:00013324       TStringList.IndexOf
 0001:00013370       TStringList.Insert
 0001:00013400       TStringList.InsertItem
 0001:00013398       TStringList.InsertObject
 0001:000134A8       TStringList.Put
 0001:00013520       TStringList.PutObject
 0001:0001357C       TStringList.QuickSort
 0001:00013640       TStringList.SetCapacity
 0001:0001366C       TStringList.SetSorted
 0001:000136A4       TStringList.SetUpdateState
 0001:00013710       TStringList.Sort
 0001:00015008       TStringQueue.Clear
 0001:00014F98       TStringQueue.Create
 0001:000151C0       TStringQueue.DeQueue
 0001:0001513C       TStringQueue.EnQueue
 0001:00015268       TStringQueue.Examine
 0001:0001502C       TStringQueue.Grow
 0001:00011F10       TStrings.Add
 0001:00011F40       TStrings.AddObject
 0001:00011F74       TStrings.AddStrings
 0001:00012034       TStrings.Assign
 0001:000120D8       TStrings.BeginUpdate
 0001:00012D94       TStrings.CompareStrings
 0001:0001215C       TStrings.DefineProperties
 0001:00011ED4       TStrings.Destroy
 0001:000121A8       TStrings.EndUpdate
 0001:000121CC       TStrings.Equals
 0001:000122C8       TStrings.Error
 0001:00012288       TStrings.Error
 0001:00012328       TStrings.Exchange
 0001:00012414       TStrings.GetCapacity
 0001:00012DB8       TStrings.GetNameValueSeparator
 0001:00012430       TStrings.GetObject
 0001:00012448       TStrings.GetText
 0001:000124A4       TStrings.GetTextStr
 0001:000125EC       TStrings.IndexOf
 0001:00012678       TStrings.IndexOfName
 0001:00012754       TStrings.IndexOfObject
 0001:000127A0       TStrings.InsertObject
 0001:000127D4       TStrings.LoadFromFile
 0001:00012830       TStrings.LoadFromStream
 0001:000128E4       TStrings.Move
 0001:000129A0       TStrings.Put
 0001:000129E0       TStrings.PutObject
 0001:000129F4       TStrings.ReadData
 0001:00012AA4       TStrings.SaveToFile
 0001:00012B04       TStrings.SaveToStream
 0001:00012B64       TStrings.SetCapacity
 0001:00012DE4       TStrings.SetNameValueSeparator
 0001:00012B74       TStrings.SetStringsAdapter
 0001:00012BC0       TStrings.SetText
 0001:00012C18       TStrings.SetTextStr
 0001:00012CF8       TStrings.SetUpdateState
 0001:00012D08       TStrings.WriteData
 0001:00015404       TSynchroObject.Acquire
 0001:00015410       TSynchroObject.Release
 0001:00019418       TTextFile.Create_Append
 0001:000194F0       TTextFile.Create_Rewrite
 0001:000195B0       TTextFile.Destroy
[...]
    52 0001:0003586D    55 0001:0003587B    56 0001:000358B4    59 0001:0003598C
    60 0001:000359B5    61 0001:000359B9    62 0001:000359F9    69 0001:00035A28
    72 0001:00035A64    73 0001:00035A73    74 0001:00035A77    75 0001:00035A89
    95 0001:00035ABC    96 0001:00035ACB    97 0001:00035ACF    99 0001:00035ADB
   100 0001:00035AEA   102 0001:00035AF9   106 0001:00035B05   107 0001:00035B14
   109 0001:00035B21   112 0001:00035BB8   113 0001:00035BDB   114 0001:00035BDF
   115 0001:00035C19   116 0001:00035C43   119 0001:00035C74   120 0001:00035C9A
   121 0001:00035C9E   122 0001:00035CC3   123 0001:00035CD2   124 0001:00035CE1
   125 0001:00035D15   128 0001:00035DC0   129 0001:00035DCF   130 0001:00035DD3
   132 0001:00035DDF   133 0001:00035DE9   136 0001:00035DF3   138 0001:00035E05
   141 0001:00035E28   142 0001:00035E37   143 0001:00035E3B   145 0001:00035E47
   146 0001:00035E56   148 0001:00035E58   150 0001:00035E64   151 0001:00035E6E
   155 0001:00035E7F   156 0001:00035E89   158 0001:00035E9B   161 0001:00035F10
   162 0001:00035F1F   163 0001:00035F23   165 0001:00035F2F   166 0001:00035F3E
   168 0001:00035F40   170 0001:00035F4C   171 0001:00035F56   175 0001:00035F67
   176 0001:00035F71   178 0001:00035F83   182 0001:00035FE8   183 0001:00035FF7
   184 0001:00035FFB   185 0001:00036008   186 0001:00036011   187 0001:0003601A
   189 0001:00036031   190 0001:00036038   192 0001:0003603F   193 0001:0003605F
   194 0001:0003607F   190 0001:00036082   195 0001:00036088   196 0001:0003609B
   200 0001:000360AA   201 0001:000360B1   203 0001:000360C1   209 0001:00036120
   210 0001:00036149   211 0001:0003614D   212 0001:0003615C   214 0001:0003617C
   215 0001:000361B0   216 0001:000361BB   217 0001:000361CB   219 0001:00036237
   212 0001:0003623A   221 0001:00036270   337 0001:000362D8   338 0001:00036304
   339 0001:00036308   341 0001:00036315   342 0001:00036321   344 0001:0003633E
   346 0001:00036349   347 0001:00036378   348 0001:000363B8   349 0001:000363CA
   351 0001:000363EC   353 0001:000363FB   354 0001:0003640B   358 0001:0003643D
   360 0001:0003644A   361 0001:00036456   363 0001:00036473   365 0001:0003647E
   366 0001:0003649B   367 0001:000364DB   369 0001:000364E4   370 0001:00036500
   373 0001:00036508   375 0001:00036511   376 0001:00036518   377 0001:00036526
   380 0001:0003656B   414 0001:00036600   415 0001:00036623   416 0001:00036627
   418 0001:0003663C   419 0001:00036645   421 0001:00036656   423 0001:00036667
   425 0001:00036683   427 0001:00036689   428 0001:00036690   432 0001:000366A1
   433 0001:000366A8   437 0001:000366B9   438 0001:000366E6   441 0001:000367B8
   442 0001:000367C7   443 0001:000367CB   445 0001:000367D2   446 0001:000367E4
   449 0001:00036804   450 0001:00036813   451 0001:00036817   453 0001:00036823
   454 0001:0003682D   458 0001:0003683E   459 0001:00036848   461 0001:0003685A
   464 0001:000368A8   465 0001:000368B7   466 0001:000368BB   468 0001:000368C4
   469 0001:000368CB   473 0001:000368DC   474 0001:000368E3   476 0001:000368F5
   482 0001:0003694C   483 0001:00036975   484 0001:00036979   485 0001:00036986
   486 0001:00036993   488 0001:000369B0   489 0001:000369C8   490 0001:000369E6
   491 0001:00036A0F   489 0001:00036A2B   493 0001:00036A5D   498 0001:00036A64
   499 0001:00036A8A   500 0001:00036A8E   501 0001:00036A9A   503 0001:00036AA9
   505 0001:00036AB6   506 0001:00036AC2   508 0001:00036ACF   509 0001:00036B13
   512 0001:00036B30   513 0001:00036B3F   514 0001:00036B43   515 0001:00036B5A
   518 0001:00036B60   519 0001:00036B6F   520 0001:00036B73   522 0001:00036B7C
   523 0001:00036B83   527 0001:00036B94   528 0001:00036B9B   530 0001:00036BAD
   533 0001:00036BEC   534 0001:00036C12   535 0001:00036C16   536 0001:00036C20
   537 0001:00036C2E   538 0001:00036C37   540 0001:00036C69   541 0001:00036CBE

Line numbers for idplay(idplay.pas) segment .text

  3253 0001:00036D08  3254 0001:00036D14  3255 0001:00036D1C  3279 0001:00036D23
  3282 0001:00036D28  3284 0001:00036D44  3286 0001:00036D57  3288 0001:00036D87
  3289 0001:00036D96  3290 0001:00036DA5  3291 0001:00036DB4  3292 0001:00036DC3
  3293 0001:00036DD2  3294 0001:00036DFE  3301 0001:00036FB8  3302 0001:00036FC1
  3303 0001:00036FC6  3304 0001:00036FCD  3305 0001:00036FEB  3307 0001:00037004
  3308 0001:0003701B  3309 0001:00037021  3304 0001:00037024  3310 0001:00037029
  3311 0001:00037032  3316 0001:00037038  3317 0001:00037044  3318 0001:00037052
  3319 0001:0003705D  3331 0001:00037064  3332 0001:0003706A  3333 0001:00037071
  3335 0001:00037077  3336 0001:00037086  3337 0001:0003708D  3339 0001:000370A3
  3341 0001:000370AE  3342 0001:000370C6  3343 0001:000370CC  3344 0001:000370D8
  3348 0001:000370E0  3358 0001:000370E8  3359 0001:000370F1  3360 0001:000370FD
  3361 0001:00037117  3362 0001:00037126  3365 0001:0003712C  3366 0001:00037136
  3367 0001:0003715C  3372 0001:00037164  3373 0001:00037180  3374 0001:0003718E
  3375 0001:00037198  3376 0001:000371A6  3379 0001:000371DC  3380 0001:000371EE
  3381 0001:00037205  3383 0001:0003720B  3386 0001:00037215  3387 0001:0003721E
  3390 0001:00037258  3393 0001:00037286  3395 0001:00037289  3398 0001:000372CE
  3403 0001:00037318  3404 0001:00037321  3405 0001:0003732F  3406 0001:00037339
  3412 0001:00037347  3413 0001:0003734F  3415 0001:0003736B  3418 0001:00037399
  3420 0001:0003739C  3423 0001:000373BF  3428 0001:000373C8  3429 0001:000373EC
  3430 0001:000373F6  3431 0001:00037404  3432 0001:00037418  3436 0001:00037426
  3438 0001:0003742F  3439 0001:00037440  3440 0001:0003744F  3442 0001:0003745A
  3443 0001:0003746C  3444 0001:00037473  3445 0001:0003747C  3446 0001:00037485
  3448 0001:00037497  3449 0001:000374A2  3450 0001:000374B5  3451 0001:000374BC
  3453 0001:000374C4  3455 0001:000374CB  3456 0001:000374D5  3458 0001:000374F4
  3459 0001:00037511  3460 0001:0003752E  3461 0001:00037548  3463 0001:00037562
  3464 0001:0003756C  3465 0001:00037586  3466 0001:000375A0  3467 0001:000375BA
  3468 0001:000375D6  3469 0001:000375F3  3470 0001:00037624  3473 0001:00037657
  3474 0001:00037675  3476 0001:00037695  3477 0001:000376A5  3478 0001:000376B3
  3480 0001:000376BD  3481 0001:000376C8  3483 0001:0003770B  3485 0001:0003771B
  3487 0001:00037744  3488 0001:00037747  3490 0001:00037759  3492 0001:00037769
  3493 0001:00037781  3495 0001:00037791  3496 0001:000377B7  3497 0001:000377C5
  3499 0001:000377EE  3500 0001:000377F1  3502 0001:00037803  3503 0001:0003780F
  3507 0001:0003782B  3508 0001:0003783A  3510 0001:00037855  3511 0001:00037860
  3512 0001:00037882  3514 0001:000378A7  3516 0001:000378B1  3517 0001:000378C2
  3519 0001:000378D4  3520 0001:000378DF  3521 0001:00037901  3523 0001:00037924
  3524 0001:0003792E  3525 0001:00037938  3526 0001:00037942  3528 0001:00037949
  3529 0001:00037952  3531 0001:0003795B  3533 0001:00037965  3534 0001:0003796F
  3536 0001:00037979  3537 0001:00037980  3538 0001:0003798B  3540 0001:00037998
  3541 0001:0003799D  3543 0001:000379A2  3544 0001:000379A9  3545 0001:000379B0
  3546 0001:000379BB  3548 0001:000379C8  3549 0001:000379D3  3550 0001:000379DD
  3551 0001:000379EE  3553 0001:000379F7  3554 0001:00037A02  3555 0001:00037A0F
  3557 0001:00037A17  3559 0001:00037A24  3560 0001:00037A2B  3562 0001:00037A32
  3563 0001:00037A40  3564 0001:00037A4E  3566 0001:00037A5C  3568 0001:00037A7D
  3571 0001:00037A9A  3573 0001:00037ACF  3580 0001:00037CD8  3581 0001:00037CFB
  3582 0001:00037D05  3583 0001:00037D13  3585 0001:00037D1C  3586 0001:00037D30
  3589 0001:00037D3A  3590 0001:00037D50  3591 0001:00037D5A  3592 0001:00037D64
  3594 0001:00037D72  3595 0001:00037D86  3596 0001:00037D94  3598 0001:00037DBB
  3602 0001:00037DCB  3604 0001:00037DD4  3605 0001:00037DE8  3608 0001:00037DF2
  3610 0001:00037E19  3612 0001:00037E3A  3613 0001:00037E4F  3614 0001:00037E5D
  3615 0001:00037E8E  3616 0001:00037E9B  3617 0001:00037EB7  3616 0001:00037ED6
  3618 0001:00037EDB  3619 0001:00037EFC  3620 0001:00037F26  3621 0001:00037F55
  3624 0001:00037F62  3626 0001:00037F80  3628 0001:00037F90  3631 0001:00037F9B
  3633 0001:00037FA5  3634 0001:00037FAE  3644 0001:00037FD8  3646 0001:00037FDB
  3650 0001:00038001  3651 0001:00038008  3653 0001:0003803D  3656 0001:00038154
  3657 0001:00038185  3658 0001:0003818F  3665 0001:000381A1  3666 0001:000381AF
  3669 0001:000381CC  3671 0001:000381DC  3672 0001:000381F6  3673 0001:00038210
  3674 0001:00038225

Line numbers for idplay(AddCommands.inc) segment .text

    17 0001:00038255    21 0001:00038286    28 0001:000382B7    32 0001:000382E8
    35 0001:00038319    38 0001:0003834A    41 0001:0003837B    44 0001:000383AC
    47 0001:000383DD    50 0001:0003840E    53 0001:0003843F    56 0001:00038470
    59 0001:000384A4    62 0001:000384D8    65 0001:00038509    68 0001:0003853A
    71 0001:0003856B    74 0001:0003859C    78 0001:000385CD    82 0001:000385FE
    85 0001:00038616    91 0001:00038647    94 0001:00038678    97 0001:000386A9
   100 0001:000386DA   105 0001:0003870B   108 0001:0003873F   111 0001:00038770
   116 0001:000387A4   122 0001:000387D5   130 0001:00038809   133 0001:0003883A
   137 0001:0003886B   141 0001:0003889C   144 0001:000388CD   149 0001:000388FE
   152 0001:0003892F   155 0001:00038960   158 0001:00038991   161 0001:000389C2
   165 0001:000389F6   168 0001:00038A2A   171 0001:00038A5E   174 0001:00038A8F
   178 0001:00038AC0   182 0001:00038AF1   185 0001:00038B22   188 0001:00038B53
   192 0001:00038B87   195 0001:00038BB8   199 0001:00038BE9

Line numbers for idplay(idplay.pas) segment .text

  3681 0001:00038C1A  3682 0001:00038C5A  3685 0001:0003AFDC  3686 0001:0003AFED
  3687 0001:0003AFF7  3688 0001:0003B002  3697 0001:0003B00A  3698 0001:0003B016
  3699 0001:0003B023  3700 0001:0003B031  3701 0001:0003B03E  3702 0001:0003B04B
  3703 0001:0003B058  3704 0001:0003B062  3705 0001:0003B067  3706 0001:0003B072
  3707 0001:0003B08E  3709 0001:0003B0D0  3709 0001:0003B0D7

Line numbers for DPLobbyWrapper(DPLobbyWrapper.pas) segment .text

    47 0001:0003B0D8    63 0001:0003B31C    64 0001:0003B343    65 0001:0003B351
    66 0001:0003B36C    67 0001:0003B380    68 0001:0003B398    69 0001:0003B3A2
    70 0001:0003B3B9    71 0001:0003B3CB    74 0001:0003B3E6    76 0001:0003B403
    78 0001:0003B42D    80 0001:0003B430    81 0001:0003B438    82 0001:0003B440
    85 0001:0003B47A    89 0001:0003B4CC    90 0001:0003B4D5    91 0001:0003B4E3
    92 0001:0003B50A    93 0001:0003B51E    95 0001:0003B543    97 0001:0003B546
    98 0001:0003B54E   101 0001:0003B55B   105 0001:0003B580   106 0001:0003B589
   107 0001:0003B597   108 0001:0003B5B6   109 0001:0003B5CA   111 0001:0003B5EF
   113 0001:0003B5F2   114 0001:0003B5FA   117 0001:0003B607   122 0001:0003B62C
   123 0001:0003B635   124 0001:0003B643   125 0001:0003B662   126 0001:0003B676
   128 0001:0003B69B   130 0001:0003B69E   131 0001:0003B6A6   134 0001:0003B6B3
   139 0001:0003B6DC   140 0001:0003B6E5   141 0001:0003B6F3   142 0001:0003B70E
   143 0001:0003B722   145 0001:0003B747   147 0001:0003B74A   148 0001:0003B752
   151 0001:0003B75F   155 0001:0003B78C   156 0001:0003B795   157 0001:0003B7A3
   158 0001:0003B7BE   159 0001:0003B7D2   161 0001:0003B7F7   163 0001:0003B7FA
   164 0001:0003B802   167 0001:0003B80F   172 0001:0003B83C   173 0001:0003B845
   174 0001:0003B853   176 0001:0003B876   177 0001:0003B88A   179 0001:0003B890
   180 0001:0003B8A8   181 0001:0003B8C2   182 0001:0003B8DA   186 0001:0003B8F6
   187 0001:0003B90A   189 0001:0003B92F   191 0001:0003B932   192 0001:0003B93A
   195 0001:0003B947   199 0001:0003BA04   200 0001:0003BA22   201 0001:0003BA30
   202 0001:0003BA4F   203 0001:0003BA63   204 0001:0003BA7B   205 0001:0003BA95
   207 0001:0003BAB0   208 0001:0003BACE   209 0001:0003BAEC   210 0001:0003BB0A
   211 0001:0003BB28   212 0001:0003BB46   213 0001:0003BB79   214 0001:0003BB97
   215 0001:0003BBB5   216 0001:0003BBD3   218 0001:0003BBF1   219 0001:0003BC24
   221 0001:0003BC57   222 0001:0003BC72   223 0001:0003BC8D   225 0001:0003BCA8
   226 0001:0003BCC0   228 0001:0003BCE5   230 0001:0003BCE8   231 0001:0003BCF0
   234 0001:0003BD1F   238 0001:0003C170   239 0001:0003C179   240 0001:0003C187
   241 0001:0003C1A6   242 0001:0003C1BA   244 0001:0003C1C0   245 0001:0003C1D8
   246 0001:0003C1F0   250 0001:0003C20A   251 0001:0003C21E   253 0001:0003C243
   255 0001:0003C246   256 0001:0003C24E   259 0001:0003C25B   263 0001:0003C2E8
   264 0001:0003C2F1   265 0001:0003C2FF   266 0001:0003C31A   267 0001:0003C32E
   269 0001:0003C353   271 0001:0003C356   272 0001:0003C35E   275 0001:0003C36B
   279 0001:0003C398   280 0001:0003C3A1   281 0001:0003C3AF   282 0001:0003C3CA
   283 0001:0003C3DE   285 0001:0003C403   287 0001:0003C406   288 0001:0003C40E
   291 0001:0003C41B   298 0001:0003C448   299 0001:0003C451   300 0001:0003C45F
   301 0001:0003C47E   302 0001:0003C492   304 0001:0003C4B7   306 0001:0003C4BA
   307 0001:0003C4C2   310 0001:0003C4CF   315 0001:0003C500   316 0001:0003C534
   317 0001:0003C542   318 0001:0003C54C   319 0001:0003C55A   321 0001:0003C577
   322 0001:0003C58B   324 0001:0003C5B0   326 0001:0003C5B3   327 0001:0003C5BB
   330 0001:0003C5FD   332 0001:0003C64C   332 0001:0003C653

Line numbers for Dplayx_exports(Dplayx_exports.pas) segment .text

   117 0001:0003C654   118 0001:0003C658   119 0001:0003C676   122 0001:0003C67C
   133 0001:0003C680   135 0001:0003C689   136 0001:0003C692   137 0001:0003C69A
   138 0001:0003C6A3   140 0001:0003C6B9   141 0001:0003C6C0   148 0001:0003C6EC
   149 0001:0003C6F5   150 0001:0003C70F   151 0001:0003C71D   152 0001:0003C726
   153 0001:0003C73B   154 0001:0003C744   156 0001:0003C755   157 0001:0003C769
   159 0001:0003C78E   161 0001:0003C791   162 0001:0003C799   165 0001:0003C7A6
   171 0001:0003C7E4   172 0001:0003C7ED   173 0001:0003C807   174 0001:0003C815
   175 0001:0003C81E   176 0001:0003C833   177 0001:0003C83C   179 0001:0003C84D
   180 0001:0003C861   182 0001:0003C886   184 0001:0003C889   185 0001:0003C891
   188 0001:0003C89E   195 0001:0003C8E4   196 0001:0003C8ED   197 0001:0003C907
   198 0001:0003C915   199 0001:0003C91E   200 0001:0003C933   201 0001:0003C93C
   203 0001:0003C94D   204 0001:0003C961   206 0001:0003C986   208 0001:0003C989
   209 0001:0003C991   212 0001:0003C99E   220 0001:0003C9E4   221 0001:0003CA07
   222 0001:0003CA21   223 0001:0003CA2F   224 0001:0003CA38   225 0001:0003CA4D
   226 0001:0003CA56   227 0001:0003CA6B   229 0001:0003CA71   230 0001:0003CA85
   231 0001:0003CA9D   232 0001:0003CAA7   233 0001:0003CACA   237 0001:0003CADB
   238 0001:0003CAEF   239 0001:0003CB07   240 0001:0003CB34   243 0001:0003CB59
   245 0001:0003CB5C   246 0001:0003CB64   249 0001:0003CBA3   257 0001:0003CC4C
   258 0001:0003CC6B   259 0001:0003CC85   260 0001:0003CC93   261 0001:0003CC9C
   262 0001:0003CCB1   263 0001:0003CCBA   265 0001:0003CCD7   266 0001:0003CCEB
   268 0001:0003CD10   270 0001:0003CD13   271 0001:0003CD1B   274 0001:0003CD45
   283 0001:0003CD8C   284 0001:0003CDAF   285 0001:0003CDC9   286 0001:0003CDD7
   287 0001:0003CDE0   288 0001:0003CDF5   289 0001:0003CDFE   290 0001:0003CE1B
   292 0001:0003CE21   293 0001:0003CE35   294 0001:0003CE4D   298 0001:0003CE57
   303 0001:0003CE79   304 0001:0003CE8D   305 0001:0003CEA5   306 0001:0003CED2
   309 0001:0003CEF7   311 0001:0003CEFA   312 0001:0003CF02   315 0001:0003CF41
   326 0001:0003CFE0   327 0001:0003CFE9   328 0001:0003CFF9   329 0001:0003D007
   331 0001:0003D00C   332 0001:0003D020   334 0001:0003D045   336 0001:0003D048
   337 0001:0003D050   340 0001:0003D05D   343 0001:0003D080   344 0001:0003D089
   345 0001:0003D099   346 0001:0003D0A7   348 0001:0003D0AC   349 0001:0003D0C0
   351 0001:0003D0E5   353 0001:0003D0E8   354 0001:0003D0F0   357 0001:0003D0FD
   363 0001:0003D124   365 0001:0003D127   367 0001:0003D12E   368 0001:0003D147
   401 0001:0003D168   401 0001:0003D194   370 0001:0003D198   392 0001:0003D1A4
   393 0001:0003D1AD   394 0001:0003D1B7   395 0001:0003D1C0   397 0001:0003D1CA

Line numbers for PauseLock(plugins\PauseLock.pas) segment .text

    39 0001:0003D1CC    43 0001:0003D1D0    46 0001:0003D1D4    47 0001:0003D1D8
    50 0001:0003D1EA    55 0001:0003D212    67 0001:0003D22F    68 0001:0003D237
    82 0001:0003D274    83 0001:0003D279    84 0001:0003D27C    86 0001:0003D27E
    89 0001:0003D284    90 0001:0003D289    94 0001:0003D28E    95 0001:0003D293
    96 0001:0003D298    98 0001:0003D2CC    98 0001:0003D2D3

Line numbers for MultiAILimit(plugins\MultiAILimit.pas) segment .text

    32 0001:0003D2D4    36 0001:0003D2D8    64 0001:0003D2F0    65 0001:0003D2F6
    66 0001:0003D2FD    67 0001:0003D367    68 0001:0003D371    72 0001:0003D378
    74 0001:0003D37F    75 0001:0003D380    76 0001:0003D381    78 0001:0003D382
    81 0001:0003D387    82 0001:0003D38C    83 0001:0003D391    87 0001:0003D394
    88 0001:0003D398    90 0001:0003D3AA    94 0001:0003D3D2    95 0001:0003D3EC
    99 0001:0003D40D   100 0001:0003D415   102 0001:0003D4A4   102 0001:0003D4AB

Line numbers for Plugins(Plugins.pas) segment .text

    29 0001:0003D4AC    31 0001:0003D4B3    33 0001:0003D4B9    34 0001:0003D4C3
    36 0001:0003D4CD    37 0001:0003D4D7    38 0001:0003D4E1    39 0001:0003D4EB
    41 0001:0003D4F5    42 0001:0003D4FF    43 0001:0003D509    44 0001:0003D513
    45 0001:0003D51D    48 0001:0003D527    49 0001:0003D52F    52 0001:0003D534
    53 0001:0003D537    54 0001:0003D53C    56 0001:0003D570    56 0001:0003D577

Line numbers for InitCode(InitCode.pas) segment .text

    87 0001:0003D578    88 0001:0003D57C    89 0001:0003D583    90 0001:0003D58D
    91 0001:0003D59F    93 0001:0003D5A9    94 0001:0003D5C0    95 0001:0003D5C9
    97 0001:0003D5D9   103 0001:0003D60C   107 0001:0003D630   108 0001:0003D63E
   110 0001:0003D648   114 0001:0003D64D   118 0001:0003D658   119 0001:0003D663
   121 0001:0003D66C   122 0001:0003D689   124 0001:0003D6C1   125 0001:0003D6CB
   127 0001:0003D6FB   128 0001:0003D705   129 0001:0003D725   130 0001:0003D74C
   131 0001:0003D755   132 0001:0003D766   133 0001:0003D76F   134 0001:0003D780
   135 0001:0003D789   137 0001:0003D79F   138 0001:0003D7C6   139 0001:0003D7D0
   140 0001:0003D7FE   144 0001:0003D82D   150 0001:0003D836   155 0001:0003D861
   164 0001:0003D866   166 0001:0003D889   168 0001:0003D88C   169 0001:0003D894
   172 0001:0003D8C0   175 0001:0003DA40   176 0001:0003DA43   177 0001:0003DA48
   179 0001:0003DA4D   181 0001:0003DA56   182 0001:0003DA63   185 0001:0003DA6C
   187 0001:0003DA76   189 0001:0003DAA8   190 0001:0003DAB4   191 0001:0003DAC1
   192 0001:0003DACE

Line numbers for InitCode_CoreExePatching(InitCode_CoreExePatching.pas) segment .text

    50 0001:0003DAD0    51 0001:0003DAD8    53 0001:0003DADE    54 0001:0003DAE8
    56 0001:0003DAF2    71 0001:0003DAF8    72 0001:0003DAFF    73 0001:0003DB09
    74 0001:0003DB13    75 0001:0003DB21    77 0001:0003DB48    79 0001:0003DB4B
    80 0001:0003DB53    81 0001:0003DB65    84 0001:0003DB6F    88 0001:0003DB78
    90 0001:0003DB7D    91 0001:0003DB82    92 0001:0003DB83    94 0001:0003DBB4
    95 0001:0003DBC0    96 0001:0003DBCD   100 0001:0003DBDA   101 0001:0003DBE4
   102 0001:0003DBEE   104 0001:0003DBF8   105 0001:0003DC02

Line numbers for threadlogging(threadlogging.pas) segment .text

   145 0001:0003DC34   145 0001:0003DC3B

Line numbers for dplayx(F:\TADR_ALWAYS_SVN\trunk\src\Recorder\Dplayx.dpr) segment .text

    53 0001:0003DEA4    54 0001:0003DEB4

Bound resource files

dplayx.res
dplayx.drf


Program entry point at 0001:0003DEA4
