
 Start         Length     Name                   Class
 0001:00000000 0003DD18H .text                   CODE
 0002:00000000 00000C34H .data                   DATA
 0002:00000C34 00000A79H .bss                    BSS


Detailed map of segments

 0001:00000000 0000565B C=CODE     S=.text    G=(none)   M=System   ACBP=A9
 0001:0000565C 000001CC C=CODE     S=.text    G=(none)   M=SysInit  ACBP=A9
 0001:00005828 00000038 C=CODE     S=.text    G=(none)   M=Types    ACBP=A9
 0001:00005860 0000036C C=CODE     S=.text    G=(none)   M=Windows  ACBP=A9
 0001:00005BCC 00000038 C=CODE     S=.text    G=(none)   M=Messages ACBP=A9
 0001:00005C04 00000348 C=CODE     S=.text    G=(none)   M=SysConst ACBP=A9
 0001:00005F4C 00007624 C=CODE     S=.text    G=(none)   M=SysUtils ACBP=A9
 0001:0000D570 00000887 C=CODE     S=.text    G=(none)   M=VarUtils ACBP=A9
 0001:0000DDF8 0000280E C=CODE     S=.text    G=(none)   M=Variants ACBP=A9
 0001:00010608 000000C8 C=CODE     S=.text    G=(none)   M=RTLConsts ACBP=A9
 0001:000106D0 00000084 C=CODE     S=.text    G=(none)   M=TypInfo  ACBP=A9
 0001:00010754 00000038 C=CODE     S=.text    G=(none)   M=ActiveX  ACBP=A9
 0001:0001078C 0000478E C=CODE     S=.text    G=(none)   M=Classes  ACBP=A9
 0001:00014F1C 000003DC C=CODE     S=.text    G=(none)   M=ListsU   ACBP=A9
 0001:000152F8 00000050 C=CODE     S=.text    G=(none)   M=MMSystem ACBP=A9
 0001:00015348 000001DC C=CODE     S=.text    G=(none)   M=SyncObjs ACBP=A9
 0001:00015524 00001AD4 C=CODE     S=.text    G=(none)   M=GPHugeF  ACBP=A9
 0001:00016FF8 00000038 C=CODE     S=.text    G=(none)   M=Consts   ACBP=A9
 0001:00017030 0000061C C=CODE     S=.text    G=(none)   M=textdata ACBP=A9
 0001:0001764C 00000038 C=CODE     S=.text    G=(none)   M=Math     ACBP=A9
 0001:00017684 00000194 C=CODE     S=.text    G=(none)   M=Contnrs  ACBP=A9
 0001:00017818 00000FA0 C=CODE     S=.text    G=(none)   M=uDebug   ACBP=A9
 0001:000187B8 00000060 C=CODE     S=.text    G=(none)   M=FreeListU ACBP=A9
 0001:00018818 00000040 C=CODE     S=.text    G=(none)   M=SHFolder ACBP=A9
 0001:00018858 00000B78 C=CODE     S=.text    G=(none)   M=TADemoConsts ACBP=A9
 0001:000193D0 00000330 C=CODE     S=.text    G=(none)   M=TextFileU ACBP=A9
 0001:00019700 00000A74 C=CODE     S=.text    G=(none)   M=logging  ACBP=A9
 0001:0001A174 000019A4 C=CODE     S=.text    G=(none)   M=DPlay    ACBP=A9
 0001:0001BB18 00000124 C=CODE     S=.text    G=(none)   M=DPLobby  ACBP=A9
 0001:0001BC3C 00000450 C=CODE     S=.text    G=(none)   M=MemMappedDataStructure ACBP=A9
 0001:0001C08C 00000068 C=CODE     S=.text    G=(none)   M=PacketBufferU ACBP=A9
 0001:0001C0F4 00000388 C=CODE     S=.text    G=(none)   M=log2     ACBP=A9
 0001:0001C47C 000008D8 C=CODE     S=.text    G=(none)   M=statslogging ACBP=A9
 0001:0001CD54 000010D4 C=CODE     S=.text    G=(none)   M=IniFiles ACBP=A9
 0001:0001DE28 00000E0C C=CODE     S=.text    G=(none)   M=Registry ACBP=A9
 0001:0001EC34 00001418 C=CODE     S=.text    G=(none)   M=PluginEngine ACBP=A9
 0001:0002004C 00000514 C=CODE     S=.text    G=(none)   M=TAMemManipulations ACBP=A9
 0001:00020560 000005DC C=CODE     S=.text    G=(none)   M=TA_MemoryLocations ACBP=A9
 0001:00020B3C 0000036C C=CODE     S=.text    G=(none)   M=COB_extensions ACBP=A9
 0001:00020EA8 00000394 C=CODE     S=.text    G=(none)   M=TlHelp32 ACBP=A9
 0001:0002123C 00000038 C=CODE     S=.text    G=(none)   M=TA_FunctionsU ACBP=A9
 0001:00021274 000005B4 C=CODE     S=.text    G=(none)   M=ErrorLog_ExtraData ACBP=A9
 0001:00021828 0000009C C=CODE     S=.text    G=(none)   M=Thread_marshaller ACBP=A9
 0001:000218C4 000001B0 C=CODE     S=.text    G=(none)   M=UnitLimit ACBP=A9
 0001:00021A74 00000424 C=CODE     S=.text    G=(none)   M=ModsList ACBP=A9
 0001:00021E98 00000820 C=CODE     S=.text    G=(none)   M=INI_Options ACBP=A9
 0001:000226B8 000017B0 C=CODE     S=.text    G=(none)   M=packet_old ACBP=A9
 0001:00023E68 000001EC C=CODE     S=.text    G=(none)   M=PluginCommandHandlerU ACBP=A9
 0001:00024054 00000258 C=CODE     S=.text    G=(none)   M=InputHook ACBP=A9
 0001:000242AC 0000028C C=CODE     S=.text    G=(none)   M=LOS_Radar ACBP=A9
 0001:00024538 000000CC C=CODE     S=.text    G=(none)   M=LOS_MiniMapUnits ACBP=A9
 0001:00024604 00000140 C=CODE     S=.text    G=(none)   M=LOS_PlayerSeeUnit ACBP=A9
 0001:00024744 000001B0 C=CODE     S=.text    G=(none)   M=LOS_GUIText ACBP=A9
 0001:000248F4 00000354 C=CODE     S=.text    G=(none)   M=LOS_UpdateTables ACBP=A9
 0001:00024C48 0000017C C=CODE     S=.text    G=(none)   M=LOS_AllyPlayer ACBP=A9
 0001:00024DC4 00000150 C=CODE     S=.text    G=(none)   M=LOS_extensions ACBP=A9
 0001:00024F14 00000208 C=CODE     S=.text    G=(none)   M=SpeedHack ACBP=A9
 0001:0002511C 00000038 C=CODE     S=.text    G=(none)   M=TA_NetworkingMessages ACBP=A9
 0001:00025154 00014468 C=CODE     S=.text    G=(none)   M=idplay   ACBP=A9
 0001:000395BC 0000138C C=CODE     S=.text    G=(none)   M=PlayerDataU ACBP=A9
 0001:0003A948 00000608 C=CODE     S=.text    G=(none)   M=CommandHandlerU ACBP=A9
 0001:0003AF50 0000157C C=CODE     S=.text    G=(none)   M=DPLobbyWrapper ACBP=A9
 0001:0003C4CC 00000B78 C=CODE     S=.text    G=(none)   M=Dplayx_exports ACBP=A9
 0001:0003D044 00000108 C=CODE     S=.text    G=(none)   M=PauseLock ACBP=A9
 0001:0003D14C 000001D8 C=CODE     S=.text    G=(none)   M=MultiAILimit ACBP=A9
 0001:0003D324 000000B8 C=CODE     S=.text    G=(none)   M=Plugins  ACBP=A9
 0001:0003D3DC 00000558 C=CODE     S=.text    G=(none)   M=InitCode ACBP=A9
 0001:0003D934 00000134 C=CODE     S=.text    G=(none)   M=InitCode_CoreExePatching ACBP=A9
 0001:0003DA68 00000038 C=CODE     S=.text    G=(none)   M=threadlogging ACBP=A9
 0001:0003DAA0 00000275 C=CODE     S=.text    G=(none)   M=dplayx   ACBP=A9
 0002:00000000 000000A4 C=DATA     S=.data    G=DGROUP   M=System   ACBP=A9
 0002:000000A4 00000030 C=DATA     S=.data    G=DGROUP   M=SysInit  ACBP=A9
 0002:000000D4 00000250 C=DATA     S=.data    G=DGROUP   M=SysUtils ACBP=A9
 0002:00000324 00000008 C=DATA     S=.data    G=DGROUP   M=VarUtils ACBP=A9
 0002:0000032C 00000076 C=DATA     S=.data    G=DGROUP   M=Variants ACBP=A9
 0002:000003A4 0000000C C=DATA     S=.data    G=DGROUP   M=TypInfo  ACBP=A9
 0002:000003B0 00000084 C=DATA     S=.data    G=DGROUP   M=Classes  ACBP=A9
 0002:00000434 00000020 C=DATA     S=.data    G=DGROUP   M=GPHugeF  ACBP=A9
 0002:00000454 00000400 C=DATA     S=.data    G=DGROUP   M=textdata ACBP=A9
 0002:00000854 00000004 C=DATA     S=.data    G=DGROUP   M=uDebug   ACBP=A9
 0002:00000858 00000049 C=DATA     S=.data    G=DGROUP   M=TADemoConsts ACBP=A9
 0002:000008A4 00000004 C=DATA     S=.data    G=DGROUP   M=logging  ACBP=A9
 0002:000008A8 00000020 C=DATA     S=.data    G=DGROUP   M=DPlay    ACBP=A9
 0002:000008C8 00000010 C=DATA     S=.data    G=DGROUP   M=DPLobby  ACBP=A9
 0002:000008D8 00000038 C=DATA     S=.data    G=DGROUP   M=MemMappedDataStructure ACBP=A9
 0002:00000910 00000008 C=DATA     S=.data    G=DGROUP   M=IniFiles ACBP=A9
 0002:00000918 00000008 C=DATA     S=.data    G=DGROUP   M=Registry ACBP=A9
 0002:00000920 00000007 C=DATA     S=.data    G=DGROUP   M=TA_MemoryLocations ACBP=A9
 0002:00000928 00000001 C=DATA     S=.data    G=DGROUP   M=COB_extensions ACBP=A9
 0002:0000092C 00000008 C=DATA     S=.data    G=DGROUP   M=TA_FunctionsU ACBP=A9
 0002:00000934 00000005 C=DATA     S=.data    G=DGROUP   M=UnitLimit ACBP=A9
 0002:0000093C 00000005 C=DATA     S=.data    G=DGROUP   M=packet_old ACBP=A9
 0002:00000944 0000000A C=DATA     S=.data    G=DGROUP   M=SpeedHack ACBP=A9
 0002:00000950 00000008 C=DATA     S=.data    G=DGROUP   M=idplay   ACBP=A9
 0002:00000958 00000004 C=DATA     S=.data    G=DGROUP   M=Dplayx_exports ACBP=A9
 0002:0000095C 00000008 C=DATA     S=.data    G=DGROUP   M=PauseLock ACBP=A9
 0002:00000964 00000008 C=DATA     S=.data    G=DGROUP   M=MultiAILimit ACBP=A9
 0002:00001000 0000065C C=BSS      S=.bss     G=DGROUP   M=System   ACBP=A9
 0002:0000165C 00000014 C=BSS      S=.bss     G=DGROUP   M=SysInit  ACBP=A9
 0002:00001670 00000004 C=BSS      S=.bss     G=DGROUP   M=Types    ACBP=A9
 0002:00001674 00000004 C=BSS      S=.bss     G=DGROUP   M=Windows  ACBP=A9
 0002:00001678 00000004 C=BSS      S=.bss     G=DGROUP   M=Messages ACBP=A9
 0002:0000167C 00000004 C=BSS      S=.bss     G=DGROUP   M=SysConst ACBP=A9
 0002:00001680 00000120 C=BSS      S=.bss     G=DGROUP   M=SysUtils ACBP=A9
 0002:000017A0 0000005C C=BSS      S=.bss     G=DGROUP   M=VarUtils ACBP=A9
 0002:000017FC 00000040 C=BSS      S=.bss     G=DGROUP   M=Variants ACBP=A9
 0002:0000183C 00000004 C=BSS      S=.bss     G=DGROUP   M=RTLConsts ACBP=A9
 0002:00001840 00000004 C=BSS      S=.bss     G=DGROUP   M=TypInfo  ACBP=A9
 0002:00001844 00000004 C=BSS      S=.bss     G=DGROUP   M=ActiveX  ACBP=A9
 0002:00001848 00000034 C=BSS      S=.bss     G=DGROUP   M=Classes  ACBP=A9
 0002:0000187C 00000004 C=BSS      S=.bss     G=DGROUP   M=ListsU   ACBP=A9
 0002:00001880 00000004 C=BSS      S=.bss     G=DGROUP   M=MMSystem ACBP=A9
 0002:00001884 00000004 C=BSS      S=.bss     G=DGROUP   M=SyncObjs ACBP=A9
 0002:00001888 00000004 C=BSS      S=.bss     G=DGROUP   M=GPHugeF  ACBP=A9
 0002:0000188C 00000004 C=BSS      S=.bss     G=DGROUP   M=Consts   ACBP=A9
 0002:00001890 00000004 C=BSS      S=.bss     G=DGROUP   M=textdata ACBP=A9
 0002:00001894 00000004 C=BSS      S=.bss     G=DGROUP   M=Math     ACBP=A9
 0002:00001898 00000004 C=BSS      S=.bss     G=DGROUP   M=Contnrs  ACBP=A9
 0002:0000189C 00000014 C=BSS      S=.bss     G=DGROUP   M=uDebug   ACBP=A9
 0002:000018B0 00000008 C=BSS      S=.bss     G=DGROUP   M=FreeListU ACBP=A9
 0002:000018B8 00000004 C=BSS      S=.bss     G=DGROUP   M=SHFolder ACBP=A9
 0002:000018BC 00000018 C=BSS      S=.bss     G=DGROUP   M=TADemoConsts ACBP=A9
 0002:000018D4 00000004 C=BSS      S=.bss     G=DGROUP   M=TextFileU ACBP=A9
 0002:000018D8 0000000C C=BSS      S=.bss     G=DGROUP   M=logging  ACBP=A9
 0002:000018E4 00000004 C=BSS      S=.bss     G=DGROUP   M=DPlay    ACBP=A9
 0002:000018E8 00000004 C=BSS      S=.bss     G=DGROUP   M=DPLobby  ACBP=A9
 0002:000018EC 00000004 C=BSS      S=.bss     G=DGROUP   M=MemMappedDataStructure ACBP=A9
 0002:000018F0 00000004 C=BSS      S=.bss     G=DGROUP   M=PacketBufferU ACBP=A9
 0002:000018F4 00000004 C=BSS      S=.bss     G=DGROUP   M=log2     ACBP=A9
 0002:000018F8 00000004 C=BSS      S=.bss     G=DGROUP   M=statslogging ACBP=A9
 0002:000018FC 00000004 C=BSS      S=.bss     G=DGROUP   M=IniFiles ACBP=A9
 0002:00001900 00000004 C=BSS      S=.bss     G=DGROUP   M=Registry ACBP=A9
 0002:00001904 00000008 C=BSS      S=.bss     G=DGROUP   M=PluginEngine ACBP=A9
 0002:0000190C 00000004 C=BSS      S=.bss     G=DGROUP   M=TAMemManipulations ACBP=A9
 0002:00001910 0000000A C=BSS      S=.bss     G=DGROUP   M=TA_MemoryLocations ACBP=A9
 0002:0000191C 00000004 C=BSS      S=.bss     G=DGROUP   M=COB_extensions ACBP=A9
 0002:00001920 00000048 C=BSS      S=.bss     G=DGROUP   M=TlHelp32 ACBP=A9
 0002:00001968 00000004 C=BSS      S=.bss     G=DGROUP   M=TA_FunctionsU ACBP=A9
 0002:0000196C 00000004 C=BSS      S=.bss     G=DGROUP   M=ErrorLog_ExtraData ACBP=A9
 0002:00001970 00000004 C=BSS      S=.bss     G=DGROUP   M=Thread_marshaller ACBP=A9
 0002:00001974 00000004 C=BSS      S=.bss     G=DGROUP   M=UnitLimit ACBP=A9
 0002:00001978 00000004 C=BSS      S=.bss     G=DGROUP   M=ModsList ACBP=A9
 0002:0000197C 00000028 C=BSS      S=.bss     G=DGROUP   M=INI_Options ACBP=A9
 0002:000019A4 00000004 C=BSS      S=.bss     G=DGROUP   M=packet_old ACBP=A9
 0002:000019A8 00000004 C=BSS      S=.bss     G=DGROUP   M=PluginCommandHandlerU ACBP=A9
 0002:000019AC 00000008 C=BSS      S=.bss     G=DGROUP   M=InputHook ACBP=A9
 0002:000019B4 00000014 C=BSS      S=.bss     G=DGROUP   M=LOS_Radar ACBP=A9
 0002:000019C8 00000004 C=BSS      S=.bss     G=DGROUP   M=LOS_MiniMapUnits ACBP=A9
 0002:000019CC 00000014 C=BSS      S=.bss     G=DGROUP   M=LOS_PlayerSeeUnit ACBP=A9
 0002:000019E0 00000004 C=BSS      S=.bss     G=DGROUP   M=LOS_GUIText ACBP=A9
 0002:000019E4 00000010 C=BSS      S=.bss     G=DGROUP   M=LOS_UpdateTables ACBP=A9
 0002:000019F4 00000008 C=BSS      S=.bss     G=DGROUP   M=LOS_AllyPlayer ACBP=A9
 0002:000019FC 00000008 C=BSS      S=.bss     G=DGROUP   M=LOS_extensions ACBP=A9
 0002:00001A04 00000004 C=BSS      S=.bss     G=DGROUP   M=SpeedHack ACBP=A9
 0002:00001A08 00000004 C=BSS      S=.bss     G=DGROUP   M=TA_NetworkingMessages ACBP=A9
 0002:00001A0C 0000000C C=BSS      S=.bss     G=DGROUP   M=idplay   ACBP=A9
 0002:00001A18 00000004 C=BSS      S=.bss     G=DGROUP   M=PlayerDataU ACBP=A9
 0002:00001A1C 00000004 C=BSS      S=.bss     G=DGROUP   M=CommandHandlerU ACBP=A9
 0002:00001A20 00000004 C=BSS      S=.bss     G=DGROUP   M=DPLobbyWrapper ACBP=A9
 0002:00001A24 00000028 C=BSS      S=.bss     G=DGROUP   M=Dplayx_exports ACBP=A9
 0002:00001A4C 00000004 C=BSS      S=.bss     G=DGROUP   M=PauseLock ACBP=A9
 0002:00001A50 00000004 C=BSS      S=.bss     G=DGROUP   M=MultiAILimit ACBP=A9
 0002:00001A54 00000004 C=BSS      S=.bss     G=DGROUP   M=Plugins  ACBP=A9
 0002:00001A58 00000008 C=BSS      S=.bss     G=DGROUP   M=InitCode ACBP=A9
 0002:00001A60 00000014 C=BSS      S=.bss     G=DGROUP   M=InitCode_CoreExePatching ACBP=A9
 0002:00001A74 00000004 C=BSS      S=.bss     G=DGROUP   M=threadlogging ACBP=A9


  Address         Publics by Name

 0002:000018EC       .1
 0002:00001A08       .1
 0002:000018E8       .1
 0002:00001A04       .1
 0002:00001A00       .1
 0002:000019F8       .1
 0002:000018E4       .1
 0002:0000191C       .1
 0002:000019F0       .1
 0002:0000196C       .1
 0002:00001970       .1
 0002:00001974       .1
 0002:00001978       .1
 0002:00001A50       .1
 0002:0000199C       .1
 0002:00001A60       .1
 0002:00001A4C       .1
 0002:0000188C       .1
 0002:00001890       .1
 0002:00001920       .1
 0002:0000190C       .1
 0002:000018AC       .1
 0002:000019B0       .1
 0002:000019C4       .1
 0002:000019C8       .1
 0002:000018B4       .1
 0002:000018B8       .1
 0002:00001678       .1
 0002:0000167C       .1
 0002:000019DC       .1
 0002:000019E0       .1
 0002:00001A30       .1
 0002:00001A74       .1
 0002:0000183C       .1
 0002:00001668       .1
 0002:00001670       .1
 0002:00001A54       .1
 0002:00001968       .1
 0002:000018D4       .2
 0002:00001A20       .2
 0002:000018C0       .2
 0002:000019A4       .2
 0002:00001894       .2
 0002:000018F4       .2
 0002:000018F8       .2
 0002:00001A58       .2
 0002:000018E0       .2
 0002:00001898       .21
 0002:00001844       .3
 0002:000018F0       .3
 0002:000019A8       .3
 0002:00001A1C       .3
 0002:00001674       .3
 0002:00001790       .35
 0002:00001A18       .4
 0002:00001914       .4
 0002:00001850       .45
 0002:00001888       .5
 0002:000015B4       .5
 0002:00001900       .5
 0002:000017F8       .5
 0002:00001884       .6
 0002:00001904       .6
 0002:00001840       .6
 0002:00001A14       .6
 0002:00001880       .7
 0002:000018FC       .8
 0002:0000181C       .81
 0002:0000187C       .9
 0001:00001E10       @AbstractError
 0001:00002E98       @AfterConstruction
 0001:000038F8       @Assert
 0001:000020F4       @Assign
 0001:00002250       @AStrCmp
 0001:00002EA8       @BeforeDestruction
 0001:00002B48       @BoundErr
 0001:00002DD8       @CallDynaInst
 0001:00002E40       @ClassCreate
 0001:00002E90       @ClassDestroy
 0001:000021BC       @Close
 0001:00001B58       @Copy
 0001:00004580       @CopyArray
 0001:00004464       @CopyRecord
 0001:00004674       @DispCallByIDError
 0001:0000E898       @DispInvokeError
 0001:00003324       @DoneExcept
 0001:000048C4       @DynArrayAsg
 0001:00004888       @DynArrayClear
 0001:000046A8       @DynArrayHigh
 0001:000046A0       @DynArrayLength
 0001:0000487C       @DynArraySetLength
 0001:000022C0       @EofText
 0001:0000340C       @ExceptionHandler
 0001:000022F8       @FillChar
 0001:00004440       @Finalize
 0001:00004354       @FinalizeArray
 0001:00004308       @FinalizeRecord
 0001:000021B0       @Flush
 0001:00002B3C       @FpuInit
 0001:00002A78       @FpuMaskInit
 0001:00001A28       @FreeMem
 0001:000019F8       @GetMem
 0001:0000575C       @GetTls
 0001:000038E0       @Halt
 0001:00003800       @Halt0
 0001:00002FBC       @HandleAnyException
 0001:00003270       @HandleFinally
 0001:000030E8       @HandleOnException
 0001:00004274       @InitializeArray
 0001:00004244       @InitializeRecord
 0001:000036C4       @InitImports
 0001:000057A8       @InitLib
 0001:0000369C       @InitResStringImports
 0001:00005018       @IntfAddRef
 0001:00004FD4       @IntfClear
 0001:00004FEC       @IntfCopy
 0001:00002B50       @IntOver
 0001:00002D84       @IsClass
 0001:00002A48       @isNECWindows
 0001:00003DA4       @LStrAddRef
 0001:0000393C       @LStrArrayClr
 0001:0000396C       @LStrAsg
 0001:00003BBC       @LStrCat
 0001:00003C00       @LStrCat3
 0001:00003C74       @LStrCatN
 0001:00003918       @LStrClr
 0001:00003D00       @LStrCmp
 0001:00003E14       @LStrCopy
 0001:00003E54       @LStrDelete
 0001:00003B88       @LStrFromArray
 0001:00003B00       @LStrFromChar
 0001:00003B10       @LStrFromPChar
 0001:00003A08       @LStrFromPCharLen
 0001:00003B40       @LStrFromPWChar
 0001:00003A74       @LStrFromPWCharLen
 0001:00003B7C       @LStrFromString
 0001:00003BA0       @LStrFromWStr
 0001:000039B0       @LStrLAsg
 0001:00003BB4       @LStrLen
 0001:00003E9C       @LStrPos
 0001:00003EE4       @LStrSetLength
 0001:00003DB4       @LStrToPChar
 0001:000039DC       @NewAnsiString
 0001:00003F8C       @NewWideString
 0001:0000275C       @Pow10
 0001:00002244       @PStrCpy
 0001:00002214       @PStrNCat
 0001:000032D0       @RaiseAgain
 0001:000032A8       @RaiseExcept
 0001:00002318       @RandInt
 0001:00002370       @ReadChar
 0001:000024D4       @ReadLn
 0001:00002468       @ReadLString
 0001:0000245C       @ReadString
 0001:00001A48       @ReallocMem
 0001:00001E84       @ResetText
 0001:00001E90       @RewritText
 0001:000038EC       @RunError
 0001:00002740       @SetEq
 0001:000035D4       @StartLib
 0001:0000025C       @strlen
 0001:00001DEC       @TRUNC
 0001:00003354       @TryFinallyExit
 0001:00003E0C       @UniqueStringA
 0001:00002504       @ValLong
 0001:0000FE4C       @VarAddRef
 0001:0000EB70       @VarClear
 0001:0000433C       @VarClr
 0001:0000EB84       @VarClr
 0001:0000EEAC       @VarCopy
 0001:0000444C       @VarCopy
 0001:0000F1D8       @VarToLStr
 0001:0000F8F8       @VarToWStr
 0001:00003F48       @Write0LString
 0001:0000261C       @WriteBytes
 0001:000026EC       @WriteLn
 0001:00003F64       @WriteLString
 0001:00002670       @WriteSpaces
 0001:00003FCC       @WStrArrayClr
 0001:00003FF0       @WStrAsg
 0001:00003FB4       @WStrClr
 0001:0000412C       @WStrCmp
 0001:000041B0       @WStrCopy
 0001:00004100       @WStrFromLStr
 0001:00004014       @WStrFromPCharLen
 0001:000040C4       @WStrFromPWChar
 0001:000040A0       @WStrFromPWCharLen
 0001:00004120       @WStrLen
 0001:000041FC       @WStrSetLength
 0001:00004110       @WStrToPWChar
 0001:00001B28       @_IOTest
 0001:0000467C       @_llmul
 0001:0000B49C       AbstractErrorHandler
 0002:00001028       AbstractErrorProc
 0002:0000088C       AccessMode
 0002:00000154       AccessMode
 0001:00010784       ActiveX
 0001:000003CC       AddBlockAfter
 0001:0001BC5C       AddCheatDescription
 0001:00018054       AddLineNo
 0001:00004E3C       AddModuleUnloadProc
 0001:00004E2C       AddModuleUnloadProc
 0001:00017EA0       AddProcedure
 0001:00017CBC       AddUnit
 0002:00000968       AIName
 0002:000019F4       AlliedStateChanged
 0001:00006B54       AllocMem
 0002:000015AC       AllocMemCount
 0002:000015B0       AllocMemSize
 0001:0000568C       AllocTlsBuffer
 0001:00006D5C       AnsiCompareStr
 0001:00006DA8       AnsiCompareText
 0001:00006D14       AnsiLowerCase
 0001:0000BFC0       AnsiPos
 0001:00006DF4       AnsiSameText
 0001:0000C00C       AnsiStrPos
 0001:0000C0E4       AnsiStrRScan
 0001:0000C134       AnsiStrScan
 0001:00005418       AnsiToUtf8
 0001:00006CCC       AnsiUpperCase
 0001:00008E44       AppendChars
 0001:00009264       AppendFormat
 0001:00008EC8       AppendNumber
 0001:00008EA4       AppendString
 0001:0000B464       AssertErrorHandler
 0002:00001020       AssertErrorProc
 0002:00001604       avail
 0001:0000790C       BackfillGetDiskFreeSpaceEx
 0001:0000D848       BackupVarBoolFromStr
 0001:0000D9C4       BackupVarBStrFromBool
 0001:0000D8CC       BackupVarBStrFromCy
 0001:0000D948       BackupVarBStrFromDate
 0001:0000D7D4       BackupVarCyFromStr
 0001:0000D760       BackupVarDateFromStr
 0001:0000D604       BackupVarI4FromStr
 0001:0000D590       BackupVariantChangeTypeEx
 0001:0000D678       BackupVarR4FromStr
 0001:0000D6EC       BackupVarR8FromStr
 0001:0003D168       BetterAIName
 0001:0003D1F0       BetterAINameStub
 0001:00014C10       BinToHex
 0001:00017428       BinToInt
 0001:0000D5DC       BiUnimplemented
 0002:000015DC       blockDescBlockList
 0002:000015E0       blockDescFreeList
 0002:000003A4       BooleanIdents
 0002:00000334       BooleanToStringRule
 0001:000072C0       BoolToStr
 0001:0000EF60       BoolToWStrViaOS
 0002:00000920       BoolValues
 0001:0000BB5C       ByteToCharIndex
 0001:0000BB20       ByteToCharLen
 0001:0000BABC       ByteType
 0001:0000BA10       ByteTypeTest
 0002:00001918       CacheUsed
 0001:00017550       CalcCRC
 0002:00001814       ChangeAnyProc
 0001:000076D8       ChangeFileExt
 0001:00003A38       CharFromWChar
 0001:0000BDD4       CharLength
 0001:00005B00       CharLowerBuff
 0001:00005B08       CharNext
 0001:000001D4       CharNext
 0001:0000BC98       CharToByteIndex
 0001:0000BD10       CharToByteLen
 0001:00005B10       CharToOemA
 0001:00005B18       CharUpperBuff
 0002:00001A10       chatview
 0001:0001BC3C       CheatEnabled
 0002:000008F0       Cheat_BuildAnywhere
 0002:000008EC       Cheat_ControlMenu
 0002:0000090C       Cheat_DoubleShot
 0002:00000900       Cheat_ExtraDamage
 0002:000008E0       Cheat_FastBuild
 0002:000008E4       Cheat_InfiniteResources
 0002:00000904       Cheat_InstantBuild
 0002:000008F4       Cheat_InstantCapture
 0002:000008DC       Cheat_Invisible
 0002:000008D8       Cheat_Invulnerability
 0002:000008FC       Cheat_JamAll
 0002:000008E8       Cheat_LosRadar
 0002:00000908       Cheat_ResourcesFreeze
 0002:000008F8       Cheat_SpecialMove
 0001:00020190       CheckForCheats
 0001:00002F38       CheckJmp
 0002:00000338       CInvalidCustomVariantType
 0001:00014E88       Classes
 0001:0001841C       CleanUpMapFile
 0002:00001810       ClearAnyProc
 0001:00010188       ClearVariantTypeList
 0001:00005890       CloseHandle
 0001:00000174       CloseHandle
 0002:0000103C       CmdLine
 0002:00001038       CmdShow
 0001:0000D5F0       CmpUnimplemented
 0001:00020EA0       COB_extensions
 0001:00020DF0       COB_Extensions_Handling
 0002:00001A64       CodeInjectionData
 0001:0003AF48       CommandHandlerU
 0001:0000074C       Commit
 0002:00001620       committedRoot
 0001:00029F58       compare
 0001:00017A2C       CompareHeaders
 0001:00005898       CompareString
 0001:00006C54       CompareText
 0001:000071C4       CompareWith
 0001:000155E8       Compress
 0001:00018B6C       Compress
 0001:00017028       Consts
 0001:00017810       Contnrs
 0002:000003C0       Convert
 0002:000003B0       Convert
 0001:0000ACF8       ConvertAddr
 0001:00008FC8       ConvertEraString
 0001:00006B04       ConvertError
 0001:00006B24       ConvertErrorFmt
 0001:0000914C       ConvertYearString
 0001:000046B0       CopyArray
 0001:000058A0       CopyFile
 0001:0000BBE0       CountChars
 0001:00017518       CRC32
 0002:00000454       CRC32tab
 0001:0000B39C       CreateAssertException
 0001:0000B598       CreateAVObject
 0001:0000798C       CreateDir
 0001:000058A8       CreateDirectory
 0001:000058B0       CreateEvent
 0001:000058B8       CreateFile
 0001:0000017C       CreateFileA
 0001:000058C0       CreateFileMapping
 0001:0000B288       CreateInOutError
 0001:00021168       CreateToolhelp32Snapshot
 0002:00000390       CRelationshipToBoolean
 0002:00000324       CResult
 0002:0000014C       cSimpleBoolStrs
 0002:0000033C       CText
 0002:00001618       curAlloc
 0002:00001688       CurrencyDecimals
 0002:00001684       CurrencyFormat
 0002:00001680       CurrencyString
 0001:00008E24       CurrentYear
 0001:0000877C       CurrToStr
 0001:0000EEF0       CurrToWStrViaOS
 0001:00020BEC       CustomGetters
 0001:00006EDC       CvtInt
 0001:00006F48       CvtInt64
 0002:0000018C       CWNear
 0001:00017030       DataToStr2
 0001:0001E008       DataTypeToRegData
 0001:00008DB0       Date
 0002:00001689       DateSeparator
 0001:00009B18       DateTimeToStr
 0001:00009A6C       DateTimeToString
 0001:000088E8       DateTimeToTimeStamp
 0001:00009AD8       DateToStr
 0001:0000EF28       DateToWStrViaOS
 0001:00008D80       DayOfWeek
 0002:00000188       DCon10
 0002:0000002C       DebugHook
 0002:00001687       DecimalSeparator
 0001:00008D50       DecodeDate
 0001:00008BD4       DecodeDateFully
 0001:000089F0       DecodeTime
 0001:0000080C       Decommit
 0001:00000F38       DecommitFree
 0002:000015F4       decommittedRoot
 0002:0000093C       DecompressionBufferSize
 0002:00000024       Default8087CW
 0002:00000038       DefaultTextLineBreakStyle
 0002:000015B8       DefaultUserCodePage
 0002:00000218       DefLongDayNames
 0002:000001CC       DefLongMonthNames
 0002:000001FC       DefShortDayNames
 0002:0000019C       DefShortMonthNames
 0002:00000858       Deities
 0001:00004914       DelayLoadResourceModule
 0001:00000428       DeleteBlock
 0001:00000338       DeleteCriticalSection
 0001:000058C8       DeleteCriticalSection
 0001:000058D0       DeleteFile
 0001:00000D20       DeleteFree
 0001:000058D8       DeviceIoControl
 0002:00000094       dig
 0001:00007530       DirectoryExists
 0001:0003C85C       DirectPlayCreate
 0002:00001A40       DirectPlayCreate_proc
 0001:0003C564       DirectPlayEnumerate
 0001:0003C65C       DirectPlayEnumerateA
 0002:00001A38       DirectPlayEnumerateA_proc
 0001:0003C75C       DirectPlayEnumerateW
 0002:00001A3C       DirectPlayEnumerateW_proc
 0002:00001A34       DirectPlayEnumerate_proc
 0001:0003CC04       DirectPlayLobbyCreateA
 0002:00001A48       DirectPlayLobbyCreateA_proc
 0001:0003CAC4       DirectPlayLobbyCreateW
 0002:00001A44       DirectPlayLobbyCreateW_proc
 0001:0003D3DC       DisableThreadLibraryCalls
 0002:00001000       DispCallByIDProc
 0001:00006AE8       DivMod
 0001:0003CE58       DllCanUnloadNow
 0001:0003CEF8       DllGetClassObject
 0002:00001664       DllProc
 0002:00001A28       DoFinalize
 0002:00001A24       DoInitialize
 0002:00000930       DoInterpretCommand
 0001:0000B90C       DoneExceptions
 0001:00014D2C       DoneThreadSynchronization
 0001:00020678       DoReport
 0002:000003AC       DotSep
 0001:0001210C       DoWrite
 0001:0003D324       Do_LoadTime_CodeInjections
 0001:0001BB10       DPlay
 0001:0003DD00       dplayx
 0001:0003C4CC       DPlayxHandleInvalid
 0002:00000958       dplayxLibHandle
 0001:0003D010       Dplayx_exports
 0001:0001BC34       DPLobby
 0001:0003C4C4       DPLobbyWrapper
 0001:000046C8       DynArrayClear
 0001:000046D0       DynArraySetLength
 0001:0000B24C       EHeapException.FreeInstance
 0001:00015754       Elapsed
 0002:000017FC       EmptyParam
 0002:000000D4       EmptyStr
 0002:000000D8       EmptyWideStr
 0001:00008B98       EncodeDate
 0001:000089AC       EncodeTime
 0001:00000328       EnterCriticalSection
 0001:000058E0       EnterCriticalSection
 0001:000058E8       EnumCalendarInfoA
 0001:0000A8B8       EnumEraNames
 0001:0000A904       EnumEraYearOffsets
 0002:00001750       EraNames
 0001:00009E68       EraToYear
 0002:0000176C       EraYearOffsets
 0002:0000006C       errCaption
 0001:00001B1C       Error
 0002:00000004       ErrorAddr
 0001:00001AD0       ErrorAt
 0001:0000B32C       ErrorHandler
 0001:00021820       ErrorLog_ExtraData
 0001:000217DC       Errorlog_Thunk1
 0001:00021498       Errorlog_Thunk2
 0002:00000234       ErrorMap
 0002:00001008       ErrorProc
 0001:0001A240       ErrorString
 0002:000013E0       ErrOutput
 0001:00001A98       ExceptAddr
 0002:0000100C       ExceptClsProc
 0001:0000B85C       ExceptHandler
 0001:0000AF9C       Exception.Create
 0001:0000AFE4       Exception.CreateFmt
 0001:0000B1B4       Exception.CreateFmtHelp
 0001:0000B160       Exception.CreateHelp
 0001:0000B074       Exception.CreateRes
 0001:0000B0BC       Exception.CreateResFmt
 0002:0000101C       ExceptionClass
 0001:0000AD08       ExceptionErrorMessage
 0002:0000026C       ExceptMap
 0002:00001010       ExceptObjProc
 0002:00001004       ExceptProc
 0001:0000BF74       ExcludeTrailingPathDelimiter
 0002:00000000       ExitCode
 0001:00003744       ExitDll
 0002:00001040       ExitProc
 0001:000001DC       ExitProcess
 0002:00001024       ExitProcessProc
 0001:00005738       ExitProcessTLS
 0001:00005710       ExitThreadTLS
 0001:000078C8       ExpandFileName
 0002:00000924       ExpectedData
 0001:000077B8       ExtractFileDir
 0001:00007868       ExtractFileExt
 0001:00007824       ExtractFileName
 0001:00007778       ExtractFilePath
 0002:0000178C       FalseBoolStrs
 0002:0000017C       FCon1E18
 0001:000074A0       FileAge
 0001:0000748C       FileClose
 0001:0000738C       FileCreate
 0001:000073C0       FileCreate
 0001:00007510       FileExists
 0002:0000089C       FileFlags
 0002:0000000C       FileMode
 0001:00001ED8       FileNOPProc
 0001:0000731C       FileOpen
 0001:000073E0       FileRead
 0001:00007450       FileSeek
 0001:000058F0       FileTimeToDosDateTime
 0001:000058F8       FileTimeToLocalFileTime
 0001:00007418       FileWrite
 0002:00000434       FILE_SHARING_ERRORS
 0001:00000E58       FillAfterGap
 0001:00000DF8       FillBeforeGap
 0001:00000EF8       FillerSizeAfterGap
 0001:00000E80       FillerSizeBeforeGap
 0001:0001764C       Finalization
 0001:00020528       Finalization
 0001:000245CC       Finalization
 0001:0003D3A4       Finalization
 0001:000177E0       Finalization
 0001:00020B04       Finalization
 0001:0003D2E0       Finalization
 0001:0001936C       Finalization
 0001:00005828       Finalization
 0001:00024500       Finalization
 0001:000057F0       Finalization
 0001:000104E4       Finalization
 0001:00024C10       Finalization
 0001:00010698       Finalization
 0001:00024D8C       Finalization
 0001:0003D114       Finalization
 0001:00018774       Finalization
 0001:000187E0       Finalization
 0001:000106FC       Finalization
 0001:00010754       Finalization
 0001:00024274       Finalization
 0001:00005F14       Finalization
 0001:0000D370       Finalization
 0001:00018820       Finalization
 0001:00024EDC       Finalization
 0001:00020E70       Finalization
 0001:0002401C       Finalization
 0001:00023E30       Finalization
 0001:00022664       Finalization
 0001:000250E4       Finalization
 0001:00021204       Finalization
 0001:00021E60       Finalization
 0001:0003CFE0       Finalization
 0001:0002123C       Finalization
 0001:00021A3C       Finalization
 0001:0002511C       Finalization
 0001:0001BC04       Finalization
 0001:00039578       Finalization
 0001:0001BAE0       Finalization
 0001:0000DDB4       Finalization
 0001:00005534       Finalization
 0001:0003C494       Finalization
 0001:0002188C       Finalization
 0001:000217F0       Finalization
 0001:0003A910       Finalization
 0001:0003AF18       Finalization
 0001:0001A128       Finalization
 0001:000196C8       Finalization
 0001:00020004       Finalization
 0001:00017614       Finalization
 0001:00005BCC       Finalization
 0001:0002470C       Finalization
 0001:0001EBE4       Finalization
 0001:00005B94       Finalization
 0001:0001C054       Finalization
 0001:0001C0BC       Finalization
 0001:0001DDD8       Finalization
 0001:0001CD1C       Finalization
 0001:00016FF8       Finalization
 0001:0001C444       Finalization
 0001:000248BC       Finalization
 0001:00016FC0       Finalization
 0001:00014DD8       Finalization
 0001:000152C0       Finalization
 0001:0003DAA0       Finalization
 0001:0003DA68       Finalization
 0001:0003D9E8       Finalization
 0001:000154EC       Finalization
 0001:00015310       Finalization
 0001:0003D8DC       Finalization
 0001:000046C0       FinalizeArray
 0001:000034F4       FinalizeUnits
 0001:000049A4       FindBS
 0001:00005900       FindClose
 0001:000001EC       FindClose
 0001:00000DB4       FindCommitted
 0001:0001042C       FindCustomVariantType
 0001:00005908       FindFirstFile
 0001:000001F4       FindFirstFile
 0002:0000185C       FindGlobalComponentProcs
 0001:000048EC       FindHInstance
 0001:0003555C       FindHostPlayer
 0001:0000DA64       FindProc
 0001:0000495C       FindResourceHInstance
 0002:000018C4       fIsWin9x
 0001:00021A74       FixModsINI
 0002:0000179C       FLanguages
 0001:0000840C       FloatToDecimal
 0001:0000874C       FloatToStr
 0001:000087AC       FloatToStrF
 0001:00008138       FloatToText
 0001:000021A4       Flush
 0001:00005910       FlushFileBuffers
 0001:00005918       FlushInstructionCache
 0002:00000190       FMSecsPerDay
 0001:00008018       FmtStr
 0001:00021EDC       fnRemoveInvalidChar
 0001:00007568       ForceDirectories
 0001:00007FF0       Format
 0002:00000198       Format
 0001:00007C20       FormatBuf
 0001:00007C0C       FormatClearStr
 0001:00009B34       FormatDateTime
 0001:00007B6C       FormatError
 0002:00000174       FormatErrorStrs
 0001:00005920       FormatMessage
 0001:00007BD4       FormatVarToStr
 0001:00002754       FPower10
 0001:0000D07C       FreeAndNil
 0001:00000AB4       FreeCommitted
 0001:000010EC       FreeCurAlloc
 0001:00014D48       FreeIntConstList
 0001:00005928       FreeLibrary
 0001:000001FC       FreeLibrary
 0001:00018810       FreeListU
 0001:00000684       FreeSpace
 0001:0000CA1C       FreeTerminateProcs
 0002:000008A0       fVersionLazyInited
 0001:0002459C       GameUnit_LOS_MiniMap_UnitsProjectiles_IsOwner
 0001:00024700       GameUnit_LOS_PlayerSeeUnit_EpilogCode_Exit
 0001:000246AC       GameUnit_LOS_PlayerSeeUnit_IsOwnerAllowedToSee
 0001:0002438C       GameUnit_LOS_Radar_CanDirectlySeeUnit
 0001:00024440       GameUnit_LOS_Radar_LoopCondition
 0001:000243E8       GameUnit_LOS_Radar_LoopStart
 0001:00024A4C       GameUnit_LOS_Update_1_Retry
 0001:00024A30       GameUnit_LOS_Update_1_Start
 0001:00024B38       GameUnit_LOS_Update_2_Retry
 0001:00024B1C       GameUnit_LOS_Update_2_Start
 0002:0000092C       Game_SetLOSState
 0002:00001A2C       gdwDPlaySPRefCount
 0001:00005930       GetACP
 0001:00000340       GetBlockDesc
 0001:00017170       GetChar
 0001:000002DC       GetCmdShow
 0001:00024C48       GetCodeInjections
 0001:000248F4       GetCodeInjections
 0001:000242AC       GetCodeInjections
 0001:00024538       GetCodeInjections
 0001:00024604       GetCodeInjections
 0001:00024744       GetCodeInjections
 0001:00000204       GetCommandLine
 0001:000008C8       GetCommitted
 0001:00000970       GetCommittedAt
 0001:00008F18       GetCount
 0001:00005938       GetCPInfo
 0001:00005940       GetCurrentProcess
 0001:00005948       GetCurrentThreadId
 0001:000002BC       GetCurrentThreadId
 0001:00008F50       GetDate
 0001:00005950       GetDateFormat
 0001:00009D34       GetDateOrder
 0001:00005958       GetDiskFreeSpaceA
 0002:00000148       GetDiskFreeSpaceEx
 0001:00002DA8       GetDynaMethod
 0001:0000A990       GetEraNamesAndYearOffsets
 0001:00009E04       GetEraYearOffset
 0001:0000B56C       GetExceptionClass
 0001:0000B77C       GetExceptionObject
 0001:00005960       GetFileAttributes
 0001:0000018C       GetFileSize
 0001:00005968       GetFileSize
 0001:00000184       GetFileType
 0001:0001920C       GetFileVersion
 0001:00005AE8       GetFileVersionInfo
 0001:00005AF0       GetFileVersionInfoSize
 0001:00019000       GetFileVersion_internal
 0001:0000C454       GetFormatSettings
 0001:00005970       GetFullPathName
 0001:000220C8       GetINIFileName
 0001:00002A40       GetKeyboardType
 0001:0000020C       GetLastError
 0001:00005978       GetLastError
 0001:00018534       GetLineNumberFromAddress
 0001:0000A704       GetLocaleChar
 0001:00000214       GetLocaleInfo
 0001:00005988       GetLocaleInfo
 0001:0000A6A8       GetLocaleStr
 0001:00005980       GetLocalTime
 0001:00018728       GetMapAddressFromAddress
 0001:00018630       GetMapFileName
 0001:0000021C       GetModuleFileName
 0001:00005990       GetModuleFileName
 0001:00000224       GetModuleHandle
 0001:00005998       GetModuleHandle
 0001:00018448       GetModuleNameFromAddress
 0001:0000A784       GetMonthDayNames
 0001:00018940       GetMyDocs
 0001:00001BFC       GetParamStr
 0001:0002127C       GetPlugin
 0001:00021830       GetPlugin
 0001:000218CC       GetPlugin
 0001:00020B44       GetPlugin
 0001:0003D20C       GetPlugin
 0001:0003D04C       GetPlugin
 0001:00024F38       GetPlugin
 0001:00024E24       GetPlugin
 0001:00024214       GetPlugin
 0001:000059A0       GetPrivateProfileString
 0001:000059A8       GetProcAddress
 0001:0000022C       GetProcAddress
 0001:000184C4       GetProcNameFromAddress
 0001:000005A8       GetSpace
 0001:0000060C       GetSpaceAt
 0001:00000234       GetStartupInfo
 0001:000059B0       GetStdHandle
 0001:00000194       GetStdHandle
 0001:000059B8       GetStringTypeEx
 0001:000189A0       GetSysDir
 0001:000059C0       GetSystemDirectory
 0001:000059C8       GetSystemInfo
 0001:00005B20       GetSystemMetrics
 0001:000192F4       GetTADemoVersion
 0001:000059D0       GetTempFileName
 0001:000059D8       GetTempPath
 0001:0000023C       GetThreadLocale
 0001:000059E0       GetThreadLocale
 0001:000059E8       GetTickCount
 0001:000002D4       GetTickCount
 0001:00008F88       GetTime
 0001:00005698       GetTlsSize
 0001:000002C4       GetVersion
 0001:000059F0       GetVersionEx
 0001:000059F8       GetVolumeInformation
 0001:00018AE0       GetVolumePathName
 0001:00005A00       GlobalAlloc
 0001:00005B54       GlobalAllocPtr
 0002:00001860       GlobalFixupList
 0001:00005A08       GlobalFree
 0001:00005B80       GlobalFreePtr
 0001:00005A18       GlobalHandle
 0001:00005A10       GlobalLock
 0002:00001848       GlobalNameSpace
 0001:00005A20       GlobalReAlloc
 0001:00005B64       GlobalReAllocPtr
 0001:00005A28       GlobalUnlock
 0001:00016FF0       GPHugeF
 0002:00000028       HeapAllocFlags
 0002:000015C0       heapErrorCode
 0002:000015C4       heapLock
 0002:00000144       HexDisplayPrefix
 0001:00014C78       HexToBin
 0002:00001660       HInstance
 0001:00005B38       HiWord
 0001:000395B4       idplay
 0002:000008B8       IID_IDirectPlay
 0002:000008A8       IID_IDirectPlay3
 0002:000008C8       IID_IDirectPlayLobby2
 0002:00000194       IMSecsPerDay
 0001:0000E8EC       InBounds
 0001:0000EB8C       InBounds
 0001:0000BF20       IncludeTrailingPathDelimiter
 0001:0000EBBC       Increment
 0001:0000E91C       Increment
 0002:000019A0       iniFileName_cache
 0001:0001DE20       IniFiles
 0002:0000197C       iniSettings
 0001:00000B48       InitAllocator
 0001:0003D90C       InitCode
 0001:0003DA18       InitCode_CoreExePatching
 0002:00001630       InitContext
 0001:0000CA50       InitDriveSpacePtr
 0001:0000B884       InitExceptions
 0001:00005A30       InitializeCriticalSection
 0001:00000320       InitializeCriticalSection
 0002:000015BC       initialized
 0001:0000579C       InitializeModule
 0001:0000DAA8       InitializeVarUtils
 0001:0000C204       InitLeadBytes
 0001:0000B990       InitPlatformId
 0001:000056E4       InitProcessTLS
 0001:0000C2A8       InitSysLocale
 0001:00014CF4       InitThreadSynchronization
 0001:000056A0       InitThreadTLS
 0001:0003D9DC       InitThunk_Stage1
 0001:0003D95C       InitThunk_Stage2
 0001:00020EA8       InitToolHelp
 0001:00003564       InitUnits
 0001:000226B0       INI_Options
 0002:00001048       Input
 0001:00024054       InputHandler
 0001:000242A4       InputHook
 0001:00000FF4       InsertFree
 0001:0001FCDC       InstallPlugins
 0002:00001854       IntConstList
 0001:0000CAC0       InterlockedDecrement
 0001:000002B4       InterlockedDecrement
 0001:0000CACC       InterlockedExchange
 0001:0000CAD4       InterlockedExchangeAdd
 0001:0000CAB4       InterlockedIncrement
 0001:000002AC       InterlockedIncrement
 0001:00001F18       InternalClose
 0001:0000215C       InternalFlush
 0001:00000E34       InternalFreeMem
 0001:00003DC0       InternalUniqueString
 0001:00007064       IntToHex
 0001:0000703C       IntToHex
 0001:00006F28       IntToStr
 0001:00007014       IntToStr
 0002:00001798       InvalidPointer
 0001:00002C70       InvokeImplGetter
 0001:00001B9C       IOResult
 0001:00005A38       IsBadReadPtr
 0002:00001044       IsConsole
 0001:0000BEC4       IsDelimiter
 0001:00008A50       IsLeapYear
 0002:00001034       IsLibrary
 0002:00001045       IsMultiThread
 0001:0000BE78       IsPathDelimiter
 0001:0001DF90       IsRelative
 0001:000170E4       IsStrBool
 0001:0001BF90       IsTAHookRunning
 0001:00020660       IsTAVersion31
 0002:00001919       IsTAVersion31_Cache
 0001:0000C284       IsWesternGroup
 0001:00018A80       IsWin9x
 0002:00000030       JITEnable
 0002:00001924       KernelHandle
 0002:000018BC       kernellib
 0001:00007668       LastDelimiter
 0001:000054C0       LCIDToCodePage
 0001:0000C18C       LCIDToCodePage
 0002:00000124       LeadBytes
 0001:00000330       LeaveCriticalSection
 0001:00005A40       LeaveCriticalSection
 0002:0000003C       LibModuleList
 0001:0003D934       LibraryProc
 0002:000018A4       LineNumbers
 0001:0001BCB0       ListCheats
 0002:0000174E       ListSeparator
 0001:000152F0       ListsU
 0001:000181C4       LoadAndParseMapFile
 0001:00005A48       LoadLibrary
 0001:00000244       LoadLibraryEx
 0001:00004BA8       LoadResourceModule
 0001:00005468       LoadResString
 0001:0000024C       LoadString
 0001:00005B28       LoadString
 0001:0000565C       LocalAlloc
 0001:00000300       LocalAlloc
 0001:00005664       LocalFree
 0001:00000308       LocalFree
 0001:0000A740       LocalGetLocaleStr
 0001:0001C474       log2
 0002:000008A4       logdir
 0001:00019880       LogError
 0001:00019770       LogException
 0002:000018D8       logFilename
 0001:0001A16C       logging
 0002:00000950       logsave
 0002:000018DC       Log_
 0002:00001690       LongDateFormat
 0002:00001724       LongDayNames
 0002:000016D8       LongMonthNames
 0002:000016A4       LongTimeFormat
 0001:00024DBC       LOS_AllyPlayer
 0001:00024F0C       LOS_extensions
 0001:000248EC       LOS_GUIText
 0001:00024850       LOS_GUIText_SeeCommHealth
 0001:00024888       LOS_GUIText_Unit_KillsNStuff
 0001:00024810       LOS_GUIText_Unit_Resources
 0001:000245FC       LOS_MiniMapUnits
 0001:0002473C       LOS_PlayerSeeUnit
 0001:00024530       LOS_Radar
 0002:000019E4       LOS_Updates_PTR
 0001:00024C40       LOS_UpdateTables
 0001:00006BE8       LowerCase
 0002:0000094C       LowerLimit
 0001:00000254       lstrcpyn
 0002:00001820       LVarTypes
 0002:00001824       LVarTypeSync
 0002:0000102C       MainInstance
 0002:00001030       MainThreadID
 0001:000003C4       MakeEmpty
 0001:000036E8       MakeErrorMessage
 0001:00018F5C       MakeTempFilename
 0001:0000B4B8       MapException
 0002:00000854       MapFileName
 0002:000018A8       MapFileSetup
 0001:0000336C       MapToRunError
 0001:00005A50       MapViewOfFile
 0001:0001767C       Math
 0001:0001C084       MemMappedDataStructure
 0002:00000044       MemoryManager
 0001:0000045C       MergeBlockAfter
 0001:00001138       MergeCommit
 0001:000001E4       MessageBox
 0001:00005B30       MessageBox
 0001:00005BFC       Messages
 0001:00015340       MMSystem
 0001:00021E90       ModsList
 0002:000000AC       Module
 0001:0002119C       Module32First
 0001:000211D0       Module32Next
 0001:00021450       ModuleInfoComparer
 0002:0000165D       ModuleIsCpp
 0002:0000165C       ModuleIsLib
 0001:00014DC4       ModuleUnload
 0002:00000040       ModuleUnloadList
 0002:000000F4       MonthDays
 0001:00001BBC       Move
 0001:0003D31C       MultiAILimit
 0001:00000264       MultiByteToWideChar
 0002:00001685       NegCurrFormat
 0001:000011C4       NewCommit
 0001:000011F0       NewCommitAt
 0002:00000934       NewUnitLimit
 0001:0000BE24       NextCharIndex
 0002:00000034       NoErrMsg
 0001:00002F24       NotifyAnyExcept
 0001:00002EF8       NotifyExcept
 0001:00002F58       NotifyExceptFinally
 0001:00004EE4       NotifyModuleUnload
 0001:00002ED4       NotifyNonDelphiException
 0001:00002F10       NotifyOnExcept
 0001:00002EB8       NotifyReRaise
 0001:00002F80       NotifyTerminate
 0001:00002F9C       NotifyUnhandled
 0001:00008DDC       Now
 0002:00000330       NullAsStringValue
 0002:0000032C       NullStrictConvert
 0002:000018B0       ObjectsToFree
 0001:0001687C       OffsetPtr
 0001:0003D8A4       OnFinalize
 0001:000187D0       OnFinalize
 0001:0003C4F4       OnInit
 0001:0003D470       OnInitialize
 0001:000187B8       OnInitialize
 0001:000241E4       OnInstall
 0001:0003D044       OnInstall
 0001:0003D14C       OnInstall
 0001:00021828       OnInstall
 0001:00021274       OnInstall
 0001:00020B3C       OnInstallCobExtensions
 0001:00024DE0       OnInstallShareLOS
 0001:00024F28       OnInstallSpeedHack
 0001:000218C4       OnInstallUnitLimit
 0001:0002182C       OnUnInstall
 0001:0003D048       OnUninstall
 0001:00021278       OnUnInstall
 0001:00024204       OnUnInstall
 0001:0003D150       OnUninstall
 0001:00020B40       OnUninstallCobExtensions
 0001:00024DEC       OnUninstallShareLOS
 0001:00024F34       OnUninstallSpeedHack
 0001:000218C8       OnUninstallUnitLimit
 0001:0001BFE0       OpenMemMap
 0001:00001E2C       OpenText
 0002:00001794       OutOfMemory
 0002:00001214       Output
 0001:00033AFC       OutputInfo
 0001:0001C0EC       PacketBufferU
 0001:00023E60       packet_old
 0001:00001D60       ParamStr
 0001:000171C8       ParseParams
 0001:0001EF5C       PatchNJump
 0001:0003D0EC       PauseHandling
 0001:0003D144       PauseLock
 0001:0003A940       PlayerDataU
 0002:000019BC       PlayerPtr
 0002:000019E8       PlayerPtr
 0002:000019D0       PlayerPtr
 0001:00024D5C       Player_SetAlliedState_JumpHook
 0001:00024D74       Player_SetAlliedState_RetHook
 0001:0002404C       PluginCommandHandlerU
 0002:000019AC       PluginCommands
 0001:00020044       PluginEngine
 0001:0003D3D4       Plugins
 0002:00001908       Plugins
 0001:00011274       PointerInModule
 0002:000018C8       proc
 0002:00001A5C       proc
 0002:000018A0       Procedures
 0001:00014364       PropValueError
 0002:000000A8       PtrToNil
 0001:000173F4       PtrToStr
 0001:000080F4       PutExponent
 0001:000002CC       QueryPerformanceCounter
 0001:00011A08       QuickSort
 0001:0000B454       RaiseAssertException
 0001:0000019C       RaiseException
 0001:000138C4       RaiseException
 0002:00001014       RaiseExceptionProc
 0001:0000C94C       RaiseLastOSError
 0001:00001DC4       Randomize
 0002:00000008       RandSeed
 0001:00014344       ReadError
 0001:0001DF5C       ReadError
 0001:000001A4       ReadFile
 0001:00005A58       ReadFile
 0001:000222D4       ReadINISettings
 0001:000023DC       ReadLine
 0001:00021D28       ReadModsIniField
 0001:00005A60       ReadProcessMemory
 0002:00001818       RefAnyProc
 0001:00005860       RegCloseKey
 0001:0000026C       RegCloseKey
 0001:00005868       RegCreateKeyEx
 0001:0001DFB8       RegDataToDataType
 0001:00005870       RegFlushKey
 0002:00001858       RegGroups
 0001:00004F40       RegisterModule
 0001:0001FC78       RegisterPlugin
 0001:0001EC2C       Registry
 0001:00005878       RegOpenKeyEx
 0001:00000274       RegOpenKeyEx
 0001:00005880       RegQueryValueEx
 0001:0000027C       RegQueryValueEx
 0001:00005888       RegSetValueEx
 0002:00000050       reMap
 0002:00001614       remBytes
 0001:000004E4       RemoveBlock
 0001:000141F4       RemoveFixupReferences
 0001:000142B0       RemoveFixups
 0001:0001759C       RemoveInvalid
 0001:00004E34       RemoveModuleUnloadProc
 0001:00004E5C       RemoveModuleUnloadProc
 0001:00005A68       ResetEvent
 0001:00024F14       ResetGameSpeedLimits
 0001:00024DC4       ResetShareLosState
 0001:00001728       ResizeInPlace
 0001:00012290       ReturnAddr
 0001:000116AC       ReturnAddr
 0002:00001610       rover
 0001:000106C8       RTLConsts
 0001:000001AC       RtlUnwind
 0002:00001018       RTLUnwindProc
 0002:00000074       runErrMsg
 0001:00001AC4       RunErrorAt
 0001:0000DA44       SafeArrayCreate
 0001:0000DA4C       SafeArrayGetLBound
 0001:0000DA54       SafeArrayGetUBound
 0001:0000DA5C       SafeArrayPtrOfIndex
 0001:00006CA8       SameText
 0001:00009B58       ScanBlanks
 0001:00009CE4       ScanChar
 0001:00009ED0       ScanDate
 0001:00009B98       ScanNumber
 0001:00009C4C       ScanString
 0001:0000A264       ScanTime
 0001:00009D9C       ScanToNumber
 0001:00001224       SearchSmallBlocks
 0001:00018DEC       SelfLocation
 0002:000018CC       SelfLocation_cache
 0001:00010158       SetClearVarToEmptyParam
 0001:00005A70       SetEndOfFile
 0001:000001B4       SetEndOfFile
 0001:00005A78       SetEvent
 0001:000034AC       SetExceptionHandler
 0001:00005A80       SetFilePointer
 0001:000001BC       SetFilePointer
 0001:00001B48       SetInOutRes
 0001:00005A88       SetLastError
 0001:00020178       SetLongword
 0001:00010140       SetVarAsError
 0001:0002015C       SetWord
 0002:00000894       ShareFlags
 0002:00000160       ShareMode
 0001:00018850       SHFolder
 0001:00018818       SHGetFolderPath
 0002:0000168C       ShortDateFormat
 0002:00001708       ShortDayNames
 0002:000016A8       ShortMonthNames
 0002:000016A0       ShortTimeFormat
 0001:0000AEC0       ShowException
 0001:00024D18       Signal_AlliedStateChange
 0001:000174D0       SimpleCrypt
 0001:00014754       SkipBinary
 0001:00014788       SkipCollection
 0001:00014728       SkipList
 0001:00005A90       Sleep
 0001:0000C944       Sleep
 0002:0000161C       smallTab
 0002:000015E4       spaceRoot
 0001:00025114       SpeedHack
 0001:00025054       SpeedState_DecreaseSpeed_Check
 0001:0002508C       SpeedState_IncreaseSpeed_Check
 0001:000250BC       SpeedState_SetSpeed_Check
 0001:0001EF8C       SpliceInJump
 0002:00001A0C       StartedFrom
 0002:00000928       State_COB_extensions
 0002:00000964       State_MultiAILimit
 0002:0000095C       State_PauseLock
 0002:00000944       State_SpeedHack
 0002:00000938       State_UnitLimit
 0002:00000954       statslog
 0001:0001CD4C       statslogging
 0001:00039690       StatusToStr
 0002:00000960       StopPauseStateChange
 0001:00007B00       StrAlloc
 0001:0000BAF0       StrByteType
 0001:0000BD84       StrCharLength
 0001:000136E4       StringListCompareStrings
 0001:0000C7E8       StringReplace
 0001:00017968       StripFromString
 0001:000079FC       StrLCopy
 0001:000079B8       StrLen
 0001:00007F98       StrLFmt
 0001:00007A30       StrLIComp
 0001:000079D0       StrMove
 0001:00007B2C       StrNew
 0001:0000BDB8       StrNextChar
 0001:00007AAC       StrPos
 0001:00007A74       StrScan
 0001:0000A480       StrToDate
 0001:0000A578       StrToDateTime
 0001:000087E8       StrToFloat
 0001:00007094       StrToInt
 0001:000070D4       StrToIntDef
 0001:0000A4FC       StrToTime
 0001:0003CF9C       StubCall
 0001:00018BE4       SupportsCompression
 0002:0000184C       SyncEvent
 0001:00017AB8       SyncHeaders
 0002:00000430       SyncList
 0001:0001551C       SyncObjs
 0001:00000294       SysAllocStringLen
 0001:00005F44       SysConst
 0001:0000A644       SysErrorMessage
 0001:00001550       SysFreeMem
 0001:000002A4       SysFreeString
 0001:000013A4       SysGetMem
 0001:00005820       SysInit
 0002:00001740       SysLocale
 0001:0000192C       SysReallocMem
 0001:0000029C       SysReAllocStringLen
 0001:00005588       System
 0001:0000D4F0       SysUtils
 0002:00001910       TAData
 0001:000193C8       TADemoConsts
 0002:000018D0       TADemoVersion_cache
 0001:000208B0       TAMem.getActualUnitLimit
 0001:0002085C       TAMem.getGameSpeed
 0001:000208DC       TAMem.getIsAlteredUnitLimit
 0001:00020884       TAMem.getMaxUnitLimit
 0001:00020930       TAMem.getPlayerIndex
 0001:000209B4       TAMem.GetUnitPtr
 0001:00020908       TAMem.getUnitsPtr
 0001:00020834       TAMem.getViewPLayer
 0001:0002079C       TAMem.IsTAVersion31
 0001:00020558       TAMemManipulations
 0001:00020A18       TAPlayer.GetAlliedState
 0001:00020A60       TAPlayer.PlayerType
 0001:00020A88       TAUnit.getKills
 0001:00020ADC       TAUnit.GetOwnerIndex
 0001:00020AB4       TAUnit.GetOwnerPtr
 0001:0002126C       TA_FunctionsU
 0001:00020B34       TA_MemoryLocations
 0001:0002514C       TA_NetworkingMessages
 0001:0001F0F8       TCodeInjection.Create
 0001:0001F13C       TCodeInjection.RestoreProc
 0001:0001F5E4       TCodeInjection_RelativeJmp.Create
 0001:0001F64C       TCodeInjection_RelativeJmp.WriteProc
 0001:0001F27C       TCodeInjection_Replacement.WriteProc
 0001:0001F430       TCodeInjection_StaticCall.WriteProc
 0001:0003AA20       TCommandHandler.Create
 0001:0003ADE4       TCommands.AddCommand
 0001:0003AC80       TCommands.AddCommandAlias
 0001:0003ABD8       TCommands.ClearCommands
 0001:0003AAC4       TCommands.Create
 0001:0003AB30       TCommands.destroy
 0001:0003AB74       TCommands.GetCount
 0001:0003ABA4       TCommands.GetItem
 0001:0003AC38       TCommands.LookUpCommand
 0001:000154BC       TCriticalSection.Acquire
 0001:0001542C       TCriticalSection.Create
 0001:0001547C       TCriticalSection.Destroy
 0001:000154D4       TCriticalSection.Release
 0001:0001CF2C       TCustomIniFile.Create
 0001:0001D5B8       TCustomIniFile.ReadBinaryStream
 0001:0001D0A4       TCustomIniFile.ReadBool
 0001:0001D0D8       TCustomIniFile.ReadDate
 0001:0001D194       TCustomIniFile.ReadDateTime
 0001:0001D250       TCustomIniFile.ReadFloat
 0001:0001CF74       TCustomIniFile.ReadInteger
 0001:0001D30C       TCustomIniFile.ReadTime
 0001:0001D72C       TCustomIniFile.WriteBinaryStream
 0001:0001D584       TCustomIniFile.WriteBool
 0001:0001D3C8       TCustomIniFile.WriteDate
 0001:0001D430       TCustomIniFile.WriteDateTime
 0001:0001D498       TCustomIniFile.WriteFloat
 0001:0001D040       TCustomIniFile.WriteInteger
 0001:0001D504       TCustomIniFile.WriteTime
 0001:00013EF8       TCustomMemoryStream.Read
 0001:00013F68       TCustomMemoryStream.Seek
 0001:00013ED0       TCustomMemoryStream.SetPointer
 0001:000101F4       TCustomVariantType.BinaryOp
 0001:00010200       TCustomVariantType.Cast
 0001:00010238       TCustomVariantType.CastTo
 0001:000102C4       TCustomVariantType.CastToOle
 0001:00010280       TCustomVariantType.Compare
 0001:0001028C       TCustomVariantType.CompareOp
 0001:00010300       TCustomVariantType.Destroy
 0001:000103E0       TCustomVariantType.DispInvoke
 0001:0001038C       TCustomVariantType.IsClear
 0001:00010390       TCustomVariantType.LeftPromotion
 0001:000103A4       TCustomVariantType.OlePromotion
 0001:00010404       TCustomVariantType.QueryInterface
 0001:000103AC       TCustomVariantType.RaiseCastError
 0001:000103BC       TCustomVariantType.RaiseDispError
 0001:000103B4       TCustomVariantType.RaiseInvalidOp
 0001:000103C4       TCustomVariantType.RightPromotion
 0001:000103D8       TCustomVariantType.UnaryOp
 0001:000103EC       TCustomVariantType._AddRef
 0001:000103F8       TCustomVariantType._Release
 0001:0002F2A0       TDPlay.AddGroupToGroup
 0001:0002E31C       TDPlay.AddPlayerToGroup
 0001:00027CE0       TDPlay.ChatMsgHandler
 0001:00026498       TDPlay.checkForCheats
 0001:000357FC       TDPlay.Close
 0001:00036654       TDPlay.Create
 0001:0002E41C       TDPlay.CreateGroup
 0001:0002EC80       TDPlay.CreateGroup
 0001:0002F31C       TDPlay.CreateGroupInGroup
 0001:0002892C       TDPlay.createlogfile
 0001:0002E398       TDPlay.CreatePlayer
 0001:0002F92C       TDPlay.CreatePlayer
 0001:0002F3A8       TDPlay.DeleteGroupFromGroup
 0001:0002E49C       TDPlay.DeletePlayerFromGroup
 0001:000394C4       TDPlay.Destroy
 0001:0002E518       TDPlay.DestroyGroup
 0001:0002FBE0       TDPlay.DestroyPlayer
 0001:000274D4       TDPlay.dobase
 0001:0002E590       TDPlay.EnableNewPlayers
 0001:0002FFFC       TDPlay.EnumConnections
 0001:0002E608       TDPlay.EnumGroupPlayers
 0001:0002ED08       TDPlay.EnumGroupPlayers
 0001:0002ED90       TDPlay.EnumGroups
 0001:0002E68C       TDPlay.EnumGroups
 0001:0002F424       TDPlay.EnumGroupsInGroup
 0001:0002E710       TDPlay.EnumPlayers
 0001:0002FD04       TDPlay.EnumPlayers
 0001:0002E794       TDPlay.EnumSessions
 0001:0002FDC4       TDPlay.EnumSessions
 0001:00035234       TDPlay.ExceptMessage
 0001:00036180       TDPlay.Exiting
 0001:00029D1C       TDPlay.facexpshandler
 0001:0002E81C       TDPlay.GetCaps
 0001:0002EE14       TDPlay.GetCaps
 0001:00031674       TDPlay.GetFixFacExps
 0001:000354C0       TDPlay.GetGoodSource
 0001:0002F4AC       TDPlay.GetGroupConnectionSettings
 0001:0002EE90       TDPlay.GetGroupData
 0001:0002F734       TDPlay.GetGroupFlags
 0001:0002EF14       TDPlay.GetGroupName
 0001:0002F7B0       TDPlay.GetGroupParent
 0001:0002E894       TDPlay.GetMessageCount
 0001:0002F82C       TDPlay.GetPlayerAccount
 0001:0002FE48       TDPlay.GetPlayerAddress
 0001:0002EF94       TDPlay.GetPlayerCaps
 0001:0002E910       TDPlay.GetPlayerCaps
 0001:0002F014       TDPlay.GetPlayerData
 0001:0002F8B0       TDPlay.GetPlayerFlags
 0001:000300FC       TDPlay.GetPlayerName
 0001:0002E98C       TDPlay.GetPlayerName
 0001:000316A8       TDPlay.GetProtectDT
 0001:000264D0       TDPlay.GetRandomMap
 0001:00027BD0       TDPlay.getRecorderStatusString
 0001:000355D8       TDPlay.GetServerPlayer
 0001:0002FF0C       TDPlay.GetSessionDesc
 0001:00029984       TDPlay.Handleunitdata
 0001:00035614       TDPlay.ImServer
 0001:00026A30       TDPlay.initbuilding
 0001:00026AC4       TDPlay.initfastbase
 0001:0002EA14       TDPlay.Initialize
 0001:00030080       TDPlay.InitializeConnection
 0001:00034B4C       TDPlay.On3dta
 0001:000341D0       TDPlay.OnAbout
 0001:00033234       TDPlay.OnAutoPause
 0001:000338E8       TDPlay.OnBase
 0001:000331BC       TDPlay.OnBaseOff
 0001:00033420       TDPlay.OnCmdwarp
 0001:0003401C       TDPlay.OnCrash
 0001:00034DF4       TDPlay.OnCreatetxt
 0001:00032270       TDPlay.OnDate
 0001:0003399C       TDPlay.OnDoBase
 0001:00031960       TDPlay.OnEhaoff
 0001:00031A2C       TDPlay.OnEhaOn
 0001:00031BC0       TDPlay.Onehareport
 0001:00035214       TDPlay.OnException
 0001:00033370       TDPlay.Onf1off
 0001:00035074       TDPlay.OnFakeWatch
 0001:0003431C       TDPlay.OnFixall
 0001:000317E8       TDPlay.OnFixDisabled
 0001:000318A4       TDPlay.OnFixEnabled
 0001:00034384       TDPlay.OnFixFactoryExplosions
 0001:00035100       TDPlay.OnForceCd
 0001:000326D0       TDPlay.OnForceGo
 0001:0003273C       TDPlay.OnGive
 0001:00033C24       TDPlay.OnHelp
 0001:000330D4       TDPlay.OnHookReport
 0001:00034E98       TDPlay.OnLockOn
 0001:00034D50       TDPlay.OnOnlyUnits
 0001:00034118       TDPlay.OnPanic
 0001:00031D38       TDPlay.OnPlayers
 0001:0003446C       TDPlay.OnProtectDT
 0001:00034FA8       TDPlay.OnRandMap
 0001:00034828       TDPlay.OnRecord
 0001:00035538       TDPlay.OnRemovePlayer
 0001:00031F7C       TDPlay.OnReport
 0001:000320AC       TDPlay.OnReportMod
 0001:000316DC       TDPlay.OnShareLos
 0001:00034544       TDPlay.OnSharemapPos
 0001:00033EEC       TDPlay.OnStatus
 0001:00032870       TDPlay.OnStopGive
 0001:00034D04       TDPlay.OnStopLog
 0001:0003388C       TDPlay.OnSyncOff
 0001:000334D0       TDPlay.OnSyncon
 0001:00031AF4       TDPlay.OnTaHookOff
 0001:00032CF8       TDPlay.OnTake
 0001:0003467C       TDPlay.OnTime
 0001:00032950       TDPlay.OnUnits
 0001:00032550       TDPlay.OnVoteGo
 0001:0003237C       TDPlay.OnVoteReady
 0001:00033FC4       TDPlay.OnYankspank
 0001:00035648       TDPlay.Open
 0001:0002EA8C       TDPlay.Open
 0001:0002A0A0       TDPlay.PacketHandler
 0001:00028624       TDPlay.PacketLostHandler
 0001:00030B58       TDPlay.Receive
 0001:0002EB04       TDPlay.Receive
 0001:000358AC       TDPlay.ResetRecorder
 0001:0002EB8C       TDPlay.SaveSession
 0001:0002F530       TDPlay.SecureOpen
 0001:000306FC       TDPlay.Send
 0001:00025EB4       TDPlay.SendAlliedChat
 0001:000259DC       TDPlay.SendChat
 0001:00025B20       TDPlay.SendChatLocal
 0001:00025C50       TDPlay.SendChatLocal2
 0001:0002F5B4       TDPlay.SendChatMessage
 0001:000263D0       TDPlay.SendClipboard
 0001:00025D14       TDPlay.SendLocal
 0001:00025D44       TDPlay.SendLocal
 0001:00026248       TDPlay.SendRecorderToRecorderMsg
 0001:00025F84       TDPlay.SendRecorderToRecorderMsg2
 0001:00029FA0       TDPlay.SetAutoPauseAtStart
 0001:00029FC0       TDPlay.SetCommanderWarp
 0001:00029FFC       TDPlay.SetF1Disable
 0001:0002A058       TDPlay.SetFastSpeed
 0001:0002F638       TDPlay.SetGroupConnectionSettings
 0001:0002F098       TDPlay.SetGroupData
 0001:0002F11C       TDPlay.SetGroupName
 0001:0002F19C       TDPlay.SetPlayerData
 0001:0002EC00       TDPlay.SetPlayerName
 0001:0002F220       TDPlay.SetPlayerName
 0001:0002FF84       TDPlay.SetSessionDesc
 0001:0002A07C       TDPlay.SetSlowSpeed
 0001:0002A038       TDPlay.SetSpeedLock
 0001:00029718       TDPlay.SmartPak
 0001:0002F6B8       TDPlay.StartSession
 0001:0002855C       TDPlay.UnitCountChange
 0001:00018EBC       TempPath
 0002:00000320       TerminateProcList
 0002:00001046       Test8086
 0001:0002004C       TestByte
 0001:00020084       TestByte
 0001:000200D0       TestBytes
 0002:000019D4       TestPlayer
 0002:000019EC       TestPlayer
 0002:000019B4       TestPlayerIndex
 0002:000019B8       TestPlayerPtr
 0001:00001F28       TextClose
 0001:00024DF8       TextCommand_View_Hook
 0001:00017644       textdata
 0001:000196F8       TextFileU
 0001:00001E9C       TextIn
 0001:00001F48       TextOpen
 0001:00001EDC       TextOut
 0001:00008638       TextToFloat
 0001:00013CD8       TFileStream.Create
 0001:00013D28       TFileStream.Create
 0001:00013E88       TFileStream.Destroy
 0001:000157D0       TGpHugeFile.AccessFile
 0001:00016674       TGpHugeFile.AllocBuffer
 0001:00015FE4       TGpHugeFile.BlockWrite
 0001:00016BD0       TGpHugeFile.BlockWriteUnsafe
 0001:00015E20       TGpHugeFile.CheckHandle
 0001:00015D68       TGpHugeFile.Close
 0001:00015660       TGpHugeFile.CreateEx
 0001:00015718       TGpHugeFile.Destroy
 0001:00016510       TGpHugeFile.FilePos
 0001:00016F10       TGpHugeFile.FileSize
 0001:00015E8C       TGpHugeFile.FileSizeNoCache
 0001:000165D4       TGpHugeFile.Flush
 0001:00016B0C       TGpHugeFile.FlushBuffer
 0001:000167AC       TGpHugeFile.FreeBuffer
 0001:00016F8C       TGpHugeFile.InitReadBuffer
 0001:00016F58       TGpHugeFile.InitWriteBuffer
 0001:00016C8C       TGpHugeFile.IsOpen
 0001:00016EA8       TGpHugeFile.LoadedToTheEOF
 0001:00015A78       TGpHugeFile.ResetEx
 0001:00015C04       TGpHugeFile.RewriteEx
 0001:00016648       TGpHugeFile.RoundToPageSize
 0001:000163A0       TGpHugeFile.Seek
 0001:00016898       TGpHugeFile.Transmit
 0001:00016424       TGpHugeFile.Truncate
 0001:00016E60       TGpHugeFile.Win32Check
 0001:0001613C       TGpHugeFile._Seek
 0001:00013B94       THandleStream.Create
 0001:00013BE4       THandleStream.Read
 0001:00013C54       THandleStream.Seek
 0001:00013C88       THandleStream.SetSize
 0001:00013CA8       THandleStream.SetSize
 0001:00013C1C       THandleStream.Write
 0002:00001686       ThousandSeparator
 0002:00001864       ThreadLock
 0001:0003DA98       threadlogging
 0001:000218BC       Thread_marshaller
 0001:00016CA8       ThrowCase1
 0001:00016DA0       ThrowCase2
 0002:00001698       TimeAMString
 0001:000152F8       timeBeginPeriod
 0001:00015300       timeGetDevCaps
 0001:00015308       timeGetTime
 0002:0000169C       TimePMString
 0002:00001694       TimeSeparator
 0001:00009AF8       TimeToStr
 0001:0001DD7C       TIniFile.DeleteKey
 0001:0001D89C       TIniFile.Destroy
 0001:0001DD20       TIniFile.EraseSection
 0001:0001DAB4       TIniFile.ReadSection
 0001:0001D9A8       TIniFile.ReadSections
 0001:0001DBCC       TIniFile.ReadSectionValues
 0001:0001D8D8       TIniFile.ReadString
 0001:0001DDB4       TIniFile.UpdateFile
 0001:0001D938       TIniFile.WriteString
 0001:00005024       TInterfacedObject.AfterConstruction
 0001:00005030       TInterfacedObject.BeforeDestruction
 0001:00005040       TInterfacedObject.NewInstance
 0001:00005050       TInterfacedObject.QueryInterface
 0001:00005078       TInterfacedObject._AddRef
 0001:0000508C       TInterfacedObject._Release
 0001:00021234       TlHelp32
 0001:000115A0       TList.Add
 0001:000115F8       TList.Clear
 0001:00011618       TList.Delete
 0001:00011574       TList.Destroy
 0001:000116F4       TList.Error
 0001:000116B4       TList.Error
 0001:00011B14       TList.Extract
 0001:00011754       TList.Get
 0001:0001179C       TList.Grow
 0001:000117F4       TList.IndexOf
 0001:00011B70       TList.Notify
 0001:00011840       TList.Put
 0001:000118D0       TList.Remove
 0001:00011904       TList.SetCapacity
 0001:00011960       TList.SetCount
 0001:00011AD8       TList.Sort
 0001:0003B194       TLobby.Connect
 0001:0003C378       TLobby.Create
 0001:0003B344       TLobby.CreateAddress
 0001:0003C2C0       TLobby.CreateCompoundAddress
 0001:0003B3F8       TLobby.EnumAddress
 0001:0003B4A4       TLobby.EnumAddressTypes
 0001:0003B554       TLobby.EnumLocalApplications
 0001:0003B604       TLobby.GetConnectionSettings
 0001:0003B6B4       TLobby.ReceiveLobbyMessage
 0001:0003B87C       TLobby.RunApplication
 0001:0003BFE8       TLobby.SendLobbyMessage
 0001:0003C160       TLobby.SetConnectionSettings
 0001:0003C210       TLobby.SetLobbyMessageEvent
 0001:00019EB4       TLog.Add
 0001:0001A0AC       TLog.Add
 0001:00019F38       TLog.Add
 0001:00019D9C       TLog.Add2
 0001:000199D0       TLog.Create
 0001:00019CC8       TLog.Destroy
 0001:00019D70       TLog.Flush
 0001:0001C250       TLog2.Add
 0001:0001C158       TLog2.Create
 0001:0001C408       TLog2.Destroy
 0001:0001C228       TLog2.Flush
 0001:0000566C       TlsAlloc
 0002:0000166C       tlsBuffer
 0001:00005674       TlsFree
 0001:0000567C       TlsGetValue
 0002:000000A4       TlsIndex
 0002:FF8C100C       TlsLast
 0002:000000C4       TlsProc
 0001:00005684       TlsSetValue
 0001:00013FFC       TMemoryStream.Clear
 0001:00013FC0       TMemoryStream.Destroy
 0001:0001409C       TMemoryStream.Realloc
 0001:00014020       TMemoryStream.SetCapacity
 0001:00014054       TMemoryStream.SetSize
 0001:00014164       TMemoryStream.Write
 0001:00021370       TModuleInfo.Create
 0001:0000CF70       TMultiReadExclusiveWriteSynchronizer.BeginRead
 0001:0000CE28       TMultiReadExclusiveWriteSynchronizer.BeginWrite
 0001:0000CDA0       TMultiReadExclusiveWriteSynchronizer.BlockReaders
 0001:0000CCB4       TMultiReadExclusiveWriteSynchronizer.Create
 0001:0000CD44       TMultiReadExclusiveWriteSynchronizer.Destroy
 0001:0000CFF8       TMultiReadExclusiveWriteSynchronizer.EndRead
 0001:0000CF04       TMultiReadExclusiveWriteSynchronizer.EndWrite
 0001:0000CDD0       TMultiReadExclusiveWriteSynchronizer.UnblockOneWriter
 0001:0000CDB8       TMultiReadExclusiveWriteSynchronizer.UnblockReaders
 0001:0000CDE8       TMultiReadExclusiveWriteSynchronizer.WaitForReadSignal
 0001:0000CE08       TMultiReadExclusiveWriteSynchronizer.WaitForWriteSignal
 0001:00002E10       TObject.AfterConstruction
 0001:00002E14       TObject.BeforeDestruction
 0001:00002B64       TObject.ClassName
 0001:00002B78       TObject.ClassParent
 0001:00002B58       TObject.ClassType
 0001:00002C50       TObject.CleanupInstance
 0001:00002BBC       TObject.Create
 0001:00002E0C       TObject.DefaultHandler
 0001:00002BDC       TObject.Destroy
 0001:00002E18       TObject.Dispatch
 0001:00002BEC       TObject.Free
 0001:00002BA0       TObject.FreeInstance
 0001:00002CA0       TObject.GetInterface
 0001:00002D40       TObject.GetInterfaceEntry
 0001:00002DF0       TObject.InheritsFrom
 0001:00002BF8       TObject.InitInstance
 0001:00002BB4       TObject.InstanceSize
 0001:00002B84       TObject.NewInstance
 0001:00002E04       TObject.SafeCallException
 0001:000176EC       TObjectList.Add
 0001:00017710       TObjectList.Create
 0001:00017760       TObjectList.Extract
 0001:00017784       TObjectList.GetItem
 0001:000177A8       TObjectList.Notify
 0001:000049D0       ToLongPath
 0001:000238A0       TPacket.Compress
 0001:00022720       TPacket.Create
 0001:000233E4       TPacket.Decompress
 0001:00023174       TPacket.Decrypt
 0001:000232BC       TPacket.Encrypt
 0001:00022898       TPacket.GetRawData2
 0001:000228D4       TPacket.GetTAData
 0001:0002285C       TPacket.GetTimestamp
 0001:00022938       TPacket.PacketLength
 0001:000227CC       TPacket.SJCreateNew
 0001:00022E04       TPacket.Split2
 0001:00011CE4       TPersistent.Assign
 0001:00011D10       TPersistent.AssignError
 0001:00011DE8       TPersistent.AssignTo
 0001:00011E04       TPersistent.DefineProperties
 0001:00011CA8       TPersistent.Destroy
 0001:00011E14       TPersistent.GetNamePath
 0001:00011ECC       TPersistent.GetOwner
 0001:00039720       TPlayerData.Create
 0001:00039868       TPlayerData.IsSelf
 0001:000398F8       TPlayerData.IsServer
 0001:000397F0       TPlayerData.OnPlayerRemoved
 0001:00039C6C       TPlayers.Add
 0001:00039B7C       TPlayers.Clear
 0001:0003A624       TPlayers.Convert
 0001:0003A7A0       TPlayers.ConvertId
 0001:00039990       TPlayers.Create
 0001:00039B20       TPlayers.Destroy
 0001:0003A20C       TPlayers.getCount
 0001:0003A428       TPlayers.GetData_
 0001:0003A2CC       TPlayers.Name
 0001:0003A228       TPlayers.Name
 0001:0003A1D0       TPlayers.Remove
 0001:00039CC0       TPlayers.Remove
 0001:00023F74       TPluginCommands.ClearCommands
 0001:00023EC4       TPluginCommands.Create
 0001:00023F30       TPluginCommands.destroy
 0001:00023FD4       TPluginCommands.LookUpCommand
 0001:0001F8A4       TPluginData.create
 0001:0001FA10       TPluginData.MakeNOPReplacement
 0001:0001F948       TPluginData.MakeRelativeJmp
 0001:0001FAB4       TPluginData.MakeReplacement
 0001:0001F9BC       TPluginData.MakeStaticCall
 0001:0001FB6C       TPluginData.NewCodeInjection
 0001:0000AA54       TranslateDateFormat
 0001:0000E604       TranslateResult
 0001:00014374       TReader.CheckValue
 0001:000143A4       TReader.EndOfList
 0001:000143C8       TReader.NextValue
 0001:000143EC       TReader.Read
 0001:00014438       TReader.ReadBuffer
 0001:0001448C       TReader.ReadListBegin
 0001:000144A0       TReader.ReadListEnd
 0001:000144B4       TReader.ReadStr
 0001:000144FC       TReader.ReadString
 0001:000146B8       TReader.ReadValue
 0001:000145C0       TReader.ReadWideString
 0001:000149E8       TReader.SkipBytes
 0001:00014998       TReader.SkipProperty
 0001:000146D8       TReader.SkipSetBody
 0001:000147FC       TReader.SkipValue
 0001:00011198       TRegGroup.Create
 0001:00011220       TRegGroup.Destroy
 0001:000112A4       TRegGroup.UnregisterModuleClasses
 0001:00011380       TRegGroups.Create
 0001:0001140C       TRegGroups.Destroy
 0001:00011488       TRegGroups.Lock
 0001:000114A0       TRegGroups.Unlock
 0001:000114B8       TRegGroups.UnregisterModuleClasses
 0001:0001E7B4       TRegIniFile.Create
 0001:0001E768       TRegIniFile.Create
 0001:0001EB98       TRegIniFile.ReadBool
 0001:0001E998       TRegIniFile.ReadInteger
 0001:0001E818       TRegIniFile.ReadString
 0001:0001EAA4       TRegIniFile.WriteInteger
 0001:0001E8E8       TRegIniFile.WriteString
 0001:0001E1C0       TRegistry.ChangeKey
 0001:0001E130       TRegistry.CloseKey
 0001:0001E0A4       TRegistry.Create
 0001:0001E04C       TRegistry.Create
 0001:0001E248       TRegistry.CreateKey
 0001:0001E0F4       TRegistry.Destroy
 0001:0001E1F4       TRegistry.GetBaseKey
 0001:0001E624       TRegistry.GetData
 0001:0001E464       TRegistry.GetDataInfo
 0001:0001E4C0       TRegistry.GetDataSize
 0001:0001E6C8       TRegistry.GetKey
 0001:0001E32C       TRegistry.OpenKey
 0001:0001E5B4       TRegistry.PutData
 0001:0001E528       TRegistry.ReadString
 0001:0001E22C       TRegistry.SetCurrentKey
 0001:0001E178       TRegistry.SetRootKey
 0001:0001E6A4       TRegistry.ValueExists
 0001:0001E4F4       TRegistry.WriteString
 0001:00006E18       Trim
 0001:00006E8C       TrimLeft
 0002:00001788       TrueBoolStrs
 0001:00008A94       TryEncodeDate
 0001:0000892C       TryEncodeTime
 0001:0000125C       TryHarder
 0001:00002334       TryOpenForInput
 0001:000025D8       TryOpenForOutput
 0001:00007214       TryStrToBool
 0001:000088C0       TryStrToCurr
 0001:0000A4B8       TryStrToDate
 0001:0000A5B0       TryStrToDateTime
 0001:00008828       TryStrToFloat
 0001:00008888       TryStrToFloat
 0001:00008850       TryStrToFloat
 0001:00007104       TryStrToInt
 0001:0000A534       TryStrToTime
 0001:0001C5E0       TStatsLogging.Add
 0001:0001C4E8       TStatsLogging.Create
 0001:0001C970       TStatsLogging.Damage_StatEvent
 0001:0001CCE0       TStatsLogging.Destroy
 0001:0001C5B8       TStatsLogging.Flush
 0001:0001CA64       TStatsLogging.Kill_StatEvent
 0001:0001C7A8       TStatsLogging.NewUnit_StatEvent
 0001:0001CB40       TStatsLogging.Stats_StatEvent
 0001:0001C8A0       TStatsLogging.UnitFinished_StatEvent
 0001:00013A9C       TStream.CopyFrom
 0001:000137CC       TStream.GetPosition
 0001:00013810       TStream.GetSize
 0001:00013A0C       TStream.ReadBuffer
 0001:00013910       TStream.Seek
 0001:0001399C       TStream.Seek
 0001:000137F4       TStream.SetPosition
 0001:0001386C       TStream.SetSize
 0001:0001385C       TStream.SetSize
 0001:00013A54       TStream.WriteBuffer
 0001:00012EA4       TStringList.Add
 0001:00012ECC       TStringList.AddObject
 0001:00012F44       TStringList.Changed
 0001:00012F70       TStringList.Changing
 0001:00012F9C       TStringList.Clear
 0001:0001378C       TStringList.CompareStrings
 0001:0001373C       TStringList.CustomSort
 0001:00012FF0       TStringList.Delete
 0001:00012E28       TStringList.Destroy
 0001:00013090       TStringList.Exchange
 0001:0001310C       TStringList.ExchangeItems
 0001:00013178       TStringList.Find
 0001:00013210       TStringList.Get
 0001:0001325C       TStringList.GetCapacity
 0001:00013278       TStringList.GetCount
 0001:00013294       TStringList.GetObject
 0001:000132DC       TStringList.Grow
 0001:00013334       TStringList.IndexOf
 0001:00013380       TStringList.Insert
 0001:00013410       TStringList.InsertItem
 0001:000133A8       TStringList.InsertObject
 0001:000134B8       TStringList.Put
 0001:00013530       TStringList.PutObject
 0001:0001358C       TStringList.QuickSort
 0001:00013650       TStringList.SetCapacity
 0001:0001367C       TStringList.SetSorted
 0001:000136B4       TStringList.SetUpdateState
 0001:00013720       TStringList.Sort
 0001:00015018       TStringQueue.Clear
 0001:00014FA8       TStringQueue.Create
 0001:000151D0       TStringQueue.DeQueue
 0001:0001514C       TStringQueue.EnQueue
 0001:00015278       TStringQueue.Examine
 0001:0001503C       TStringQueue.Grow
 0001:00011F20       TStrings.Add
 0001:00011F50       TStrings.AddObject
 0001:00011F84       TStrings.AddStrings
 0001:00012044       TStrings.Assign
 0001:000120E8       TStrings.BeginUpdate
 0001:00012DA4       TStrings.CompareStrings
 0001:0001216C       TStrings.DefineProperties
 0001:00011EE4       TStrings.Destroy
 0001:000121B8       TStrings.EndUpdate
 0001:000121DC       TStrings.Equals
 0001:000122D8       TStrings.Error
 0001:00012298       TStrings.Error
 0001:00012338       TStrings.Exchange
 0001:00012424       TStrings.GetCapacity
 0001:00012DC8       TStrings.GetNameValueSeparator
 0001:00012440       TStrings.GetObject
 0001:00012458       TStrings.GetText
 0001:000124B4       TStrings.GetTextStr
 0001:000125FC       TStrings.IndexOf
 0001:00012688       TStrings.IndexOfName
 0001:00012764       TStrings.IndexOfObject
 0001:000127B0       TStrings.InsertObject
 0001:000127E4       TStrings.LoadFromFile
 0001:00012840       TStrings.LoadFromStream
 0001:000128F4       TStrings.Move
 0001:000129B0       TStrings.Put
 0001:000129F0       TStrings.PutObject
 0001:00012A04       TStrings.ReadData
 0001:00012AB4       TStrings.SaveToFile
 0001:00012B14       TStrings.SaveToStream
 0001:00012B74       TStrings.SetCapacity
 0001:00012DF4       TStrings.SetNameValueSeparator
 0001:00012B84       TStrings.SetStringsAdapter
 0001:00012BD0       TStrings.SetText
 0001:00012C28       TStrings.SetTextStr
 0001:00012D08       TStrings.SetUpdateState
 0001:00012D18       TStrings.WriteData
 0001:00015414       TSynchroObject.Acquire
 0001:00015420       TSynchroObject.Release
 0001:00019428       TTextFile.Create_Append
 0001:00019500       TTextFile.Create_Rewrite
 0001:000195C0       TTextFile.Destroy
 0001:000195FC       TTextFile.Flush
 0001:00019624       TTextFile.Writeln
 0001:00011B84       TThreadList.Create
 0001:00011BEC       TThreadList.Destroy
 0001:00011C68       TThreadList.LockList
 0001:00011C90       TThreadList.UnlockList
 0001:0000CC2C       TThreadLocalCounter.Delete
 0001:0000CADC       TThreadLocalCounter.Destroy
 0001:0000CB58       TThreadLocalCounter.HashIndex
 0001:0000CB7C       TThreadLocalCounter.Open
 0001:0000CC50       TThreadLocalCounter.Recycle
 0002:000000F0       TwoDigitYearCenturyWindow
 0001:00014A44       TWriter.Write
 0001:00014A90       TWriter.WriteBuffer
 0001:00014ABC       TWriter.WriteListBegin
 0001:00014AD0       TWriter.WriteListEnd
 0001:00014AE4       TWriter.WriteMinStr
 0001:00014B94       TWriter.WriteString
 0001:00014BF0       TWriter.WriteValue
 0001:00005858       Types
 0001:0001074C       TypInfo
 0001:000187B0       uDebug
 0001:000001C4       UnhandledExceptionFilter
 0001:000050B4       UnicodeToUtf8
 0001:00000C20       UninitAllocator
 0001:0003D398       UninstallCodeInjections
 0001:0001FEA4       UnInstallPlugins
 0001:00003E04       UniqueString
 0001:00021A6C       UnitLimit
[...]
  3498 0001:00035AB6  3499 0001:00035AD0  3500 0001:00035B01  3503 0001:00035B32
  3504 0001:00035B50  3506 0001:00035B70  3507 0001:00035B7D  3508 0001:00035B8B
  3510 0001:00035B95  3511 0001:00035BA0  3513 0001:00035BE0  3515 0001:00035BED
  3517 0001:00035C13  3518 0001:00035C16  3520 0001:00035C26  3522 0001:00035C33
  3523 0001:00035C49  3525 0001:00035C56  3526 0001:00035C77  3527 0001:00035C85
  3529 0001:00035CAB  3530 0001:00035CAE  3532 0001:00035CBE  3533 0001:00035CC7
  3537 0001:00035CE0  3538 0001:00035CEF  3540 0001:00035D0A  3541 0001:00035D15
  3542 0001:00035D37  3544 0001:00035D5C  3546 0001:00035D66  3547 0001:00035D77
  3549 0001:00035D89  3550 0001:00035D94  3551 0001:00035DB6  3553 0001:00035DD9
  3554 0001:00035DE3  3555 0001:00035DED  3556 0001:00035DF7  3558 0001:00035DFE
  3559 0001:00035E07  3561 0001:00035E10  3563 0001:00035E1A  3564 0001:00035E24
  3566 0001:00035E2E  3567 0001:00035E35  3568 0001:00035E40  3570 0001:00035E4D
  3571 0001:00035E52  3573 0001:00035E57  3574 0001:00035E5E  3575 0001:00035E65
  3576 0001:00035E70  3578 0001:00035E7D  3579 0001:00035E88  3580 0001:00035E92
  3581 0001:00035EA3  3583 0001:00035EAC  3584 0001:00035EB7  3585 0001:00035EC2
  3587 0001:00035ECA  3589 0001:00035ED7  3592 0001:00035EDE  3593 0001:00035EEC
  3594 0001:00035EFA  3596 0001:00035F05  3598 0001:00035F26  3601 0001:00035F43
  3603 0001:00035F78  3610 0001:00036180  3611 0001:000361A3  3612 0001:000361AD
  3613 0001:000361BB  3615 0001:000361C4  3616 0001:000361D8  3618 0001:000361E2
  3620 0001:000361EB  3621 0001:000361FF  3624 0001:00036209  3625 0001:0003621F
  3626 0001:00036229  3627 0001:00036233  3629 0001:00036241  3630 0001:00036255
  3631 0001:00036263  3633 0001:0003628A  3637 0001:0003629A  3639 0001:000362A3
  3640 0001:000362B7  3642 0001:000362C1  3644 0001:000362CA  3645 0001:000362DE
  3648 0001:000362E8  3650 0001:0003630F  3652 0001:00036330  3653 0001:00036345
  3654 0001:00036353  3655 0001:00036381  3656 0001:0003638E  3657 0001:000363A7
  3656 0001:000363C3  3658 0001:000363C8  3659 0001:000363E6  3660 0001:00036410
  3661 0001:0003643F  3664 0001:0003644C  3666 0001:00036467  3668 0001:00036477
  3671 0001:00036482  3673 0001:0003648C  3674 0001:00036495  3684 0001:000364BF
  3686 0001:000364C2  3690 0001:000364E8  3691 0001:000364EF  3693 0001:00036524
  3696 0001:00036654  3697 0001:00036685  3698 0001:0003668F  3705 0001:000366A1
  3706 0001:000366AF  3709 0001:000366CC  3711 0001:000366DC  3712 0001:000366F6
  3713 0001:00036710  3714 0001:00036725

Line numbers for idplay(AddCommands.inc) segment .text

    17 0001:00036752    21 0001:00036783    28 0001:000367B4    32 0001:000367E5
    35 0001:00036816    38 0001:00036847    41 0001:00036878    44 0001:000368A9
    47 0001:000368DA    50 0001:0003690B    53 0001:0003693C    56 0001:0003696D
    59 0001:0003699E    62 0001:000369D2    65 0001:00036A06    68 0001:00036A37
    71 0001:00036A68    74 0001:00036A99    77 0001:00036ACA    81 0001:00036AFB
    85 0001:00036B2C    88 0001:00036B44    94 0001:00036B75    97 0001:00036BA6
   100 0001:00036BD7   103 0001:00036C08   108 0001:00036C39   111 0001:00036C6D
   114 0001:00036C9E   119 0001:00036CD2   125 0001:00036D03   133 0001:00036D37
   136 0001:00036D68   140 0001:00036D99   144 0001:00036DCA   147 0001:00036DFB
   152 0001:00036E2C   155 0001:00036E5D   158 0001:00036E8E   161 0001:00036EBF
   164 0001:00036EF0   168 0001:00036F24   171 0001:00036F58   174 0001:00036F8C
   177 0001:00036FBD   181 0001:00036FEE   185 0001:0003701F   188 0001:00037050
   191 0001:00037081   198 0001:000370B5   202 0001:000370E6

Line numbers for idplay(idplay.pas) segment .text

  3721 0001:00037117  3722 0001:00037157  3725 0001:000394C4  3726 0001:000394D5
  3727 0001:000394DF  3728 0001:000394EA  3737 0001:000394F2  3738 0001:000394FE
  3739 0001:0003950B  3740 0001:00039516  3741 0001:00039521  3742 0001:0003952E
  3743 0001:0003953B  3744 0001:00039545  3745 0001:0003954A  3746 0001:00039555
  3747 0001:00039571  3749 0001:000395B4  3749 0001:000395BB

Line numbers for PlayerDataU(PlayerDataU.pas) segment .text

   186 0001:00039690   187 0001:0003969C   188 0001:000396AB   189 0001:000396BA
   190 0001:000396C9   192 0001:000396D8   194 0001:000396E5   201 0001:00039720
   202 0001:0003973B   203 0001:00039755   204 0001:00039763   205 0001:0003976C
   206 0001:00039791   210 0001:000397F0   211 0001:000397FC   213 0001:00039808
   214 0001:00039813   213 0001:00039852   215 0001:00039858   217 0001:00039862
   220 0001:00039868   221 0001:00039871   222 0001:0003988B   223 0001:00039899
   226 0001:000398F8   227 0001:00039902   228 0001:0003991C   229 0001:00039932
   238 0001:00039990   239 0001:000399A8   240 0001:000399B2   241 0001:000399C4
   242 0001:000399D6   243 0001:000399E5   244 0001:000399F4   245 0001:00039A03
   246 0001:00039A21   247 0001:00039A2A   248 0001:00039A47   249 0001:00039A50
   251 0001:00039A6D   252 0001:00039A86   253 0001:00039AAC   256 0001:00039B20
   257 0001:00039B31   258 0001:00039B39   259 0001:00039B44   260 0001:00039B4F
   261 0001:00039B5A   262 0001:00039B76   268 0001:00039B7C   269 0001:00039B85
   272 0001:00039B90   273 0001:00039BA6   274 0001:00039BB7   276 0001:00039BBD
   277 0001:00039BCD   279 0001:00039BD5   280 0001:00039BE3   270 0001:00039BF1
   282 0001:00039BFD   285 0001:00039C08   286 0001:00039C1E   287 0001:00039C2F
   289 0001:00039C35   290 0001:00039C45   292 0001:00039C4D   283 0001:00039C5B
   294 0001:00039C67   297 0001:00039C6C   298 0001:00039C7B   299 0001:00039C91
   300 0001:00039CAF   301 0001:00039CBB   308 0001:00039CC0   309 0001:00039CE8
   310 0001:00039CF2   311 0001:00039D00   312 0001:00039D0A   313 0001:00039D16
   314 0001:00039D21   315 0001:00039D27   317 0001:00039D28   319 0001:00039D4A
   320 0001:00039D60   321 0001:00039DBF   322 0001:00039E05   323 0001:00039E45
   324 0001:00039E8B   326 0001:00039ED1   327 0001:00039F17   328 0001:00039F5D
   317 0001:00039F60   330 0001:00039F69   332 0001:00039F84   333 0001:00039FA6
   332 0001:00039FC7   335 0001:00039FCC   336 0001:00039FD3   335 0001:0003A00E
   337 0001:0003A014   338 0001:0003A034   339 0001:0003A051   340 0001:0003A071
   341 0001:0003A091   342 0001:0003A0B3   345 0001:0003A0D5   346 0001:0003A0E2
   347 0001:0003A0F1   348 0001:0003A100   350 0001:0003A10D   351 0001:0003A117
   353 0001:0003A14B   355 0001:0003A180   361 0001:0003A1D0   362 0001:0003A1DF
   363 0001:0003A1F1   364 0001:0003A1F7   365 0001:0003A205   368 0001:0003A20C
   369 0001:0003A215   370 0001:0003A224   375 0001:0003A228   376 0001:0003A237
   377 0001:0003A23D   378 0001:0003A24C   381 0001:0003A25B   382 0001:0003A25C
   383 0001:0003A25F   384 0001:0003A262   386 0001:0003A263   389 0001:0003A27E
   390 0001:0003A28C   395 0001:0003A2CC   396 0001:0003A2F2   397 0001:0003A2F8
   398 0001:0003A30A   402 0001:0003A361   403 0001:0003A362   404 0001:0003A365
   405 0001:0003A368   407 0001:0003A369   410 0001:0003A39D   411 0001:0003A3E2
   416 0001:0003A428   417 0001:0003A44D   418 0001:0003A467   420 0001:0003A46D
   421 0001:0003A479   424 0001:0003A483   425 0001:0003A491   432 0001:0003A4E8
   433 0001:0003A4E9   434 0001:0003A4EC   435 0001:0003A4EF   437 0001:0003A4F0
   440 0001:0003A545   443 0001:0003A54F   446 0001:0003A555   447 0001:0003A595
   453 0001:0003A624   454 0001:0003A64A   456 0001:0003A665   457 0001:0003A676
   459 0001:0003A685   454 0001:0003A688   460 0001:0003A68E   462 0001:0003A694
   464 0001:0003A69A   465 0001:0003A6A6   466 0001:0003A6B0   468 0001:0003A6B2
   470 0001:0003A6B8   471 0001:0003A6C1   474 0001:0003A6C6   476 0001:0003A6E1
   477 0001:0003A6F2   479 0001:0003A6FD   474 0001:0003A700   480 0001:0003A706
   483 0001:0003A70C   484 0001:0003A70D   485 0001:0003A710   486 0001:0003A713
   488 0001:0003A714   491 0001:0003A751   492 0001:0003A77B   502 0001:0003A7A0
   503 0001:0003A7C6   504 0001:0003A7E1   506 0001:0003A7F7   507 0001:0003A813
   508 0001:0003A818   503 0001:0003A81B   509 0001:0003A821   511 0001:0003A827
   513 0001:0003A82D   514 0001:0003A839   516 0001:0003A83F   517 0001:0003A854
   520 0001:0003A856   522 0001:0003A85C   523 0001:0003A874   526 0001:0003A876
   529 0001:0003A87C   530 0001:0003A87D   531 0001:0003A880   532 0001:0003A883
   534 0001:0003A884   537 0001:0003A8C1   538 0001:0003A8EA   540 0001:0003A940
   540 0001:0003A947

Line numbers for CommandHandlerU(CommandHandlerU.pas) segment .text

    99 0001:0003AA20   100 0001:0003AA3B   101 0001:0003AA49   102 0001:0003AA57
   103 0001:0003AA65   104 0001:0003AA6E   105 0001:0003AA77   106 0001:0003AA80
   107 0001:0003AA89   108 0001:0003AA92   109 0001:0003AABC   116 0001:0003AAC4
   117 0001:0003AADC   118 0001:0003AAE6   119 0001:0003AAF8   120 0001:0003AB05
   121 0001:0003AB2A   124 0001:0003AB30   125 0001:0003AB41   126 0001:0003AB49
   127 0001:0003AB54   128 0001:0003AB70   131 0001:0003AB74   132 0001:0003AB7D
   133 0001:0003AB86   135 0001:0003AB96   136 0001:0003AB9E   139 0001:0003ABA4
   140 0001:0003ABB0   141 0001:0003ABB9   143 0001:0003ABCC   144 0001:0003ABD4
   148 0001:0003ABD8   149 0001:0003ABE1   150 0001:0003ABEA   151 0001:0003AC0E
   150 0001:0003AC24   152 0001:0003AC29   153 0001:0003AC34   174 0001:0003AC38
   175 0001:0003AC45   176 0001:0003AC5D   178 0001:0003AC70   179 0001:0003AC78
   189 0001:0003AC80   190 0001:0003ACA5   191 0001:0003ACB2   192 0001:0003ACC0
   194 0001:0003ACCA   196 0001:0003ACE6   205 0001:0003AD32   206 0001:0003AD40
   208 0001:0003AD60   209 0001:0003AD68   215 0001:0003AD74   216 0001:0003AD75
   217 0001:0003AD78   218 0001:0003AD7B   220 0001:0003AD7C   223 0001:0003ADC0
   239 0001:0003ADE4   240 0001:0003AE09   241 0001:0003AE16   243 0001:0003AE2E
   246 0001:0003AE62   247 0001:0003AE70   249 0001:0003AE90   250 0001:0003AE98
   256 0001:0003AEA4   257 0001:0003AEA5   258 0001:0003AEA8   259 0001:0003AEAB
   261 0001:0003AEAC   263 0001:0003AEF0   265 0001:0003AF48   265 0001:0003AF4F

Line numbers for DPLobbyWrapper(DPLobbyWrapper.pas) segment .text

    47 0001:0003AF50    63 0001:0003B194    64 0001:0003B1BB    65 0001:0003B1C9
    66 0001:0003B1E4    67 0001:0003B1F8    68 0001:0003B210    69 0001:0003B21A
    70 0001:0003B231    71 0001:0003B243    74 0001:0003B25E    76 0001:0003B27B
    78 0001:0003B2A5    80 0001:0003B2A8    81 0001:0003B2B0    82 0001:0003B2B8
    85 0001:0003B2F2    89 0001:0003B344    90 0001:0003B34D    91 0001:0003B35B
    92 0001:0003B382    93 0001:0003B396    95 0001:0003B3BB    97 0001:0003B3BE
    98 0001:0003B3C6   101 0001:0003B3D3   105 0001:0003B3F8   106 0001:0003B401
   107 0001:0003B40F   108 0001:0003B42E   109 0001:0003B442   111 0001:0003B467
   113 0001:0003B46A   114 0001:0003B472   117 0001:0003B47F   122 0001:0003B4A4
   123 0001:0003B4AD   124 0001:0003B4BB   125 0001:0003B4DA   126 0001:0003B4EE
   128 0001:0003B513   130 0001:0003B516   131 0001:0003B51E   134 0001:0003B52B
   139 0001:0003B554   140 0001:0003B55D   141 0001:0003B56B   142 0001:0003B586
   143 0001:0003B59A   145 0001:0003B5BF   147 0001:0003B5C2   148 0001:0003B5CA
   151 0001:0003B5D7   155 0001:0003B604   156 0001:0003B60D   157 0001:0003B61B
   158 0001:0003B636   159 0001:0003B64A   161 0001:0003B66F   163 0001:0003B672
   164 0001:0003B67A   167 0001:0003B687   172 0001:0003B6B4   173 0001:0003B6BD
   174 0001:0003B6CB   176 0001:0003B6EE   177 0001:0003B702   179 0001:0003B708
   180 0001:0003B720   181 0001:0003B73A   182 0001:0003B752   186 0001:0003B76E
   187 0001:0003B782   189 0001:0003B7A7   191 0001:0003B7AA   192 0001:0003B7B2
   195 0001:0003B7BF   199 0001:0003B87C   200 0001:0003B89A   201 0001:0003B8A8
   202 0001:0003B8C7   203 0001:0003B8DB   204 0001:0003B8F3   205 0001:0003B90D
   207 0001:0003B928   208 0001:0003B946   209 0001:0003B964   210 0001:0003B982
   211 0001:0003B9A0   212 0001:0003B9BE   213 0001:0003B9F1   214 0001:0003BA0F
   215 0001:0003BA2D   216 0001:0003BA4B   218 0001:0003BA69   219 0001:0003BA9C
   221 0001:0003BACF   222 0001:0003BAEA   223 0001:0003BB05   225 0001:0003BB20
   226 0001:0003BB38   228 0001:0003BB5D   230 0001:0003BB60   231 0001:0003BB68
   234 0001:0003BB97   238 0001:0003BFE8   239 0001:0003BFF1   240 0001:0003BFFF
   241 0001:0003C01E   242 0001:0003C032   244 0001:0003C038   245 0001:0003C050
   246 0001:0003C068   250 0001:0003C082   251 0001:0003C096   253 0001:0003C0BB
   255 0001:0003C0BE   256 0001:0003C0C6   259 0001:0003C0D3   263 0001:0003C160
   264 0001:0003C169   265 0001:0003C177   266 0001:0003C192   267 0001:0003C1A6
   269 0001:0003C1CB   271 0001:0003C1CE   272 0001:0003C1D6   275 0001:0003C1E3
   279 0001:0003C210   280 0001:0003C219   281 0001:0003C227   282 0001:0003C242
   283 0001:0003C256   285 0001:0003C27B   287 0001:0003C27E   288 0001:0003C286
   291 0001:0003C293   298 0001:0003C2C0   299 0001:0003C2C9   300 0001:0003C2D7
   301 0001:0003C2F6   302 0001:0003C30A   304 0001:0003C32F   306 0001:0003C332
   307 0001:0003C33A   310 0001:0003C347   315 0001:0003C378   316 0001:0003C3AC
   317 0001:0003C3BA   318 0001:0003C3C4   319 0001:0003C3D2   321 0001:0003C3EF
   322 0001:0003C403   324 0001:0003C428   326 0001:0003C42B   327 0001:0003C433
   330 0001:0003C475   332 0001:0003C4C4   332 0001:0003C4CB

Line numbers for Dplayx_exports(Dplayx_exports.pas) segment .text

   117 0001:0003C4CC   118 0001:0003C4D0   119 0001:0003C4EE   122 0001:0003C4F4
   133 0001:0003C4F8   135 0001:0003C501   136 0001:0003C50A   137 0001:0003C512
   138 0001:0003C51B   140 0001:0003C531   141 0001:0003C538   148 0001:0003C564
   149 0001:0003C56D   150 0001:0003C587   151 0001:0003C595   152 0001:0003C59E
   153 0001:0003C5B3   154 0001:0003C5BC   156 0001:0003C5CD   157 0001:0003C5E1
   159 0001:0003C606   161 0001:0003C609   162 0001:0003C611   165 0001:0003C61E
   171 0001:0003C65C   172 0001:0003C665   173 0001:0003C67F   174 0001:0003C68D
   175 0001:0003C696   176 0001:0003C6AB   177 0001:0003C6B4   179 0001:0003C6C5
   180 0001:0003C6D9   182 0001:0003C6FE   184 0001:0003C701   185 0001:0003C709
   188 0001:0003C716   195 0001:0003C75C   196 0001:0003C765   197 0001:0003C77F
   198 0001:0003C78D   199 0001:0003C796   200 0001:0003C7AB   201 0001:0003C7B4
   203 0001:0003C7C5   204 0001:0003C7D9   206 0001:0003C7FE   208 0001:0003C801
   209 0001:0003C809   212 0001:0003C816   220 0001:0003C85C   221 0001:0003C87F
   222 0001:0003C899   223 0001:0003C8A7   224 0001:0003C8B0   225 0001:0003C8C5
   226 0001:0003C8CE   227 0001:0003C8E3   229 0001:0003C8E9   230 0001:0003C8FD
   231 0001:0003C915   232 0001:0003C91F   233 0001:0003C942   237 0001:0003C953
   238 0001:0003C967   239 0001:0003C97F   240 0001:0003C9AC   243 0001:0003C9D1
   245 0001:0003C9D4   246 0001:0003C9DC   249 0001:0003CA1B   257 0001:0003CAC4
   258 0001:0003CAE3   259 0001:0003CAFD   260 0001:0003CB0B   261 0001:0003CB14
   262 0001:0003CB29   263 0001:0003CB32   265 0001:0003CB4F   266 0001:0003CB63
   268 0001:0003CB88   270 0001:0003CB8B   271 0001:0003CB93   274 0001:0003CBBD
   283 0001:0003CC04   284 0001:0003CC27   285 0001:0003CC41   286 0001:0003CC4F
   287 0001:0003CC58   288 0001:0003CC6D   289 0001:0003CC76   290 0001:0003CC93
   292 0001:0003CC99   293 0001:0003CCAD   294 0001:0003CCC5   298 0001:0003CCCF
   303 0001:0003CCF1   304 0001:0003CD05   305 0001:0003CD1D   306 0001:0003CD4A
   309 0001:0003CD6F   311 0001:0003CD72   312 0001:0003CD7A   315 0001:0003CDB9
   326 0001:0003CE58   327 0001:0003CE61   328 0001:0003CE71   329 0001:0003CE7F
   331 0001:0003CE84   332 0001:0003CE98   334 0001:0003CEBD   336 0001:0003CEC0
   337 0001:0003CEC8   340 0001:0003CED5   343 0001:0003CEF8   344 0001:0003CF01
   345 0001:0003CF11   346 0001:0003CF1F   348 0001:0003CF24   349 0001:0003CF38
   351 0001:0003CF5D   353 0001:0003CF60   354 0001:0003CF68   357 0001:0003CF75
   363 0001:0003CF9C   365 0001:0003CF9F   367 0001:0003CFA6   368 0001:0003CFBF
   401 0001:0003CFE0   401 0001:0003D00C   370 0001:0003D010   392 0001:0003D01C
   393 0001:0003D025   394 0001:0003D02F   395 0001:0003D038   397 0001:0003D042

Line numbers for PauseLock(plugins\PauseLock.pas) segment .text

    39 0001:0003D044    43 0001:0003D048    46 0001:0003D04C    47 0001:0003D050
    50 0001:0003D062    55 0001:0003D08A    67 0001:0003D0A7    68 0001:0003D0AF
    82 0001:0003D0EC    83 0001:0003D0F1    84 0001:0003D0F4    86 0001:0003D0F6
    89 0001:0003D0FC    90 0001:0003D101    94 0001:0003D106    95 0001:0003D10B
    96 0001:0003D110    98 0001:0003D144    98 0001:0003D14B

Line numbers for MultiAILimit(plugins\MultiAILimit.pas) segment .text

    32 0001:0003D14C    36 0001:0003D150    64 0001:0003D168    65 0001:0003D16E
    66 0001:0003D175    67 0001:0003D1DF    68 0001:0003D1E9    72 0001:0003D1F0
    74 0001:0003D1F7    75 0001:0003D1F8    76 0001:0003D1F9    78 0001:0003D1FA
    81 0001:0003D1FF    82 0001:0003D204    83 0001:0003D209    87 0001:0003D20C
    88 0001:0003D210    90 0001:0003D222    94 0001:0003D24A    95 0001:0003D264
    99 0001:0003D285   100 0001:0003D28D   102 0001:0003D31C   102 0001:0003D323

Line numbers for Plugins(Plugins.pas) segment .text

    30 0001:0003D324    32 0001:0003D32B    34 0001:0003D331    35 0001:0003D33B
    37 0001:0003D345    38 0001:0003D34F    39 0001:0003D359    40 0001:0003D363
    42 0001:0003D36D    43 0001:0003D377    44 0001:0003D381    49 0001:0003D38B
    50 0001:0003D393    53 0001:0003D398    54 0001:0003D39B    55 0001:0003D3A0
    57 0001:0003D3D4    57 0001:0003D3DB

Line numbers for InitCode(InitCode.pas) segment .text

    87 0001:0003D3DC    88 0001:0003D3E0    89 0001:0003D3E7    90 0001:0003D3F1
    91 0001:0003D403    93 0001:0003D40D    94 0001:0003D424    95 0001:0003D42D
    97 0001:0003D43D   103 0001:0003D470   107 0001:0003D494   108 0001:0003D4A2
   110 0001:0003D4AC   114 0001:0003D4B1   118 0001:0003D4BC   119 0001:0003D4C7
   121 0001:0003D4D0   122 0001:0003D4ED   124 0001:0003D525   125 0001:0003D52F
   127 0001:0003D55F   128 0001:0003D569   129 0001:0003D589   130 0001:0003D5B0
   131 0001:0003D5B9   132 0001:0003D5CA   133 0001:0003D5D3   134 0001:0003D5E4
   135 0001:0003D5ED   137 0001:0003D603   138 0001:0003D62A   139 0001:0003D634
   140 0001:0003D662   144 0001:0003D691   150 0001:0003D69A   155 0001:0003D6C5
   164 0001:0003D6CA   166 0001:0003D6ED   168 0001:0003D6F0   169 0001:0003D6F8
   172 0001:0003D724   175 0001:0003D8A4   176 0001:0003D8A7   177 0001:0003D8AC
   179 0001:0003D8B1   181 0001:0003D8BA   182 0001:0003D8C7   185 0001:0003D8D0
   187 0001:0003D8DA   189 0001:0003D90C   190 0001:0003D918   191 0001:0003D925
   192 0001:0003D932

Line numbers for InitCode_CoreExePatching(InitCode_CoreExePatching.pas) segment .text

    50 0001:0003D934    51 0001:0003D93C    53 0001:0003D942    54 0001:0003D94C
    56 0001:0003D956    71 0001:0003D95C    72 0001:0003D963    73 0001:0003D96D
    74 0001:0003D977    75 0001:0003D985    77 0001:0003D9AC    79 0001:0003D9AF
    80 0001:0003D9B7    81 0001:0003D9C9    84 0001:0003D9D3    88 0001:0003D9DC
    90 0001:0003D9E1    91 0001:0003D9E6    92 0001:0003D9E7    94 0001:0003DA18
    95 0001:0003DA24    96 0001:0003DA31   100 0001:0003DA3E   101 0001:0003DA48
   102 0001:0003DA52   104 0001:0003DA5C   105 0001:0003DA66

Line numbers for threadlogging(threadlogging.pas) segment .text

   145 0001:0003DA98   145 0001:0003DA9F

Line numbers for dplayx(F:\TA\TADR\SVN\trunk\src\Recorder\Dplayx.dpr) segment .text

    55 0001:0003DD00    56 0001:0003DD10

Bound resource files

dplayx.res
dplayx.drf


Program entry point at 0001:0003DD00
