
 Start         Length     Name                   Class
 0001:00000000 0003B988H .text                   CODE
 0002:00000000 00000C34H .data                   DATA
 0002:00000C34 00000A55H .bss                    BSS


Detailed map of segments

 0001:00000000 00005597 C=CODE     S=.text    G=(none)   M=System   ACBP=A9
 0001:00005598 000001CC C=CODE     S=.text    G=(none)   M=SysInit  ACBP=A9
 0001:00005764 00000038 C=CODE     S=.text    G=(none)   M=Types    ACBP=A9
 0001:0000579C 00000364 C=CODE     S=.text    G=(none)   M=Windows  ACBP=A9
 0001:00005B00 00000038 C=CODE     S=.text    G=(none)   M=Messages ACBP=A9
 0001:00005B38 00000348 C=CODE     S=.text    G=(none)   M=SysConst ACBP=A9
 0001:00005E80 00007420 C=CODE     S=.text    G=(none)   M=SysUtils ACBP=A9
 0001:0000D2A0 00000887 C=CODE     S=.text    G=(none)   M=VarUtils ACBP=A9
 0001:0000DB28 0000280E C=CODE     S=.text    G=(none)   M=Variants ACBP=A9
 0001:00010338 000000C8 C=CODE     S=.text    G=(none)   M=RTLConsts ACBP=A9
 0001:00010400 00000084 C=CODE     S=.text    G=(none)   M=TypInfo  ACBP=A9
 0001:00010484 00000038 C=CODE     S=.text    G=(none)   M=ActiveX  ACBP=A9
 0001:000104BC 0000478E C=CODE     S=.text    G=(none)   M=Classes  ACBP=A9
 0001:00014C4C 000003DC C=CODE     S=.text    G=(none)   M=ListsU   ACBP=A9
 0001:00015028 000010D4 C=CODE     S=.text    G=(none)   M=IniFiles ACBP=A9
 0001:000160FC 000001DC C=CODE     S=.text    G=(none)   M=SyncObjs ACBP=A9
 0001:000162D8 00001AD4 C=CODE     S=.text    G=(none)   M=GPHugeF  ACBP=A9
 0001:00017DAC 00000038 C=CODE     S=.text    G=(none)   M=Consts   ACBP=A9
 0001:00017DE4 0000061C C=CODE     S=.text    G=(none)   M=textdata ACBP=A9
 0001:00018400 00000038 C=CODE     S=.text    G=(none)   M=Math     ACBP=A9
 0001:00018438 00000194 C=CODE     S=.text    G=(none)   M=Contnrs  ACBP=A9
 0001:000185CC 00000FA0 C=CODE     S=.text    G=(none)   M=uDebug   ACBP=A9
 0001:0001956C 00000060 C=CODE     S=.text    G=(none)   M=FreeListU ACBP=A9
 0001:000195CC 00000040 C=CODE     S=.text    G=(none)   M=SHFolder ACBP=A9
 0001:0001960C 00000B78 C=CODE     S=.text    G=(none)   M=TADemoConsts ACBP=A9
 0001:0001A184 00000330 C=CODE     S=.text    G=(none)   M=TextFileU ACBP=A9
 0001:0001A4B4 00000A64 C=CODE     S=.text    G=(none)   M=logging  ACBP=A9
 0001:0001AF18 00001408 C=CODE     S=.text    G=(none)   M=PluginEngine ACBP=A9
 0001:0001C320 000019A4 C=CODE     S=.text    G=(none)   M=DPlay    ACBP=A9
 0001:0001DCC4 00000450 C=CODE     S=.text    G=(none)   M=MemMappedDataStructure ACBP=A9
 0001:0001E114 00000514 C=CODE     S=.text    G=(none)   M=TAMemManipulations ACBP=A9
 0001:0001E628 000005DC C=CODE     S=.text    G=(none)   M=TA_MemoryLocations ACBP=A9
 0001:0001EC04 000003C4 C=CODE     S=.text    G=(none)   M=COB_extensions ACBP=A9
 0001:0001EFC8 00000378 C=CODE     S=.text    G=(none)   M=INI_Options ACBP=A9
 0001:0001F340 00000050 C=CODE     S=.text    G=(none)   M=MMSystem ACBP=A9
 0001:0001F390 00000124 C=CODE     S=.text    G=(none)   M=DPLobby  ACBP=A9
 0001:0001F4B4 00000068 C=CODE     S=.text    G=(none)   M=PacketBufferU ACBP=A9
 0001:0001F51C 00000380 C=CODE     S=.text    G=(none)   M=log2     ACBP=A9
 0001:0001F89C 00000E0C C=CODE     S=.text    G=(none)   M=Registry ACBP=A9
 0001:000206A8 0000176C C=CODE     S=.text    G=(none)   M=packet_old ACBP=A9
 0001:00021E14 00000038 C=CODE     S=.text    G=(none)   M=TA_FunctionsU ACBP=A9
 0001:00021E4C 000001EC C=CODE     S=.text    G=(none)   M=PluginCommandHandlerU ACBP=A9
 0001:00022038 00000258 C=CODE     S=.text    G=(none)   M=InputHook ACBP=A9
 0001:00022290 0000028C C=CODE     S=.text    G=(none)   M=LOS_Radar ACBP=A9
 0001:0002251C 000000CC C=CODE     S=.text    G=(none)   M=LOS_MiniMapUnits ACBP=A9
 0001:000225E8 00000140 C=CODE     S=.text    G=(none)   M=LOS_PlayerSeeUnit ACBP=A9
 0001:00022728 000001B0 C=CODE     S=.text    G=(none)   M=LOS_GUIText ACBP=A9
 0001:000228D8 00000360 C=CODE     S=.text    G=(none)   M=LOS_UpdateTables ACBP=A9
 0001:00022C38 0000017C C=CODE     S=.text    G=(none)   M=LOS_AllyPlayer ACBP=A9
 0001:00022DB4 00000150 C=CODE     S=.text    G=(none)   M=LOS_extensions ACBP=A9
 0001:00022F04 00000208 C=CODE     S=.text    G=(none)   M=SpeedHack ACBP=A9
 0001:0002310C 00000038 C=CODE     S=.text    G=(none)   M=TA_NetworkingMessages ACBP=A9
 0001:00023144 000136A4 C=CODE     S=.text    G=(none)   M=idplay   ACBP=A9
 0001:000367E8 00001364 C=CODE     S=.text    G=(none)   M=PlayerDataU ACBP=A9
 0001:00037B4C 00000608 C=CODE     S=.text    G=(none)   M=CommandHandlerU ACBP=A9
 0001:00038154 0000157C C=CODE     S=.text    G=(none)   M=DPLobbyWrapper ACBP=A9
 0001:000396D0 00000B78 C=CODE     S=.text    G=(none)   M=Dplayx_exports ACBP=A9
 0001:0003A248 00000394 C=CODE     S=.text    G=(none)   M=TlHelp32 ACBP=A9
 0001:0003A5DC 000005B4 C=CODE     S=.text    G=(none)   M=ErrorLog_ExtraData ACBP=A9
 0001:0003AB90 0000009C C=CODE     S=.text    G=(none)   M=Thread_marshaller ACBP=A9
 0001:0003AC2C 00000108 C=CODE     S=.text    G=(none)   M=PauseLock ACBP=A9
 0001:0003AD34 000001B0 C=CODE     S=.text    G=(none)   M=UnitLimit ACBP=A9
 0001:0003AEE4 000001D8 C=CODE     S=.text    G=(none)   M=MultiAILimit ACBP=A9
 0001:0003B0BC 000000B8 C=CODE     S=.text    G=(none)   M=Plugins  ACBP=A9
 0001:0003B174 00000440 C=CODE     S=.text    G=(none)   M=InitCode ACBP=A9
 0001:0003B5B4 00000134 C=CODE     S=.text    G=(none)   M=InitCode_CoreExePatching ACBP=A9
 0001:0003B6E8 00000038 C=CODE     S=.text    G=(none)   M=threadlogging ACBP=A9
 0001:0003B720 00000265 C=CODE     S=.text    G=(none)   M=dplayx   ACBP=A9
 0002:00000000 000000A4 C=DATA     S=.data    G=DGROUP   M=System   ACBP=A9
 0002:000000A4 00000030 C=DATA     S=.data    G=DGROUP   M=SysInit  ACBP=A9
 0002:000000D4 00000250 C=DATA     S=.data    G=DGROUP   M=SysUtils ACBP=A9
 0002:00000324 00000008 C=DATA     S=.data    G=DGROUP   M=VarUtils ACBP=A9
 0002:0000032C 00000076 C=DATA     S=.data    G=DGROUP   M=Variants ACBP=A9
 0002:000003A4 0000000C C=DATA     S=.data    G=DGROUP   M=TypInfo  ACBP=A9
 0002:000003B0 00000084 C=DATA     S=.data    G=DGROUP   M=Classes  ACBP=A9
 0002:00000434 00000008 C=DATA     S=.data    G=DGROUP   M=IniFiles ACBP=A9
 0002:0000043C 00000020 C=DATA     S=.data    G=DGROUP   M=GPHugeF  ACBP=A9
 0002:0000045C 00000400 C=DATA     S=.data    G=DGROUP   M=textdata ACBP=A9
 0002:0000085C 00000004 C=DATA     S=.data    G=DGROUP   M=uDebug   ACBP=A9
 0002:00000860 00000049 C=DATA     S=.data    G=DGROUP   M=TADemoConsts ACBP=A9
 0002:000008AC 00000004 C=DATA     S=.data    G=DGROUP   M=logging  ACBP=A9
 0002:000008B0 00000020 C=DATA     S=.data    G=DGROUP   M=DPlay    ACBP=A9
 0002:000008D0 00000038 C=DATA     S=.data    G=DGROUP   M=MemMappedDataStructure ACBP=A9
 0002:00000908 00000007 C=DATA     S=.data    G=DGROUP   M=TA_MemoryLocations ACBP=A9
 0002:00000910 00000001 C=DATA     S=.data    G=DGROUP   M=COB_extensions ACBP=A9
 0002:00000914 00000004 C=DATA     S=.data    G=DGROUP   M=INI_Options ACBP=A9
 0002:00000918 00000010 C=DATA     S=.data    G=DGROUP   M=DPLobby  ACBP=A9
 0002:00000928 00000008 C=DATA     S=.data    G=DGROUP   M=Registry ACBP=A9
 0002:00000930 00000005 C=DATA     S=.data    G=DGROUP   M=packet_old ACBP=A9
 0002:00000938 00000008 C=DATA     S=.data    G=DGROUP   M=TA_FunctionsU ACBP=A9
 0002:00000940 0000000A C=DATA     S=.data    G=DGROUP   M=SpeedHack ACBP=A9
 0002:0000094C 00000004 C=DATA     S=.data    G=DGROUP   M=idplay   ACBP=A9
 0002:00000950 00000004 C=DATA     S=.data    G=DGROUP   M=Dplayx_exports ACBP=A9
 0002:00000954 00000008 C=DATA     S=.data    G=DGROUP   M=PauseLock ACBP=A9
 0002:0000095C 00000005 C=DATA     S=.data    G=DGROUP   M=UnitLimit ACBP=A9
 0002:00000964 00000008 C=DATA     S=.data    G=DGROUP   M=MultiAILimit ACBP=A9
 0002:00001000 0000065C C=BSS      S=.bss     G=DGROUP   M=System   ACBP=A9
 0002:0000165C 00000014 C=BSS      S=.bss     G=DGROUP   M=SysInit  ACBP=A9
 0002:00001670 00000004 C=BSS      S=.bss     G=DGROUP   M=Types    ACBP=A9
 0002:00001674 00000004 C=BSS      S=.bss     G=DGROUP   M=Windows  ACBP=A9
 0002:00001678 00000004 C=BSS      S=.bss     G=DGROUP   M=Messages ACBP=A9
 0002:0000167C 00000004 C=BSS      S=.bss     G=DGROUP   M=SysConst ACBP=A9
 0002:00001680 00000120 C=BSS      S=.bss     G=DGROUP   M=SysUtils ACBP=A9
 0002:000017A0 0000005C C=BSS      S=.bss     G=DGROUP   M=VarUtils ACBP=A9
 0002:000017FC 00000040 C=BSS      S=.bss     G=DGROUP   M=Variants ACBP=A9
 0002:0000183C 00000004 C=BSS      S=.bss     G=DGROUP   M=RTLConsts ACBP=A9
 0002:00001840 00000004 C=BSS      S=.bss     G=DGROUP   M=TypInfo  ACBP=A9
 0002:00001844 00000004 C=BSS      S=.bss     G=DGROUP   M=ActiveX  ACBP=A9
 0002:00001848 00000034 C=BSS      S=.bss     G=DGROUP   M=Classes  ACBP=A9
 0002:0000187C 00000004 C=BSS      S=.bss     G=DGROUP   M=ListsU   ACBP=A9
 0002:00001880 00000004 C=BSS      S=.bss     G=DGROUP   M=IniFiles ACBP=A9
 0002:00001884 00000004 C=BSS      S=.bss     G=DGROUP   M=SyncObjs ACBP=A9
 0002:00001888 00000004 C=BSS      S=.bss     G=DGROUP   M=GPHugeF  ACBP=A9
 0002:0000188C 00000004 C=BSS      S=.bss     G=DGROUP   M=Consts   ACBP=A9
 0002:00001890 00000004 C=BSS      S=.bss     G=DGROUP   M=textdata ACBP=A9
 0002:00001894 00000004 C=BSS      S=.bss     G=DGROUP   M=Math     ACBP=A9
 0002:00001898 00000004 C=BSS      S=.bss     G=DGROUP   M=Contnrs  ACBP=A9
 0002:0000189C 00000014 C=BSS      S=.bss     G=DGROUP   M=uDebug   ACBP=A9
 0002:000018B0 00000008 C=BSS      S=.bss     G=DGROUP   M=FreeListU ACBP=A9
 0002:000018B8 00000004 C=BSS      S=.bss     G=DGROUP   M=SHFolder ACBP=A9
 0002:000018BC 00000018 C=BSS      S=.bss     G=DGROUP   M=TADemoConsts ACBP=A9
 0002:000018D4 00000004 C=BSS      S=.bss     G=DGROUP   M=TextFileU ACBP=A9
 0002:000018D8 0000000C C=BSS      S=.bss     G=DGROUP   M=logging  ACBP=A9
 0002:000018E4 00000008 C=BSS      S=.bss     G=DGROUP   M=PluginEngine ACBP=A9
 0002:000018EC 00000004 C=BSS      S=.bss     G=DGROUP   M=DPlay    ACBP=A9
 0002:000018F0 00000004 C=BSS      S=.bss     G=DGROUP   M=MemMappedDataStructure ACBP=A9
 0002:000018F4 00000004 C=BSS      S=.bss     G=DGROUP   M=TAMemManipulations ACBP=A9
 0002:000018F8 0000000A C=BSS      S=.bss     G=DGROUP   M=TA_MemoryLocations ACBP=A9
 0002:00001904 00000010 C=BSS      S=.bss     G=DGROUP   M=COB_extensions ACBP=A9
 0002:00001914 00000008 C=BSS      S=.bss     G=DGROUP   M=INI_Options ACBP=A9
 0002:0000191C 00000004 C=BSS      S=.bss     G=DGROUP   M=MMSystem ACBP=A9
 0002:00001920 00000004 C=BSS      S=.bss     G=DGROUP   M=DPLobby  ACBP=A9
 0002:00001924 00000004 C=BSS      S=.bss     G=DGROUP   M=PacketBufferU ACBP=A9
 0002:00001928 00000004 C=BSS      S=.bss     G=DGROUP   M=log2     ACBP=A9
 0002:0000192C 00000004 C=BSS      S=.bss     G=DGROUP   M=Registry ACBP=A9
 0002:00001930 00000004 C=BSS      S=.bss     G=DGROUP   M=packet_old ACBP=A9
 0002:00001934 00000004 C=BSS      S=.bss     G=DGROUP   M=TA_FunctionsU ACBP=A9
 0002:00001938 00000004 C=BSS      S=.bss     G=DGROUP   M=PluginCommandHandlerU ACBP=A9
 0002:0000193C 00000008 C=BSS      S=.bss     G=DGROUP   M=InputHook ACBP=A9
 0002:00001944 00000010 C=BSS      S=.bss     G=DGROUP   M=LOS_Radar ACBP=A9
 0002:00001954 00000004 C=BSS      S=.bss     G=DGROUP   M=LOS_MiniMapUnits ACBP=A9
 0002:00001958 00000010 C=BSS      S=.bss     G=DGROUP   M=LOS_PlayerSeeUnit ACBP=A9
 0002:00001968 00000004 C=BSS      S=.bss     G=DGROUP   M=LOS_GUIText ACBP=A9
 0002:0000196C 00000010 C=BSS      S=.bss     G=DGROUP   M=LOS_UpdateTables ACBP=A9
 0002:0000197C 00000008 C=BSS      S=.bss     G=DGROUP   M=LOS_AllyPlayer ACBP=A9
 0002:00001984 00000008 C=BSS      S=.bss     G=DGROUP   M=LOS_extensions ACBP=A9
 0002:0000198C 00000004 C=BSS      S=.bss     G=DGROUP   M=SpeedHack ACBP=A9
 0002:00001990 00000004 C=BSS      S=.bss     G=DGROUP   M=TA_NetworkingMessages ACBP=A9
 0002:00001994 0000000C C=BSS      S=.bss     G=DGROUP   M=idplay   ACBP=A9
 0002:000019A0 00000004 C=BSS      S=.bss     G=DGROUP   M=PlayerDataU ACBP=A9
 0002:000019A4 00000004 C=BSS      S=.bss     G=DGROUP   M=CommandHandlerU ACBP=A9
 0002:000019A8 00000004 C=BSS      S=.bss     G=DGROUP   M=DPLobbyWrapper ACBP=A9
 0002:000019AC 00000028 C=BSS      S=.bss     G=DGROUP   M=Dplayx_exports ACBP=A9
 0002:000019D4 00000048 C=BSS      S=.bss     G=DGROUP   M=TlHelp32 ACBP=A9
 0002:00001A1C 00000004 C=BSS      S=.bss     G=DGROUP   M=ErrorLog_ExtraData ACBP=A9
 0002:00001A20 00000004 C=BSS      S=.bss     G=DGROUP   M=Thread_marshaller ACBP=A9
 0002:00001A24 00000004 C=BSS      S=.bss     G=DGROUP   M=PauseLock ACBP=A9
 0002:00001A28 00000004 C=BSS      S=.bss     G=DGROUP   M=UnitLimit ACBP=A9
 0002:00001A2C 00000004 C=BSS      S=.bss     G=DGROUP   M=MultiAILimit ACBP=A9
 0002:00001A30 00000004 C=BSS      S=.bss     G=DGROUP   M=Plugins  ACBP=A9
 0002:00001A34 00000008 C=BSS      S=.bss     G=DGROUP   M=InitCode ACBP=A9
 0002:00001A3C 00000014 C=BSS      S=.bss     G=DGROUP   M=InitCode_CoreExePatching ACBP=A9
 0002:00001A50 00000004 C=BSS      S=.bss     G=DGROUP   M=threadlogging ACBP=A9


  Address         Publics by Name

 0002:000018EC       .1
 0002:00001A50       .1
 0002:0000183C       .1
 0002:00001A3C       .1
 0002:000018F0       .1
 0002:00001890       .1
 0002:00001668       .1
 0002:00001A30       .1
 0002:000018B4       .1
 0002:000018B8       .1
 0002:000018AC       .1
 0002:00001988       .1
 0002:00001910       .1
 0002:00001A2C       .1
 0002:00001980       .1
 0002:00001918       .1
 0002:00001A28       .1
 0002:00001A24       .1
 0002:00001A20       .1
 0002:00001A1C       .1
 0002:00001920       .1
 0002:000019D4       .1
 0002:000018F4       .1
 0002:0000188C       .1
 0002:00001978       .1
 0002:000019B8       .1
 0002:0000198C       .1
 0002:00001934       .1
 0002:00001678       .1
 0002:00001968       .1
 0002:0000167C       .1
 0002:00001670       .1
 0002:00001964       .1
 0002:00001954       .1
 0002:00001950       .1
 0002:00001940       .1
 0002:00001990       .2
 0002:000018E0       .2
 0002:00001A34       .2
 0002:000019A8       .2
 0002:000018C0       .2
 0002:00001894       .2
 0002:000018D4       .2
 0002:00001928       .2
 0002:00001930       .2
 0002:00001898       .21
 0002:000019A4       .3
 0002:00001844       .3
 0002:00001674       .3
 0002:00001924       .3
 0002:00001938       .3
 0002:00001790       .35
 0002:000019A0       .4
 0002:000018FC       .4
 0002:00001850       .45
 0002:00001888       .5
 0002:000017F8       .5
 0002:0000192C       .5
 0002:000015B4       .5
 0002:00001884       .6
 0002:000018E4       .6
 0002:00001840       .6
 0002:0000199C       .6
 0002:0000191C       .7
 0002:00001880       .8
 0002:0000181C       .81
 0002:0000187C       .9
 0001:00001E10       @AbstractError
 0001:00002E98       @AfterConstruction
 0001:000038F8       @Assert
 0001:000020F4       @Assign
 0001:00002250       @AStrCmp
 0001:00002EA8       @BeforeDestruction
 0001:00002B48       @BoundErr
 0001:00002DD8       @CallDynaInst
 0001:00002E40       @ClassCreate
 0001:00002E90       @ClassDestroy
 0001:000021BC       @Close
 0001:00001B58       @Copy
 0001:000044BC       @CopyArray
 0001:000043A0       @CopyRecord
 0001:000045B0       @DispCallByIDError
 0001:0000E5C8       @DispInvokeError
 0001:00003324       @DoneExcept
 0001:00004800       @DynArrayAsg
 0001:000047C4       @DynArrayClear
 0001:000045E4       @DynArrayHigh
 0001:000045DC       @DynArrayLength
 0001:000047B8       @DynArraySetLength
 0001:000022C0       @EofText
 0001:0000340C       @ExceptionHandler
 0001:000022F8       @FillChar
 0001:0000437C       @Finalize
 0001:00004290       @FinalizeArray
 0001:00004244       @FinalizeRecord
 0001:000021B0       @Flush
 0001:00002B3C       @FpuInit
 0001:00002A78       @FpuMaskInit
 0001:00001A28       @FreeMem
 0001:000019F8       @GetMem
 0001:00005698       @GetTls
 0001:000038E0       @Halt
 0001:00003800       @Halt0
 0001:00002FBC       @HandleAnyException
 0001:00003270       @HandleFinally
 0001:000030E8       @HandleOnException
 0001:000036C4       @InitImports
 0001:000056E4       @InitLib
 0001:0000369C       @InitResStringImports
 0001:00004F54       @IntfAddRef
 0001:00004F10       @IntfClear
 0001:00004F28       @IntfCopy
 0001:00002B50       @IntOver
 0001:00002D84       @IsClass
 0001:00002A48       @isNECWindows
 0001:00003DA4       @LStrAddRef
 0001:0000393C       @LStrArrayClr
 0001:0000396C       @LStrAsg
 0001:00003BBC       @LStrCat
 0001:00003C00       @LStrCat3
 0001:00003C74       @LStrCatN
 0001:00003918       @LStrClr
 0001:00003D00       @LStrCmp
 0001:00003E14       @LStrCopy
 0001:00003E54       @LStrDelete
 0001:00003B88       @LStrFromArray
 0001:00003B00       @LStrFromChar
 0001:00003B10       @LStrFromPChar
 0001:00003A08       @LStrFromPCharLen
 0001:00003B40       @LStrFromPWChar
 0001:00003A74       @LStrFromPWCharLen
 0001:00003B7C       @LStrFromString
 0001:00003BA0       @LStrFromWStr
 0001:000039B0       @LStrLAsg
 0001:00003BB4       @LStrLen
 0001:00003E9C       @LStrPos
 0001:00003EE4       @LStrSetLength
 0001:00003DB4       @LStrToPChar
 0001:000039DC       @NewAnsiString
 0001:00003F8C       @NewWideString
 0001:0000275C       @Pow10
 0001:00002244       @PStrCpy
 0001:00002214       @PStrNCat
 0001:000032D0       @RaiseAgain
 0001:000032A8       @RaiseExcept
 0001:00002318       @RandInt
 0001:00002370       @ReadChar
 0001:000024D4       @ReadLn
 0001:00002468       @ReadLString
 0001:0000245C       @ReadString
 0001:00001A48       @ReallocMem
 0001:00001E84       @ResetText
 0001:00001E90       @RewritText
 0001:000038EC       @RunError
 0001:00002740       @SetEq
 0001:000035D4       @StartLib
 0001:0000025C       @strlen
 0001:00001DEC       @TRUNC
 0001:00003354       @TryFinallyExit
 0001:00003E0C       @UniqueStringA
 0001:00002504       @ValLong
 0001:0000FB7C       @VarAddRef
 0001:0000E8A0       @VarClear
 0001:0000E8B4       @VarClr
 0001:00004278       @VarClr
 0001:00004388       @VarCopy
 0001:0000EBDC       @VarCopy
 0001:0000EF08       @VarToLStr
 0001:0000F628       @VarToWStr
 0001:00003F48       @Write0LString
 0001:0000261C       @WriteBytes
 0001:000026EC       @WriteLn
 0001:00003F64       @WriteLString
 0001:00002670       @WriteSpaces
 0001:00003FCC       @WStrArrayClr
 0001:00003FF0       @WStrAsg
 0001:00003FB4       @WStrClr
 0001:0000412C       @WStrCmp
 0001:000041B0       @WStrCopy
 0001:00004100       @WStrFromLStr
 0001:00004014       @WStrFromPCharLen
 0001:000040C4       @WStrFromPWChar
 0001:000040A0       @WStrFromPWCharLen
 0001:00004120       @WStrLen
 0001:000041FC       @WStrSetLength
 0001:00004110       @WStrToPWChar
 0001:00001B28       @_IOTest
 0001:000045B8       @_llmul
 0001:0000B328       AbstractErrorHandler
 0002:00001028       AbstractErrorProc
 0002:00000894       AccessMode
 0002:00000154       AccessMode
 0001:000104B4       ActiveX
 0001:000003CC       AddBlockAfter
 0001:0001DCE4       AddCheatDescription
 0001:00018E08       AddLineNo
 0001:00004D68       AddModuleUnloadProc
 0001:00004D78       AddModuleUnloadProc
 0001:00018C54       AddProcedure
 0001:00018A70       AddUnit
 0002:00000968       AIName
 0002:0000197C       AlliedStateChanged
 0001:00006A88       AllocMem
 0002:000015AC       AllocMemCount
 0002:000015B0       AllocMemSize
 0001:000055C8       AllocTlsBuffer
 0001:00006C48       AnsiCompareStr
 0001:00006C94       AnsiCompareText
 0001:00006C00       AnsiLowerCase
 0001:0000BE4C       AnsiPos
 0001:00006CE0       AnsiSameText
 0001:0000BE98       AnsiStrPos
 0001:0000BF70       AnsiStrRScan
 0001:0000BFC0       AnsiStrScan
 0001:00005354       AnsiToUtf8
 0001:00008CF4       AppendChars
 0001:00009114       AppendFormat
 0001:00008D78       AppendNumber
 0001:00008D54       AppendString
 0001:0000B2F0       AssertErrorHandler
 0002:00001020       AssertErrorProc
 0002:00001604       avail
 0001:000077F8       BackfillGetDiskFreeSpaceEx
 0001:0000D578       BackupVarBoolFromStr
 0001:0000D6F4       BackupVarBStrFromBool
 0001:0000D5FC       BackupVarBStrFromCy
 0001:0000D678       BackupVarBStrFromDate
 0001:0000D504       BackupVarCyFromStr
 0001:0000D490       BackupVarDateFromStr
 0001:0000D334       BackupVarI4FromStr
 0001:0000D2C0       BackupVariantChangeTypeEx
 0001:0000D3A8       BackupVarR4FromStr
 0001:0000D41C       BackupVarR8FromStr
 0001:0003AF00       BetterAIName
 0001:0003AF88       BetterAINameStub
 0001:00014940       BinToHex
 0001:000181DC       BinToInt
 0001:0000D30C       BiUnimplemented
 0002:000015DC       blockDescBlockList
 0002:000015E0       blockDescFreeList
 0002:000003A4       BooleanIdents
 0002:00000334       BooleanToStringRule
 0001:000071AC       BoolToStr
 0001:0000EC90       BoolToWStrViaOS
 0002:00000908       BoolValues
 0001:0000B9E8       ByteToCharIndex
 0001:0000B9AC       ByteToCharLen
 0001:0000B948       ByteType
 0001:0000B89C       ByteTypeTest
 0002:00001900       CacheUsed
 0001:00018304       CalcCRC
 0002:00001814       ChangeAnyProc
 0001:000075C4       ChangeFileExt
 0001:00003A38       CharFromWChar
 0001:0000BC60       CharLength
 0001:00005A3C       CharLowerBuff
 0001:000001D4       CharNext
 0001:00005A44       CharNext
 0001:0000BB24       CharToByteIndex
 0001:0000BB9C       CharToByteLen
 0001:00005A4C       CharToOemA
 0002:00001998       chatview
 0001:0001DCC4       CheatEnabled
 0002:000008E8       Cheat_BuildAnywhere
 0002:000008E4       Cheat_ControlMenu
 0002:00000904       Cheat_DoubleShot
 0002:000008F8       Cheat_ExtraDamage
 0002:000008D8       Cheat_FastBuild
 0002:000008DC       Cheat_InfiniteResources
 0002:000008FC       Cheat_InstantBuild
 0002:000008EC       Cheat_InstantCapture
 0002:000008D4       Cheat_Invisible
 0002:000008D0       Cheat_Invulnerability
 0002:000008F4       Cheat_JamAll
 0002:000008E0       Cheat_LosRadar
 0002:00000900       Cheat_ResourcesFreeze
 0002:000008F0       Cheat_SpecialMove
 0001:0001E258       CheckForCheats
 0001:00002F38       CheckJmp
 0002:00000338       CInvalidCustomVariantType
 0001:00014BB8       Classes
 0001:000191D0       CleanUpMapFile
 0002:00001810       ClearAnyProc
 0001:0000FEB8       ClearVariantTypeList
 0001:000057CC       CloseHandle
 0001:00000174       CloseHandle
 0002:0000103C       CmdLine
 0002:00001038       CmdShow
 0001:0000D320       CmpUnimplemented
 0001:0001EFC0       COB_extensions
 0001:0001EF10       COB_Extensions_Handling
 0002:00001A40       CodeInjectionData
 0001:0003814C       CommandHandlerU
 0001:0000074C       Commit
 0002:00001620       committedRoot
 0001:00027BE4       compare
 0001:000187E0       CompareHeaders
 0001:000057D4       CompareString
 0001:00006B88       CompareText
 0001:000070B0       CompareWith
 0001:00019920       Compress
 0001:0001639C       Compress
 0001:00017DDC       Consts
 0001:000185C4       Contnrs
 0002:000003B0       Convert
 0002:000003C0       Convert
 0001:0000AB84       ConvertAddr
 0001:00008E78       ConvertEraString
 0001:00006A38       ConvertError
 0001:00006A58       ConvertErrorFmt
 0001:00008FFC       ConvertYearString
 0001:000045EC       CopyArray
 0001:000057DC       CopyFile
 0001:0000BA6C       CountChars
 0001:000182CC       CRC32
 0002:0000045C       CRC32tab
 0001:0000B228       CreateAssertException
 0001:0000B424       CreateAVObject
 0001:00007878       CreateDir
 0001:000057E4       CreateDirectory
 0001:000057EC       CreateEvent
 0001:000057F4       CreateFile
 0001:0000017C       CreateFileA
 0001:000057FC       CreateFileMapping
 0001:0000B114       CreateInOutError
 0001:0003A508       CreateToolhelp32Snapshot
 0002:00000390       CRelationshipToBoolean
 0002:00000324       CResult
 0002:0000014C       cSimpleBoolStrs
 0002:0000033C       CText
 0002:00001618       curAlloc
 0002:00001688       CurrencyDecimals
 0002:00001684       CurrencyFormat
 0002:00001680       CurrencyString
 0001:00008CD4       CurrentYear
 0001:00008668       CurrToStr
 0001:0000EC20       CurrToWStrViaOS
 0001:0001ECFC       CustomGetters
 0002:0000190C       CUSTOM_HIGH
 0002:00001908       CUSTOM_LOW
 0001:00006DC8       CvtInt
 0001:00006E34       CvtInt64
 0002:0000018C       CWNear
 0001:00017DE4       DataToStr2
 0001:0001FA7C       DataTypeToRegData
 0001:00008C60       Date
 0002:00001689       DateSeparator
 0001:000099C8       DateTimeToStr
 0001:0000991C       DateTimeToString
 0001:00008798       DateTimeToTimeStamp
 0001:00009988       DateToStr
 0001:0000EC58       DateToWStrViaOS
 0001:00008C30       DayOfWeek
 0002:00000188       DCon10
 0002:0000002C       DebugHook
 0002:00001687       DecimalSeparator
 0001:00008C00       DecodeDate
 0001:00008A84       DecodeDateFully
 0001:000088A0       DecodeTime
 0001:0000080C       Decommit
 0001:00000F38       DecommitFree
 0002:000015F4       decommittedRoot
 0002:00000930       DecompressionBufferSize
 0002:00000024       Default8087CW
 0002:00000038       DefaultTextLineBreakStyle
 0002:000015B8       DefaultUserCodePage
 0002:00000218       DefLongDayNames
 0002:000001CC       DefLongMonthNames
 0002:000001FC       DefShortDayNames
 0002:0000019C       DefShortMonthNames
 0002:00000860       Deities
 0001:00004850       DelayLoadResourceModule
 0001:00000428       DeleteBlock
 0001:00005804       DeleteCriticalSection
 0001:00000338       DeleteCriticalSection
 0001:0000580C       DeleteFile
 0001:00000D20       DeleteFree
 0001:00005814       DeviceIoControl
 0002:00000094       dig
 0001:0000741C       DirectoryExists
 0001:00039A60       DirectPlayCreate
 0002:000019C8       DirectPlayCreate_proc
 0001:00039768       DirectPlayEnumerate
 0001:00039860       DirectPlayEnumerateA
 0002:000019C0       DirectPlayEnumerateA_proc
 0001:00039960       DirectPlayEnumerateW
 0002:000019C4       DirectPlayEnumerateW_proc
 0002:000019BC       DirectPlayEnumerate_proc
 0001:00039E08       DirectPlayLobbyCreateA
 0002:000019D0       DirectPlayLobbyCreateA_proc
 0001:00039CC8       DirectPlayLobbyCreateW
 0002:000019CC       DirectPlayLobbyCreateW_proc
 0001:0003B174       DisableThreadLibraryCalls
 0002:00001000       DispCallByIDProc
 0001:00006A1C       DivMod
 0001:0003A05C       DllCanUnloadNow
 0001:0003A0FC       DllGetClassObject
 0002:00001664       DllProc
 0002:000019B0       DoFinalize
 0002:000019AC       DoInitialize
 0002:0000093C       DoInterpretCommand
 0001:0000B798       DoneExceptions
 0001:00014A5C       DoneThreadSynchronization
 0001:0001E740       DoReport
 0002:000003AC       DotSep
 0001:00011E3C       DoWrite
 0001:0003B0BC       Do_LoadTime_CodeInjections
 0001:0001DCBC       DPlay
 0001:0003B970       dplayx
 0001:000396D0       DPlayxHandleInvalid
 0002:00000950       dplayxLibHandle
 0001:0003A214       Dplayx_exports
 0001:0001F4AC       DPLobby
 0001:000396C8       DPLobbyWrapper
 0001:00004604       DynArrayClear
 0001:0000460C       DynArraySetLength
 0001:0000B0D8       EHeapException.FreeInstance
 0001:00016508       Elapsed
 0002:000017FC       EmptyParam
 0002:000000D4       EmptyStr
 0002:000000D8       EmptyWideStr
 0001:00008A48       EncodeDate
 0001:0000885C       EncodeTime
 0001:00000328       EnterCriticalSection
 0001:0000581C       EnterCriticalSection
 0001:00005824       EnumCalendarInfoA
 0001:0000A744       EnumEraNames
 0001:0000A790       EnumEraYearOffsets
 0002:00001750       EraNames
 0001:00009CF4       EraToYear
 0002:0000176C       EraYearOffsets
 0002:0000006C       errCaption
 0001:00001B1C       Error
 0002:00000004       ErrorAddr
 0001:00001AD0       ErrorAt
 0001:0000B1B8       ErrorHandler
 0001:0003AB88       ErrorLog_ExtraData
 0001:0003AB44       Errorlog_Thunk1
 0001:0003A800       Errorlog_Thunk2
 0002:00000234       ErrorMap
 0002:00001008       ErrorProc
 0001:0001C3EC       ErrorString
 0002:000013E0       ErrOutput
 0001:00001A98       ExceptAddr
 0002:0000100C       ExceptClsProc
 0001:0000B6E8       ExceptHandler
 0001:0000AE28       Exception.Create
 0001:0000AE70       Exception.CreateFmt
 0001:0000B040       Exception.CreateFmtHelp
 0001:0000AFEC       Exception.CreateHelp
 0001:0000AF00       Exception.CreateRes
 0001:0000AF48       Exception.CreateResFmt
 0002:0000101C       ExceptionClass
 0001:0000AB94       ExceptionErrorMessage
 0002:0000026C       ExceptMap
 0002:00001010       ExceptObjProc
 0002:00001004       ExceptProc
 0001:0000BE00       ExcludeTrailingPathDelimiter
 0002:00000000       ExitCode
 0001:00003744       ExitDll
 0002:00001040       ExitProc
 0001:000001DC       ExitProcess
 0002:00001024       ExitProcessProc
 0001:00005674       ExitProcessTLS
 0001:0000564C       ExitThreadTLS
 0001:000077B4       ExpandFileName
 0002:0000090C       ExpectedData
 0001:000076A4       ExtractFileDir
 0001:00007754       ExtractFileExt
 0001:00007710       ExtractFileName
 0001:00007664       ExtractFilePath
 0002:0000178C       FalseBoolStrs
 0002:0000017C       FCon1E18
 0001:0000738C       FileAge
 0001:00007378       FileClose
 0001:00007278       FileCreate
 0001:000072AC       FileCreate
 0001:000073FC       FileExists
 0002:000008A4       FileFlags
 0002:0000000C       FileMode
 0001:00001ED8       FileNOPProc
 0001:00007208       FileOpen
 0001:000072CC       FileRead
 0001:0000733C       FileSeek
 0001:0000582C       FileTimeToDosDateTime
 0001:00005834       FileTimeToLocalFileTime
 0001:00007304       FileWrite
 0002:0000043C       FILE_SHARING_ERRORS
 0001:00000E58       FillAfterGap
 0001:00000DF8       FillBeforeGap
 0001:00000EF8       FillerSizeAfterGap
 0001:00000E80       FillerSizeBeforeGap
 0001:00005B00       Finalization
 0001:0001042C       Finalization
 0001:0001F47C       Finalization
 0001:00005E48       Finalization
 0001:0001A47C       Finalization
 0001:0001AECC       Finalization
 0001:0002310C       Finalization
 0001:0003A1E4       Finalization
 0001:00020658       Finalization
 0001:00021E14       Finalization
 0001:000230D4       Finalization
 0001:00022000       Finalization
 0001:00005764       Finalization
 0001:0001A120       Finalization
 0001:000103C8       Finalization
 0001:0003B13C       Finalization
 0001:0000572C       Finalization
 0001:00010214       Finalization
 0001:00022ECC       Finalization
 0001:00022D7C       Finalization
 0001:0003AB58       Finalization
 0001:0001F864       Finalization
 0001:0000DAE4       Finalization
 0001:0003B078       Finalization
 0001:0003ABF4       Finalization
 0001:00022C00       Finalization
 0001:0001C2D8       Finalization
 0001:0003ACFC       Finalization
 0001:000195D4       Finalization
 0001:000228A0       Finalization
 0001:00014B08       Finalization
 0001:00019594       Finalization
 0001:00005470       Finalization
 0001:000226F0       Finalization
 0001:0001DC8C       Finalization
 0001:00014FF0       Finalization
 0001:00019528       Finalization
 0001:000225B0       Finalization
 0001:000160AC       Finalization
 0001:0001F308       Finalization
 0001:0001EF90       Finalization
 0001:000367A4       Finalization
 0001:000162A0       Finalization
 0001:0000D0A0       Finalization
 0001:0001F4E4       Finalization
 0001:0001EBCC       Finalization
 0001:0003A5A4       Finalization
 0001:00037B14       Finalization
 0001:00018594       Finalization
 0001:00039698       Finalization
 0001:00022258       Finalization
 0001:0003AEAC       Finalization
 0001:0001F358       Finalization
 0001:00018400       Finalization
 0001:000183C8       Finalization
 0001:0001E5F0       Finalization
 0001:0001E0DC       Finalization
 0001:00017DAC       Finalization
 0001:00017D74       Finalization
 0001:0003B720       Finalization
 0001:0003B6E8       Finalization
 0001:0003811C       Finalization
 0001:0003B668       Finalization
 0001:000224E4       Finalization
 0001:00021DDC       Finalization
 0001:0003B55C       Finalization
 0001:00005AC8       Finalization
 0001:00010484       Finalization
 0001:000045FC       FinalizeArray
 0001:000034F4       FinalizeUnits
 0001:000048E0       FindBS
 0001:0000583C       FindClose
 0001:000001EC       FindClose
 0001:00000DB4       FindCommitted
 0001:0001015C       FindCustomVariantType
 0001:000001F4       FindFirstFile
 0001:00005844       FindFirstFile
 0002:0000185C       FindGlobalComponentProcs
 0001:00004828       FindHInstance
 0001:00032B20       FindHostPlayer
 0001:0000D794       FindProc
 0001:00004898       FindResourceHInstance
 0002:000018C4       fIsWin9x
 0002:0000179C       FLanguages
 0001:000082F8       FloatToDecimal
 0001:00008638       FloatToStr
 0001:00008024       FloatToText
 0001:000021A4       Flush
 0001:0000584C       FlushFileBuffers
 0001:00005854       FlushInstructionCache
 0002:00000190       FMSecsPerDay
 0001:00007F04       FmtStr
 0001:00007454       ForceDirectories
 0002:00000198       Format
 0001:00007EDC       Format
 0001:00007B0C       FormatBuf
 0001:00007AF8       FormatClearStr
 0001:00007A58       FormatError
 0002:00000174       FormatErrorStrs
 0001:0000585C       FormatMessage
 0001:00007AC0       FormatVarToStr
 0001:00002754       FPower10
 0001:0000CDAC       FreeAndNil
 0001:00000AB4       FreeCommitted
 0001:000010EC       FreeCurAlloc
 0001:00014A78       FreeIntConstList
 0001:00005864       FreeLibrary
 0001:000001FC       FreeLibrary
 0001:000195C4       FreeListU
 0001:00000684       FreeSpace
 0001:0000C74C       FreeTerminateProcs
 0002:000008A8       fVersionLazyInited
 0001:00022580       GameUnit_LOS_MiniMap_UnitsProjectiles_IsOwner
 0001:000226E4       GameUnit_LOS_PlayerSeeUnit_EpilogCode_Exit
 0001:00022690       GameUnit_LOS_PlayerSeeUnit_IsOwnerAllowedToSee
 0001:00022370       GameUnit_LOS_Radar_CanDirectlySeeUnit
 0001:00022424       GameUnit_LOS_Radar_LoopCondition
 0001:000223CC       GameUnit_LOS_Radar_LoopStart
 0001:00022A30       GameUnit_LOS_Update_1_Retry
 0001:00022A14       GameUnit_LOS_Update_1_Start
 0001:00022B1C       GameUnit_LOS_Update_2_Retry
 0001:00022B00       GameUnit_LOS_Update_2_Start
 0002:00000938       Game_SetLOSState
 0002:000019B4       gdwDPlaySPRefCount
 0001:0000586C       GetACP
 0001:00000340       GetBlockDesc
 0001:00017F24       GetChar
 0001:000002DC       GetCmdShow
 0001:000225E8       GetCodeInjections
 0001:000228D8       GetCodeInjections
 0001:00022290       GetCodeInjections
 0001:00022728       GetCodeInjections
 0001:00022C38       GetCodeInjections
 0001:0002251C       GetCodeInjections
 0001:00000204       GetCommandLine
 0001:000008C8       GetCommitted
 0001:00000970       GetCommittedAt
 0001:00008DC8       GetCount
 0001:00005874       GetCPInfo
 0001:0000587C       GetCurrentProcess
 0001:00005884       GetCurrentThreadId
 0001:000002BC       GetCurrentThreadId
 0001:00008E00       GetDate
 0001:0000588C       GetDateFormat
 0001:00009BC0       GetDateOrder
 0001:00005894       GetDiskFreeSpaceA
 0002:00000148       GetDiskFreeSpaceEx
 0001:00002DA8       GetDynaMethod
 0001:0000A81C       GetEraNamesAndYearOffsets
 0001:00009C90       GetEraYearOffset
 0001:0000B3F8       GetExceptionClass
 0001:0000B608       GetExceptionObject
 0001:0000589C       GetFileAttributes
 0001:0000018C       GetFileSize
 0001:000058A4       GetFileSize
 0001:00000184       GetFileType
 0001:00019FC0       GetFileVersion
 0001:00005A24       GetFileVersionInfo
 0001:00005A2C       GetFileVersionInfoSize
 0001:00019DB4       GetFileVersion_internal
 0001:0000C2E0       GetFormatSettings
 0001:000058AC       GetFullPathName
 0001:00002A40       GetKeyboardType
 0001:000058B4       GetLastError
 0001:0000020C       GetLastError
 0001:000192E8       GetLineNumberFromAddress
 0001:0000A590       GetLocaleChar
 0001:000058C4       GetLocaleInfo
 0001:00000214       GetLocaleInfo
 0001:0000A534       GetLocaleStr
 0001:000058BC       GetLocalTime
 0001:000194DC       GetMapAddressFromAddress
 0001:000193E4       GetMapFileName
 0001:0000021C       GetModuleFileName
 0001:000058CC       GetModuleFileName
 0001:00000224       GetModuleHandle
 0001:000058D4       GetModuleHandle
 0001:000191FC       GetModuleNameFromAddress
 0001:0000A610       GetMonthDayNames
 0001:000196F4       GetMyDocs
 0001:00001BFC       GetParamStr
 0001:00022F28       GetPlugin
 0001:0003A5E4       GetPlugin
 0001:0003AB98       GetPlugin
 0001:0003AC34       GetPlugin
 0001:0001EC0C       GetPlugin
 0001:0003AD3C       GetPlugin
 0001:0003AFA4       GetPlugin
 0001:00022E14       GetPlugin
 0001:000221F8       GetPlugin
 0001:000058DC       GetPrivateProfileString
 0001:000058E4       GetProcAddress
 0001:0000022C       GetProcAddress
 0001:00019278       GetProcNameFromAddress
 0001:000005A8       GetSpace
 0001:0000060C       GetSpaceAt
 0001:00000234       GetStartupInfo
 0001:000058EC       GetStdHandle
 0001:00000194       GetStdHandle
 0001:000058F4       GetStringTypeEx
 0001:00019754       GetSysDir
 0001:000058FC       GetSystemDirectory
 0001:00005904       GetSystemInfo
 0001:00005A54       GetSystemMetrics
 0001:0001A0A8       GetTADemoVersion
 0001:0000590C       GetTempFileName
 0001:00005914       GetTempPath
 0001:0000591C       GetThreadLocale
 0001:0000023C       GetThreadLocale
 0001:00005924       GetTickCount
 0001:000002D4       GetTickCount
 0001:00008E38       GetTime
 0001:000055D4       GetTlsSize
 0001:000002C4       GetVersion
 0001:0000592C       GetVersionEx
 0001:00005934       GetVolumeInformation
 0001:00019894       GetVolumePathName
 0001:0000593C       GlobalAlloc
 0001:00005A88       GlobalAllocPtr
 0002:00001860       GlobalFixupList
 0001:00005944       GlobalFree
 0001:00005AB4       GlobalFreePtr
 0001:00005954       GlobalHandle
 0001:0000594C       GlobalLock
 0002:00001848       GlobalNameSpace
 0001:0000595C       GlobalReAlloc
 0001:00005A98       GlobalReAllocPtr
 0001:00005964       GlobalUnlock
 0001:00017DA4       GPHugeF
 0002:00000028       HeapAllocFlags
 0002:000015C0       heapErrorCode
 0002:000015C4       heapLock
 0002:00000144       HexDisplayPrefix
 0001:000149A8       HexToBin
 0002:00001660       HInstance
 0001:00005A6C       HiWord
 0001:000367E0       idplay
 0002:000008C0       IID_IDirectPlay
 0002:000008B0       IID_IDirectPlay3
 0002:00000918       IID_IDirectPlayLobby2
 0002:00000194       IMSecsPerDay
 0001:0000E61C       InBounds
 0001:0000E8BC       InBounds
 0001:0000BDAC       IncludeTrailingPathDelimiter
 0001:0000E64C       Increment
 0001:0000E8EC       Increment
 0001:000160F4       IniFiles
 0001:00000B48       InitAllocator
 0001:0003B58C       InitCode
 0001:0003B698       InitCode_CoreExePatching
 0002:00001630       InitContext
 0001:0000C780       InitDriveSpacePtr
 0001:0000B710       InitExceptions
 0001:0000596C       InitializeCriticalSection
 0001:00000320       InitializeCriticalSection
 0002:000015BC       initialized
 0001:000056D8       InitializeModule
 0001:0000D7D8       InitializeVarUtils
 0001:0000C090       InitLeadBytes
 0001:0000B81C       InitPlatformId
 0001:00005620       InitProcessTLS
 0001:0000C134       InitSysLocale
 0001:00014A24       InitThreadSynchronization
 0001:000055DC       InitThreadTLS
 0001:0003B65C       InitThunk_Stage1
 0001:0003B5DC       InitThunk_Stage2
 0001:0003A248       InitToolHelp
 0001:00003564       InitUnits
 0001:0001F338       INI_Options
 0002:00001048       Input
 0001:00022038       InputHandler
 0001:00022288       InputHook
 0001:00000FF4       InsertFree
 0001:0001BFB0       InstallPlugins
 0002:00001854       IntConstList
 0001:000002B4       InterlockedDecrement
 0001:0000C7F0       InterlockedDecrement
 0001:0000C7FC       InterlockedExchange
 0001:0000C804       InterlockedExchangeAdd
 0001:000002AC       InterlockedIncrement
 0001:0000C7E4       InterlockedIncrement
 0001:00001F18       InternalClose
 0001:0000215C       InternalFlush
 0001:00000E34       InternalFreeMem
 0001:00003DC0       InternalUniqueString
 0001:00006F50       IntToHex
 0001:00006F28       IntToHex
 0001:00006F00       IntToStr
 0001:00006E14       IntToStr
 0002:00001798       InvalidPointer
 0001:00002C70       InvokeImplGetter
 0002:00001914       iOptions
 0001:00001B9C       IOResult
 0001:00005974       IsBadReadPtr
 0002:00001044       IsConsole
 0001:0000BD50       IsDelimiter
 0001:00008900       IsLeapYear
 0002:00001034       IsLibrary
 0002:00001045       IsMultiThread
 0001:0000BD04       IsPathDelimiter
 0001:0001FA04       IsRelative
 0001:00017E98       IsStrBool
 0001:0001E018       IsTAHookRunning
 0001:0001E728       IsTAVersion31
 0002:00001901       IsTAVersion31_Cache
 0001:0000C110       IsWesternGroup
 0001:00019834       IsWin9x
 0002:00000030       JITEnable
 0002:000019D8       KernelHandle
 0002:000018BC       kernellib
 0001:00007554       LastDelimiter
 0001:0000C018       LCIDToCodePage
 0001:000053FC       LCIDToCodePage
 0002:00000124       LeadBytes
 0001:00000330       LeaveCriticalSection
 0001:0000597C       LeaveCriticalSection
 0002:0000003C       LibModuleList
 0001:0003B5B4       LibraryProc
 0002:000018A4       LineNumbers
 0001:0001DD38       ListCheats
 0002:0000174E       ListSeparator
 0001:00015020       ListsU
 0001:00018F78       LoadAndParseMapFile
 0001:00005984       LoadLibrary
 0001:00000244       LoadLibraryEx
 0001:00004AE4       LoadResourceModule
 0001:000053A4       LoadResString
 0001:00005A5C       LoadString
 0001:0000024C       LoadString
 0001:00000300       LocalAlloc
 0001:00005598       LocalAlloc
 0001:00000308       LocalFree
 0001:000055A0       LocalFree
 0001:0000A5CC       LocalGetLocaleStr
 0001:0001F894       log2
 0002:000008AC       logdir
 0001:0001A62C       LogError
 0001:0001A524       LogException
 0002:000018D8       logFilename
 0001:0001AF10       logging
 0002:0000094C       logsave
 0002:000018DC       Log_
 0002:00001690       LongDateFormat
 0002:00001724       LongDayNames
 0002:000016D8       LongMonthNames
 0002:000016A4       LongTimeFormat
 0001:00022DAC       LOS_AllyPlayer
 0001:00022EFC       LOS_extensions
 0001:000228D0       LOS_GUIText
 0001:00022834       LOS_GUIText_SeeCommHealth
 0001:0002286C       LOS_GUIText_Unit_KillsNStuff
 0001:000227F4       LOS_GUIText_Unit_Resources
 0001:000225E0       LOS_MiniMapUnits
 0001:00022720       LOS_PlayerSeeUnit
 0001:00022514       LOS_Radar
 0002:0000196C       LOS_Updates_PTR
 0001:00022C30       LOS_UpdateTables
 0001:00006B1C       LowerCase
 0002:00000948       LowerLimit
 0001:00000254       lstrcpyn
 0002:00001820       LVarTypes
 0002:00001824       LVarTypeSync
 0002:0000102C       MainInstance
 0002:00001030       MainThreadID
 0001:000003C4       MakeEmpty
 0001:000036E8       MakeErrorMessage
 0001:00019D10       MakeTempFilename
 0001:0000B344       MapException
 0002:0000085C       MapFileName
 0002:000018A8       MapFileSetup
 0001:0000336C       MapToRunError
 0001:0000598C       MapViewOfFile
 0001:00018430       Math
 0001:0001E10C       MemMappedDataStructure
 0002:00000044       MemoryManager
 0001:0000045C       MergeBlockAfter
 0001:00001138       MergeCommit
 0001:00005A64       MessageBox
 0001:000001E4       MessageBox
 0001:00005B30       Messages
 0001:0001F388       MMSystem
 0002:000000AC       Module
 0001:0003A53C       Module32First
 0001:0003A570       Module32Next
 0001:0003A7B8       ModuleInfoComparer
 0002:0000165D       ModuleIsCpp
 0002:0000165C       ModuleIsLib
 0001:00014AF4       ModuleUnload
 0002:00000040       ModuleUnloadList
 0002:000000F4       MonthDays
 0001:00001BBC       Move
 0001:0003B0B4       MultiAILimit
 0001:00000264       MultiByteToWideChar
 0002:00001685       NegCurrFormat
 0001:000011C4       NewCommit
 0001:000011F0       NewCommitAt
 0002:0000095C       NewUnitLimit
 0001:0000BCB0       NextCharIndex
 0002:00000034       NoErrMsg
 0001:00002F24       NotifyAnyExcept
 0001:00002EF8       NotifyExcept
 0001:00002F58       NotifyExceptFinally
 0001:00004E20       NotifyModuleUnload
 0001:00002ED4       NotifyNonDelphiException
 0001:00002F10       NotifyOnExcept
 0001:00002EB8       NotifyReRaise
 0001:00002F80       NotifyTerminate
 0001:00002F9C       NotifyUnhandled
 0001:00008C8C       Now
 0002:00000330       NullAsStringValue
 0002:0000032C       NullStrictConvert
 0002:000018B0       ObjectsToFree
 0001:00017630       OffsetPtr
 0001:0003B524       OnFinalize
 0001:00019584       OnFinalize
 0001:000396F8       OnInit
 0001:0003B208       OnInitialize
 0001:0001956C       OnInitialize
 0001:000221C8       OnInstall
 0001:0003AEE4       OnInstall
 0001:0003A5DC       OnInstall
 0001:0003AC2C       OnInstall
 0001:0003AB90       OnInstall
 0001:0001EC04       OnInstallCobExtensions
 0001:00022DD0       OnInstallShareLOS
 0001:00022F18       OnInstallSpeedHack
 0001:0003AD34       OnInstallUnitLimit
 0001:0003A5E0       OnUnInstall
 0001:0003AEE8       OnUninstall
 0001:000221E8       OnUnInstall
 0001:0003AC30       OnUninstall
 0001:0003AB94       OnUnInstall
 0001:0001EC08       OnUninstallCobExtensions
 0001:00022DDC       OnUninstallShareLOS
 0001:00022F24       OnUninstallSpeedHack
 0001:0003AD38       OnUninstallUnitLimit
 0001:0001E068       OpenMemMap
 0001:00001E2C       OpenText
 0002:00001794       OutOfMemory
 0002:00001214       Output
 0001:000310E8       OutputInfo
 0001:0001F514       PacketBufferU
 0001:00021E0C       packet_old
 0001:00001D60       ParamStr
 0001:00017F7C       ParseParams
 0001:0001B240       PatchNJump
 0001:0003ACD4       PauseHandling
 0001:0003AD2C       PauseLock
 0001:00037B44       PlayerDataU
 0002:0000194C       PlayerPtr
 0002:00001970       PlayerPtr
 0002:0000195C       PlayerPtr
 0001:00022D4C       Player_SetAlliedState_JumpHook
 0001:00022D64       Player_SetAlliedState_RetHook
 0001:00022030       PluginCommandHandlerU
 0002:0000193C       PluginCommands
 0001:0001C318       PluginEngine
 0002:000018E8       Plugins
 0001:0003B16C       Plugins
 0001:00010FA4       PointerInModule
 0002:00001A38       proc
 0002:000018C8       proc
 0002:000018A0       Procedures
 0001:00014094       PropValueError
 0002:000000A8       PtrToNil
 0001:000181A8       PtrToStr
 0001:00007FE0       PutExponent
 0001:000002CC       QueryPerformanceCounter
 0001:00011738       QuickSort
 0001:0000B2E0       RaiseAssertException
 0001:000135F4       RaiseException
 0001:0000019C       RaiseException
 0002:00001014       RaiseExceptionProc
 0001:0000C67C       RaiseLastOSError
 0001:00001DC4       Randomize
 0002:00000008       RandSeed
 0001:00014074       ReadError
 0001:0001F9D0       ReadError
 0001:00005994       ReadFile
 0001:000001A4       ReadFile
 0001:0001EFEC       ReadININame
 0001:0001F1F8       ReadINIOptions
 0001:000023DC       ReadLine
 0001:0000599C       ReadProcessMemory
 0002:00001818       RefAnyProc
 0001:0000579C       RegCloseKey
 0001:0000026C       RegCloseKey
 0001:000057A4       RegCreateKeyEx
 0001:0001FA2C       RegDataToDataType
 0001:000057AC       RegFlushKey
 0002:00001858       RegGroups
 0001:00004E7C       RegisterModule
 0001:0001BF4C       RegisterPlugin
 0001:000206A0       Registry
 0001:00000274       RegOpenKeyEx
 0001:000057B4       RegOpenKeyEx
 0001:0000027C       RegQueryValueEx
 0001:000057BC       RegQueryValueEx
 0001:000057C4       RegSetValueEx
 0002:00000050       reMap
 0002:00001614       remBytes
 0001:000004E4       RemoveBlock
 0001:00013F24       RemoveFixupReferences
 0001:00013FE0       RemoveFixups
 0001:00018350       RemoveInvalid
 0001:00004D98       RemoveModuleUnloadProc
 0001:00004D70       RemoveModuleUnloadProc
 0001:000059A4       ResetEvent
 0001:00022F04       ResetGameSpeedLimits
 0001:00022DB4       ResetShareLosState
 0001:00001728       ResizeInPlace
 0001:000113DC       ReturnAddr
 0001:00011FC0       ReturnAddr
 0002:00001610       rover
 0001:000103F8       RTLConsts
 0001:000001AC       RtlUnwind
 0002:00001018       RTLUnwindProc
 0002:00000074       runErrMsg
 0001:00001AC4       RunErrorAt
 0001:0000D774       SafeArrayCreate
 0001:0000D77C       SafeArrayGetLBound
 0001:0000D784       SafeArrayGetUBound
 0001:0000D78C       SafeArrayPtrOfIndex
 0001:00006BDC       SameText
 0001:000099E4       ScanBlanks
 0001:00009B70       ScanChar
 0001:00009D5C       ScanDate
 0001:00009A24       ScanNumber
 0001:00009AD8       ScanString
 0001:0000A0F0       ScanTime
 0001:00009C28       ScanToNumber
 0001:00001224       SearchSmallBlocks
 0001:00019BA0       SelfLocation
 0002:000018CC       SelfLocation_cache
 0001:0000FE88       SetClearVarToEmptyParam
 0001:0001ECB4       SetCOBType
 0001:000001B4       SetEndOfFile
 0001:000059AC       SetEndOfFile
 0001:000059B4       SetEvent
 0001:000034AC       SetExceptionHandler
 0001:000001BC       SetFilePointer
 0001:000059BC       SetFilePointer
 0001:00001B48       SetInOutRes
 0001:000059C4       SetLastError
 0001:0001E240       SetLongword
 0001:0000FE70       SetVarAsError
 0001:0001E224       SetWord
 0002:0000089C       ShareFlags
 0002:00000160       ShareMode
 0001:00019604       SHFolder
 0001:000195CC       SHGetFolderPath
 0002:0000168C       ShortDateFormat
 0002:00001708       ShortDayNames
 0002:000016A8       ShortMonthNames
 0002:000016A0       ShortTimeFormat
 0001:0000AD4C       ShowException
 0001:00022D08       Signal_AlliedStateChange
 0001:00018284       SimpleCrypt
 0002:00000914       SizeOfBuffer
 0001:00014484       SkipBinary
 0001:000144B8       SkipCollection
 0001:00014458       SkipList
 0001:0000C674       Sleep
 0001:000059CC       Sleep
 0002:0000161C       smallTab
 0002:000015E4       spaceRoot
 0001:00023104       SpeedHack
 0001:00023044       SpeedState_DecreaseSpeed_Check
 0001:0002307C       SpeedState_IncreaseSpeed_Check
 0001:000230AC       SpeedState_SetSpeed_Check
 0001:0001B270       SpliceInJump
 0002:00001994       StartedFrom
 0002:00000910       State_COB_extensions
 0002:00000964       State_MultiAILimit
 0002:00000954       State_PauseLock
 0002:00000940       State_SpeedHack
 0002:00000960       State_UnitLimit
 0001:000368BC       StatusToStr
 0002:00000958       StopPauseStateChange
 0001:000079EC       StrAlloc
 0001:0000B97C       StrByteType
 0001:0000BC10       StrCharLength
 0001:00013414       StringListCompareStrings
 0001:0001871C       StripFromString
 0001:000078E8       StrLCopy
 0001:000078A4       StrLen
 0001:00007E84       StrLFmt
 0001:0000791C       StrLIComp
 0001:000078BC       StrMove
 0001:00007A18       StrNew
 0001:0000BC44       StrNextChar
 0001:00007998       StrPos
 0001:00007960       StrScan
 0001:0000A30C       StrToDate
 0001:0000A404       StrToDateTime
 0001:00008698       StrToFloat
 0001:00006F80       StrToInt
 0001:00006FC0       StrToIntDef
 0001:0000A388       StrToTime
 0001:0003A1A0       StubCall
 0001:00019998       SupportsCompression
 0002:0000184C       SyncEvent
 0001:0001886C       SyncHeaders
 0002:00000430       SyncList
 0001:000162D0       SyncObjs
 0001:00000294       SysAllocStringLen
 0001:00005E78       SysConst
 0001:0000A4D0       SysErrorMessage
 0001:00001550       SysFreeMem
 0001:000002A4       SysFreeString
 0001:000013A4       SysGetMem
 0001:0000575C       SysInit
 0002:00001740       SysLocale
 0001:0000192C       SysReallocMem
 0001:0000029C       SysReAllocStringLen
 0001:000054C4       System
 0001:0000D220       SysUtils
 0002:000018F8       TAData
 0001:0001A17C       TADemoConsts
 0002:000018D0       TADemoVersion_cache
 0001:0001E978       TAMem.getActualUnitLimit
 0001:0001E924       TAMem.getGameSpeed
 0001:0001E9A4       TAMem.getIsAlteredUnitLimit
 0001:0001E94C       TAMem.getMaxUnitLimit
 0001:0001E9F8       TAMem.getPlayerIndex
 0001:0001EA7C       TAMem.GetUnitPtr
 0001:0001E9D0       TAMem.getUnitsPtr
 0001:0001E8FC       TAMem.getViewPLayer
 0001:0001E864       TAMem.IsTAVersion31
 0001:0001E620       TAMemManipulations
 0001:0001EAE0       TAPlayer.GetAlliedState
 0001:0001EB28       TAPlayer.PlayerType
 0001:0001EB50       TAUnit.getKills
 0001:0001EBA4       TAUnit.GetOwnerIndex
 0001:0001EB7C       TAUnit.GetOwnerPtr
 0001:00021E44       TA_FunctionsU
 0001:0001EBFC       TA_MemoryLocations
 0001:0002313C       TA_NetworkingMessages
 0001:0001B3DC       TCodeInjection.Create
 0001:0001B420       TCodeInjection.RestoreProc
 0001:0001B8C8       TCodeInjection_RelativeJmp.Create
 0001:0001B930       TCodeInjection_RelativeJmp.WriteProc
 0001:0001B560       TCodeInjection_Replacement.WriteProc
 0001:0001B714       TCodeInjection_StaticCall.WriteProc
 0001:00037C24       TCommandHandler.Create
 0001:00037FE8       TCommands.AddCommand
 0001:00037E84       TCommands.AddCommandAlias
 0001:00037DDC       TCommands.ClearCommands
 0001:00037CC8       TCommands.Create
 0001:00037D34       TCommands.destroy
 0001:00037D78       TCommands.GetCount
 0001:00037DA8       TCommands.GetItem
 0001:00037E3C       TCommands.LookUpCommand
 0001:00016270       TCriticalSection.Acquire
 0001:000161E0       TCriticalSection.Create
 0001:00016230       TCriticalSection.Destroy
 0001:00016288       TCriticalSection.Release
 0001:00015200       TCustomIniFile.Create
 0001:0001588C       TCustomIniFile.ReadBinaryStream
 0001:00015378       TCustomIniFile.ReadBool
 0001:000153AC       TCustomIniFile.ReadDate
 0001:00015468       TCustomIniFile.ReadDateTime
 0001:00015524       TCustomIniFile.ReadFloat
 0001:00015248       TCustomIniFile.ReadInteger
 0001:000155E0       TCustomIniFile.ReadTime
 0001:00015A00       TCustomIniFile.WriteBinaryStream
 0001:00015858       TCustomIniFile.WriteBool
 0001:0001569C       TCustomIniFile.WriteDate
 0001:00015704       TCustomIniFile.WriteDateTime
 0001:0001576C       TCustomIniFile.WriteFloat
 0001:00015314       TCustomIniFile.WriteInteger
 0001:000157D8       TCustomIniFile.WriteTime
 0001:00013C28       TCustomMemoryStream.Read
 0001:00013C98       TCustomMemoryStream.Seek
 0001:00013C00       TCustomMemoryStream.SetPointer
 0001:0000FF24       TCustomVariantType.BinaryOp
 0001:0000FF30       TCustomVariantType.Cast
 0001:0000FF68       TCustomVariantType.CastTo
 0001:0000FFF4       TCustomVariantType.CastToOle
 0001:0000FFB0       TCustomVariantType.Compare
 0001:0000FFBC       TCustomVariantType.CompareOp
 0001:00010030       TCustomVariantType.Destroy
 0001:00010110       TCustomVariantType.DispInvoke
 0001:000100BC       TCustomVariantType.IsClear
 0001:000100C0       TCustomVariantType.LeftPromotion
 0001:000100D4       TCustomVariantType.OlePromotion
 0001:00010134       TCustomVariantType.QueryInterface
 0001:000100DC       TCustomVariantType.RaiseCastError
 0001:000100EC       TCustomVariantType.RaiseDispError
 0001:000100E4       TCustomVariantType.RaiseInvalidOp
 0001:000100F4       TCustomVariantType.RightPromotion
 0001:00010108       TCustomVariantType.UnaryOp
 0001:0001011C       TCustomVariantType._AddRef
 0001:00010128       TCustomVariantType._Release
 0001:0002CAD8       TDPlay.AddGroupToGroup
 0001:0002BB54       TDPlay.AddPlayerToGroup
 0001:00025CCC       TDPlay.ChatMsgHandler
 0001:0002448C       TDPlay.checkForCheats
 0001:00032DD4       TDPlay.Close
 0001:000339CC       TDPlay.Create
 0001:0002C4B8       TDPlay.CreateGroup
 0001:0002BC54       TDPlay.CreateGroup
 0001:0002CB54       TDPlay.CreateGroupInGroup
 0001:00026930       TDPlay.createlogfile
 0001:0002BBD0       TDPlay.CreatePlayer
 0001:0002D164       TDPlay.CreatePlayer
 0001:0002CBE0       TDPlay.DeleteGroupFromGroup
 0001:0002BCD4       TDPlay.DeletePlayerFromGroup
 0001:000366EC       TDPlay.Destroy
 0001:0002BD50       TDPlay.DestroyGroup
 0001:0002D418       TDPlay.DestroyPlayer
 0001:000254D4       TDPlay.dobase
 0001:0002BDC8       TDPlay.EnableNewPlayers
 0001:0002D834       TDPlay.EnumConnections
 0001:0002BE40       TDPlay.EnumGroupPlayers
 0001:0002C540       TDPlay.EnumGroupPlayers
 0001:0002C5C8       TDPlay.EnumGroups
 0001:0002BEC4       TDPlay.EnumGroups
 0001:0002CC5C       TDPlay.EnumGroupsInGroup
 0001:0002D53C       TDPlay.EnumPlayers
 0001:0002BF48       TDPlay.EnumPlayers
 0001:0002BFCC       TDPlay.EnumSessions
 0001:0002D5FC       TDPlay.EnumSessions
 0001:000327E4       TDPlay.ExceptMessage
 0001:00033550       TDPlay.Exiting
 0001:000279AC       TDPlay.facexpshandler
 0001:0002C64C       TDPlay.GetCaps
 0001:0002C054       TDPlay.GetCaps
 0001:0002EEC8       TDPlay.GetFixFacExps
 0001:00032A74       TDPlay.GetGoodSource
 0001:0002CCE4       TDPlay.GetGroupConnectionSettings
 0001:0002C6C8       TDPlay.GetGroupData
 0001:0002CF6C       TDPlay.GetGroupFlags
 0001:0002C74C       TDPlay.GetGroupName
 0001:0002CFE8       TDPlay.GetGroupParent
 0001:0002C0CC       TDPlay.GetMessageCount
 0001:0002D064       TDPlay.GetPlayerAccount
 0001:0002D680       TDPlay.GetPlayerAddress
 0001:0002C7CC       TDPlay.GetPlayerCaps
 0001:0002C148       TDPlay.GetPlayerCaps
 0001:0002C84C       TDPlay.GetPlayerData
 0001:0002D0E8       TDPlay.GetPlayerFlags
 0001:0002C1C4       TDPlay.GetPlayerName
 0001:0002D934       TDPlay.GetPlayerName
 0001:0002EEFC       TDPlay.GetProtectDT
 0001:000244C4       TDPlay.GetRandomMap
 0001:00025BE8       TDPlay.getRecorderStatusString
 0001:00032BA4       TDPlay.GetServerPlayer
 0001:0002D744       TDPlay.GetSessionDesc
 0001:0002760C       TDPlay.Handleunitdata
 0001:00032BE8       TDPlay.ImServer
 0001:00024A24       TDPlay.initbuilding
 0001:00024AB8       TDPlay.initfastbase
 0001:0002C24C       TDPlay.Initialize
 0001:0002D8B8       TDPlay.InitializeConnection
 0001:000320EC       TDPlay.On3dta
 0001:000317C0       TDPlay.OnAbout
 0001:00030818       TDPlay.OnAutoPause
 0001:00030ECC       TDPlay.OnBase
 0001:0003079C       TDPlay.OnBaseOff
 0001:00030A18       TDPlay.OnCmdwarp
 0001:00031608       TDPlay.OnCrash
 0001:00032394       TDPlay.OnCreatetxt
 0001:0002F920       TDPlay.OnDate
 0001:00030F80       TDPlay.OnDoBase
 0001:0002F1BC       TDPlay.OnEhaoff
 0001:0002F288       TDPlay.OnEhaOn
 0001:0002F420       TDPlay.Onehareport
 0001:000327C4       TDPlay.OnException
 0001:00030968       TDPlay.Onf1off
 0001:0003261C       TDPlay.OnFakeWatch
 0001:0003190C       TDPlay.OnFixall
 0001:0002F03C       TDPlay.OnFixDisabled
 0001:0002F0FC       TDPlay.OnFixEnabled
 0001:00031974       TDPlay.OnFixFactoryExplosions
 0001:000326A8       TDPlay.OnForceCd
 0001:0002FCE0       TDPlay.OnGive
 0001:00031210       TDPlay.OnHelp
 0001:000306AC       TDPlay.OnHookReport
 0001:00032438       TDPlay.OnLockOn
 0001:000322F0       TDPlay.OnOnlyUnits
 0001:00031704       TDPlay.OnPanic
 0001:0002F5A0       TDPlay.OnPlayers
 0001:00031A5C       TDPlay.OnProtectDT
 0001:00032550       TDPlay.OnRandMap
 0001:00031E24       TDPlay.OnRecord
 0001:00032AF4       TDPlay.OnRemovePlayer
 0001:0002F7F8       TDPlay.OnReport
 0001:0002EF30       TDPlay.OnShareLos
 0001:00031B34       TDPlay.OnSharemapPos
 0001:000314D8       TDPlay.OnStatus
 0001:0002FE1C       TDPlay.OnStopGive
 0001:000322A4       TDPlay.OnStopLog
 0001:00030E70       TDPlay.OnSyncOff
 0001:00030AC8       TDPlay.OnSyncon
 0001:0002F354       TDPlay.OnTaHookOff
 0001:000302B0       TDPlay.OnTake
 0001:00031C6C       TDPlay.OnTime
 0001:0002FF00       TDPlay.OnUnits
 0001:0002FC14       TDPlay.OnVoteGo
 0001:0002FA30       TDPlay.OnVoteReady
 0001:000315B0       TDPlay.OnYankspank
 0001:0002C2C4       TDPlay.Open
 0001:00032C20       TDPlay.Open
 0001:00027D2C       TDPlay.PacketHandler
 0001:00026630       TDPlay.PacketLostHandler
 0001:0002C33C       TDPlay.Receive
 0001:0002E39C       TDPlay.Receive
 0001:00032E84       TDPlay.ResetRecorder
 0001:0002C3C4       TDPlay.SaveSession
 0001:0002CD68       TDPlay.SecureOpen
 0001:0002DF50       TDPlay.Send
 0001:00023EA0       TDPlay.SendAlliedChat
 0001:000239C4       TDPlay.SendChat
 0001:00023B08       TDPlay.SendChatLocal
 0001:00023C38       TDPlay.SendChatLocal2
 0001:0002CDEC       TDPlay.SendChatMessage
 0001:000243C4       TDPlay.SendClipboard
 0001:00023D2C       TDPlay.SendLocal
 0001:00023CFC       TDPlay.SendLocal
 0001:00024248       TDPlay.SendRecorderToRecorderMsg
 0001:00023F70       TDPlay.SendRecorderToRecorderMsg2
 0001:00027C2C       TDPlay.SetAutoPauseAtStart
 0001:00027C4C       TDPlay.SetCommanderWarp
 0001:00027C88       TDPlay.SetF1Disable
 0001:00027CE4       TDPlay.SetFastSpeed
 0001:0002CE70       TDPlay.SetGroupConnectionSettings
 0001:0002C8D0       TDPlay.SetGroupData
 0001:0002C954       TDPlay.SetGroupName
 0001:0002C9D4       TDPlay.SetPlayerData
 0001:0002C438       TDPlay.SetPlayerName
 0001:0002CA58       TDPlay.SetPlayerName
 0001:0002D7BC       TDPlay.SetSessionDesc
 0001:00027D08       TDPlay.SetSlowSpeed
 0001:00027CC4       TDPlay.SetSpeedLock
 0001:000273A0       TDPlay.SmartPak
 0001:0002CEF0       TDPlay.StartSession
 0001:00026568       TDPlay.UnitCountChange
 0001:00019C70       TempPath
 0002:00000320       TerminateProcList
 0002:00001046       Test8086
 0001:0001E114       TestByte
 0001:0001E14C       TestByte
 0001:0001E198       TestBytes
 0002:00001960       TestPlayer
 0002:00001974       TestPlayer
 0002:00001944       TestPlayerIndex
 0002:00001948       TestPlayerPtr
 0001:00001F28       TextClose
 0001:00022DE8       TextCommand_View_Hook
 0001:000183F8       textdata
 0001:0001A4AC       TextFileU
 0001:00001E9C       TextIn
 0001:00001F48       TextOpen
 0001:00001EDC       TextOut
 0001:00008524       TextToFloat
 0001:00013A58       TFileStream.Create
 0001:00013A08       TFileStream.Create
 0001:00013BB8       TFileStream.Destroy
 0001:00016584       TGpHugeFile.AccessFile
 0001:00017428       TGpHugeFile.AllocBuffer
 0001:00016D98       TGpHugeFile.BlockWrite
 0001:00017984       TGpHugeFile.BlockWriteUnsafe
 0001:00016BD4       TGpHugeFile.CheckHandle
 0001:00016B1C       TGpHugeFile.Close
 0001:00016414       TGpHugeFile.CreateEx
 0001:000164CC       TGpHugeFile.Destroy
 0001:000172C4       TGpHugeFile.FilePos
 0001:00017CC4       TGpHugeFile.FileSize
 0001:00016C40       TGpHugeFile.FileSizeNoCache
 0001:00017388       TGpHugeFile.Flush
 0001:000178C0       TGpHugeFile.FlushBuffer
 0001:00017560       TGpHugeFile.FreeBuffer
 0001:00017D40       TGpHugeFile.InitReadBuffer
 0001:00017D0C       TGpHugeFile.InitWriteBuffer
 0001:00017A40       TGpHugeFile.IsOpen
 0001:00017C5C       TGpHugeFile.LoadedToTheEOF
 0001:0001682C       TGpHugeFile.ResetEx
 0001:000169B8       TGpHugeFile.RewriteEx
 0001:000173FC       TGpHugeFile.RoundToPageSize
 0001:00017154       TGpHugeFile.Seek
 0001:0001764C       TGpHugeFile.Transmit
 0001:000171D8       TGpHugeFile.Truncate
 0001:00017C14       TGpHugeFile.Win32Check
 0001:00016EF0       TGpHugeFile._Seek
 0001:000138C4       THandleStream.Create
 0001:00013914       THandleStream.Read
 0001:00013984       THandleStream.Seek
 0001:000139B8       THandleStream.SetSize
 0001:000139D8       THandleStream.SetSize
 0001:0001394C       THandleStream.Write
 0002:00001686       ThousandSeparator
 0002:00001864       ThreadLock
 0001:0003B718       threadlogging
 0001:0003AC24       Thread_marshaller
 0001:00017A5C       ThrowCase1
 0001:00017B54       ThrowCase2
 0002:00001698       TimeAMString
 0001:0001F340       timeBeginPeriod
 0001:0001F348       timeGetDevCaps
 0001:0001F350       timeGetTime
 0002:0000169C       TimePMString
 0002:00001694       TimeSeparator
 0001:000099A8       TimeToStr
 0001:00016050       TIniFile.DeleteKey
 0001:00015B70       TIniFile.Destroy
 0001:00015FF4       TIniFile.EraseSection
 0001:00015D88       TIniFile.ReadSection
 0001:00015C7C       TIniFile.ReadSections
 0001:00015EA0       TIniFile.ReadSectionValues
 0001:00015BAC       TIniFile.ReadString
 0001:00016088       TIniFile.UpdateFile
 0001:00015C0C       TIniFile.WriteString
 0001:00004F60       TInterfacedObject.AfterConstruction
 0001:00004F6C       TInterfacedObject.BeforeDestruction
 0001:00004F7C       TInterfacedObject.NewInstance
 0001:00004F8C       TInterfacedObject.QueryInterface
 0001:00004FB4       TInterfacedObject._AddRef
 0001:00004FC8       TInterfacedObject._Release
 0001:0003A5D4       TlHelp32
 0001:000112D0       TList.Add
 0001:00011328       TList.Clear
 0001:00011348       TList.Delete
 0001:000112A4       TList.Destroy
 0001:000113E4       TList.Error
 0001:00011424       TList.Error
 0001:00011844       TList.Extract
 0001:00011484       TList.Get
 0001:000114CC       TList.Grow
 0001:00011524       TList.IndexOf
 0001:000118A0       TList.Notify
 0001:00011570       TList.Put
 0001:00011600       TList.Remove
 0001:00011634       TList.SetCapacity
 0001:00011690       TList.SetCount
 0001:00011808       TList.Sort
 0001:00038398       TLobby.Connect
 0001:0003957C       TLobby.Create
 0001:00038548       TLobby.CreateAddress
 0001:000394C4       TLobby.CreateCompoundAddress
 0001:000385FC       TLobby.EnumAddress
 0001:000386A8       TLobby.EnumAddressTypes
 0001:00038758       TLobby.EnumLocalApplications
 0001:00038808       TLobby.GetConnectionSettings
 0001:000388B8       TLobby.ReceiveLobbyMessage
 0001:00038A80       TLobby.RunApplication
 0001:000391EC       TLobby.SendLobbyMessage
 0001:00039364       TLobby.SetConnectionSettings
 0001:00039414       TLobby.SetLobbyMessageEvent
 0001:0001ACDC       TLog.Add
 0001:0001AC58       TLog.Add
 0001:0001AE50       TLog.Add
 0001:0001AB40       TLog.Add2
 0001:0001A774       TLog.Create
 0001:0001AA6C       TLog.Destroy
 0001:0001AB14       TLog.Flush
 0001:0001F678       TLog2.Add
 0001:0001F580       TLog2.Create
 0001:0001F828       TLog2.Destroy
 0001:0001F650       TLog2.Flush
 0001:000055A8       TlsAlloc
 0002:0000166C       tlsBuffer
 0001:000055B0       TlsFree
 0001:000055B8       TlsGetValue
 0002:000000A4       TlsIndex
 0002:FF8C300C       TlsLast
 0002:000000C4       TlsProc
 0001:000055C0       TlsSetValue
 0001:00013D2C       TMemoryStream.Clear
 0001:00013CF0       TMemoryStream.Destroy
 0001:00013DCC       TMemoryStream.Realloc
 0001:00013D50       TMemoryStream.SetCapacity
 0001:00013D84       TMemoryStream.SetSize
 0001:00013E94       TMemoryStream.Write
 0001:0003A6D8       TModuleInfo.Create
 0001:0000CCA0       TMultiReadExclusiveWriteSynchronizer.BeginRead
 0001:0000CB58       TMultiReadExclusiveWriteSynchronizer.BeginWrite
 0001:0000CAD0       TMultiReadExclusiveWriteSynchronizer.BlockReaders
 0001:0000C9E4       TMultiReadExclusiveWriteSynchronizer.Create
 0001:0000CA74       TMultiReadExclusiveWriteSynchronizer.Destroy
 0001:0000CD28       TMultiReadExclusiveWriteSynchronizer.EndRead
 0001:0000CC34       TMultiReadExclusiveWriteSynchronizer.EndWrite
 0001:0000CB00       TMultiReadExclusiveWriteSynchronizer.UnblockOneWriter
 0001:0000CAE8       TMultiReadExclusiveWriteSynchronizer.UnblockReaders
 0001:0000CB18       TMultiReadExclusiveWriteSynchronizer.WaitForReadSignal
 0001:0000CB38       TMultiReadExclusiveWriteSynchronizer.WaitForWriteSignal
 0001:00002E10       TObject.AfterConstruction
 0001:00002E14       TObject.BeforeDestruction
 0001:00002B64       TObject.ClassName
 0001:00002B78       TObject.ClassParent
 0001:00002B58       TObject.ClassType
 0001:00002C50       TObject.CleanupInstance
 0001:00002BBC       TObject.Create
 0001:00002E0C       TObject.DefaultHandler
 0001:00002BDC       TObject.Destroy
 0001:00002E18       TObject.Dispatch
 0001:00002BEC       TObject.Free
 0001:00002BA0       TObject.FreeInstance
 0001:00002CA0       TObject.GetInterface
 0001:00002D40       TObject.GetInterfaceEntry
 0001:00002DF0       TObject.InheritsFrom
 0001:00002BF8       TObject.InitInstance
 0001:00002BB4       TObject.InstanceSize
 0001:00002B84       TObject.NewInstance
 0001:00002E04       TObject.SafeCallException
 0001:000184A0       TObjectList.Add
 0001:000184C4       TObjectList.Create
 0001:00018514       TObjectList.Extract
 0001:00018538       TObjectList.GetItem
 0001:0001855C       TObjectList.Notify
 0001:0000490C       ToLongPath
 0001:0002184C       TPacket.Compress
 0001:00020710       TPacket.Create
 0001:00021390       TPacket.Decompress
 0001:00021120       TPacket.Decrypt
 0001:00021268       TPacket.Encrypt
 0001:00020888       TPacket.GetRawData2
 0001:000208C4       TPacket.GetTAData
 0001:0002084C       TPacket.GetTimestamp
 0001:00020928       TPacket.PacketLength
 0001:000207BC       TPacket.SJCreateNew
 0001:00020DB0       TPacket.Split2
 0001:00011A14       TPersistent.Assign
 0001:00011A40       TPersistent.AssignError
 0001:00011B18       TPersistent.AssignTo
 0001:00011B34       TPersistent.DefineProperties
 0001:000119D8       TPersistent.Destroy
 0001:00011B44       TPersistent.GetNamePath
 0001:00011BFC       TPersistent.GetOwner
 0001:0003694C       TPlayerData.Create
 0001:00036A8C       TPlayerData.IsSelf
 0001:00036B14       TPlayerData.IsServer
 0001:00036A14       TPlayerData.OnPlayerRemoved
 0001:00036E78       TPlayers.Add
 0001:00036D88       TPlayers.Clear
 0001:00037828       TPlayers.Convert
 0001:000379A4       TPlayers.ConvertId
 0001:00036BA4       TPlayers.Create
 0001:00036D2C       TPlayers.Destroy
 0001:00037418       TPlayers.getCount
 0001:00037634       TPlayers.GetData_
 0001:00037434       TPlayers.Name
 0001:000374D8       TPlayers.Name
 0001:000373DC       TPlayers.Remove
 0001:00036ECC       TPlayers.Remove
 0001:00021F58       TPluginCommands.ClearCommands
 0001:00021EA8       TPluginCommands.Create
 0001:00021F14       TPluginCommands.destroy
 0001:00021FB8       TPluginCommands.LookUpCommand
 0001:0001BB80       TPluginData.create
 0001:0001BCEC       TPluginData.MakeNOPReplacement
 0001:0001BC24       TPluginData.MakeRelativeJmp
 0001:0001BD90       TPluginData.MakeReplacement
 0001:0001BC98       TPluginData.MakeStaticCall
 0001:0001BE48       TPluginData.NewCodeInjection
 0001:0000A8E0       TranslateDateFormat
 0001:0000E334       TranslateResult
 0001:000140A4       TReader.CheckValue
 0001:000140D4       TReader.EndOfList
 0001:000140F8       TReader.NextValue
 0001:0001411C       TReader.Read
 0001:00014168       TReader.ReadBuffer
 0001:000141BC       TReader.ReadListBegin
 0001:000141D0       TReader.ReadListEnd
 0001:000141E4       TReader.ReadStr
 0001:0001422C       TReader.ReadString
 0001:000143E8       TReader.ReadValue
 0001:000142F0       TReader.ReadWideString
 0001:00014718       TReader.SkipBytes
 0001:000146C8       TReader.SkipProperty
 0001:00014408       TReader.SkipSetBody
 0001:0001452C       TReader.SkipValue
 0001:00010EC8       TRegGroup.Create
 0001:00010F50       TRegGroup.Destroy
 0001:00010FD4       TRegGroup.UnregisterModuleClasses
 0001:000110B0       TRegGroups.Create
 0001:0001113C       TRegGroups.Destroy
 0001:000111B8       TRegGroups.Lock
 0001:000111D0       TRegGroups.Unlock
 0001:000111E8       TRegGroups.UnregisterModuleClasses
 0001:00020228       TRegIniFile.Create
 0001:000201DC       TRegIniFile.Create
 0001:0002060C       TRegIniFile.ReadBool
 0001:0002040C       TRegIniFile.ReadInteger
 0001:0002028C       TRegIniFile.ReadString
 0001:00020518       TRegIniFile.WriteInteger
 0001:0002035C       TRegIniFile.WriteString
 0001:0001FC34       TRegistry.ChangeKey
 0001:0001FBA4       TRegistry.CloseKey
 0001:0001FB18       TRegistry.Create
 0001:0001FAC0       TRegistry.Create
 0001:0001FCBC       TRegistry.CreateKey
 0001:0001FB68       TRegistry.Destroy
 0001:0001FC68       TRegistry.GetBaseKey
 0001:00020098       TRegistry.GetData
 0001:0001FED8       TRegistry.GetDataInfo
 0001:0001FF34       TRegistry.GetDataSize
 0001:0002013C       TRegistry.GetKey
 0001:0001FDA0       TRegistry.OpenKey
 0001:00020028       TRegistry.PutData
 0001:0001FF9C       TRegistry.ReadString
 0001:0001FCA0       TRegistry.SetCurrentKey
 0001:0001FBEC       TRegistry.SetRootKey
 0001:00020118       TRegistry.ValueExists
 0001:0001FF68       TRegistry.WriteString
 0001:00006D04       Trim
 0001:00006D78       TrimLeft
 0002:00001788       TrueBoolStrs
 0001:00008944       TryEncodeDate
 0001:000087DC       TryEncodeTime
 0001:0000125C       TryHarder
 0001:00002334       TryOpenForInput
 0001:000025D8       TryOpenForOutput
 0001:00007100       TryStrToBool
 0001:00008770       TryStrToCurr
 0001:0000A344       TryStrToDate
 0001:0000A43C       TryStrToDateTime
 0001:00008738       TryStrToFloat
 0001:00008700       TryStrToFloat
 0001:000086D8       TryStrToFloat
 0001:00006FF0       TryStrToInt
 0001:0000A3C0       TryStrToTime
 0001:000137CC       TStream.CopyFrom
 0001:000134FC       TStream.GetPosition
 0001:00013540       TStream.GetSize
 0001:0001373C       TStream.ReadBuffer
 0001:00013640       TStream.Seek
 0001:000136CC       TStream.Seek
 0001:00013524       TStream.SetPosition
 0001:0001359C       TStream.SetSize
 0001:0001358C       TStream.SetSize
 0001:00013784       TStream.WriteBuffer
 0001:00012BD4       TStringList.Add
 0001:00012BFC       TStringList.AddObject
 0001:00012C74       TStringList.Changed
 0001:00012CA0       TStringList.Changing
 0001:00012CCC       TStringList.Clear
 0001:000134BC       TStringList.CompareStrings
 0001:0001346C       TStringList.CustomSort
 0001:00012D20       TStringList.Delete
 0001:00012B58       TStringList.Destroy
 0001:00012DC0       TStringList.Exchange
 0001:00012E3C       TStringList.ExchangeItems
 0001:00012EA8       TStringList.Find
 0001:00012F40       TStringList.Get
 0001:00012F8C       TStringList.GetCapacity
 0001:00012FA8       TStringList.GetCount
 0001:00012FC4       TStringList.GetObject
 0001:0001300C       TStringList.Grow
 0001:00013064       TStringList.IndexOf
 0001:000130B0       TStringList.Insert
 0001:00013140       TStringList.InsertItem
 0001:000130D8       TStringList.InsertObject
 0001:000131E8       TStringList.Put
 0001:00013260       TStringList.PutObject
 0001:000132BC       TStringList.QuickSort
 0001:00013380       TStringList.SetCapacity
 0001:000133AC       TStringList.SetSorted
 0001:000133E4       TStringList.SetUpdateState
 0001:00013450       TStringList.Sort
 0001:00014D48       TStringQueue.Clear
 0001:00014CD8       TStringQueue.Create
 0001:00014F00       TStringQueue.DeQueue
 0001:00014E7C       TStringQueue.EnQueue
 0001:00014FA8       TStringQueue.Examine
 0001:00014D6C       TStringQueue.Grow
 0001:00011C50       TStrings.Add
 0001:00011C80       TStrings.AddObject
 0001:00011CB4       TStrings.AddStrings
 0001:00011D74       TStrings.Assign
 0001:00011E18       TStrings.BeginUpdate
 0001:00012AD4       TStrings.CompareStrings
 0001:00011E9C       TStrings.DefineProperties
 0001:00011C14       TStrings.Destroy
 0001:00011EE8       TStrings.EndUpdate
 0001:00011F0C       TStrings.Equals
 0001:00012008       TStrings.Error
 0001:00011FC8       TStrings.Error
 0001:00012068       TStrings.Exchange
 0001:00012154       TStrings.GetCapacity
 0001:00012AF8       TStrings.GetNameValueSeparator
 0001:00012170       TStrings.GetObject
 0001:00012188       TStrings.GetText
 0001:000121E4       TStrings.GetTextStr
 0001:0001232C       TStrings.IndexOf
 0001:000123B8       TStrings.IndexOfName
 0001:00012494       TStrings.IndexOfObject
 0001:000124E0       TStrings.InsertObject
 0001:00012514       TStrings.LoadFromFile
 0001:00012570       TStrings.LoadFromStream
 0001:00012624       TStrings.Move
 0001:000126E0       TStrings.Put
 0001:00012720       TStrings.PutObject
 0001:00012734       TStrings.ReadData
 0001:000127E4       TStrings.SaveToFile
 0001:00012844       TStrings.SaveToStream
 0001:000128A4       TStrings.SetCapacity
 0001:00012B24       TStrings.SetNameValueSeparator
 0001:000128B4       TStrings.SetStringsAdapter
 0001:00012900       TStrings.SetText
 0001:00012958       TStrings.SetTextStr
 0001:00012A38       TStrings.SetUpdateState
 0001:00012A48       TStrings.WriteData
 0001:000161C8       TSynchroObject.Acquire
 0001:000161D4       TSynchroObject.Release
 0001:0001A1DC       TTextFile.Create_Append
 0001:0001A2B4       TTextFile.Create_Rewrite
 0001:0001A374       TTextFile.Destroy
 0001:0001A3B0       TTextFile.Flush
 0001:0001A3D8       TTextFile.Writeln
 0001:000118B4       TThreadList.Create
 0001:0001191C       TThreadList.Destroy
 0001:00011998       TThreadList.LockList
 0001:000119C0       TThreadList.UnlockList
 0001:0000C95C       TThreadLocalCounter.Delete
 0001:0000C80C       TThreadLocalCounter.Destroy
 0001:0000C888       TThreadLocalCounter.HashIndex
 0001:0000C8AC       TThreadLocalCounter.Open
 0001:0000C980       TThreadLocalCounter.Recycle
 0002:000000F0       TwoDigitYearCenturyWindow
 0001:00014774       TWriter.Write
 0001:000147C0       TWriter.WriteBuffer
 0001:000147EC       TWriter.WriteListBegin
 0001:00014800       TWriter.WriteListEnd
 0001:00014814       TWriter.WriteMinStr
 0001:000148C4       TWriter.WriteString
 0001:00014920       TWriter.WriteValue
 0001:00005794       Types
 0001:0001047C       TypInfo
 0001:00019564       uDebug
 0001:000001C4       UnhandledExceptionFilter
 0001:00004FF0       UnicodeToUtf8
 0001:00000C20       UninitAllocator
 0001:0003B130       UninstallCodeInjections
 0001:0001C178       UnInstallPlugins
 0001:00003E04       UniqueString
 0001:0003AEDC       UnitLimit
 0002:00001958       UnitPtr
 0002:0000189C       Units
 0002:00001904       UNIT_IS_ON_THIS_COMP
 0001:0000D2F8       UniUnimplemented
 0001:00004E8C       UnregisterModule
 0001:00011254       UnRegisterModuleClasses
 0001:000034CC       UnsetExceptionHandler
 0001:0001B348       UnSpliceJump
 0001:00006AB0       UpperCase
 0002:00000944       Upperlimit
 0002:00000934       UseCompression
 0001:000052B0       UTF8Decode
 0001:00005204       UTF8Encode
 0001:000050CC       Utf8ToUnicode
 0002:00000928       Values
 0002:00000434       Values
 0002:000017AC       VarAdd
 0002:00000014       VarAddRefProc
 0002:000017C4       VarAnd
 0001:0000E6A8       VarArrayClear
 0001:0000E948       VarArrayCopyForEach
 0001:0000E2E0       VarArrayCreateError
 0002:000017E8       VarBoolFromStr
 0002:000017F4       VarBstrFromBool
 0002:000017EC       VarBstrFromCy
 0002:000017F0       VarBstrFromDate
 0001:0000E100       VarCastError
 0001:0000E154       VarCastError
 0001:0000E824       VarClearDeep
 0002:00000010       VarClearProc
 0002:000017D0       VarCmp
 0001:0000EB28       VarCopyCopyProc
 0001:0000EB30       VarCopyDeep
 0002:00000018       VarCopyProc
 0002:000017E4       VarCyFromStr
[...]

Line numbers for idplay(AddCommands.inc) segment .text

    17 0001:00033ACD    21 0001:00033AFE    28 0001:00033B2F    31 0001:00033B60
    34 0001:00033B91    37 0001:00033BC2    40 0001:00033BF3    43 0001:00033C24
    46 0001:00033C55    49 0001:00033C86    52 0001:00033CB7    55 0001:00033CEB
    58 0001:00033D1F    61 0001:00033D50    64 0001:00033D81    67 0001:00033DB2
    70 0001:00033DE3    74 0001:00033E14    78 0001:00033E45    81 0001:00033E5D
    87 0001:00033E8E    90 0001:00033EBF    93 0001:00033EF0    96 0001:00033F21
   101 0001:00033F52   104 0001:00033F86   107 0001:00033FB7   112 0001:00033FEB
   118 0001:0003401C   126 0001:00034050   129 0001:00034081   133 0001:000340B2
   137 0001:000340E3   140 0001:00034114   145 0001:00034145   148 0001:00034176
   151 0001:000341A7   154 0001:000341D8   157 0001:00034209   161 0001:0003423D
   164 0001:00034271   167 0001:000342A5   170 0001:000342D6   174 0001:00034307
   178 0001:00034338   181 0001:00034369   184 0001:0003439A   188 0001:000343CE
   192 0001:000343FF

Line numbers for idplay(idplay.pas) segment .text

  3456 0001:00034430  3457 0001:00034470  3460 0001:000366EC  3461 0001:000366FD
  3462 0001:00036707  3463 0001:00036712  3472 0001:0003671A  3473 0001:00036726
  3474 0001:00036733  3475 0001:00036741  3476 0001:0003674E  3477 0001:0003675B
  3478 0001:00036768  3479 0001:00036772  3480 0001:00036777  3481 0001:00036782
  3482 0001:0003679E  3484 0001:000367E0  3484 0001:000367E7

Line numbers for PlayerDataU(PlayerDataU.pas) segment .text

   185 0001:000368BC   186 0001:000368C8   187 0001:000368D7   188 0001:000368E6
   189 0001:000368F5   191 0001:00036904   193 0001:00036911   200 0001:0003694C
   201 0001:00036967   202 0001:00036981   203 0001:0003698F   204 0001:00036998
   205 0001:000369BD   209 0001:00036A14   210 0001:00036A20   212 0001:00036A2C
   213 0001:00036A37   212 0001:00036A76   214 0001:00036A7C   216 0001:00036A86
   219 0001:00036A8C   220 0001:00036A95   221 0001:00036AAF   222 0001:00036ABD
   225 0001:00036B14   226 0001:00036B1E   227 0001:00036B38   228 0001:00036B4E
   237 0001:00036BA4   238 0001:00036BBC   239 0001:00036BC6   240 0001:00036BD8
   241 0001:00036BEA   242 0001:00036BF9   243 0001:00036C08   244 0001:00036C17
   245 0001:00036C35   246 0001:00036C3E   247 0001:00036C5B   248 0001:00036C64
   250 0001:00036C81   251 0001:00036C9A   252 0001:00036CC0   255 0001:00036D2C
   256 0001:00036D3D   257 0001:00036D45   258 0001:00036D50   259 0001:00036D5B
   260 0001:00036D66   261 0001:00036D82   267 0001:00036D88   268 0001:00036D91
   271 0001:00036D9C   272 0001:00036DB2   273 0001:00036DC3   275 0001:00036DC9
   276 0001:00036DD9   278 0001:00036DE1   279 0001:00036DEF   269 0001:00036DFD
   281 0001:00036E09   284 0001:00036E14   285 0001:00036E2A   286 0001:00036E3B
   288 0001:00036E41   289 0001:00036E51   291 0001:00036E59   282 0001:00036E67
   293 0001:00036E73   296 0001:00036E78   297 0001:00036E87   298 0001:00036E9D
   299 0001:00036EBB   300 0001:00036EC7   307 0001:00036ECC   308 0001:00036EF4
   309 0001:00036EFE   310 0001:00036F0C   311 0001:00036F16   312 0001:00036F22
   313 0001:00036F2D   314 0001:00036F33   316 0001:00036F34   318 0001:00036F56
   319 0001:00036F6C   320 0001:00036FCB   321 0001:00037011   322 0001:00037051
   323 0001:00037097   325 0001:000370DD   326 0001:00037123   327 0001:00037169
   316 0001:0003716C   329 0001:00037175   331 0001:00037190   332 0001:000371B2
   331 0001:000371D3   334 0001:000371D8   335 0001:000371DF   334 0001:0003721A
   336 0001:00037220   337 0001:00037240   338 0001:0003725D   339 0001:0003727D
   340 0001:0003729D   341 0001:000372BF   344 0001:000372E1   345 0001:000372EE
   346 0001:000372FD   347 0001:0003730C   349 0001:00037319   350 0001:00037323
   352 0001:00037357   354 0001:0003738C   360 0001:000373DC   361 0001:000373EB
   362 0001:000373FD   363 0001:00037403   364 0001:00037411   367 0001:00037418
   368 0001:00037421   369 0001:00037430   374 0001:00037434   375 0001:00037443
   376 0001:00037449   377 0001:00037458   380 0001:00037467   381 0001:00037468
   382 0001:0003746B   383 0001:0003746E   385 0001:0003746F   388 0001:0003748A
   389 0001:00037498   394 0001:000374D8   395 0001:000374FE   396 0001:00037504
   397 0001:00037516   401 0001:0003756D   402 0001:0003756E   403 0001:00037571
   404 0001:00037574   406 0001:00037575   409 0001:000375A9   410 0001:000375EE
   415 0001:00037634   416 0001:00037659   417 0001:00037673   419 0001:00037679
   420 0001:00037685   423 0001:0003768F   424 0001:0003769D   431 0001:000376F4
   432 0001:000376F5   433 0001:000376F8   434 0001:000376FB   436 0001:000376FC
   439 0001:00037751   442 0001:0003775B   445 0001:00037761   446 0001:000377A1
   452 0001:00037828   453 0001:0003784E   455 0001:00037869   456 0001:0003787A
   458 0001:00037889   453 0001:0003788C   459 0001:00037892   461 0001:00037898
   463 0001:0003789E   464 0001:000378AA   465 0001:000378B4   467 0001:000378B6
   469 0001:000378BC   470 0001:000378C5   473 0001:000378CA   475 0001:000378E5
   476 0001:000378F6   478 0001:00037901   473 0001:00037904   479 0001:0003790A
   482 0001:00037910   483 0001:00037911   484 0001:00037914   485 0001:00037917
   487 0001:00037918   490 0001:00037955   491 0001:0003797F   501 0001:000379A4
   502 0001:000379CA   503 0001:000379E5   505 0001:000379FB   506 0001:00037A17
   507 0001:00037A1C   502 0001:00037A1F   508 0001:00037A25   510 0001:00037A2B
   512 0001:00037A31   513 0001:00037A3D   515 0001:00037A43   516 0001:00037A58
   519 0001:00037A5A   521 0001:00037A60   522 0001:00037A78   525 0001:00037A7A
   528 0001:00037A80   529 0001:00037A81   530 0001:00037A84   531 0001:00037A87
   533 0001:00037A88   536 0001:00037AC5   537 0001:00037AEE   539 0001:00037B44
   539 0001:00037B4B

Line numbers for CommandHandlerU(CommandHandlerU.pas) segment .text

    99 0001:00037C24   100 0001:00037C3F   101 0001:00037C4D   102 0001:00037C5B
   103 0001:00037C69   104 0001:00037C72   105 0001:00037C7B   106 0001:00037C84
   107 0001:00037C8D   108 0001:00037C96   109 0001:00037CC0   116 0001:00037CC8
   117 0001:00037CE0   118 0001:00037CEA   119 0001:00037CFC   120 0001:00037D09
   121 0001:00037D2E   124 0001:00037D34   125 0001:00037D45   126 0001:00037D4D
   127 0001:00037D58   128 0001:00037D74   131 0001:00037D78   132 0001:00037D81
   133 0001:00037D8A   135 0001:00037D9A   136 0001:00037DA2   139 0001:00037DA8
   140 0001:00037DB4   141 0001:00037DBD   143 0001:00037DD0   144 0001:00037DD8
   148 0001:00037DDC   149 0001:00037DE5   150 0001:00037DEE   151 0001:00037E12
   150 0001:00037E28   152 0001:00037E2D   153 0001:00037E38   174 0001:00037E3C
   175 0001:00037E49   176 0001:00037E61   178 0001:00037E74   179 0001:00037E7C
   189 0001:00037E84   190 0001:00037EA9   191 0001:00037EB6   192 0001:00037EC4
   194 0001:00037ECE   196 0001:00037EEA   205 0001:00037F36   206 0001:00037F44
   208 0001:00037F64   209 0001:00037F6C   215 0001:00037F78   216 0001:00037F79
   217 0001:00037F7C   218 0001:00037F7F   220 0001:00037F80   223 0001:00037FC4
   239 0001:00037FE8   240 0001:0003800D   241 0001:0003801A   243 0001:00038032
   246 0001:00038066   247 0001:00038074   249 0001:00038094   250 0001:0003809C
   256 0001:000380A8   257 0001:000380A9   258 0001:000380AC   259 0001:000380AF
   261 0001:000380B0   263 0001:000380F4   265 0001:0003814C   265 0001:00038153

Line numbers for DPLobbyWrapper(DPLobbyWrapper.pas) segment .text

    47 0001:00038154    63 0001:00038398    64 0001:000383BF    65 0001:000383CD
    66 0001:000383E8    67 0001:000383FC    68 0001:00038414    69 0001:0003841E
    70 0001:00038435    71 0001:00038447    74 0001:00038462    76 0001:0003847F
    78 0001:000384A9    80 0001:000384AC    81 0001:000384B4    82 0001:000384BC
    85 0001:000384F6    89 0001:00038548    90 0001:00038551    91 0001:0003855F
    92 0001:00038586    93 0001:0003859A    95 0001:000385BF    97 0001:000385C2
    98 0001:000385CA   101 0001:000385D7   105 0001:000385FC   106 0001:00038605
   107 0001:00038613   108 0001:00038632   109 0001:00038646   111 0001:0003866B
   113 0001:0003866E   114 0001:00038676   117 0001:00038683   122 0001:000386A8
   123 0001:000386B1   124 0001:000386BF   125 0001:000386DE   126 0001:000386F2
   128 0001:00038717   130 0001:0003871A   131 0001:00038722   134 0001:0003872F
   139 0001:00038758   140 0001:00038761   141 0001:0003876F   142 0001:0003878A
   143 0001:0003879E   145 0001:000387C3   147 0001:000387C6   148 0001:000387CE
   151 0001:000387DB   155 0001:00038808   156 0001:00038811   157 0001:0003881F
   158 0001:0003883A   159 0001:0003884E   161 0001:00038873   163 0001:00038876
   164 0001:0003887E   167 0001:0003888B   172 0001:000388B8   173 0001:000388C1
   174 0001:000388CF   176 0001:000388F2   177 0001:00038906   179 0001:0003890C
   180 0001:00038924   181 0001:0003893E   182 0001:00038956   186 0001:00038972
   187 0001:00038986   189 0001:000389AB   191 0001:000389AE   192 0001:000389B6
   195 0001:000389C3   199 0001:00038A80   200 0001:00038A9E   201 0001:00038AAC
   202 0001:00038ACB   203 0001:00038ADF   204 0001:00038AF7   205 0001:00038B11
   207 0001:00038B2C   208 0001:00038B4A   209 0001:00038B68   210 0001:00038B86
   211 0001:00038BA4   212 0001:00038BC2   213 0001:00038BF5   214 0001:00038C13
   215 0001:00038C31   216 0001:00038C4F   218 0001:00038C6D   219 0001:00038CA0
   221 0001:00038CD3   222 0001:00038CEE   223 0001:00038D09   225 0001:00038D24
   226 0001:00038D3C   228 0001:00038D61   230 0001:00038D64   231 0001:00038D6C
   234 0001:00038D9B   238 0001:000391EC   239 0001:000391F5   240 0001:00039203
   241 0001:00039222   242 0001:00039236   244 0001:0003923C   245 0001:00039254
   246 0001:0003926C   250 0001:00039286   251 0001:0003929A   253 0001:000392BF
   255 0001:000392C2   256 0001:000392CA   259 0001:000392D7   263 0001:00039364
   264 0001:0003936D   265 0001:0003937B   266 0001:00039396   267 0001:000393AA
   269 0001:000393CF   271 0001:000393D2   272 0001:000393DA   275 0001:000393E7
   279 0001:00039414   280 0001:0003941D   281 0001:0003942B   282 0001:00039446
   283 0001:0003945A   285 0001:0003947F   287 0001:00039482   288 0001:0003948A
   291 0001:00039497   298 0001:000394C4   299 0001:000394CD   300 0001:000394DB
   301 0001:000394FA   302 0001:0003950E   304 0001:00039533   306 0001:00039536
   307 0001:0003953E   310 0001:0003954B   315 0001:0003957C   316 0001:000395B0
   317 0001:000395BE   318 0001:000395C8   319 0001:000395D6   321 0001:000395F3
   322 0001:00039607   324 0001:0003962C   326 0001:0003962F   327 0001:00039637
   330 0001:00039679   332 0001:000396C8   332 0001:000396CF

Line numbers for Dplayx_exports(Dplayx_exports.pas) segment .text

   117 0001:000396D0   118 0001:000396D4   119 0001:000396F2   122 0001:000396F8
   133 0001:000396FC   135 0001:00039705   136 0001:0003970E   137 0001:00039716
   138 0001:0003971F   140 0001:00039735   141 0001:0003973C   148 0001:00039768
   149 0001:00039771   150 0001:0003978B   151 0001:00039799   152 0001:000397A2
   153 0001:000397B7   154 0001:000397C0   156 0001:000397D1   157 0001:000397E5
   159 0001:0003980A   161 0001:0003980D   162 0001:00039815   165 0001:00039822
   171 0001:00039860   172 0001:00039869   173 0001:00039883   174 0001:00039891
   175 0001:0003989A   176 0001:000398AF   177 0001:000398B8   179 0001:000398C9
   180 0001:000398DD   182 0001:00039902   184 0001:00039905   185 0001:0003990D
   188 0001:0003991A   195 0001:00039960   196 0001:00039969   197 0001:00039983
   198 0001:00039991   199 0001:0003999A   200 0001:000399AF   201 0001:000399B8
   203 0001:000399C9   204 0001:000399DD   206 0001:00039A02   208 0001:00039A05
   209 0001:00039A0D   212 0001:00039A1A   220 0001:00039A60   221 0001:00039A83
   222 0001:00039A9D   223 0001:00039AAB   224 0001:00039AB4   225 0001:00039AC9
   226 0001:00039AD2   227 0001:00039AE7   229 0001:00039AED   230 0001:00039B01
   231 0001:00039B19   232 0001:00039B23   233 0001:00039B46   237 0001:00039B57
   238 0001:00039B6B   239 0001:00039B83   240 0001:00039BB0   243 0001:00039BD5
   245 0001:00039BD8   246 0001:00039BE0   249 0001:00039C1F   257 0001:00039CC8
   258 0001:00039CE7   259 0001:00039D01   260 0001:00039D0F   261 0001:00039D18
   262 0001:00039D2D   263 0001:00039D36   265 0001:00039D53   266 0001:00039D67
   268 0001:00039D8C   270 0001:00039D8F   271 0001:00039D97   274 0001:00039DC1
   283 0001:00039E08   284 0001:00039E2B   285 0001:00039E45   286 0001:00039E53
   287 0001:00039E5C   288 0001:00039E71   289 0001:00039E7A   290 0001:00039E97
   292 0001:00039E9D   293 0001:00039EB1   294 0001:00039EC9   298 0001:00039ED3
   303 0001:00039EF5   304 0001:00039F09   305 0001:00039F21   306 0001:00039F4E
   309 0001:00039F73   311 0001:00039F76   312 0001:00039F7E   315 0001:00039FBD
   326 0001:0003A05C   327 0001:0003A065   328 0001:0003A075   329 0001:0003A083
   331 0001:0003A088   332 0001:0003A09C   334 0001:0003A0C1   336 0001:0003A0C4
   337 0001:0003A0CC   340 0001:0003A0D9   343 0001:0003A0FC   344 0001:0003A105
   345 0001:0003A115   346 0001:0003A123   348 0001:0003A128   349 0001:0003A13C
   351 0001:0003A161   353 0001:0003A164   354 0001:0003A16C   357 0001:0003A179
   363 0001:0003A1A0   365 0001:0003A1A3   367 0001:0003A1AA   368 0001:0003A1C3
   401 0001:0003A1E4   401 0001:0003A210   370 0001:0003A214   392 0001:0003A220
   393 0001:0003A229   394 0001:0003A233   395 0001:0003A23C   397 0001:0003A246

Line numbers for TlHelp32(TlHelp32.pas) segment .text

   339 0001:0003A248   340 0001:0003A24C   342 0001:0003A259   343 0001:0003A268
   345 0001:0003A275   346 0001:0003A28A   347 0001:0003A29F   348 0001:0003A2B4
   349 0001:0003A2C9   350 0001:0003A2DE   351 0001:0003A2F3   352 0001:0003A308
   353 0001:0003A31D   354 0001:0003A332   355 0001:0003A347   356 0001:0003A35C
   357 0001:0003A371   358 0001:0003A386   359 0001:0003A39B   360 0001:0003A3B0
   363 0001:0003A3C5   364 0001:0003A3E3   367 0001:0003A508   368 0001:0003A514
   369 0001:0003A51D   370 0001:0003A530   371 0001:0003A538   452 0001:0003A53C
   453 0001:0003A548   454 0001:0003A551   455 0001:0003A564   456 0001:0003A56C
   459 0001:0003A570   460 0001:0003A57C   461 0001:0003A585   462 0001:0003A598
   463 0001:0003A5A0   479 0001:0003A5D4   479 0001:0003A5DB

Line numbers for ErrorLog_ExtraData(plugins\ErrorLog_ExtraData.pas) segment .text

    29 0001:0003A5DC    33 0001:0003A5E0    36 0001:0003A5E4    37 0001:0003A5E8
    40 0001:0003A5F1    45 0001:0003A615    53 0001:0003A632    54 0001:0003A63A
    69 0001:0003A6D8    70 0001:0003A71A    71 0001:0003A728    72 0001:0003A736
    73 0001:0003A75A    74 0001:0003A763    75 0001:0003A7B1    78 0001:0003A7B8
    79 0001:0003A7C4    80 0001:0003A7D2    81 0001:0003A7DB    82 0001:0003A7E9
    84 0001:0003A7F2    85 0001:0003A7FA   100 0001:0003A800   101 0001:0003A849
   103 0001:0003A857   104 0001:0003A866   105 0001:0003A870   107 0001:0003A87E
   110 0001:0003A888   111 0001:0003A89A   112 0001:0003A8A9   113 0001:0003A8BA
   115 0001:0003A8C8   119 0001:0003A8F2   123 0001:0003A94F   125 0001:0003A961
   127 0001:0003A96E   128 0001:0003A976   130 0001:0003A999   131 0001:0003A9A7
   133 0001:0003A9BB   138 0001:0003AA3C   128 0001:0003AA3F   140 0001:0003AA48
   141 0001:0003AA54   143 0001:0003AAA4   147 0001:0003AAC1   150 0001:0003AADF
   152 0001:0003AB25   156 0001:0003AB44   157 0001:0003AB45   159 0001:0003AB4A
   160 0001:0003AB4F   161 0001:0003AB54   164 0001:0003AB88   164 0001:0003AB8F

Line numbers for Thread_marshaller(plugins\Thread_marshaller.pas) segment .text

    33 0001:0003AB90    37 0001:0003AB94    74 0001:0003AB98    75 0001:0003AB9C
    78 0001:0003ABA5    91 0001:0003ABCB    92 0001:0003ABD3    99 0001:0003AC24
    99 0001:0003AC2B

Line numbers for PauseLock(plugins\PauseLock.pas) segment .text

    39 0001:0003AC2C    43 0001:0003AC30    46 0001:0003AC34    47 0001:0003AC38
    50 0001:0003AC4A    55 0001:0003AC72    67 0001:0003AC8F    68 0001:0003AC97
    82 0001:0003ACD4    83 0001:0003ACD9    84 0001:0003ACDC    86 0001:0003ACDE
    89 0001:0003ACE4    90 0001:0003ACE9    94 0001:0003ACEE    95 0001:0003ACF3
    96 0001:0003ACF8    98 0001:0003AD2C    98 0001:0003AD33

Line numbers for UnitLimit(plugins\UnitLimit.pas) segment .text

    68 0001:0003AD34    72 0001:0003AD38    77 0001:0003AD3C    78 0001:0003AD55
    80 0001:0003AD6F    82 0001:0003AD79    86 0001:0003ADBC    90 0001:0003ADDA
    94 0001:0003ADF8   101 0001:0003AE18   102 0001:0003AE3D   104 0001:0003AEDC
   104 0001:0003AEE3

Line numbers for MultiAILimit(plugins\MultiAILimit.pas) segment .text

    32 0001:0003AEE4    36 0001:0003AEE8    64 0001:0003AF00    65 0001:0003AF06
    66 0001:0003AF0D    67 0001:0003AF77    68 0001:0003AF81    72 0001:0003AF88
    74 0001:0003AF8F    75 0001:0003AF90    76 0001:0003AF91    78 0001:0003AF92
    81 0001:0003AF97    82 0001:0003AF9C    83 0001:0003AFA1    87 0001:0003AFA4
    88 0001:0003AFA8    90 0001:0003AFBA    94 0001:0003AFE2    95 0001:0003AFFC
    99 0001:0003B01D   100 0001:0003B025   102 0001:0003B0B4   102 0001:0003B0BB

Line numbers for Plugins(Plugins.pas) segment .text

    27 0001:0003B0BC    29 0001:0003B0C3    31 0001:0003B0C9    32 0001:0003B0D3
    35 0001:0003B0DD    36 0001:0003B0E7    37 0001:0003B0F1    38 0001:0003B0FB
    39 0001:0003B105    40 0001:0003B10F    41 0001:0003B119    45 0001:0003B123
    46 0001:0003B12B    49 0001:0003B130    50 0001:0003B133    51 0001:0003B138
    53 0001:0003B16C    53 0001:0003B173

Line numbers for InitCode(InitCode.pas) segment .text

    86 0001:0003B174    87 0001:0003B178    88 0001:0003B17F    89 0001:0003B189
    90 0001:0003B19B    92 0001:0003B1A5    93 0001:0003B1BC    94 0001:0003B1C5
    96 0001:0003B1D5   102 0001:0003B208   106 0001:0003B22C   107 0001:0003B23A
   109 0001:0003B244   113 0001:0003B249   117 0001:0003B254   118 0001:0003B25F
   120 0001:0003B268   121 0001:0003B285   123 0001:0003B2BD   124 0001:0003B2C7
   126 0001:0003B2F7   127 0001:0003B301   128 0001:0003B321   129 0001:0003B348
   130 0001:0003B351   131 0001:0003B362   132 0001:0003B36B   133 0001:0003B37C
   134 0001:0003B385   137 0001:0003B396   143 0001:0003B39F   148 0001:0003B3CA
   157 0001:0003B3CF   159 0001:0003B3F2   161 0001:0003B3F5   162 0001:0003B3FD
   165 0001:0003B429   168 0001:0003B524   169 0001:0003B527   170 0001:0003B52C
   172 0001:0003B531   174 0001:0003B53A   175 0001:0003B547   178 0001:0003B550
   180 0001:0003B55A   182 0001:0003B58C   183 0001:0003B598   184 0001:0003B5A5
   185 0001:0003B5B2

Line numbers for InitCode_CoreExePatching(InitCode_CoreExePatching.pas) segment .text

    50 0001:0003B5B4    51 0001:0003B5BC    53 0001:0003B5C2    54 0001:0003B5CC
    56 0001:0003B5D6    71 0001:0003B5DC    72 0001:0003B5E3    73 0001:0003B5ED
    74 0001:0003B5F7    75 0001:0003B605    77 0001:0003B62C    79 0001:0003B62F
    80 0001:0003B637    81 0001:0003B649    84 0001:0003B653    88 0001:0003B65C
    90 0001:0003B661    91 0001:0003B666    92 0001:0003B667    94 0001:0003B698
    95 0001:0003B6A4    96 0001:0003B6B1   100 0001:0003B6BE   101 0001:0003B6C8
   102 0001:0003B6D2   104 0001:0003B6DC   105 0001:0003B6E6

Line numbers for threadlogging(threadlogging.pas) segment .text

   145 0001:0003B718   145 0001:0003B71F

Line numbers for dplayx(F:\TADR\trunk\src\Recorder\Dplayx.dpr) segment .text

    50 0001:0003B970    51 0001:0003B980

Bound resource files

dplayx.res
dplayx.drf


Program entry point at 0001:0003B970
