
 Start         Length     Name                   Class
 0001:00000000 0003B820H .text                   CODE
 0002:00000000 00000C30H .data                   DATA
 0002:00000C30 00000A55H .bss                    BSS


Detailed map of segments

 0001:00000000 00005597 C=CODE     S=.text    G=(none)   M=System   ACBP=A9
 0001:00005598 000001CC C=CODE     S=.text    G=(none)   M=SysInit  ACBP=A9
 0001:00005764 00000038 C=CODE     S=.text    G=(none)   M=Types    ACBP=A9
 0001:0000579C 00000364 C=CODE     S=.text    G=(none)   M=Windows  ACBP=A9
 0001:00005B00 00000038 C=CODE     S=.text    G=(none)   M=Messages ACBP=A9
 0001:00005B38 00000348 C=CODE     S=.text    G=(none)   M=SysConst ACBP=A9
 0001:00005E80 00007420 C=CODE     S=.text    G=(none)   M=SysUtils ACBP=A9
 0001:0000D2A0 00000887 C=CODE     S=.text    G=(none)   M=VarUtils ACBP=A9
 0001:0000DB28 0000280E C=CODE     S=.text    G=(none)   M=Variants ACBP=A9
 0001:00010338 000000C8 C=CODE     S=.text    G=(none)   M=RTLConsts ACBP=A9
 0001:00010400 00000084 C=CODE     S=.text    G=(none)   M=TypInfo  ACBP=A9
 0001:00010484 00000038 C=CODE     S=.text    G=(none)   M=ActiveX  ACBP=A9
 0001:000104BC 0000478E C=CODE     S=.text    G=(none)   M=Classes  ACBP=A9
 0001:00014C4C 000003DC C=CODE     S=.text    G=(none)   M=ListsU   ACBP=A9
 0001:00015028 000010D4 C=CODE     S=.text    G=(none)   M=IniFiles ACBP=A9
 0001:000160FC 00000330 C=CODE     S=.text    G=(none)   M=INI_Options ACBP=A9
 0001:0001642C 00000050 C=CODE     S=.text    G=(none)   M=MMSystem ACBP=A9
 0001:0001647C 000001DC C=CODE     S=.text    G=(none)   M=SyncObjs ACBP=A9
 0001:00016658 00001AD4 C=CODE     S=.text    G=(none)   M=GPHugeF  ACBP=A9
 0001:0001812C 00000038 C=CODE     S=.text    G=(none)   M=Consts   ACBP=A9
 0001:00018164 0000061C C=CODE     S=.text    G=(none)   M=textdata ACBP=A9
 0001:00018780 00000038 C=CODE     S=.text    G=(none)   M=Math     ACBP=A9
 0001:000187B8 00000194 C=CODE     S=.text    G=(none)   M=Contnrs  ACBP=A9
 0001:0001894C 00000FA0 C=CODE     S=.text    G=(none)   M=uDebug   ACBP=A9
 0001:000198EC 00000060 C=CODE     S=.text    G=(none)   M=FreeListU ACBP=A9
 0001:0001994C 00000040 C=CODE     S=.text    G=(none)   M=SHFolder ACBP=A9
 0001:0001998C 00000B78 C=CODE     S=.text    G=(none)   M=TADemoConsts ACBP=A9
 0001:0001A504 00000330 C=CODE     S=.text    G=(none)   M=TextFileU ACBP=A9
 0001:0001A834 00000A64 C=CODE     S=.text    G=(none)   M=logging  ACBP=A9
 0001:0001B298 000019A4 C=CODE     S=.text    G=(none)   M=DPlay    ACBP=A9
 0001:0001CC3C 00000124 C=CODE     S=.text    G=(none)   M=DPLobby  ACBP=A9
 0001:0001CD60 00000420 C=CODE     S=.text    G=(none)   M=MemMappedDataStructure ACBP=A9
 0001:0001D180 00000068 C=CODE     S=.text    G=(none)   M=PacketBufferU ACBP=A9
 0001:0001D1E8 00000380 C=CODE     S=.text    G=(none)   M=log2     ACBP=A9
 0001:0001D568 00000E0C C=CODE     S=.text    G=(none)   M=Registry ACBP=A9
 0001:0001E374 0000176C C=CODE     S=.text    G=(none)   M=packet_old ACBP=A9
 0001:0001FAE0 00001408 C=CODE     S=.text    G=(none)   M=PluginEngine ACBP=A9
 0001:00020EE8 000004F4 C=CODE     S=.text    G=(none)   M=TAMemManipulations ACBP=A9
 0001:000213DC 000005DC C=CODE     S=.text    G=(none)   M=TA_MemoryLocations ACBP=A9
 0001:000219B8 00000038 C=CODE     S=.text    G=(none)   M=TA_FunctionsU ACBP=A9
 0001:000219F0 000001EC C=CODE     S=.text    G=(none)   M=PluginCommandHandlerU ACBP=A9
 0001:00021BDC 0000022C C=CODE     S=.text    G=(none)   M=InputHook ACBP=A9
 0001:00021E08 0000028C C=CODE     S=.text    G=(none)   M=LOS_Radar ACBP=A9
 0001:00022094 000000CC C=CODE     S=.text    G=(none)   M=LOS_MiniMapUnits ACBP=A9
 0001:00022160 00000140 C=CODE     S=.text    G=(none)   M=LOS_PlayerSeeUnit ACBP=A9
 0001:000222A0 000001B0 C=CODE     S=.text    G=(none)   M=LOS_GUIText ACBP=A9
 0001:00022450 00000360 C=CODE     S=.text    G=(none)   M=LOS_UpdateTables ACBP=A9
 0001:000227B0 0000017C C=CODE     S=.text    G=(none)   M=LOS_AllyPlayer ACBP=A9
 0001:0002292C 00000150 C=CODE     S=.text    G=(none)   M=LOS_extensions ACBP=A9
 0001:00022A7C 00000208 C=CODE     S=.text    G=(none)   M=SpeedHack ACBP=A9
 0001:00022C84 00000038 C=CODE     S=.text    G=(none)   M=TA_NetworkingMessages ACBP=A9
 0001:00022CBC 00001364 C=CODE     S=.text    G=(none)   M=PlayerDataU ACBP=A9
 0001:00024020 00000608 C=CODE     S=.text    G=(none)   M=CommandHandlerU ACBP=A9
 0001:00024628 000135EC C=CODE     S=.text    G=(none)   M=idplay   ACBP=A9
 0001:00037C14 0000157C C=CODE     S=.text    G=(none)   M=DPLobbyWrapper ACBP=A9
 0001:00039190 00000B78 C=CODE     S=.text    G=(none)   M=Dplayx_exports ACBP=A9
 0001:00039D08 00000394 C=CODE     S=.text    G=(none)   M=TlHelp32 ACBP=A9
 0001:0003A09C 000005B4 C=CODE     S=.text    G=(none)   M=ErrorLog_ExtraData ACBP=A9
 0001:0003A650 0000009C C=CODE     S=.text    G=(none)   M=Thread_marshaller ACBP=A9
 0001:0003A6EC 00000108 C=CODE     S=.text    G=(none)   M=PauseLock ACBP=A9
 0001:0003A7F4 000001B0 C=CODE     S=.text    G=(none)   M=UnitLimit ACBP=A9
 0001:0003A9A4 000001D8 C=CODE     S=.text    G=(none)   M=MultiAILimit ACBP=A9
 0001:0003AB7C 000003D8 C=CODE     S=.text    G=(none)   M=COB_extensions ACBP=A9
 0001:0003AF54 000000B8 C=CODE     S=.text    G=(none)   M=Plugins  ACBP=A9
 0001:0003B00C 00000440 C=CODE     S=.text    G=(none)   M=InitCode ACBP=A9
 0001:0003B44C 00000134 C=CODE     S=.text    G=(none)   M=InitCode_CoreExePatching ACBP=A9
 0001:0003B580 00000038 C=CODE     S=.text    G=(none)   M=threadlogging ACBP=A9
 0001:0003B5B8 00000265 C=CODE     S=.text    G=(none)   M=dplayx   ACBP=A9
 0002:00000000 000000A4 C=DATA     S=.data    G=DGROUP   M=System   ACBP=A9
 0002:000000A4 00000030 C=DATA     S=.data    G=DGROUP   M=SysInit  ACBP=A9
 0002:000000D4 00000250 C=DATA     S=.data    G=DGROUP   M=SysUtils ACBP=A9
 0002:00000324 00000008 C=DATA     S=.data    G=DGROUP   M=VarUtils ACBP=A9
 0002:0000032C 00000076 C=DATA     S=.data    G=DGROUP   M=Variants ACBP=A9
 0002:000003A4 0000000C C=DATA     S=.data    G=DGROUP   M=TypInfo  ACBP=A9
 0002:000003B0 00000084 C=DATA     S=.data    G=DGROUP   M=Classes  ACBP=A9
 0002:00000434 00000008 C=DATA     S=.data    G=DGROUP   M=IniFiles ACBP=A9
 0002:0000043C 00000004 C=DATA     S=.data    G=DGROUP   M=INI_Options ACBP=A9
 0002:00000440 00000020 C=DATA     S=.data    G=DGROUP   M=GPHugeF  ACBP=A9
 0002:00000460 00000400 C=DATA     S=.data    G=DGROUP   M=textdata ACBP=A9
 0002:00000860 00000004 C=DATA     S=.data    G=DGROUP   M=uDebug   ACBP=A9
 0002:00000864 00000049 C=DATA     S=.data    G=DGROUP   M=TADemoConsts ACBP=A9
 0002:000008B0 00000004 C=DATA     S=.data    G=DGROUP   M=logging  ACBP=A9
 0002:000008B4 00000020 C=DATA     S=.data    G=DGROUP   M=DPlay    ACBP=A9
 0002:000008D4 00000010 C=DATA     S=.data    G=DGROUP   M=DPLobby  ACBP=A9
 0002:000008E4 00000034 C=DATA     S=.data    G=DGROUP   M=MemMappedDataStructure ACBP=A9
 0002:00000918 00000008 C=DATA     S=.data    G=DGROUP   M=Registry ACBP=A9
 0002:00000920 00000005 C=DATA     S=.data    G=DGROUP   M=packet_old ACBP=A9
 0002:00000928 00000007 C=DATA     S=.data    G=DGROUP   M=TA_MemoryLocations ACBP=A9
 0002:00000930 00000008 C=DATA     S=.data    G=DGROUP   M=TA_FunctionsU ACBP=A9
 0002:00000938 0000000A C=DATA     S=.data    G=DGROUP   M=SpeedHack ACBP=A9
 0002:00000944 00000004 C=DATA     S=.data    G=DGROUP   M=idplay   ACBP=A9
 0002:00000948 00000004 C=DATA     S=.data    G=DGROUP   M=Dplayx_exports ACBP=A9
 0002:0000094C 00000008 C=DATA     S=.data    G=DGROUP   M=PauseLock ACBP=A9
 0002:00000954 00000005 C=DATA     S=.data    G=DGROUP   M=UnitLimit ACBP=A9
 0002:0000095C 00000008 C=DATA     S=.data    G=DGROUP   M=MultiAILimit ACBP=A9
 0002:00000964 00000005 C=DATA     S=.data    G=DGROUP   M=COB_extensions ACBP=A9
 0002:00001000 0000065C C=BSS      S=.bss     G=DGROUP   M=System   ACBP=A9
 0002:0000165C 00000014 C=BSS      S=.bss     G=DGROUP   M=SysInit  ACBP=A9
 0002:00001670 00000004 C=BSS      S=.bss     G=DGROUP   M=Types    ACBP=A9
 0002:00001674 00000004 C=BSS      S=.bss     G=DGROUP   M=Windows  ACBP=A9
 0002:00001678 00000004 C=BSS      S=.bss     G=DGROUP   M=Messages ACBP=A9
 0002:0000167C 00000004 C=BSS      S=.bss     G=DGROUP   M=SysConst ACBP=A9
 0002:00001680 00000120 C=BSS      S=.bss     G=DGROUP   M=SysUtils ACBP=A9
 0002:000017A0 0000005C C=BSS      S=.bss     G=DGROUP   M=VarUtils ACBP=A9
 0002:000017FC 00000040 C=BSS      S=.bss     G=DGROUP   M=Variants ACBP=A9
 0002:0000183C 00000004 C=BSS      S=.bss     G=DGROUP   M=RTLConsts ACBP=A9
 0002:00001840 00000004 C=BSS      S=.bss     G=DGROUP   M=TypInfo  ACBP=A9
 0002:00001844 00000004 C=BSS      S=.bss     G=DGROUP   M=ActiveX  ACBP=A9
 0002:00001848 00000034 C=BSS      S=.bss     G=DGROUP   M=Classes  ACBP=A9
 0002:0000187C 00000004 C=BSS      S=.bss     G=DGROUP   M=ListsU   ACBP=A9
 0002:00001880 00000004 C=BSS      S=.bss     G=DGROUP   M=IniFiles ACBP=A9
 0002:00001884 00000008 C=BSS      S=.bss     G=DGROUP   M=INI_Options ACBP=A9
 0002:0000188C 00000004 C=BSS      S=.bss     G=DGROUP   M=MMSystem ACBP=A9
 0002:00001890 00000004 C=BSS      S=.bss     G=DGROUP   M=SyncObjs ACBP=A9
 0002:00001894 00000004 C=BSS      S=.bss     G=DGROUP   M=GPHugeF  ACBP=A9
 0002:00001898 00000004 C=BSS      S=.bss     G=DGROUP   M=Consts   ACBP=A9
 0002:0000189C 00000004 C=BSS      S=.bss     G=DGROUP   M=textdata ACBP=A9
 0002:000018A0 00000004 C=BSS      S=.bss     G=DGROUP   M=Math     ACBP=A9
 0002:000018A4 00000004 C=BSS      S=.bss     G=DGROUP   M=Contnrs  ACBP=A9
 0002:000018A8 00000014 C=BSS      S=.bss     G=DGROUP   M=uDebug   ACBP=A9
 0002:000018BC 00000008 C=BSS      S=.bss     G=DGROUP   M=FreeListU ACBP=A9
 0002:000018C4 00000004 C=BSS      S=.bss     G=DGROUP   M=SHFolder ACBP=A9
 0002:000018C8 00000018 C=BSS      S=.bss     G=DGROUP   M=TADemoConsts ACBP=A9
 0002:000018E0 00000004 C=BSS      S=.bss     G=DGROUP   M=TextFileU ACBP=A9
 0002:000018E4 0000000C C=BSS      S=.bss     G=DGROUP   M=logging  ACBP=A9
 0002:000018F0 00000004 C=BSS      S=.bss     G=DGROUP   M=DPlay    ACBP=A9
 0002:000018F4 00000004 C=BSS      S=.bss     G=DGROUP   M=DPLobby  ACBP=A9
 0002:000018F8 00000004 C=BSS      S=.bss     G=DGROUP   M=MemMappedDataStructure ACBP=A9
 0002:000018FC 00000004 C=BSS      S=.bss     G=DGROUP   M=PacketBufferU ACBP=A9
 0002:00001900 00000004 C=BSS      S=.bss     G=DGROUP   M=log2     ACBP=A9
 0002:00001904 00000004 C=BSS      S=.bss     G=DGROUP   M=Registry ACBP=A9
 0002:00001908 00000004 C=BSS      S=.bss     G=DGROUP   M=packet_old ACBP=A9
 0002:0000190C 00000008 C=BSS      S=.bss     G=DGROUP   M=PluginEngine ACBP=A9
 0002:00001914 00000004 C=BSS      S=.bss     G=DGROUP   M=TAMemManipulations ACBP=A9
 0002:00001918 0000000A C=BSS      S=.bss     G=DGROUP   M=TA_MemoryLocations ACBP=A9
 0002:00001924 00000004 C=BSS      S=.bss     G=DGROUP   M=TA_FunctionsU ACBP=A9
 0002:00001928 00000004 C=BSS      S=.bss     G=DGROUP   M=PluginCommandHandlerU ACBP=A9
 0002:0000192C 00000008 C=BSS      S=.bss     G=DGROUP   M=InputHook ACBP=A9
 0002:00001934 00000010 C=BSS      S=.bss     G=DGROUP   M=LOS_Radar ACBP=A9
 0002:00001944 00000004 C=BSS      S=.bss     G=DGROUP   M=LOS_MiniMapUnits ACBP=A9
 0002:00001948 00000010 C=BSS      S=.bss     G=DGROUP   M=LOS_PlayerSeeUnit ACBP=A9
 0002:00001958 00000004 C=BSS      S=.bss     G=DGROUP   M=LOS_GUIText ACBP=A9
 0002:0000195C 00000010 C=BSS      S=.bss     G=DGROUP   M=LOS_UpdateTables ACBP=A9
 0002:0000196C 00000008 C=BSS      S=.bss     G=DGROUP   M=LOS_AllyPlayer ACBP=A9
 0002:00001974 00000008 C=BSS      S=.bss     G=DGROUP   M=LOS_extensions ACBP=A9
 0002:0000197C 00000004 C=BSS      S=.bss     G=DGROUP   M=SpeedHack ACBP=A9
 0002:00001980 00000004 C=BSS      S=.bss     G=DGROUP   M=TA_NetworkingMessages ACBP=A9
 0002:00001984 00000004 C=BSS      S=.bss     G=DGROUP   M=PlayerDataU ACBP=A9
 0002:00001988 00000004 C=BSS      S=.bss     G=DGROUP   M=CommandHandlerU ACBP=A9
 0002:0000198C 0000000C C=BSS      S=.bss     G=DGROUP   M=idplay   ACBP=A9
 0002:00001998 00000004 C=BSS      S=.bss     G=DGROUP   M=DPLobbyWrapper ACBP=A9
 0002:0000199C 00000028 C=BSS      S=.bss     G=DGROUP   M=Dplayx_exports ACBP=A9
 0002:000019C4 00000048 C=BSS      S=.bss     G=DGROUP   M=TlHelp32 ACBP=A9
 0002:00001A0C 00000004 C=BSS      S=.bss     G=DGROUP   M=ErrorLog_ExtraData ACBP=A9
 0002:00001A10 00000004 C=BSS      S=.bss     G=DGROUP   M=Thread_marshaller ACBP=A9
 0002:00001A14 00000004 C=BSS      S=.bss     G=DGROUP   M=PauseLock ACBP=A9
 0002:00001A18 00000004 C=BSS      S=.bss     G=DGROUP   M=UnitLimit ACBP=A9
 0002:00001A1C 00000004 C=BSS      S=.bss     G=DGROUP   M=MultiAILimit ACBP=A9
 0002:00001A20 00000010 C=BSS      S=.bss     G=DGROUP   M=COB_extensions ACBP=A9
 0002:00001A30 00000004 C=BSS      S=.bss     G=DGROUP   M=Plugins  ACBP=A9
 0002:00001A34 00000008 C=BSS      S=.bss     G=DGROUP   M=InitCode ACBP=A9
 0002:00001A3C 00000014 C=BSS      S=.bss     G=DGROUP   M=InitCode_CoreExePatching ACBP=A9
 0002:00001A50 00000004 C=BSS      S=.bss     G=DGROUP   M=threadlogging ACBP=A9


  Address         Publics by Name

 0002:000018F4       .1
 0002:00001668       .1
 0002:000018F0       .1
 0002:00001A3C       .1
 0002:00001A50       .1
 0002:000018C4       .1
 0002:000018C0       .1
 0002:00001A30       .1
 0002:000018F8       .1
 0002:000018B8       .1
 0002:0000189C       .1
 0002:00001914       .1
 0002:00001898       .1
 0002:00001A2C       .1
 0002:00001924       .1
 0002:00001930       .1
 0002:00001888       .1
 0002:00001940       .1
 0002:00001944       .1
 0002:0000183C       .1
 0002:00001954       .1
 0002:00001958       .1
 0002:00001A1C       .1
 0002:00001A18       .1
 0002:00001A14       .1
 0002:00001A10       .1
 0002:00001A0C       .1
 0002:00001968       .1
 0002:000019C4       .1
 0002:00001970       .1
 0002:00001978       .1
 0002:0000197C       .1
 0002:000019A8       .1
 0002:00001670       .1
 0002:0000167C       .1
 0002:00001678       .1
 0002:000018A0       .2
 0002:000018CC       .2
 0002:000018EC       .2
 0002:00001A34       .2
 0002:000018E0       .2
 0002:00001908       .2
 0002:00001900       .2
 0002:00001998       .2
 0002:00001980       .2
 0002:000018A4       .21
 0002:00001928       .3
 0002:00001674       .3
 0002:000018FC       .3
 0002:00001844       .3
 0002:00001988       .3
 0002:00001790       .35
 0002:0000191C       .4
 0002:00001984       .4
 0002:00001850       .45
 0002:00001894       .5
 0002:000015B4       .5
 0002:000017F8       .5
 0002:00001904       .5
 0002:00001890       .6
 0002:0000190C       .6
 0002:00001994       .6
 0002:00001840       .6
 0002:0000188C       .7
 0002:00001880       .8
 0002:0000181C       .81
 0002:0000187C       .9
 0001:00001E10       @AbstractError
 0001:00002E98       @AfterConstruction
 0001:000038F8       @Assert
 0001:000020F4       @Assign
 0001:00002250       @AStrCmp
 0001:00002EA8       @BeforeDestruction
 0001:00002B48       @BoundErr
 0001:00002DD8       @CallDynaInst
 0001:00002E40       @ClassCreate
 0001:00002E90       @ClassDestroy
 0001:000021BC       @Close
 0001:00001B58       @Copy
 0001:000044BC       @CopyArray
 0001:000043A0       @CopyRecord
 0001:000045B0       @DispCallByIDError
 0001:0000E5C8       @DispInvokeError
 0001:00003324       @DoneExcept
 0001:00004800       @DynArrayAsg
 0001:000047C4       @DynArrayClear
 0001:000045E4       @DynArrayHigh
 0001:000045DC       @DynArrayLength
 0001:000047B8       @DynArraySetLength
 0001:000022C0       @EofText
 0001:0000340C       @ExceptionHandler
 0001:000022F8       @FillChar
 0001:0000437C       @Finalize
 0001:00004290       @FinalizeArray
 0001:00004244       @FinalizeRecord
 0001:000021B0       @Flush
 0001:00002B3C       @FpuInit
 0001:00002A78       @FpuMaskInit
 0001:00001A28       @FreeMem
 0001:000019F8       @GetMem
 0001:00005698       @GetTls
 0001:000038E0       @Halt
 0001:00003800       @Halt0
 0001:00002FBC       @HandleAnyException
 0001:00003270       @HandleFinally
 0001:000030E8       @HandleOnException
 0001:000036C4       @InitImports
 0001:000056E4       @InitLib
 0001:0000369C       @InitResStringImports
 0001:00004F54       @IntfAddRef
 0001:00004F10       @IntfClear
 0001:00004F28       @IntfCopy
 0001:00002B50       @IntOver
 0001:00002D84       @IsClass
 0001:00002A48       @isNECWindows
 0001:00003DA4       @LStrAddRef
 0001:0000393C       @LStrArrayClr
 0001:0000396C       @LStrAsg
 0001:00003BBC       @LStrCat
 0001:00003C00       @LStrCat3
 0001:00003C74       @LStrCatN
 0001:00003918       @LStrClr
 0001:00003D00       @LStrCmp
 0001:00003E14       @LStrCopy
 0001:00003E54       @LStrDelete
 0001:00003B88       @LStrFromArray
 0001:00003B00       @LStrFromChar
 0001:00003B10       @LStrFromPChar
 0001:00003A08       @LStrFromPCharLen
 0001:00003B40       @LStrFromPWChar
 0001:00003A74       @LStrFromPWCharLen
 0001:00003B7C       @LStrFromString
 0001:00003BA0       @LStrFromWStr
 0001:000039B0       @LStrLAsg
 0001:00003BB4       @LStrLen
 0001:00003E9C       @LStrPos
 0001:00003EE4       @LStrSetLength
 0001:00003DB4       @LStrToPChar
 0001:000039DC       @NewAnsiString
 0001:00003F8C       @NewWideString
 0001:0000275C       @Pow10
 0001:00002244       @PStrCpy
 0001:00002214       @PStrNCat
 0001:000032D0       @RaiseAgain
 0001:000032A8       @RaiseExcept
 0001:00002318       @RandInt
 0001:00002370       @ReadChar
 0001:000024D4       @ReadLn
 0001:00002468       @ReadLString
 0001:0000245C       @ReadString
 0001:00001A48       @ReallocMem
 0001:00001E84       @ResetText
 0001:00001E90       @RewritText
 0001:000038EC       @RunError
 0001:00002740       @SetEq
 0001:000035D4       @StartLib
 0001:0000025C       @strlen
 0001:00001DEC       @TRUNC
 0001:00003354       @TryFinallyExit
 0001:00003E0C       @UniqueStringA
 0001:00002504       @ValLong
 0001:0000FB7C       @VarAddRef
 0001:0000E8A0       @VarClear
 0001:0000E8B4       @VarClr
 0001:00004278       @VarClr
 0001:00004388       @VarCopy
 0001:0000EBDC       @VarCopy
 0001:0000EF08       @VarToLStr
 0001:0000F628       @VarToWStr
 0001:00003F48       @Write0LString
 0001:0000261C       @WriteBytes
 0001:000026EC       @WriteLn
 0001:00003F64       @WriteLString
 0001:00002670       @WriteSpaces
 0001:00003FCC       @WStrArrayClr
 0001:00003FF0       @WStrAsg
 0001:00003FB4       @WStrClr
 0001:0000412C       @WStrCmp
 0001:000041B0       @WStrCopy
 0001:00004100       @WStrFromLStr
 0001:00004014       @WStrFromPCharLen
 0001:000040C4       @WStrFromPWChar
 0001:000040A0       @WStrFromPWCharLen
 0001:00004120       @WStrLen
 0001:000041FC       @WStrSetLength
 0001:00004110       @WStrToPWChar
 0001:00001B28       @_IOTest
 0001:000045B8       @_llmul
 0001:0000B328       AbstractErrorHandler
 0002:00001028       AbstractErrorProc
 0002:00000898       AccessMode
 0002:00000154       AccessMode
 0001:000104B4       ActiveX
 0001:000003CC       AddBlockAfter
 0001:0001CD80       AddCheatDescription
 0001:00019188       AddLineNo
 0001:00004D68       AddModuleUnloadProc
 0001:00004D78       AddModuleUnloadProc
 0001:00018FD4       AddProcedure
 0001:00018DF0       AddUnit
 0002:00000960       AIName
 0002:0000196C       AlliedStateChanged
 0001:00006A88       AllocMem
 0002:000015AC       AllocMemCount
 0002:000015B0       AllocMemSize
 0001:000055C8       AllocTlsBuffer
 0002:00000968       alreadyset
 0001:00006C48       AnsiCompareStr
 0001:00006C94       AnsiCompareText
 0001:00006C00       AnsiLowerCase
 0001:0000BE4C       AnsiPos
 0001:00006CE0       AnsiSameText
 0001:0000BE98       AnsiStrPos
 0001:0000BF70       AnsiStrRScan
 0001:0000BFC0       AnsiStrScan
 0001:00005354       AnsiToUtf8
 0001:00008CF4       AppendChars
 0001:00009114       AppendFormat
 0001:00008D78       AppendNumber
 0001:00008D54       AppendString
 0001:0000B2F0       AssertErrorHandler
 0002:00001020       AssertErrorProc
 0002:00001604       avail
 0001:000077F8       BackfillGetDiskFreeSpaceEx
 0001:0000D578       BackupVarBoolFromStr
 0001:0000D6F4       BackupVarBStrFromBool
 0001:0000D5FC       BackupVarBStrFromCy
 0001:0000D678       BackupVarBStrFromDate
 0001:0000D504       BackupVarCyFromStr
 0001:0000D490       BackupVarDateFromStr
 0001:0000D334       BackupVarI4FromStr
 0001:0000D2C0       BackupVariantChangeTypeEx
 0001:0000D3A8       BackupVarR4FromStr
 0001:0000D41C       BackupVarR8FromStr
 0001:0003A9C0       BetterAIName
 0001:0003AA48       BetterAINameStub
 0001:00014940       BinToHex
 0001:0001855C       BinToInt
 0001:0000D30C       BiUnimplemented
 0002:000015DC       blockDescBlockList
 0002:000015E0       blockDescFreeList
 0002:000003A4       BooleanIdents
 0002:00000334       BooleanToStringRule
 0001:000071AC       BoolToStr
 0001:0000EC90       BoolToWStrViaOS
 0002:00000928       BoolValues
 0001:0000B9E8       ByteToCharIndex
 0001:0000B9AC       ByteToCharLen
 0001:0000B948       ByteType
 0001:0000B89C       ByteTypeTest
 0002:00001920       CacheUsed
 0001:00018684       CalcCRC
 0002:00001814       ChangeAnyProc
 0001:000075C4       ChangeFileExt
 0001:00003A38       CharFromWChar
 0001:0000BC60       CharLength
 0001:00005A3C       CharLowerBuff
 0001:000001D4       CharNext
 0001:00005A44       CharNext
 0001:0000BB24       CharToByteIndex
 0001:0000BB9C       CharToByteLen
 0001:00005A4C       CharToOemA
 0002:00001990       chatview
 0001:0001CD60       CheatEnabled
 0002:000008FC       Cheat_BuildAnywhere
 0002:000008F8       Cheat_ControlMenu
 0002:0000090C       Cheat_ExtraDamage
 0002:000008EC       Cheat_FastBuild
 0002:000008F0       Cheat_InfiniteResources
 0002:00000910       Cheat_InstantBuild
 0002:00000900       Cheat_InstantCapture
 0002:000008E8       Cheat_Invisible
 0002:000008E4       Cheat_Invulnerability
 0002:00000908       Cheat_JamAll
 0002:000008F4       Cheat_LosRadar
 0002:00000914       Cheat_ResourcesFreeze
 0002:00000904       Cheat_SpecialMove
 0001:0002102C       CheckForCheats
 0001:00002F38       CheckJmp
 0002:00000338       CInvalidCustomVariantType
 0001:00014BB8       Classes
 0001:00019550       CleanUpMapFile
 0002:00001810       ClearAnyProc
 0001:0000FEB8       ClearVariantTypeList
 0001:00000174       CloseHandle
 0001:000057CC       CloseHandle
 0002:0000103C       CmdLine
 0002:00001038       CmdShow
 0001:0000D320       CmpUnimplemented
 0002:00001884       COBextType
 0001:0003AF4C       COB_extensions
 0001:0003AE9C       COB_Extensions_Handling
 0002:00001A40       CodeInjectionData
 0001:00024620       CommandHandlerU
 0001:0000074C       Commit
 0002:00001620       committedRoot
 0001:000290C8       compare
 0001:00018B60       CompareHeaders
 0001:000057D4       CompareString
 0001:00006B88       CompareText
 0001:000070B0       CompareWith
 0001:0001671C       Compress
 0001:00019CA0       Compress
 0001:0001815C       Consts
 0001:00018944       Contnrs
 0002:000003B0       Convert
 0002:000003C0       Convert
 0001:0000AB84       ConvertAddr
 0001:00008E78       ConvertEraString
 0001:00006A38       ConvertError
 0001:00006A58       ConvertErrorFmt
 0001:00008FFC       ConvertYearString
 0001:000045EC       CopyArray
 0001:000057DC       CopyFile
 0001:0000BA6C       CountChars
 0001:0001864C       CRC32
 0002:00000460       CRC32tab
 0001:0000B228       CreateAssertException
 0001:0000B424       CreateAVObject
 0001:00007878       CreateDir
 0001:000057E4       CreateDirectory
 0001:000057EC       CreateEvent
 0001:000057F4       CreateFile
 0001:0000017C       CreateFileA
 0001:000057FC       CreateFileMapping
 0001:0000B114       CreateInOutError
 0001:00039FC8       CreateToolhelp32Snapshot
 0002:00000390       CRelationshipToBoolean
 0002:00000324       CResult
 0002:0000014C       cSimpleBoolStrs
 0002:0000033C       CText
 0002:00001618       curAlloc
 0002:00001688       CurrencyDecimals
 0002:00001684       CurrencyFormat
 0002:00001680       CurrencyString
 0001:00008CD4       CurrentYear
 0001:00008668       CurrToStr
 0001:0000EC20       CurrToWStrViaOS
 0001:0003AC88       CustomGetters
 0002:00001A28       CUSTOM_HIGH
 0002:00001A24       CUSTOM_LOW
 0001:00006DC8       CvtInt
 0001:00006E34       CvtInt64
 0002:0000018C       CWNear
 0001:00018164       DataToStr2
 0001:0001D748       DataTypeToRegData
 0001:00008C60       Date
 0002:00001689       DateSeparator
 0001:000099C8       DateTimeToStr
 0001:0000991C       DateTimeToString
 0001:00008798       DateTimeToTimeStamp
 0001:00009988       DateToStr
 0001:0000EC58       DateToWStrViaOS
 0001:00008C30       DayOfWeek
 0002:00000188       DCon10
 0002:0000002C       DebugHook
 0002:00001687       DecimalSeparator
 0001:00008C00       DecodeDate
 0001:00008A84       DecodeDateFully
 0001:000088A0       DecodeTime
 0001:0000080C       Decommit
 0001:00000F38       DecommitFree
 0002:000015F4       decommittedRoot
 0002:00000920       DecompressionBufferSize
 0002:00000024       Default8087CW
 0002:00000038       DefaultTextLineBreakStyle
 0002:000015B8       DefaultUserCodePage
 0002:00000218       DefLongDayNames
 0002:000001CC       DefLongMonthNames
 0002:000001FC       DefShortDayNames
 0002:0000019C       DefShortMonthNames
 0002:00000864       Deities
 0001:00004850       DelayLoadResourceModule
 0001:00000428       DeleteBlock
 0001:00000338       DeleteCriticalSection
 0001:00005804       DeleteCriticalSection
 0001:0000580C       DeleteFile
 0001:00000D20       DeleteFree
 0001:00005814       DeviceIoControl
 0002:00000094       dig
 0001:0000741C       DirectoryExists
 0001:00039520       DirectPlayCreate
 0002:000019B8       DirectPlayCreate_proc
 0001:00039228       DirectPlayEnumerate
 0001:00039320       DirectPlayEnumerateA
 0002:000019B0       DirectPlayEnumerateA_proc
 0001:00039420       DirectPlayEnumerateW
 0002:000019B4       DirectPlayEnumerateW_proc
 0002:000019AC       DirectPlayEnumerate_proc
 0001:000398C8       DirectPlayLobbyCreateA
 0002:000019C0       DirectPlayLobbyCreateA_proc
 0001:00039788       DirectPlayLobbyCreateW
 0002:000019BC       DirectPlayLobbyCreateW_proc
 0001:0003B00C       DisableThreadLibraryCalls
 0002:00001000       DispCallByIDProc
 0001:00006A1C       DivMod
 0001:00039B1C       DllCanUnloadNow
 0001:00039BBC       DllGetClassObject
 0002:00001664       DllProc
 0002:000019A0       DoFinalize
 0002:0000199C       DoInitialize
 0002:00000934       DoInterpretCommand
 0001:0000B798       DoneExceptions
 0001:00014A5C       DoneThreadSynchronization
 0001:000214F4       DoReport
 0002:000003AC       DotSep
 0001:00011E3C       DoWrite
 0001:0003AF54       Do_LoadTime_CodeInjections
 0001:0001CC34       DPlay
 0001:0003B808       dplayx
 0001:00039190       DPlayxHandleInvalid
 0002:00000948       dplayxLibHandle
 0001:00039CD4       Dplayx_exports
 0001:0001CD58       DPLobby
 0001:00039188       DPLobbyWrapper
 0001:00004604       DynArrayClear
 0001:0000460C       DynArraySetLength
 0001:0000B0D8       EHeapException.FreeInstance
 0001:00016888       Elapsed
 0002:000017FC       EmptyParam
 0002:000000D4       EmptyStr
 0002:000000D8       EmptyWideStr
 0001:00008A48       EncodeDate
 0001:0000885C       EncodeTime
 0001:00000328       EnterCriticalSection
 0001:0000581C       EnterCriticalSection
 0001:00005824       EnumCalendarInfoA
 0001:0000A744       EnumEraNames
 0001:0000A790       EnumEraYearOffsets
 0002:00001750       EraNames
 0001:00009CF4       EraToYear
 0002:0000176C       EraYearOffsets
 0002:0000006C       errCaption
 0001:00001B1C       Error
 0002:00000004       ErrorAddr
 0001:00001AD0       ErrorAt
 0001:0000B1B8       ErrorHandler
 0001:0003A648       ErrorLog_ExtraData
 0001:0003A604       Errorlog_Thunk1
 0001:0003A2C0       Errorlog_Thunk2
 0002:00000234       ErrorMap
 0002:00001008       ErrorProc
 0001:0001B364       ErrorString
 0002:000013E0       ErrOutput
 0001:00001A98       ExceptAddr
 0002:0000100C       ExceptClsProc
 0001:0000B6E8       ExceptHandler
 0001:0000AE28       Exception.Create
 0001:0000AE70       Exception.CreateFmt
 0001:0000B040       Exception.CreateFmtHelp
 0001:0000AFEC       Exception.CreateHelp
 0001:0000AF00       Exception.CreateRes
 0001:0000AF48       Exception.CreateResFmt
 0002:0000101C       ExceptionClass
 0001:0000AB94       ExceptionErrorMessage
 0002:0000026C       ExceptMap
 0002:00001010       ExceptObjProc
 0002:00001004       ExceptProc
 0001:0000BE00       ExcludeTrailingPathDelimiter
 0002:00000000       ExitCode
 0001:00003744       ExitDll
 0002:00001040       ExitProc
 0001:000001DC       ExitProcess
 0002:00001024       ExitProcessProc
 0001:00005674       ExitProcessTLS
 0001:0000564C       ExitThreadTLS
 0001:000077B4       ExpandFileName
 0002:0000092C       ExpectedData
 0001:000076A4       ExtractFileDir
 0001:00007754       ExtractFileExt
 0001:00007710       ExtractFileName
 0001:00007664       ExtractFilePath
 0002:0000178C       FalseBoolStrs
 0002:0000017C       FCon1E18
 0001:0000738C       FileAge
 0001:00007378       FileClose
 0001:000072AC       FileCreate
 0001:00007278       FileCreate
 0001:000073FC       FileExists
 0002:000008A8       FileFlags
 0002:0000000C       FileMode
 0001:00001ED8       FileNOPProc
 0001:00007208       FileOpen
 0001:000072CC       FileRead
 0001:0000733C       FileSeek
 0001:0000582C       FileTimeToDosDateTime
 0001:00005834       FileTimeToLocalFileTime
 0001:00007304       FileWrite
 0002:00000440       FILE_SHARING_ERRORS
 0001:00000E58       FillAfterGap
 0001:00000DF8       FillBeforeGap
 0001:00000EF8       FillerSizeAfterGap
 0001:00000E80       FillerSizeBeforeGap
 0001:0003AB38       Finalization
 0001:0001D148       Finalization
 0001:0001CD28       Finalization
 0001:0001CC04       Finalization
 0001:0001D1B0       Finalization
 0001:0001B24C       Finalization
 0001:0001A7FC       Finalization
 0001:0001A4A0       Finalization
 0001:0001D530       Finalization
 0001:0001E324       Finalization
 0001:0001FAA8       Finalization
 0001:0003AF1C       Finalization
 0001:00020EA0       Finalization
 0001:000213A4       Finalization
 0001:00021980       Finalization
 0001:00019954       Finalization
 0001:000219B8       Finalization
 0001:00021BA4       Finalization
 0001:00005470       Finalization
 0001:0000572C       Finalization
 0001:00014B08       Finalization
 0001:0003AFD4       Finalization
 0001:00021DD0       Finalization
 0001:00005764       Finalization
 0001:00019914       Finalization
 0001:00014FF0       Finalization
 0001:000198A8       Finalization
 0001:0002205C       Finalization
 0001:00005E48       Finalization
 0001:0003A96C       Finalization
 0001:00005B00       Finalization
 0001:0003B3F4       Finalization
 0001:00005AC8       Finalization
 0001:00022128       Finalization
 0001:00010484       Finalization
 0001:0001042C       Finalization
 0001:0003A7BC       Finalization
 0001:000103C8       Finalization
 0001:00010214       Finalization
 0001:00022268       Finalization
 0001:00022418       Finalization
 0001:00022778       Finalization
 0001:00018914       Finalization
 0001:00018780       Finalization
 0001:000160AC       Finalization
 0001:0003B500       Finalization
 0001:0003A6B4       Finalization
 0001:0003B580       Finalization
 0001:0003B5B8       Finalization
 0001:000228F4       Finalization
 0001:000163F4       Finalization
 0001:00018748       Finalization
 0001:00016444       Finalization
 0001:00016620       Finalization
 0001:0001812C       Finalization
 0001:00022A44       Finalization
 0001:00022C4C       Finalization
 0001:0003A618       Finalization
 0001:00022C84       Finalization
 0001:00023FE8       Finalization
 0001:0000DAE4       Finalization
 0001:000245F0       Finalization
 0001:000180F4       Finalization
 0001:00037BD0       Finalization
 0001:00039158       Finalization
 0001:0000D0A0       Finalization
 0001:0003A064       Finalization
 0001:00039CA4       Finalization
 0001:000045FC       FinalizeArray
 0001:000034F4       FinalizeUnits
 0001:000048E0       FindBS
 0001:0000583C       FindClose
 0001:000001EC       FindClose
 0001:00000DB4       FindCommitted
 0001:0001015C       FindCustomVariantType
 0001:00005844       FindFirstFile
 0001:000001F4       FindFirstFile
 0002:0000185C       FindGlobalComponentProcs
 0001:00004828       FindHInstance
 0001:00033F4C       FindHostPlayer
 0001:0000D794       FindProc
 0001:00004898       FindResourceHInstance
 0002:000018D0       fIsWin9x
 0002:0000179C       FLanguages
 0001:000082F8       FloatToDecimal
 0001:00008638       FloatToStr
 0001:00008024       FloatToText
 0001:000021A4       Flush
 0001:0000584C       FlushFileBuffers
 0001:00005854       FlushInstructionCache
 0002:00000190       FMSecsPerDay
 0001:00007F04       FmtStr
 0001:00007454       ForceDirectories
 0001:00007EDC       Format
 0002:00000198       Format
 0001:00007B0C       FormatBuf
 0001:00007AF8       FormatClearStr
 0001:00007A58       FormatError
 0002:00000174       FormatErrorStrs
 0001:0000585C       FormatMessage
 0001:00007AC0       FormatVarToStr
 0001:00002754       FPower10
 0001:0000CDAC       FreeAndNil
 0001:00000AB4       FreeCommitted
 0001:000010EC       FreeCurAlloc
 0001:00014A78       FreeIntConstList
 0001:000001FC       FreeLibrary
 0001:00005864       FreeLibrary
 0001:00019944       FreeListU
 0001:00000684       FreeSpace
 0001:0000C74C       FreeTerminateProcs
 0002:000008AC       fVersionLazyInited
 0001:000220F8       GameUnit_LOS_MiniMap_UnitsProjectiles_IsOwner
 0001:0002225C       GameUnit_LOS_PlayerSeeUnit_EpilogCode_Exit
 0001:00022208       GameUnit_LOS_PlayerSeeUnit_IsOwnerAllowedToSee
 0001:00021EE8       GameUnit_LOS_Radar_CanDirectlySeeUnit
 0001:00021F9C       GameUnit_LOS_Radar_LoopCondition
 0001:00021F44       GameUnit_LOS_Radar_LoopStart
 0001:000225A8       GameUnit_LOS_Update_1_Retry
 0001:0002258C       GameUnit_LOS_Update_1_Start
 0001:00022694       GameUnit_LOS_Update_2_Retry
 0001:00022678       GameUnit_LOS_Update_2_Start
 0002:00000930       Game_SetLOSState
 0002:000019A4       gdwDPlaySPRefCount
 0001:0000586C       GetACP
 0001:00000340       GetBlockDesc
 0001:000182A4       GetChar
 0001:000002DC       GetCmdShow
 0001:000222A0       GetCodeInjections
 0001:00021E08       GetCodeInjections
 0001:00022094       GetCodeInjections
 0001:000227B0       GetCodeInjections
 0001:00022450       GetCodeInjections
 0001:00022160       GetCodeInjections
 0001:00000204       GetCommandLine
 0001:000008C8       GetCommitted
 0001:00000970       GetCommittedAt
 0001:00008DC8       GetCount
 0001:00005874       GetCPInfo
 0001:0000587C       GetCurrentProcess
 0001:000002BC       GetCurrentThreadId
 0001:00005884       GetCurrentThreadId
 0001:00008E00       GetDate
 0001:0000588C       GetDateFormat
 0001:00009BC0       GetDateOrder
 0001:00005894       GetDiskFreeSpaceA
 0002:00000148       GetDiskFreeSpaceEx
 0001:00002DA8       GetDynaMethod
 0001:0000A81C       GetEraNamesAndYearOffsets
 0001:00009C90       GetEraYearOffset
 0001:0000B3F8       GetExceptionClass
 0001:0000B608       GetExceptionObject
 0001:0000589C       GetFileAttributes
 0001:000058A4       GetFileSize
 0001:0000018C       GetFileSize
 0001:00000184       GetFileType
 0001:0001A340       GetFileVersion
 0001:00005A24       GetFileVersionInfo
 0001:00005A2C       GetFileVersionInfoSize
 0001:0001A134       GetFileVersion_internal
 0001:0000C2E0       GetFormatSettings
 0001:000058AC       GetFullPathName
 0001:00002A40       GetKeyboardType
 0001:000058B4       GetLastError
 0001:0000020C       GetLastError
 0001:00019668       GetLineNumberFromAddress
 0001:0000A590       GetLocaleChar
 0001:000058C4       GetLocaleInfo
 0001:00000214       GetLocaleInfo
 0001:0000A534       GetLocaleStr
 0001:000058BC       GetLocalTime
 0001:0001985C       GetMapAddressFromAddress
 0001:00019764       GetMapFileName
 0001:000058CC       GetModuleFileName
 0001:0000021C       GetModuleFileName
 0001:000058D4       GetModuleHandle
 0001:00000224       GetModuleHandle
 0001:0001957C       GetModuleNameFromAddress
 0001:0000A610       GetMonthDayNames
 0001:00019A74       GetMyDocs
 0001:00001BFC       GetParamStr
 0001:0003A7FC       GetPlugin
 0001:00022AA0       GetPlugin
 0001:0002298C       GetPlugin
 0001:00021D70       GetPlugin
 0001:0003AB84       GetPlugin
 0001:0003A658       GetPlugin
 0001:0003A0A4       GetPlugin
 0001:0003AA64       GetPlugin
 0001:0003A6F4       GetPlugin
 0001:000058DC       GetPrivateProfileString
 0001:0000022C       GetProcAddress
 0001:000058E4       GetProcAddress
 0001:000195F8       GetProcNameFromAddress
 0001:000005A8       GetSpace
 0001:0000060C       GetSpaceAt
 0001:00000234       GetStartupInfo
 0001:000058EC       GetStdHandle
 0001:00000194       GetStdHandle
 0001:000058F4       GetStringTypeEx
 0001:00019AD4       GetSysDir
 0001:000058FC       GetSystemDirectory
 0001:00005904       GetSystemInfo
 0001:00005A54       GetSystemMetrics
 0001:0001A428       GetTADemoVersion
 0001:0000590C       GetTempFileName
 0001:00005914       GetTempPath
 0001:0000023C       GetThreadLocale
 0001:0000591C       GetThreadLocale
 0001:000002D4       GetTickCount
 0001:00005924       GetTickCount
 0001:00008E38       GetTime
 0001:000055D4       GetTlsSize
 0001:000002C4       GetVersion
 0001:0000592C       GetVersionEx
 0001:00005934       GetVolumeInformation
 0001:00019C14       GetVolumePathName
 0001:0000593C       GlobalAlloc
 0001:00005A88       GlobalAllocPtr
 0002:00001860       GlobalFixupList
 0001:00005944       GlobalFree
 0001:00005AB4       GlobalFreePtr
 0001:00005954       GlobalHandle
 0001:0000594C       GlobalLock
 0002:00001848       GlobalNameSpace
 0001:0000595C       GlobalReAlloc
 0001:00005A98       GlobalReAllocPtr
 0001:00005964       GlobalUnlock
 0001:00018124       GPHugeF
 0002:00000028       HeapAllocFlags
 0002:000015C0       heapErrorCode
 0002:000015C4       heapLock
 0002:00000144       HexDisplayPrefix
 0001:000149A8       HexToBin
 0002:00001660       HInstance
 0001:00005A6C       HiWord
 0001:00037C0C       idplay
 0002:000008C4       IID_IDirectPlay
 0002:000008B4       IID_IDirectPlay3
 0002:000008D4       IID_IDirectPlayLobby2
 0002:00000194       IMSecsPerDay
 0001:0000E8BC       InBounds
 0001:0000E61C       InBounds
 0001:0000BDAC       IncludeTrailingPathDelimiter
 0001:0000E8EC       Increment
 0001:0000E64C       Increment
 0001:000160F4       IniFiles
 0001:00000B48       InitAllocator
 0001:0003B424       InitCode
 0001:0003B530       InitCode_CoreExePatching
 0002:00001630       InitContext
 0001:0000C780       InitDriveSpacePtr
 0001:0000B710       InitExceptions
 0001:0000596C       InitializeCriticalSection
 0001:00000320       InitializeCriticalSection
 0002:000015BC       initialized
 0001:000056D8       InitializeModule
 0001:0000D7D8       InitializeVarUtils
 0001:0000C090       InitLeadBytes
 0001:0000B81C       InitPlatformId
 0001:00005620       InitProcessTLS
 0001:0000C134       InitSysLocale
 0001:00014A24       InitThreadSynchronization
 0001:000055DC       InitThreadTLS
 0001:0003B4F4       InitThunk_Stage1
 0001:0003B474       InitThunk_Stage2
 0001:00039D08       InitToolHelp
 0001:00003564       InitUnits
 0001:00016424       INI_Options
 0002:00001048       Input
 0001:00021BDC       InputHandler
 0001:00021E00       InputHook
 0001:00000FF4       InsertFree
 0001:00020B78       InstallPlugins
 0002:00001854       IntConstList
 0001:0000C7F0       InterlockedDecrement
 0001:000002B4       InterlockedDecrement
 0001:0000C7FC       InterlockedExchange
 0001:0000C804       InterlockedExchangeAdd
 0001:000002AC       InterlockedIncrement
 0001:0000C7E4       InterlockedIncrement
 0001:00001F18       InternalClose
 0001:0000215C       InternalFlush
 0001:00000E34       InternalFreeMem
 0001:00003DC0       InternalUniqueString
 0001:00006F28       IntToHex
 0001:00006F50       IntToHex
 0001:00006F00       IntToStr
 0001:00006E14       IntToStr
 0002:00001798       InvalidPointer
 0001:00002C70       InvokeImplGetter
 0001:00001B9C       IOResult
 0001:00005974       IsBadReadPtr
 0002:00001044       IsConsole
 0001:0000BD50       IsDelimiter
 0001:00008900       IsLeapYear
 0002:00001034       IsLibrary
 0002:00001045       IsMultiThread
 0001:0000BD04       IsPathDelimiter
 0001:0001D6D0       IsRelative
 0001:00018218       IsStrBool
 0001:0001D084       IsTAHookRunning
 0001:000214DC       IsTAVersion31
 0002:00001921       IsTAVersion31_Cache
 0001:0000C110       IsWesternGroup
 0001:00019BB4       IsWin9x
 0002:00000030       JITEnable
 0002:000019C8       KernelHandle
 0002:000018C8       kernellib
 0001:00007554       LastDelimiter
 0001:000053FC       LCIDToCodePage
 0001:0000C018       LCIDToCodePage
 0002:00000124       LeadBytes
 0001:00000330       LeaveCriticalSection
 0001:0000597C       LeaveCriticalSection
 0002:0000003C       LibModuleList
 0001:0003B44C       LibraryProc
 0002:000018B0       LineNumbers
 0001:0001CDD4       ListCheats
 0002:0000174E       ListSeparator
 0001:00015020       ListsU
 0001:000192F8       LoadAndParseMapFile
 0001:00005984       LoadLibrary
 0001:00000244       LoadLibraryEx
 0001:00004AE4       LoadResourceModule
 0001:000053A4       LoadResString
 0001:0000024C       LoadString
 0001:00005A5C       LoadString
 0001:00005598       LocalAlloc
 0001:00000300       LocalAlloc
 0001:000055A0       LocalFree
 0001:00000308       LocalFree
 0001:0000A5CC       LocalGetLocaleStr
 0001:0001D560       log2
 0002:000008B0       logdir
 0001:0001A9AC       LogError
 0001:0001A8A4       LogException
 0002:000018E4       logFilename
 0001:0001B290       logging
 0002:00000944       logsave
 0002:000018E8       Log_
 0002:00001690       LongDateFormat
 0002:00001724       LongDayNames
 0002:000016D8       LongMonthNames
 0002:000016A4       LongTimeFormat
 0001:00022924       LOS_AllyPlayer
 0001:00022A74       LOS_extensions
 0001:00022448       LOS_GUIText
 0001:000223AC       LOS_GUIText_SeeCommHealth
 0001:000223E4       LOS_GUIText_Unit_KillsNStuff
 0001:0002236C       LOS_GUIText_Unit_Resources
 0001:00022158       LOS_MiniMapUnits
 0001:00022298       LOS_PlayerSeeUnit
 0001:0002208C       LOS_Radar
 0002:0000195C       LOS_Updates_PTR
 0001:000227A8       LOS_UpdateTables
 0001:00006B1C       LowerCase
 0002:00000940       LowerLimit
 0001:00000254       lstrcpyn
 0002:00001820       LVarTypes
 0002:00001824       LVarTypeSync
 0002:0000102C       MainInstance
 0002:00001030       MainThreadID
 0001:000003C4       MakeEmpty
 0001:000036E8       MakeErrorMessage
 0001:0001A090       MakeTempFilename
 0001:0000B344       MapException
 0002:00000860       MapFileName
 0002:000018B4       MapFileSetup
 0001:0000336C       MapToRunError
 0001:0000598C       MapViewOfFile
 0001:000187B0       Math
 0001:0001D178       MemMappedDataStructure
 0002:00000044       MemoryManager
 0001:0000045C       MergeBlockAfter
 0001:00001138       MergeCommit
 0001:000001E4       MessageBox
 0001:00005A64       MessageBox
 0001:00005B30       Messages
 0001:00016474       MMSystem
 0002:000000AC       Module
 0001:00039FFC       Module32First
 0001:0003A030       Module32Next
 0001:0003A278       ModuleInfoComparer
 0002:0000165D       ModuleIsCpp
 0002:0000165C       ModuleIsLib
 0001:00014AF4       ModuleUnload
 0002:00000040       ModuleUnloadList
 0002:000000F4       MonthDays
 0001:00001BBC       Move
 0001:0003AB74       MultiAILimit
 0001:00000264       MultiByteToWideChar
 0002:00001685       NegCurrFormat
 0001:000011C4       NewCommit
 0001:000011F0       NewCommitAt
 0002:00000954       NewUnitLimit
 0001:0000BCB0       NextCharIndex
 0002:00000034       NoErrMsg
 0001:00002F24       NotifyAnyExcept
 0001:00002EF8       NotifyExcept
 0001:00002F58       NotifyExceptFinally
 0001:00004E20       NotifyModuleUnload
 0001:00002ED4       NotifyNonDelphiException
 0001:00002F10       NotifyOnExcept
 0001:00002EB8       NotifyReRaise
 0001:00002F80       NotifyTerminate
 0001:00002F9C       NotifyUnhandled
 0001:00008C8C       Now
 0002:00000330       NullAsStringValue
 0002:0000032C       NullStrictConvert
 0002:000018BC       ObjectsToFree
 0001:000179B0       OffsetPtr
 0001:00019904       OnFinalize
 0001:0003B3BC       OnFinalize
 0001:000391B8       OnInit
 0001:000198EC       OnInitialize
 0001:0003B0A0       OnInitialize
 0001:0003A9A4       OnInstall
 0001:0003A650       OnInstall
 0001:0003A6EC       OnInstall
 0001:00021D40       OnInstall
 0001:0003A09C       OnInstall
 0001:0003AB7C       OnInstallCobExtensions
 0001:00022948       OnInstallShareLOS
 0001:00022A90       OnInstallSpeedHack
 0001:0003A7F4       OnInstallUnitLimit
 0001:0003A6F0       OnUninstall
 0001:00021D60       OnUnInstall
 0001:0003A9A8       OnUninstall
 0001:0003A654       OnUnInstall
 0001:0003A0A0       OnUnInstall
 0001:0003AB80       OnUninstallCobExtensions
 0001:00022954       OnUninstallShareLOS
 0001:00022A9C       OnUninstallSpeedHack
 0001:0003A7F8       OnUninstallUnitLimit
 0001:0001D0D4       OpenMemMap
 0001:00001E2C       OpenText
 0002:00001794       OutOfMemory
 0002:00001214       Output
 0001:00032514       OutputInfo
 0001:0001D1E0       PacketBufferU
 0001:0001FAD8       packet_old
 0001:00001D60       ParamStr
 0001:000182FC       ParseParams
 0001:0001FE08       PatchNJump
 0001:0003A794       PauseHandling
 0001:0003A7EC       PauseLock
 0001:00024018       PlayerDataU
 0002:0000193C       PlayerPtr
 0002:0000194C       PlayerPtr
 0002:00001960       PlayerPtr
 0001:000228C4       Player_SetAlliedState_JumpHook
 0001:000228DC       Player_SetAlliedState_RetHook
 0001:00021BD4       PluginCommandHandlerU
 0002:0000192C       PluginCommands
 0001:00020EE0       PluginEngine
 0002:00001910       Plugins
 0001:0003B004       Plugins
 0001:00010FA4       PointerInModule
 0002:000018D4       proc
 0002:00001A38       proc
 0002:000018AC       Procedures
 0001:00014094       PropValueError
 0002:000000A8       PtrToNil
 0001:00018528       PtrToStr
 0001:00007FE0       PutExponent
 0001:000002CC       QueryPerformanceCounter
 0001:00011738       QuickSort
 0001:0000B2E0       RaiseAssertException
 0001:000135F4       RaiseException
 0001:0000019C       RaiseException
 0002:00001014       RaiseExceptionProc
 0001:0000C67C       RaiseLastOSError
 0001:00001DC4       Randomize
 0002:00000008       RandSeed
 0001:0001D69C       ReadError
 0001:00014074       ReadError
 0001:00005994       ReadFile
 0001:000001A4       ReadFile
 0001:00016120       ReadININame
 0001:000162E0       ReadINIOptions
 0001:000023DC       ReadLine
 0001:0000599C       ReadProcessMemory
 0002:00001818       RefAnyProc
 0001:0000026C       RegCloseKey
 0001:0000579C       RegCloseKey
 0001:000057A4       RegCreateKeyEx
 0001:0001D6F8       RegDataToDataType
 0001:000057AC       RegFlushKey
 0002:00001858       RegGroups
 0001:00004E7C       RegisterModule
 0001:00020B14       RegisterPlugin
 0001:0001E36C       Registry
 0001:000057B4       RegOpenKeyEx
 0001:00000274       RegOpenKeyEx
 0001:0000027C       RegQueryValueEx
 0001:000057BC       RegQueryValueEx
 0001:000057C4       RegSetValueEx
 0002:00000050       reMap
 0002:00001614       remBytes
 0001:000004E4       RemoveBlock
 0001:00013F24       RemoveFixupReferences
 0001:00013FE0       RemoveFixups
 0001:000186D0       RemoveInvalid
 0001:00004D70       RemoveModuleUnloadProc
 0001:00004D98       RemoveModuleUnloadProc
 0001:000059A4       ResetEvent
 0001:00022A7C       ResetGameSpeedLimits
 0001:0002292C       ResetShareLosState
 0001:00001728       ResizeInPlace
 0001:000113DC       ReturnAddr
 0001:00011FC0       ReturnAddr
 0002:00001610       rover
 0001:000103F8       RTLConsts
 0001:000001AC       RtlUnwind
 0002:00001018       RTLUnwindProc
 0002:00000074       runErrMsg
 0001:00001AC4       RunErrorAt
 0001:0000D774       SafeArrayCreate
 0001:0000D77C       SafeArrayGetLBound
 0001:0000D784       SafeArrayGetUBound
 0001:0000D78C       SafeArrayPtrOfIndex
 0001:00006BDC       SameText
 0001:000099E4       ScanBlanks
 0001:00009B70       ScanChar
 0001:00009D5C       ScanDate
 0001:00009A24       ScanNumber
 0001:00009AD8       ScanString
 0001:0000A0F0       ScanTime
 0001:00009C28       ScanToNumber
 0001:00001224       SearchSmallBlocks
 0001:00019F20       SelfLocation
 0002:000018D8       SelfLocation_cache
 0001:0000FE88       SetClearVarToEmptyParam
 0001:0003AC2C       SetCOBType
 0001:000059AC       SetEndOfFile
 0001:000001B4       SetEndOfFile
 0001:000059B4       SetEvent
 0001:000034AC       SetExceptionHandler
 0001:000001BC       SetFilePointer
 0001:000059BC       SetFilePointer
 0001:00001B48       SetInOutRes
 0001:000059C4       SetLastError
 0001:00021014       SetLongword
 0001:0000FE70       SetVarAsError
 0001:00020FF8       SetWord
 0002:000008A0       ShareFlags
 0002:00000160       ShareMode
 0001:00019984       SHFolder
 0001:0001994C       SHGetFolderPath
 0002:0000168C       ShortDateFormat
 0002:00001708       ShortDayNames
 0002:000016A8       ShortMonthNames
 0002:000016A0       ShortTimeFormat
 0001:0000AD4C       ShowException
 0001:00022880       Signal_AlliedStateChange
 0001:00018604       SimpleCrypt
 0002:0000043C       SizeOfBuffer
 0001:00014484       SkipBinary
 0001:000144B8       SkipCollection
 0001:00014458       SkipList
 0001:0000C674       Sleep
 0001:000059CC       Sleep
 0002:0000161C       smallTab
 0002:000015E4       spaceRoot
 0001:00022C7C       SpeedHack
 0001:00022BBC       SpeedState_DecreaseSpeed_Check
 0001:00022BF4       SpeedState_IncreaseSpeed_Check
 0001:00022C24       SpeedState_SetSpeed_Check
 0001:0001FE38       SpliceInJump
 0002:0000198C       StartedFrom
 0002:00000964       State_COB_extensions
 0002:0000095C       State_MultiAILimit
 0002:0000094C       State_PauseLock
 0002:00000938       State_SpeedHack
 0002:00000958       State_UnitLimit
 0001:00022D90       StatusToStr
 0002:00000950       StopPauseStateChange
 0001:000079EC       StrAlloc
 0001:0000B97C       StrByteType
 0001:0000BC10       StrCharLength
 0001:00013414       StringListCompareStrings
 0001:00018A9C       StripFromString
 0001:000078E8       StrLCopy
 0001:000078A4       StrLen
 0001:00007E84       StrLFmt
 0001:0000791C       StrLIComp
 0001:000078BC       StrMove
 0001:00007A18       StrNew
 0001:0000BC44       StrNextChar
 0001:00007998       StrPos
 0001:00007960       StrScan
 0001:0000A30C       StrToDate
 0001:0000A404       StrToDateTime
 0001:00008698       StrToFloat
 0001:00006F80       StrToInt
 0001:00006FC0       StrToIntDef
 0001:0000A388       StrToTime
 0001:00039C60       StubCall
 0001:00019D18       SupportsCompression
 0002:0000184C       SyncEvent
 0001:00018BEC       SyncHeaders
 0002:00000430       SyncList
 0001:00016650       SyncObjs
 0001:00000294       SysAllocStringLen
 0001:00005E78       SysConst
 0001:0000A4D0       SysErrorMessage
 0001:00001550       SysFreeMem
 0001:000002A4       SysFreeString
 0001:000013A4       SysGetMem
 0001:0000575C       SysInit
 0002:00001740       SysLocale
 0001:0000192C       SysReallocMem
 0001:0000029C       SysReAllocStringLen
 0001:000054C4       System
 0001:0000D220       SysUtils
 0002:00001918       TAData
 0001:0001A4FC       TADemoConsts
 0002:000018DC       TADemoVersion_cache
 0001:0002172C       TAMem.getActualUnitLimit
 0001:000216D8       TAMem.getGameSpeed
 0001:00021758       TAMem.getIsAlteredUnitLimit
 0001:00021700       TAMem.getMaxUnitLimit
 0001:000217AC       TAMem.getPlayerIndex
 0001:00021830       TAMem.GetUnitPtr
 0001:00021784       TAMem.getUnitsPtr
 0001:000216B0       TAMem.getViewPLayer
 0001:00021618       TAMem.IsTAVersion31
 0001:000213D4       TAMemManipulations
 0001:00021894       TAPlayer.GetAlliedState
 0001:000218DC       TAPlayer.PlayerType
 0001:00021904       TAUnit.getKills
 0001:00021958       TAUnit.GetOwnerIndex
 0001:00021930       TAUnit.GetOwnerPtr
 0001:000219E8       TA_FunctionsU
 0001:000219B0       TA_MemoryLocations
 0001:00022CB4       TA_NetworkingMessages
 0001:0001FFA4       TCodeInjection.Create
 0001:0001FFE8       TCodeInjection.RestoreProc
 0001:00020490       TCodeInjection_RelativeJmp.Create
 0001:000204F8       TCodeInjection_RelativeJmp.WriteProc
 0001:00020128       TCodeInjection_Replacement.WriteProc
 0001:000202DC       TCodeInjection_StaticCall.WriteProc
 0001:000240F8       TCommandHandler.Create
 0001:000244BC       TCommands.AddCommand
 0001:00024358       TCommands.AddCommandAlias
 0001:000242B0       TCommands.ClearCommands
 0001:0002419C       TCommands.Create
 0001:00024208       TCommands.destroy
 0001:0002424C       TCommands.GetCount
 0001:0002427C       TCommands.GetItem
 0001:00024310       TCommands.LookUpCommand
 0001:000165F0       TCriticalSection.Acquire
 0001:00016560       TCriticalSection.Create
 0001:000165B0       TCriticalSection.Destroy
 0001:00016608       TCriticalSection.Release
 0001:00015200       TCustomIniFile.Create
 0001:0001588C       TCustomIniFile.ReadBinaryStream
 0001:00015378       TCustomIniFile.ReadBool
 0001:000153AC       TCustomIniFile.ReadDate
 0001:00015468       TCustomIniFile.ReadDateTime
 0001:00015524       TCustomIniFile.ReadFloat
 0001:00015248       TCustomIniFile.ReadInteger
 0001:000155E0       TCustomIniFile.ReadTime
 0001:00015A00       TCustomIniFile.WriteBinaryStream
 0001:00015858       TCustomIniFile.WriteBool
 0001:0001569C       TCustomIniFile.WriteDate
 0001:00015704       TCustomIniFile.WriteDateTime
 0001:0001576C       TCustomIniFile.WriteFloat
 0001:00015314       TCustomIniFile.WriteInteger
 0001:000157D8       TCustomIniFile.WriteTime
 0001:00013C28       TCustomMemoryStream.Read
 0001:00013C98       TCustomMemoryStream.Seek
 0001:00013C00       TCustomMemoryStream.SetPointer
 0001:0000FF24       TCustomVariantType.BinaryOp
 0001:0000FF30       TCustomVariantType.Cast
 0001:0000FF68       TCustomVariantType.CastTo
 0001:0000FFF4       TCustomVariantType.CastToOle
 0001:0000FFB0       TCustomVariantType.Compare
 0001:0000FFBC       TCustomVariantType.CompareOp
 0001:00010030       TCustomVariantType.Destroy
 0001:00010110       TCustomVariantType.DispInvoke
 0001:000100BC       TCustomVariantType.IsClear
 0001:000100C0       TCustomVariantType.LeftPromotion
 0001:000100D4       TCustomVariantType.OlePromotion
 0001:00010134       TCustomVariantType.QueryInterface
 0001:000100DC       TCustomVariantType.RaiseCastError
 0001:000100EC       TCustomVariantType.RaiseDispError
 0001:000100E4       TCustomVariantType.RaiseInvalidOp
 0001:000100F4       TCustomVariantType.RightPromotion
 0001:00010108       TCustomVariantType.UnaryOp
 0001:0001011C       TCustomVariantType._AddRef
 0001:00010128       TCustomVariantType._Release
 0001:0002DF04       TDPlay.AddGroupToGroup
 0001:0002CF80       TDPlay.AddPlayerToGroup
 0001:000271B0       TDPlay.ChatMsgHandler
 0001:00025970       TDPlay.checkForCheats
 0001:00034200       TDPlay.Close
 0001:00034DF8       TDPlay.Create
 0001:0002D080       TDPlay.CreateGroup
 0001:0002D8E4       TDPlay.CreateGroup
 0001:0002DF80       TDPlay.CreateGroupInGroup
 0001:00027E14       TDPlay.createlogfile
 0001:0002E590       TDPlay.CreatePlayer
 0001:0002CFFC       TDPlay.CreatePlayer
 0001:0002E00C       TDPlay.DeleteGroupFromGroup
 0001:0002D100       TDPlay.DeletePlayerFromGroup
 0001:00037B18       TDPlay.Destroy
 0001:0002D17C       TDPlay.DestroyGroup
 0001:0002E844       TDPlay.DestroyPlayer
 0001:000269B8       TDPlay.dobase
 0001:0002D1F4       TDPlay.EnableNewPlayers
 0001:0002EC60       TDPlay.EnumConnections
 0001:0002D26C       TDPlay.EnumGroupPlayers
 0001:0002D96C       TDPlay.EnumGroupPlayers
 0001:0002D9F4       TDPlay.EnumGroups
 0001:0002D2F0       TDPlay.EnumGroups
 0001:0002E088       TDPlay.EnumGroupsInGroup
 0001:0002D374       TDPlay.EnumPlayers
 0001:0002E968       TDPlay.EnumPlayers
 0001:0002EA28       TDPlay.EnumSessions
 0001:0002D3F8       TDPlay.EnumSessions
 0001:00033C10       TDPlay.ExceptMessage
 0001:0003497C       TDPlay.Exiting
 0001:00028E90       TDPlay.facexpshandler
 0001:0002DA78       TDPlay.GetCaps
 0001:0002D480       TDPlay.GetCaps
 0001:000302F4       TDPlay.GetFixFacExps
 0001:00033EA0       TDPlay.GetGoodSource
 0001:0002E110       TDPlay.GetGroupConnectionSettings
 0001:0002DAF4       TDPlay.GetGroupData
 0001:0002E398       TDPlay.GetGroupFlags
 0001:0002DB78       TDPlay.GetGroupName
 0001:0002E414       TDPlay.GetGroupParent
 0001:0002D4F8       TDPlay.GetMessageCount
 0001:0002E490       TDPlay.GetPlayerAccount
 0001:0002EAAC       TDPlay.GetPlayerAddress
 0001:0002D574       TDPlay.GetPlayerCaps
 0001:0002DBF8       TDPlay.GetPlayerCaps
 0001:0002DC78       TDPlay.GetPlayerData
 0001:0002E514       TDPlay.GetPlayerFlags
 0001:0002ED60       TDPlay.GetPlayerName
 0001:0002D5F0       TDPlay.GetPlayerName
 0001:00030328       TDPlay.GetProtectDT
 0001:000259A8       TDPlay.GetRandomMap
 0001:000270CC       TDPlay.getRecorderStatusString
 0001:00033FD0       TDPlay.GetServerPlayer
 0001:0002EB70       TDPlay.GetSessionDesc
 0001:00028AF0       TDPlay.Handleunitdata
 0001:00034014       TDPlay.ImServer
 0001:00025F08       TDPlay.initbuilding
 0001:00025F9C       TDPlay.initfastbase
 0001:0002D678       TDPlay.Initialize
 0001:0002ECE4       TDPlay.InitializeConnection
 0001:00033518       TDPlay.On3dta
 0001:00032BEC       TDPlay.OnAbout
 0001:00031C44       TDPlay.OnAutoPause
 0001:000322F8       TDPlay.OnBase
 0001:00031BC8       TDPlay.OnBaseOff
 0001:00031E44       TDPlay.OnCmdwarp
 0001:00032A34       TDPlay.OnCrash
 0001:000337C0       TDPlay.OnCreatetxt
 0001:00030D4C       TDPlay.OnDate
 0001:000323AC       TDPlay.OnDoBase
 0001:000305E8       TDPlay.OnEhaoff
 0001:000306B4       TDPlay.OnEhaOn
 0001:0003084C       TDPlay.Onehareport
 0001:00033BF0       TDPlay.OnException
 0001:00031D94       TDPlay.Onf1off
 0001:00033A48       TDPlay.OnFakeWatch
 0001:00032D38       TDPlay.OnFixall
 0001:00030468       TDPlay.OnFixDisabled
 0001:00030528       TDPlay.OnFixEnabled
 0001:00032DA0       TDPlay.OnFixFactoryExplosions
 0001:00033AD4       TDPlay.OnForceCd
 0001:0003110C       TDPlay.OnGive
 0001:0003263C       TDPlay.OnHelp
 0001:00031AD8       TDPlay.OnHookReport
 0001:00033864       TDPlay.OnLockOn
 0001:0003371C       TDPlay.OnOnlyUnits
 0001:00032B30       TDPlay.OnPanic
 0001:000309CC       TDPlay.OnPlayers
 0001:00032E88       TDPlay.OnProtectDT
 0001:0003397C       TDPlay.OnRandMap
 0001:00033250       TDPlay.OnRecord
 0001:00033F20       TDPlay.OnRemovePlayer
 0001:00030C24       TDPlay.OnReport
 0001:0003035C       TDPlay.OnShareLos
 0001:00032F60       TDPlay.OnSharemapPos
 0001:00032904       TDPlay.OnStatus
 0001:00031248       TDPlay.OnStopGive
 0001:000336D0       TDPlay.OnStopLog
 0001:0003229C       TDPlay.OnSyncOff
 0001:00031EF4       TDPlay.OnSyncon
 0001:00030780       TDPlay.OnTaHookOff
 0001:000316DC       TDPlay.OnTake
 0001:00033098       TDPlay.OnTime
 0001:0003132C       TDPlay.OnUnits
 0001:00031040       TDPlay.OnVoteGo
 0001:00030E5C       TDPlay.OnVoteReady
 0001:000329DC       TDPlay.OnYankspank
 0001:0003404C       TDPlay.Open
 0001:0002D6F0       TDPlay.Open
 0001:00029210       TDPlay.PacketHandler
 0001:00027B14       TDPlay.PacketLostHandler
 0001:0002F7C8       TDPlay.Receive
 0001:0002D768       TDPlay.Receive
 0001:000342B0       TDPlay.ResetRecorder
 0001:0002D7F0       TDPlay.SaveSession
 0001:0002E194       TDPlay.SecureOpen
 0001:0002F37C       TDPlay.Send
 0001:00025384       TDPlay.SendAlliedChat
 0001:00024EA8       TDPlay.SendChat
 0001:00024FEC       TDPlay.SendChatLocal
 0001:0002511C       TDPlay.SendChatLocal2
 0001:0002E218       TDPlay.SendChatMessage
 0001:000258A8       TDPlay.SendClipboard
 0001:00025210       TDPlay.SendLocal
 0001:000251E0       TDPlay.SendLocal
 0001:0002572C       TDPlay.SendRecorderToRecorderMsg
 0001:00025454       TDPlay.SendRecorderToRecorderMsg2
 0001:00029110       TDPlay.SetAutoPauseAtStart
 0001:00029130       TDPlay.SetCommanderWarp
 0001:0002916C       TDPlay.SetF1Disable
 0001:000291C8       TDPlay.SetFastSpeed
 0001:0002E29C       TDPlay.SetGroupConnectionSettings
 0001:0002DCFC       TDPlay.SetGroupData
 0001:0002DD80       TDPlay.SetGroupName
 0001:0002DE00       TDPlay.SetPlayerData
 0001:0002D864       TDPlay.SetPlayerName
 0001:0002DE84       TDPlay.SetPlayerName
 0001:0002EBE8       TDPlay.SetSessionDesc
 0001:000291EC       TDPlay.SetSlowSpeed
 0001:000291A8       TDPlay.SetSpeedLock
 0001:00028884       TDPlay.SmartPak
 0001:0002E31C       TDPlay.StartSession
 0001:00027A4C       TDPlay.UnitCountChange
 0001:00019FF0       TempPath
 0002:00000320       TerminateProcList
 0002:00001046       Test8086
 0001:00020F20       TestByte
 0001:00020EE8       TestByte
 0001:00020F6C       TestBytes
 0002:00001964       TestPlayer
 0002:00001950       TestPlayer
 0002:00001934       TestPlayerIndex
 0002:00001938       TestPlayerPtr
 0001:00001F28       TextClose
 0001:00022960       TextCommand_View_Hook
 0001:00018778       textdata
 0001:0001A82C       TextFileU
 0001:00001E9C       TextIn
 0001:00001F48       TextOpen
 0001:00001EDC       TextOut
 0001:00008524       TextToFloat
 0001:00013A08       TFileStream.Create
 0001:00013A58       TFileStream.Create
 0001:00013BB8       TFileStream.Destroy
 0001:00016904       TGpHugeFile.AccessFile
 0001:000177A8       TGpHugeFile.AllocBuffer
 0001:00017118       TGpHugeFile.BlockWrite
 0001:00017D04       TGpHugeFile.BlockWriteUnsafe
 0001:00016F54       TGpHugeFile.CheckHandle
 0001:00016E9C       TGpHugeFile.Close
 0001:00016794       TGpHugeFile.CreateEx
 0001:0001684C       TGpHugeFile.Destroy
 0001:00017644       TGpHugeFile.FilePos
 0001:00018044       TGpHugeFile.FileSize
 0001:00016FC0       TGpHugeFile.FileSizeNoCache
 0001:00017708       TGpHugeFile.Flush
 0001:00017C40       TGpHugeFile.FlushBuffer
 0001:000178E0       TGpHugeFile.FreeBuffer
 0001:000180C0       TGpHugeFile.InitReadBuffer
 0001:0001808C       TGpHugeFile.InitWriteBuffer
 0001:00017DC0       TGpHugeFile.IsOpen
 0001:00017FDC       TGpHugeFile.LoadedToTheEOF
 0001:00016BAC       TGpHugeFile.ResetEx
 0001:00016D38       TGpHugeFile.RewriteEx
 0001:0001777C       TGpHugeFile.RoundToPageSize
 0001:000174D4       TGpHugeFile.Seek
 0001:000179CC       TGpHugeFile.Transmit
 0001:00017558       TGpHugeFile.Truncate
 0001:00017F94       TGpHugeFile.Win32Check
 0001:00017270       TGpHugeFile._Seek
 0001:000138C4       THandleStream.Create
 0001:00013914       THandleStream.Read
 0001:00013984       THandleStream.Seek
 0001:000139B8       THandleStream.SetSize
 0001:000139D8       THandleStream.SetSize
 0001:0001394C       THandleStream.Write
 0002:00001686       ThousandSeparator
 0002:00001864       ThreadLock
 0001:0003B5B0       threadlogging
 0001:0003A6E4       Thread_marshaller
 0001:00017DDC       ThrowCase1
 0001:00017ED4       ThrowCase2
 0002:00001698       TimeAMString
 0001:0001642C       timeBeginPeriod
 0001:00016434       timeGetDevCaps
 0001:0001643C       timeGetTime
 0002:0000169C       TimePMString
 0002:00001694       TimeSeparator
 0001:000099A8       TimeToStr
 0001:00016050       TIniFile.DeleteKey
 0001:00015B70       TIniFile.Destroy
 0001:00015FF4       TIniFile.EraseSection
 0001:00015D88       TIniFile.ReadSection
 0001:00015C7C       TIniFile.ReadSections
 0001:00015EA0       TIniFile.ReadSectionValues
 0001:00015BAC       TIniFile.ReadString
 0001:00016088       TIniFile.UpdateFile
 0001:00015C0C       TIniFile.WriteString
 0001:00004F60       TInterfacedObject.AfterConstruction
 0001:00004F6C       TInterfacedObject.BeforeDestruction
 0001:00004F7C       TInterfacedObject.NewInstance
 0001:00004F8C       TInterfacedObject.QueryInterface
 0001:00004FB4       TInterfacedObject._AddRef
 0001:00004FC8       TInterfacedObject._Release
 0001:0003A094       TlHelp32
 0001:000112D0       TList.Add
 0001:00011328       TList.Clear
 0001:00011348       TList.Delete
 0001:000112A4       TList.Destroy
 0001:000113E4       TList.Error
 0001:00011424       TList.Error
 0001:00011844       TList.Extract
 0001:00011484       TList.Get
 0001:000114CC       TList.Grow
 0001:00011524       TList.IndexOf
 0001:000118A0       TList.Notify
 0001:00011570       TList.Put
 0001:00011600       TList.Remove
 0001:00011634       TList.SetCapacity
 0001:00011690       TList.SetCount
 0001:00011808       TList.Sort
 0001:00037E58       TLobby.Connect
 0001:0003903C       TLobby.Create
 0001:00038008       TLobby.CreateAddress
 0001:00038F84       TLobby.CreateCompoundAddress
 0001:000380BC       TLobby.EnumAddress
 0001:00038168       TLobby.EnumAddressTypes
 0001:00038218       TLobby.EnumLocalApplications
 0001:000382C8       TLobby.GetConnectionSettings
 0001:00038378       TLobby.ReceiveLobbyMessage
 0001:00038540       TLobby.RunApplication
 0001:00038CAC       TLobby.SendLobbyMessage
 0001:00038E24       TLobby.SetConnectionSettings
 0001:00038ED4       TLobby.SetLobbyMessageEvent
 0001:0001B1D0       TLog.Add
 0001:0001B05C       TLog.Add
 0001:0001AFD8       TLog.Add
 0001:0001AEC0       TLog.Add2
 0001:0001AAF4       TLog.Create
 0001:0001ADEC       TLog.Destroy
 0001:0001AE94       TLog.Flush
 0001:0001D344       TLog2.Add
 0001:0001D24C       TLog2.Create
 0001:0001D4F4       TLog2.Destroy
 0001:0001D31C       TLog2.Flush
 0001:000055A8       TlsAlloc
 0002:0000166C       tlsBuffer
 0001:000055B0       TlsFree
 0001:000055B8       TlsGetValue
 0002:000000A4       TlsIndex
 0002:FF8C300C       TlsLast
 0002:000000C4       TlsProc
 0001:000055C0       TlsSetValue
 0001:00013D2C       TMemoryStream.Clear
 0001:00013CF0       TMemoryStream.Destroy
 0001:00013DCC       TMemoryStream.Realloc
 0001:00013D50       TMemoryStream.SetCapacity
 0001:00013D84       TMemoryStream.SetSize
 0001:00013E94       TMemoryStream.Write
 0001:0003A198       TModuleInfo.Create
 0001:0000CCA0       TMultiReadExclusiveWriteSynchronizer.BeginRead
 0001:0000CB58       TMultiReadExclusiveWriteSynchronizer.BeginWrite
 0001:0000CAD0       TMultiReadExclusiveWriteSynchronizer.BlockReaders
 0001:0000C9E4       TMultiReadExclusiveWriteSynchronizer.Create
 0001:0000CA74       TMultiReadExclusiveWriteSynchronizer.Destroy
 0001:0000CD28       TMultiReadExclusiveWriteSynchronizer.EndRead
 0001:0000CC34       TMultiReadExclusiveWriteSynchronizer.EndWrite
 0001:0000CB00       TMultiReadExclusiveWriteSynchronizer.UnblockOneWriter
 0001:0000CAE8       TMultiReadExclusiveWriteSynchronizer.UnblockReaders
 0001:0000CB18       TMultiReadExclusiveWriteSynchronizer.WaitForReadSignal
 0001:0000CB38       TMultiReadExclusiveWriteSynchronizer.WaitForWriteSignal
 0001:00002E10       TObject.AfterConstruction
 0001:00002E14       TObject.BeforeDestruction
 0001:00002B64       TObject.ClassName
 0001:00002B78       TObject.ClassParent
 0001:00002B58       TObject.ClassType
 0001:00002C50       TObject.CleanupInstance
 0001:00002BBC       TObject.Create
 0001:00002E0C       TObject.DefaultHandler
 0001:00002BDC       TObject.Destroy
 0001:00002E18       TObject.Dispatch
 0001:00002BEC       TObject.Free
 0001:00002BA0       TObject.FreeInstance
 0001:00002CA0       TObject.GetInterface
 0001:00002D40       TObject.GetInterfaceEntry
 0001:00002DF0       TObject.InheritsFrom
 0001:00002BF8       TObject.InitInstance
 0001:00002BB4       TObject.InstanceSize
 0001:00002B84       TObject.NewInstance
 0001:00002E04       TObject.SafeCallException
 0001:00018820       TObjectList.Add
 0001:00018844       TObjectList.Create
 0001:00018894       TObjectList.Extract
 0001:000188B8       TObjectList.GetItem
 0001:000188DC       TObjectList.Notify
 0001:0000490C       ToLongPath
 0001:0001F518       TPacket.Compress
 0001:0001E3DC       TPacket.Create
 0001:0001F05C       TPacket.Decompress
 0001:0001EDEC       TPacket.Decrypt
 0001:0001EF34       TPacket.Encrypt
 0001:0001E554       TPacket.GetRawData2
 0001:0001E590       TPacket.GetTAData
 0001:0001E518       TPacket.GetTimestamp
 0001:0001E5F4       TPacket.PacketLength
 0001:0001E488       TPacket.SJCreateNew
 0001:0001EA7C       TPacket.Split2
 0001:00011A14       TPersistent.Assign
 0001:00011A40       TPersistent.AssignError
 0001:00011B18       TPersistent.AssignTo
 0001:00011B34       TPersistent.DefineProperties
 0001:000119D8       TPersistent.Destroy
 0001:00011B44       TPersistent.GetNamePath
 0001:00011BFC       TPersistent.GetOwner
 0001:00022E20       TPlayerData.Create
 0001:00022F60       TPlayerData.IsSelf
 0001:00022FE8       TPlayerData.IsServer
 0001:00022EE8       TPlayerData.OnPlayerRemoved
 0001:0002334C       TPlayers.Add
 0001:0002325C       TPlayers.Clear
 0001:00023CFC       TPlayers.Convert
 0001:00023E78       TPlayers.ConvertId
 0001:00023078       TPlayers.Create
 0001:00023200       TPlayers.Destroy
 0001:000238EC       TPlayers.getCount
 0001:00023B08       TPlayers.GetData_
 0001:00023908       TPlayers.Name
 0001:000239AC       TPlayers.Name
 0001:000238B0       TPlayers.Remove
 0001:000233A0       TPlayers.Remove
 0001:00021AFC       TPluginCommands.ClearCommands
 0001:00021A4C       TPluginCommands.Create
 0001:00021AB8       TPluginCommands.destroy
 0001:00021B5C       TPluginCommands.LookUpCommand
 0001:00020748       TPluginData.create
 0001:000208B4       TPluginData.MakeNOPReplacement
 0001:000207EC       TPluginData.MakeRelativeJmp
 0001:00020958       TPluginData.MakeReplacement
 0001:00020860       TPluginData.MakeStaticCall
 0001:00020A10       TPluginData.NewCodeInjection
 0001:0000A8E0       TranslateDateFormat
 0001:0000E334       TranslateResult
 0001:000140A4       TReader.CheckValue
 0001:000140D4       TReader.EndOfList
 0001:000140F8       TReader.NextValue
 0001:0001411C       TReader.Read
 0001:00014168       TReader.ReadBuffer
 0001:000141BC       TReader.ReadListBegin
 0001:000141D0       TReader.ReadListEnd
 0001:000141E4       TReader.ReadStr
 0001:0001422C       TReader.ReadString
 0001:000143E8       TReader.ReadValue
 0001:000142F0       TReader.ReadWideString
 0001:00014718       TReader.SkipBytes
 0001:000146C8       TReader.SkipProperty
 0001:00014408       TReader.SkipSetBody
 0001:0001452C       TReader.SkipValue
 0001:00010EC8       TRegGroup.Create
 0001:00010F50       TRegGroup.Destroy
 0001:00010FD4       TRegGroup.UnregisterModuleClasses
 0001:000110B0       TRegGroups.Create
 0001:0001113C       TRegGroups.Destroy
 0001:000111B8       TRegGroups.Lock
 0001:000111D0       TRegGroups.Unlock
 0001:000111E8       TRegGroups.UnregisterModuleClasses
 0001:0001DEA8       TRegIniFile.Create
 0001:0001DEF4       TRegIniFile.Create
 0001:0001E2D8       TRegIniFile.ReadBool
 0001:0001E0D8       TRegIniFile.ReadInteger
 0001:0001DF58       TRegIniFile.ReadString
 0001:0001E1E4       TRegIniFile.WriteInteger
 0001:0001E028       TRegIniFile.WriteString
 0001:0001D900       TRegistry.ChangeKey
 0001:0001D870       TRegistry.CloseKey
 0001:0001D7E4       TRegistry.Create
 0001:0001D78C       TRegistry.Create
 0001:0001D988       TRegistry.CreateKey
 0001:0001D834       TRegistry.Destroy
 0001:0001D934       TRegistry.GetBaseKey
 0001:0001DD64       TRegistry.GetData
 0001:0001DBA4       TRegistry.GetDataInfo
 0001:0001DC00       TRegistry.GetDataSize
 0001:0001DE08       TRegistry.GetKey
 0001:0001DA6C       TRegistry.OpenKey
 0001:0001DCF4       TRegistry.PutData
 0001:0001DC68       TRegistry.ReadString
 0001:0001D96C       TRegistry.SetCurrentKey
 0001:0001D8B8       TRegistry.SetRootKey
 0001:0001DDE4       TRegistry.ValueExists
 0001:0001DC34       TRegistry.WriteString
 0001:00006D04       Trim
 0001:00006D78       TrimLeft
 0002:00001788       TrueBoolStrs
 0001:00008944       TryEncodeDate
 0001:000087DC       TryEncodeTime
 0001:0000125C       TryHarder
 0001:00002334       TryOpenForInput
 0001:000025D8       TryOpenForOutput
 0001:00007100       TryStrToBool
 0001:00008770       TryStrToCurr
 0001:0000A344       TryStrToDate
 0001:0000A43C       TryStrToDateTime
 0001:000086D8       TryStrToFloat
 0001:00008700       TryStrToFloat
 0001:00008738       TryStrToFloat
 0001:00006FF0       TryStrToInt
 0001:0000A3C0       TryStrToTime
 0001:000137CC       TStream.CopyFrom
 0001:000134FC       TStream.GetPosition
 0001:00013540       TStream.GetSize
 0001:0001373C       TStream.ReadBuffer
 0001:00013640       TStream.Seek
 0001:000136CC       TStream.Seek
 0001:00013524       TStream.SetPosition
 0001:0001359C       TStream.SetSize
 0001:0001358C       TStream.SetSize
 0001:00013784       TStream.WriteBuffer
 0001:00012BD4       TStringList.Add
 0001:00012BFC       TStringList.AddObject
 0001:00012C74       TStringList.Changed
 0001:00012CA0       TStringList.Changing
 0001:00012CCC       TStringList.Clear
 0001:000134BC       TStringList.CompareStrings
 0001:0001346C       TStringList.CustomSort
 0001:00012D20       TStringList.Delete
 0001:00012B58       TStringList.Destroy
 0001:00012DC0       TStringList.Exchange
 0001:00012E3C       TStringList.ExchangeItems
 0001:00012EA8       TStringList.Find
 0001:00012F40       TStringList.Get
 0001:00012F8C       TStringList.GetCapacity
 0001:00012FA8       TStringList.GetCount
 0001:00012FC4       TStringList.GetObject
 0001:0001300C       TStringList.Grow
 0001:00013064       TStringList.IndexOf
 0001:000130B0       TStringList.Insert
 0001:00013140       TStringList.InsertItem
 0001:000130D8       TStringList.InsertObject
 0001:000131E8       TStringList.Put
 0001:00013260       TStringList.PutObject
 0001:000132BC       TStringList.QuickSort
 0001:00013380       TStringList.SetCapacity
 0001:000133AC       TStringList.SetSorted
 0001:000133E4       TStringList.SetUpdateState
 0001:00013450       TStringList.Sort
 0001:00014D48       TStringQueue.Clear
 0001:00014CD8       TStringQueue.Create
 0001:00014F00       TStringQueue.DeQueue
 0001:00014E7C       TStringQueue.EnQueue
 0001:00014FA8       TStringQueue.Examine
 0001:00014D6C       TStringQueue.Grow
 0001:00011C50       TStrings.Add
 0001:00011C80       TStrings.AddObject
 0001:00011CB4       TStrings.AddStrings
 0001:00011D74       TStrings.Assign
 0001:00011E18       TStrings.BeginUpdate
 0001:00012AD4       TStrings.CompareStrings
 0001:00011E9C       TStrings.DefineProperties
 0001:00011C14       TStrings.Destroy
 0001:00011EE8       TStrings.EndUpdate
 0001:00011F0C       TStrings.Equals
 0001:00012008       TStrings.Error
 0001:00011FC8       TStrings.Error
 0001:00012068       TStrings.Exchange
 0001:00012154       TStrings.GetCapacity
 0001:00012AF8       TStrings.GetNameValueSeparator
 0001:00012170       TStrings.GetObject
 0001:00012188       TStrings.GetText
 0001:000121E4       TStrings.GetTextStr
 0001:0001232C       TStrings.IndexOf
 0001:000123B8       TStrings.IndexOfName
 0001:00012494       TStrings.IndexOfObject
 0001:000124E0       TStrings.InsertObject
 0001:00012514       TStrings.LoadFromFile
 0001:00012570       TStrings.LoadFromStream
 0001:00012624       TStrings.Move
 0001:000126E0       TStrings.Put
 0001:00012720       TStrings.PutObject
 0001:00012734       TStrings.ReadData
 0001:000127E4       TStrings.SaveToFile
 0001:00012844       TStrings.SaveToStream
 0001:000128A4       TStrings.SetCapacity
 0001:00012B24       TStrings.SetNameValueSeparator
 0001:000128B4       TStrings.SetStringsAdapter
 0001:00012900       TStrings.SetText
 0001:00012958       TStrings.SetTextStr
 0001:00012A38       TStrings.SetUpdateState
 0001:00012A48       TStrings.WriteData
 0001:00016548       TSynchroObject.Acquire
 0001:00016554       TSynchroObject.Release
 0001:0001A55C       TTextFile.Create_Append
 0001:0001A634       TTextFile.Create_Rewrite
 0001:0001A6F4       TTextFile.Destroy
 0001:0001A730       TTextFile.Flush
 0001:0001A758       TTextFile.Writeln
 0001:000118B4       TThreadList.Create
 0001:0001191C       TThreadList.Destroy
 0001:00011998       TThreadList.LockList
 0001:000119C0       TThreadList.UnlockList
 0001:0000C95C       TThreadLocalCounter.Delete
 0001:0000C80C       TThreadLocalCounter.Destroy
 0001:0000C888       TThreadLocalCounter.HashIndex
 0001:0000C8AC       TThreadLocalCounter.Open
 0001:0000C980       TThreadLocalCounter.Recycle
 0002:000000F0       TwoDigitYearCenturyWindow
 0001:00014774       TWriter.Write
 0001:000147C0       TWriter.WriteBuffer
 0001:000147EC       TWriter.WriteListBegin
 0001:00014800       TWriter.WriteListEnd
 0001:00014814       TWriter.WriteMinStr
 0001:000148C4       TWriter.WriteString
 0001:00014920       TWriter.WriteValue
 0001:00005794       Types
 0001:0001047C       TypInfo
 0001:000198E4       uDebug
 0001:000001C4       UnhandledExceptionFilter
 0001:00004FF0       UnicodeToUtf8
 0001:00000C20       UninitAllocator
 0001:0003AFC8       UninstallCodeInjections
 0001:00020D40       UnInstallPlugins
 0001:00003E04       UniqueString
 0001:0003A99C       UnitLimit
 0002:00001948       UnitPtr
 0002:000018A8       Units
 0002:00001A20       UNIT_IS_ON_THIS_COMP
 0001:0000D2F8       UniUnimplemented
 0001:00004E8C       UnregisterModule
 0001:00011254       UnRegisterModuleClasses
 0001:000034CC       UnsetExceptionHandler
 0001:0001FF10       UnSpliceJump
 0001:00006AB0       UpperCase
 0002:0000093C       Upperlimit
 0002:00000924       UseCompression
 0001:000052B0       UTF8Decode
 0001:00005204       UTF8Encode
 0001:000050CC       Utf8ToUnicode
 0002:00000918       Values
 0002:00000434       Values
 0002:000017AC       VarAdd
 0002:00000014       VarAddRefProc
 0002:000017C4       VarAnd
 0001:0000E6A8       VarArrayClear
 0001:0000E948       VarArrayCopyForEach
 0001:0000E2E0       VarArrayCreateError
 0002:000017E8       VarBoolFromStr
 0002:000017F4       VarBstrFromBool
 0002:000017EC       VarBstrFromCy
 0002:000017F0       VarBstrFromDate
 0001:0000E100       VarCastError
 0001:0000E154       VarCastError
 0001:0000E824       VarClearDeep
 0002:00000010       VarClearProc
 0002:000017D0       VarCmp
 0001:0000EB28       VarCopyCopyProc
 0001:0000EB30       VarCopyDeep
 0002:00000018       VarCopyProc
 0002:000017E4       VarCyFromStr
[...]
  3077 0001:00033C10  3079 0001:00033C2C  3081 0001:00033C3F  3083 0001:00033C6F
  3084 0001:00033C7E  3085 0001:00033C8D  3086 0001:00033C9C  3087 0001:00033CAB
  3088 0001:00033CBA  3089 0001:00033CE6  3096 0001:00033EA0  3097 0001:00033EA9
  3098 0001:00033EAE  3099 0001:00033EB5  3100 0001:00033ED3  3102 0001:00033EEC
  3103 0001:00033F03  3104 0001:00033F09  3099 0001:00033F0C  3105 0001:00033F11
  3106 0001:00033F1A  3111 0001:00033F20  3112 0001:00033F2C  3113 0001:00033F3A
  3114 0001:00033F45  3126 0001:00033F4C  3127 0001:00033F52  3128 0001:00033F59
  3130 0001:00033F5F  3131 0001:00033F6E  3132 0001:00033F75  3134 0001:00033F8B
  3136 0001:00033F96  3137 0001:00033FAE  3138 0001:00033FB4  3139 0001:00033FC0
  3143 0001:00033FC8  3153 0001:00033FD0  3154 0001:00033FD9  3155 0001:00033FE5
  3156 0001:00033FFF  3157 0001:0003400E  3160 0001:00034014  3161 0001:0003401E
  3162 0001:00034044  3167 0001:0003404C  3168 0001:00034068  3169 0001:00034076
  3170 0001:00034080  3171 0001:0003408E  3174 0001:000340C4  3175 0001:000340D6
  3176 0001:000340ED  3178 0001:000340F3  3181 0001:000340FD  3182 0001:00034106
  3185 0001:00034140  3188 0001:0003416E  3190 0001:00034171  3193 0001:000341B6
  3198 0001:00034200  3199 0001:00034209  3200 0001:00034217  3201 0001:00034221
  3207 0001:0003422F  3208 0001:00034237  3210 0001:00034253  3213 0001:00034281
  3215 0001:00034284  3218 0001:000342A7  3223 0001:000342B0  3224 0001:000342D3
  3225 0001:000342DD  3226 0001:000342EB  3227 0001:000342FF  3231 0001:0003430D
  3233 0001:00034316  3234 0001:00034327  3235 0001:00034336  3237 0001:00034341
  3238 0001:00034353  3239 0001:0003435A  3240 0001:00034363  3241 0001:0003436C
  3243 0001:0003437E  3244 0001:00034389  3245 0001:0003439C  3247 0001:000343A3
  3249 0001:000343AA  3250 0001:000343B4  3251 0001:000343B9  3253 0001:000343D8
  3254 0001:000343F5  3255 0001:00034412  3256 0001:0003442C  3258 0001:00034446
  3259 0001:00034450  3260 0001:0003446A  3261 0001:00034484  3262 0001:0003449E
  3263 0001:000344BA  3264 0001:000344D7  3265 0001:00034508  3267 0001:0003453B
  3268 0001:00034547  3269 0001:00034555  3271 0001:0003457E  3272 0001:00034581
  3274 0001:00034593  3276 0001:000345A3  3277 0001:000345BB  3279 0001:000345CB
  3280 0001:000345F1  3281 0001:000345FF  3283 0001:00034628  3284 0001:0003462B
  3286 0001:0003463D  3287 0001:00034649  3293 0001:00034665  3294 0001:0003466F
  3295 0001:00034679  3296 0001:00034683  3298 0001:0003468A  3299 0001:00034693
  3301 0001:0003469C  3303 0001:000346A6  3304 0001:000346B0  3306 0001:000346BA
  3307 0001:000346C1  3308 0001:000346CC  3311 0001:000346D9  3312 0001:000346DE
  3314 0001:000346E3  3315 0001:000346EA  3316 0001:000346F1  3317 0001:000346FC
  3319 0001:00034709  3320 0001:00034714  3321 0001:0003471E  3322 0001:0003472F
  3324 0001:00034738  3325 0001:00034743  3326 0001:00034750  3328 0001:00034758
  3330 0001:00034765  3331 0001:0003476C  3333 0001:00034773  3334 0001:00034781
  3335 0001:0003478F  3337 0001:0003479D  3339 0001:000347BE  3342 0001:000347DB
  3344 0001:00034810  3351 0001:0003497C  3352 0001:0003499F  3353 0001:000349A9
  3354 0001:000349B7  3356 0001:000349C0  3357 0001:000349D4  3360 0001:000349DE
  3361 0001:000349F4  3362 0001:000349FE  3363 0001:00034A08  3365 0001:00034A16
  3366 0001:00034A2A  3367 0001:00034A38  3369 0001:00034A5F  3373 0001:00034A6F
  3375 0001:00034A78  3376 0001:00034A8C  3379 0001:00034A96  3381 0001:00034ABD
  3383 0001:00034ADE  3384 0001:00034AF3  3385 0001:00034B01  3386 0001:00034B32
  3387 0001:00034B3F  3388 0001:00034B5B  3387 0001:00034B7A  3389 0001:00034B7F
  3390 0001:00034BA0  3391 0001:00034BCA  3392 0001:00034BF9  3395 0001:00034C06
  3397 0001:00034C24  3399 0001:00034C34  3402 0001:00034C3F  3404 0001:00034C49
  3405 0001:00034C52  3415 0001:00034C7C  3417 0001:00034C7F  3421 0001:00034CA5
  3422 0001:00034CAC  3424 0001:00034CE1  3427 0001:00034DF8  3428 0001:00034E29
  3429 0001:00034E33  3436 0001:00034E45  3437 0001:00034E53  3440 0001:00034E70
  3442 0001:00034E80  3443 0001:00034E9A  3444 0001:00034EB4  3445 0001:00034EC9

Line numbers for idplay(AddCommands.inc) segment .text

    17 0001:00034EF9    21 0001:00034F2A    28 0001:00034F5B    31 0001:00034F8C
    34 0001:00034FBD    37 0001:00034FEE    40 0001:0003501F    43 0001:00035050
    46 0001:00035081    49 0001:000350B2    52 0001:000350E3    55 0001:00035117
    58 0001:0003514B    61 0001:0003517C    64 0001:000351AD    67 0001:000351DE
    70 0001:0003520F    74 0001:00035240    78 0001:00035271    81 0001:00035289
    87 0001:000352BA    90 0001:000352EB    93 0001:0003531C    96 0001:0003534D
   101 0001:0003537E   104 0001:000353B2   107 0001:000353E3   112 0001:00035417
   118 0001:00035448   126 0001:0003547C   129 0001:000354AD   133 0001:000354DE
   137 0001:0003550F   140 0001:00035540   145 0001:00035571   148 0001:000355A2
   151 0001:000355D3   154 0001:00035604   157 0001:00035635   161 0001:00035669
   164 0001:0003569D   167 0001:000356D1   170 0001:00035702   174 0001:00035733
   178 0001:00035764   181 0001:00035795   184 0001:000357C6   188 0001:000357FA
   192 0001:0003582B

Line numbers for idplay(idplay.pas) segment .text

  3452 0001:0003585C  3453 0001:0003589C  3456 0001:00037B18  3457 0001:00037B29
  3458 0001:00037B33  3459 0001:00037B3E  3468 0001:00037B46  3469 0001:00037B52
  3470 0001:00037B5F  3471 0001:00037B6D  3472 0001:00037B7A  3473 0001:00037B87
  3474 0001:00037B94  3475 0001:00037B9E  3476 0001:00037BA3  3477 0001:00037BAE
  3478 0001:00037BCA  3480 0001:00037C0C  3480 0001:00037C13

Line numbers for DPLobbyWrapper(DPLobbyWrapper.pas) segment .text

    47 0001:00037C14    63 0001:00037E58    64 0001:00037E7F    65 0001:00037E8D
    66 0001:00037EA8    67 0001:00037EBC    68 0001:00037ED4    69 0001:00037EDE
    70 0001:00037EF5    71 0001:00037F07    74 0001:00037F22    76 0001:00037F3F
    78 0001:00037F69    80 0001:00037F6C    81 0001:00037F74    82 0001:00037F7C
    85 0001:00037FB6    89 0001:00038008    90 0001:00038011    91 0001:0003801F
    92 0001:00038046    93 0001:0003805A    95 0001:0003807F    97 0001:00038082
    98 0001:0003808A   101 0001:00038097   105 0001:000380BC   106 0001:000380C5
   107 0001:000380D3   108 0001:000380F2   109 0001:00038106   111 0001:0003812B
   113 0001:0003812E   114 0001:00038136   117 0001:00038143   122 0001:00038168
   123 0001:00038171   124 0001:0003817F   125 0001:0003819E   126 0001:000381B2
   128 0001:000381D7   130 0001:000381DA   131 0001:000381E2   134 0001:000381EF
   139 0001:00038218   140 0001:00038221   141 0001:0003822F   142 0001:0003824A
   143 0001:0003825E   145 0001:00038283   147 0001:00038286   148 0001:0003828E
   151 0001:0003829B   155 0001:000382C8   156 0001:000382D1   157 0001:000382DF
   158 0001:000382FA   159 0001:0003830E   161 0001:00038333   163 0001:00038336
   164 0001:0003833E   167 0001:0003834B   172 0001:00038378   173 0001:00038381
   174 0001:0003838F   176 0001:000383B2   177 0001:000383C6   179 0001:000383CC
   180 0001:000383E4   181 0001:000383FE   182 0001:00038416   186 0001:00038432
   187 0001:00038446   189 0001:0003846B   191 0001:0003846E   192 0001:00038476
   195 0001:00038483   199 0001:00038540   200 0001:0003855E   201 0001:0003856C
   202 0001:0003858B   203 0001:0003859F   204 0001:000385B7   205 0001:000385D1
   207 0001:000385EC   208 0001:0003860A   209 0001:00038628   210 0001:00038646
   211 0001:00038664   212 0001:00038682   213 0001:000386B5   214 0001:000386D3
   215 0001:000386F1   216 0001:0003870F   218 0001:0003872D   219 0001:00038760
   221 0001:00038793   222 0001:000387AE   223 0001:000387C9   225 0001:000387E4
   226 0001:000387FC   228 0001:00038821   230 0001:00038824   231 0001:0003882C
   234 0001:0003885B   238 0001:00038CAC   239 0001:00038CB5   240 0001:00038CC3
   241 0001:00038CE2   242 0001:00038CF6   244 0001:00038CFC   245 0001:00038D14
   246 0001:00038D2C   250 0001:00038D46   251 0001:00038D5A   253 0001:00038D7F
   255 0001:00038D82   256 0001:00038D8A   259 0001:00038D97   263 0001:00038E24
   264 0001:00038E2D   265 0001:00038E3B   266 0001:00038E56   267 0001:00038E6A
   269 0001:00038E8F   271 0001:00038E92   272 0001:00038E9A   275 0001:00038EA7
   279 0001:00038ED4   280 0001:00038EDD   281 0001:00038EEB   282 0001:00038F06
   283 0001:00038F1A   285 0001:00038F3F   287 0001:00038F42   288 0001:00038F4A
   291 0001:00038F57   298 0001:00038F84   299 0001:00038F8D   300 0001:00038F9B
   301 0001:00038FBA   302 0001:00038FCE   304 0001:00038FF3   306 0001:00038FF6
   307 0001:00038FFE   310 0001:0003900B   315 0001:0003903C   316 0001:00039070
   317 0001:0003907E   318 0001:00039088   319 0001:00039096   321 0001:000390B3
   322 0001:000390C7   324 0001:000390EC   326 0001:000390EF   327 0001:000390F7
   330 0001:00039139   332 0001:00039188   332 0001:0003918F

Line numbers for Dplayx_exports(Dplayx_exports.pas) segment .text

   117 0001:00039190   118 0001:00039194   119 0001:000391B2   122 0001:000391B8
   133 0001:000391BC   135 0001:000391C5   136 0001:000391CE   137 0001:000391D6
   138 0001:000391DF   140 0001:000391F5   141 0001:000391FC   148 0001:00039228
   149 0001:00039231   150 0001:0003924B   151 0001:00039259   152 0001:00039262
   153 0001:00039277   154 0001:00039280   156 0001:00039291   157 0001:000392A5
   159 0001:000392CA   161 0001:000392CD   162 0001:000392D5   165 0001:000392E2
   171 0001:00039320   172 0001:00039329   173 0001:00039343   174 0001:00039351
   175 0001:0003935A   176 0001:0003936F   177 0001:00039378   179 0001:00039389
   180 0001:0003939D   182 0001:000393C2   184 0001:000393C5   185 0001:000393CD
   188 0001:000393DA   195 0001:00039420   196 0001:00039429   197 0001:00039443
   198 0001:00039451   199 0001:0003945A   200 0001:0003946F   201 0001:00039478
   203 0001:00039489   204 0001:0003949D   206 0001:000394C2   208 0001:000394C5
   209 0001:000394CD   212 0001:000394DA   220 0001:00039520   221 0001:00039543
   222 0001:0003955D   223 0001:0003956B   224 0001:00039574   225 0001:00039589
   226 0001:00039592   227 0001:000395A7   229 0001:000395AD   230 0001:000395C1
   231 0001:000395D9   232 0001:000395E3   233 0001:00039606   237 0001:00039617
   238 0001:0003962B   239 0001:00039643   240 0001:00039670   243 0001:00039695
   245 0001:00039698   246 0001:000396A0   249 0001:000396DF   257 0001:00039788
   258 0001:000397A7   259 0001:000397C1   260 0001:000397CF   261 0001:000397D8
   262 0001:000397ED   263 0001:000397F6   265 0001:00039813   266 0001:00039827
   268 0001:0003984C   270 0001:0003984F   271 0001:00039857   274 0001:00039881
   283 0001:000398C8   284 0001:000398EB   285 0001:00039905   286 0001:00039913
   287 0001:0003991C   288 0001:00039931   289 0001:0003993A   290 0001:00039957
   292 0001:0003995D   293 0001:00039971   294 0001:00039989   298 0001:00039993
   303 0001:000399B5   304 0001:000399C9   305 0001:000399E1   306 0001:00039A0E
   309 0001:00039A33   311 0001:00039A36   312 0001:00039A3E   315 0001:00039A7D
   326 0001:00039B1C   327 0001:00039B25   328 0001:00039B35   329 0001:00039B43
   331 0001:00039B48   332 0001:00039B5C   334 0001:00039B81   336 0001:00039B84
   337 0001:00039B8C   340 0001:00039B99   343 0001:00039BBC   344 0001:00039BC5
   345 0001:00039BD5   346 0001:00039BE3   348 0001:00039BE8   349 0001:00039BFC
   351 0001:00039C21   353 0001:00039C24   354 0001:00039C2C   357 0001:00039C39
   363 0001:00039C60   365 0001:00039C63   367 0001:00039C6A   368 0001:00039C83
   401 0001:00039CA4   401 0001:00039CD0   370 0001:00039CD4   392 0001:00039CE0
   393 0001:00039CE9   394 0001:00039CF3   395 0001:00039CFC   397 0001:00039D06

Line numbers for TlHelp32(TlHelp32.pas) segment .text

   339 0001:00039D08   340 0001:00039D0C   342 0001:00039D19   343 0001:00039D28
   345 0001:00039D35   346 0001:00039D4A   347 0001:00039D5F   348 0001:00039D74
   349 0001:00039D89   350 0001:00039D9E   351 0001:00039DB3   352 0001:00039DC8
   353 0001:00039DDD   354 0001:00039DF2   355 0001:00039E07   356 0001:00039E1C
   357 0001:00039E31   358 0001:00039E46   359 0001:00039E5B   360 0001:00039E70
   363 0001:00039E85   364 0001:00039EA3   367 0001:00039FC8   368 0001:00039FD4
   369 0001:00039FDD   370 0001:00039FF0   371 0001:00039FF8   452 0001:00039FFC
   453 0001:0003A008   454 0001:0003A011   455 0001:0003A024   456 0001:0003A02C
   459 0001:0003A030   460 0001:0003A03C   461 0001:0003A045   462 0001:0003A058
   463 0001:0003A060   479 0001:0003A094   479 0001:0003A09B

Line numbers for ErrorLog_ExtraData(plugins\ErrorLog_ExtraData.pas) segment .text

    29 0001:0003A09C    33 0001:0003A0A0    36 0001:0003A0A4    37 0001:0003A0A8
    40 0001:0003A0B1    45 0001:0003A0D5    53 0001:0003A0F2    54 0001:0003A0FA
    69 0001:0003A198    70 0001:0003A1DA    71 0001:0003A1E8    72 0001:0003A1F6
    73 0001:0003A21A    74 0001:0003A223    75 0001:0003A271    78 0001:0003A278
    79 0001:0003A284    80 0001:0003A292    81 0001:0003A29B    82 0001:0003A2A9
    84 0001:0003A2B2    85 0001:0003A2BA   100 0001:0003A2C0   101 0001:0003A309
   103 0001:0003A317   104 0001:0003A326   105 0001:0003A330   107 0001:0003A33E
   110 0001:0003A348   111 0001:0003A35A   112 0001:0003A369   113 0001:0003A37A
   115 0001:0003A388   119 0001:0003A3B2   123 0001:0003A40F   125 0001:0003A421
   127 0001:0003A42E   128 0001:0003A436   130 0001:0003A459   131 0001:0003A467
   133 0001:0003A47B   138 0001:0003A4FC   128 0001:0003A4FF   140 0001:0003A508
   141 0001:0003A514   143 0001:0003A564   147 0001:0003A581   150 0001:0003A59F
   152 0001:0003A5E5   156 0001:0003A604   157 0001:0003A605   159 0001:0003A60A
   160 0001:0003A60F   161 0001:0003A614   164 0001:0003A648   164 0001:0003A64F

Line numbers for Thread_marshaller(plugins\Thread_marshaller.pas) segment .text

    33 0001:0003A650    37 0001:0003A654    74 0001:0003A658    75 0001:0003A65C
    78 0001:0003A665    91 0001:0003A68B    92 0001:0003A693    99 0001:0003A6E4
    99 0001:0003A6EB

Line numbers for PauseLock(plugins\PauseLock.pas) segment .text

    39 0001:0003A6EC    43 0001:0003A6F0    46 0001:0003A6F4    47 0001:0003A6F8
    50 0001:0003A70A    55 0001:0003A732    67 0001:0003A74F    68 0001:0003A757
    82 0001:0003A794    83 0001:0003A799    84 0001:0003A79C    86 0001:0003A79E
    89 0001:0003A7A4    90 0001:0003A7A9    94 0001:0003A7AE    95 0001:0003A7B3
    96 0001:0003A7B8    98 0001:0003A7EC    98 0001:0003A7F3

Line numbers for UnitLimit(plugins\UnitLimit.pas) segment .text

    68 0001:0003A7F4    72 0001:0003A7F8    77 0001:0003A7FC    78 0001:0003A815
    80 0001:0003A82F    82 0001:0003A839    86 0001:0003A87C    90 0001:0003A89A
    94 0001:0003A8B8   101 0001:0003A8D8   102 0001:0003A8FD   104 0001:0003A99C
   104 0001:0003A9A3

Line numbers for MultiAILimit(plugins\MultiAILimit.pas) segment .text

    32 0001:0003A9A4    36 0001:0003A9A8    64 0001:0003A9C0    65 0001:0003A9C6
    66 0001:0003A9CD    67 0001:0003AA37    68 0001:0003AA41    72 0001:0003AA48
    74 0001:0003AA4F    75 0001:0003AA50    76 0001:0003AA51    78 0001:0003AA52
    81 0001:0003AA57    82 0001:0003AA5C    83 0001:0003AA61    87 0001:0003AA64
    88 0001:0003AA68    90 0001:0003AA7A    94 0001:0003AAA2    95 0001:0003AABC
    99 0001:0003AADD   100 0001:0003AAE5   102 0001:0003AB74   102 0001:0003AB7B

Line numbers for COB_extensions(plugins\COB_extensions.pas) segment .text

    53 0001:0003AB7C    57 0001:0003AB80    60 0001:0003AB84    61 0001:0003AB88
    63 0001:0003AB9A    68 0001:0003ABC6    77 0001:0003ABE7    78 0001:0003ABEF
    82 0001:0003AC2C    84 0001:0003AC35    86 0001:0003AC3F    87 0001:0003AC49
    88 0001:0003AC53    91 0001:0003AC5F    92 0001:0003AC69    93 0001:0003AC73
    95 0001:0003AC7D    97 0001:0003AC84   106 0001:0003AC88   107 0001:0003AC8E
   108 0001:0003AC93   109 0001:0003AC98   111 0001:0003ACBC   112 0001:0003ACF7
   115 0001:0003AD03   116 0001:0003AD13   118 0001:0003AD38   122 0001:0003AD5D
   126 0001:0003AD88   127 0001:0003AD98   131 0001:0003ADB6   132 0001:0003ADC6
   133 0001:0003ADD6   134 0001:0003ADEF   138 0001:0003AE1A   141 0001:0003AE3B
   143 0001:0003AE46   144 0001:0003AE56   145 0001:0003AE66   146 0001:0003AE76
   148 0001:0003AE83   150 0001:0003AE8C   155 0001:0003AE96   169 0001:0003AE9C
   170 0001:0003AEA2   171 0001:0003AEA6   172 0001:0003AEA9   174 0001:0003AEAA
   175 0001:0003AEAD   176 0001:0003AEB0   178 0001:0003AEB3   179 0001:0003AEB6
   180 0001:0003AEB8   182 0001:0003AEC0   186 0001:0003AEC1   187 0001:0003AEC2
   188 0001:0003AEC5   190 0001:0003AEC7   191 0001:0003AECD   192 0001:0003AED1
   193 0001:0003AED7   194 0001:0003AEDD   196 0001:0003AEDF   197 0001:0003AEE1
   199 0001:0003AEE3   200 0001:0003AEE9   201 0001:0003AEEB   203 0001:0003AEED
   204 0001:0003AEF2   207 0001:0003AEF7   208 0001:0003AEFB   209 0001:0003AEFC
   210 0001:0003AF00   211 0001:0003AF01   212 0001:0003AF05   213 0001:0003AF06
   214 0001:0003AF0A   215 0001:0003AF0B   216 0001:0003AF0C   218 0001:0003AF0D
   221 0001:0003AF12   222 0001:0003AF13   223 0001:0003AF16   224 0001:0003AF19
   226 0001:0003AF4C   226 0001:0003AF53

Line numbers for Plugins(Plugins.pas) segment .text

    27 0001:0003AF54    29 0001:0003AF5B    31 0001:0003AF61    32 0001:0003AF6B
    35 0001:0003AF75    36 0001:0003AF7F    37 0001:0003AF89    38 0001:0003AF93
    39 0001:0003AF9D    40 0001:0003AFA7    41 0001:0003AFB1    45 0001:0003AFBB
    46 0001:0003AFC3    49 0001:0003AFC8    50 0001:0003AFCB    51 0001:0003AFD0
    53 0001:0003B004    53 0001:0003B00B

Line numbers for InitCode(InitCode.pas) segment .text

    86 0001:0003B00C    87 0001:0003B010    88 0001:0003B017    89 0001:0003B021
    90 0001:0003B033    92 0001:0003B03D    93 0001:0003B054    94 0001:0003B05D
    96 0001:0003B06D   102 0001:0003B0A0   106 0001:0003B0C4   107 0001:0003B0D2
   109 0001:0003B0DC   113 0001:0003B0E1   117 0001:0003B0EC   118 0001:0003B0F7
   120 0001:0003B100   121 0001:0003B11D   123 0001:0003B155   124 0001:0003B15F
   126 0001:0003B18F   127 0001:0003B199   128 0001:0003B1B9   129 0001:0003B1E0
   130 0001:0003B1E9   131 0001:0003B1FA   132 0001:0003B203   133 0001:0003B214
   134 0001:0003B21D   137 0001:0003B22E   143 0001:0003B237   148 0001:0003B262
   157 0001:0003B267   159 0001:0003B28A   161 0001:0003B28D   162 0001:0003B295
   165 0001:0003B2C1   168 0001:0003B3BC   169 0001:0003B3BF   170 0001:0003B3C4
   172 0001:0003B3C9   174 0001:0003B3D2   175 0001:0003B3DF   178 0001:0003B3E8
   180 0001:0003B3F2   182 0001:0003B424   183 0001:0003B430   184 0001:0003B43D
   185 0001:0003B44A

Line numbers for InitCode_CoreExePatching(InitCode_CoreExePatching.pas) segment .text

    50 0001:0003B44C    51 0001:0003B454    53 0001:0003B45A    54 0001:0003B464
    56 0001:0003B46E    71 0001:0003B474    72 0001:0003B47B    73 0001:0003B485
    74 0001:0003B48F    75 0001:0003B49D    77 0001:0003B4C4    79 0001:0003B4C7
    80 0001:0003B4CF    81 0001:0003B4E1    84 0001:0003B4EB    88 0001:0003B4F4
    90 0001:0003B4F9    91 0001:0003B4FE    92 0001:0003B4FF    94 0001:0003B530
    95 0001:0003B53C    96 0001:0003B549   100 0001:0003B556   101 0001:0003B560
   102 0001:0003B56A   104 0001:0003B574   105 0001:0003B57E

Line numbers for threadlogging(threadlogging.pas) segment .text

   145 0001:0003B5B0   145 0001:0003B5B7

Line numbers for dplayx(F:\TADR\trunk\src\Recorder\Dplayx.dpr) segment .text

    50 0001:0003B808    51 0001:0003B818

Bound resource files

dplayx.res
dplayx.drf


Program entry point at 0001:0003B808
