
 Start         Length     Name                   Class
 0001:00000000 0003B880H .text                   CODE
 0002:00000000 00000C2CH .data                   DATA
 0002:00000C2C 00000A55H .bss                    BSS


Detailed map of segments

 0001:00000000 00005597 C=CODE     S=.text    G=(none)   M=System   ACBP=A9
 0001:00005598 000001CC C=CODE     S=.text    G=(none)   M=SysInit  ACBP=A9
 0001:00005764 00000038 C=CODE     S=.text    G=(none)   M=Types    ACBP=A9
 0001:0000579C 00000364 C=CODE     S=.text    G=(none)   M=Windows  ACBP=A9
 0001:00005B00 00000038 C=CODE     S=.text    G=(none)   M=Messages ACBP=A9
 0001:00005B38 00000348 C=CODE     S=.text    G=(none)   M=SysConst ACBP=A9
 0001:00005E80 00007420 C=CODE     S=.text    G=(none)   M=SysUtils ACBP=A9
 0001:0000D2A0 00000887 C=CODE     S=.text    G=(none)   M=VarUtils ACBP=A9
 0001:0000DB28 0000280E C=CODE     S=.text    G=(none)   M=Variants ACBP=A9
 0001:00010338 000000C8 C=CODE     S=.text    G=(none)   M=RTLConsts ACBP=A9
 0001:00010400 00000084 C=CODE     S=.text    G=(none)   M=TypInfo  ACBP=A9
 0001:00010484 00000038 C=CODE     S=.text    G=(none)   M=ActiveX  ACBP=A9
 0001:000104BC 0000478E C=CODE     S=.text    G=(none)   M=Classes  ACBP=A9
 0001:00014C4C 000003DC C=CODE     S=.text    G=(none)   M=ListsU   ACBP=A9
 0001:00015028 000010D4 C=CODE     S=.text    G=(none)   M=IniFiles ACBP=A9
 0001:000160FC 000001DC C=CODE     S=.text    G=(none)   M=SyncObjs ACBP=A9
 0001:000162D8 00001AD4 C=CODE     S=.text    G=(none)   M=GPHugeF  ACBP=A9
 0001:00017DAC 00000038 C=CODE     S=.text    G=(none)   M=Consts   ACBP=A9
 0001:00017DE4 0000061C C=CODE     S=.text    G=(none)   M=textdata ACBP=A9
 0001:00018400 00000038 C=CODE     S=.text    G=(none)   M=Math     ACBP=A9
 0001:00018438 00000194 C=CODE     S=.text    G=(none)   M=Contnrs  ACBP=A9
 0001:000185CC 00000FA0 C=CODE     S=.text    G=(none)   M=uDebug   ACBP=A9
 0001:0001956C 00000060 C=CODE     S=.text    G=(none)   M=FreeListU ACBP=A9
 0001:000195CC 00000040 C=CODE     S=.text    G=(none)   M=SHFolder ACBP=A9
 0001:0001960C 00000B78 C=CODE     S=.text    G=(none)   M=TADemoConsts ACBP=A9
 0001:0001A184 00000330 C=CODE     S=.text    G=(none)   M=TextFileU ACBP=A9
 0001:0001A4B4 00000A64 C=CODE     S=.text    G=(none)   M=logging  ACBP=A9
 0001:0001AF18 00001408 C=CODE     S=.text    G=(none)   M=PluginEngine ACBP=A9
 0001:0001C320 000019A4 C=CODE     S=.text    G=(none)   M=DPlay    ACBP=A9
 0001:0001DCC4 00000420 C=CODE     S=.text    G=(none)   M=MemMappedDataStructure ACBP=A9
 0001:0001E0E4 000004F4 C=CODE     S=.text    G=(none)   M=TAMemManipulations ACBP=A9
 0001:0001E5D8 000005DC C=CODE     S=.text    G=(none)   M=TA_MemoryLocations ACBP=A9
 0001:0001EBB4 000003C4 C=CODE     S=.text    G=(none)   M=COB_extensions ACBP=A9
 0001:0001EF78 00000378 C=CODE     S=.text    G=(none)   M=INI_Options ACBP=A9
 0001:0001F2F0 00000050 C=CODE     S=.text    G=(none)   M=MMSystem ACBP=A9
 0001:0001F340 00000124 C=CODE     S=.text    G=(none)   M=DPLobby  ACBP=A9
 0001:0001F464 00000068 C=CODE     S=.text    G=(none)   M=PacketBufferU ACBP=A9
 0001:0001F4CC 00000380 C=CODE     S=.text    G=(none)   M=log2     ACBP=A9
 0001:0001F84C 00000E0C C=CODE     S=.text    G=(none)   M=Registry ACBP=A9
 0001:00020658 0000176C C=CODE     S=.text    G=(none)   M=packet_old ACBP=A9
 0001:00021DC4 00000038 C=CODE     S=.text    G=(none)   M=TA_FunctionsU ACBP=A9
 0001:00021DFC 000001EC C=CODE     S=.text    G=(none)   M=PluginCommandHandlerU ACBP=A9
 0001:00021FE8 00000258 C=CODE     S=.text    G=(none)   M=InputHook ACBP=A9
 0001:00022240 0000028C C=CODE     S=.text    G=(none)   M=LOS_Radar ACBP=A9
 0001:000224CC 000000CC C=CODE     S=.text    G=(none)   M=LOS_MiniMapUnits ACBP=A9
 0001:00022598 00000140 C=CODE     S=.text    G=(none)   M=LOS_PlayerSeeUnit ACBP=A9
 0001:000226D8 000001B0 C=CODE     S=.text    G=(none)   M=LOS_GUIText ACBP=A9
 0001:00022888 00000360 C=CODE     S=.text    G=(none)   M=LOS_UpdateTables ACBP=A9
 0001:00022BE8 0000017C C=CODE     S=.text    G=(none)   M=LOS_AllyPlayer ACBP=A9
 0001:00022D64 00000150 C=CODE     S=.text    G=(none)   M=LOS_extensions ACBP=A9
 0001:00022EB4 00000208 C=CODE     S=.text    G=(none)   M=SpeedHack ACBP=A9
 0001:000230BC 00000038 C=CODE     S=.text    G=(none)   M=TA_NetworkingMessages ACBP=A9
 0001:000230F4 00001364 C=CODE     S=.text    G=(none)   M=PlayerDataU ACBP=A9
 0001:00024458 00000608 C=CODE     S=.text    G=(none)   M=CommandHandlerU ACBP=A9
 0001:00024A60 000135EC C=CODE     S=.text    G=(none)   M=idplay   ACBP=A9
 0001:0003804C 0000157C C=CODE     S=.text    G=(none)   M=DPLobbyWrapper ACBP=A9
 0001:000395C8 00000B78 C=CODE     S=.text    G=(none)   M=Dplayx_exports ACBP=A9
 0001:0003A140 00000394 C=CODE     S=.text    G=(none)   M=TlHelp32 ACBP=A9
 0001:0003A4D4 000005B4 C=CODE     S=.text    G=(none)   M=ErrorLog_ExtraData ACBP=A9
 0001:0003AA88 0000009C C=CODE     S=.text    G=(none)   M=Thread_marshaller ACBP=A9
 0001:0003AB24 00000108 C=CODE     S=.text    G=(none)   M=PauseLock ACBP=A9
 0001:0003AC2C 000001B0 C=CODE     S=.text    G=(none)   M=UnitLimit ACBP=A9
 0001:0003ADDC 000001D8 C=CODE     S=.text    G=(none)   M=MultiAILimit ACBP=A9
 0001:0003AFB4 000000B8 C=CODE     S=.text    G=(none)   M=Plugins  ACBP=A9
 0001:0003B06C 00000440 C=CODE     S=.text    G=(none)   M=InitCode ACBP=A9
 0001:0003B4AC 00000134 C=CODE     S=.text    G=(none)   M=InitCode_CoreExePatching ACBP=A9
 0001:0003B5E0 00000038 C=CODE     S=.text    G=(none)   M=threadlogging ACBP=A9
 0001:0003B618 00000265 C=CODE     S=.text    G=(none)   M=dplayx   ACBP=A9
 0002:00000000 000000A4 C=DATA     S=.data    G=DGROUP   M=System   ACBP=A9
 0002:000000A4 00000030 C=DATA     S=.data    G=DGROUP   M=SysInit  ACBP=A9
 0002:000000D4 00000250 C=DATA     S=.data    G=DGROUP   M=SysUtils ACBP=A9
 0002:00000324 00000008 C=DATA     S=.data    G=DGROUP   M=VarUtils ACBP=A9
 0002:0000032C 00000076 C=DATA     S=.data    G=DGROUP   M=Variants ACBP=A9
 0002:000003A4 0000000C C=DATA     S=.data    G=DGROUP   M=TypInfo  ACBP=A9
 0002:000003B0 00000084 C=DATA     S=.data    G=DGROUP   M=Classes  ACBP=A9
 0002:00000434 00000008 C=DATA     S=.data    G=DGROUP   M=IniFiles ACBP=A9
 0002:0000043C 00000020 C=DATA     S=.data    G=DGROUP   M=GPHugeF  ACBP=A9
 0002:0000045C 00000400 C=DATA     S=.data    G=DGROUP   M=textdata ACBP=A9
 0002:0000085C 00000004 C=DATA     S=.data    G=DGROUP   M=uDebug   ACBP=A9
 0002:00000860 00000049 C=DATA     S=.data    G=DGROUP   M=TADemoConsts ACBP=A9
 0002:000008AC 00000004 C=DATA     S=.data    G=DGROUP   M=logging  ACBP=A9
 0002:000008B0 00000020 C=DATA     S=.data    G=DGROUP   M=DPlay    ACBP=A9
 0002:000008D0 00000034 C=DATA     S=.data    G=DGROUP   M=MemMappedDataStructure ACBP=A9
 0002:00000904 00000007 C=DATA     S=.data    G=DGROUP   M=TA_MemoryLocations ACBP=A9
 0002:0000090C 00000001 C=DATA     S=.data    G=DGROUP   M=COB_extensions ACBP=A9
 0002:00000910 00000004 C=DATA     S=.data    G=DGROUP   M=INI_Options ACBP=A9
 0002:00000914 00000010 C=DATA     S=.data    G=DGROUP   M=DPLobby  ACBP=A9
 0002:00000924 00000008 C=DATA     S=.data    G=DGROUP   M=Registry ACBP=A9
 0002:0000092C 00000005 C=DATA     S=.data    G=DGROUP   M=packet_old ACBP=A9
 0002:00000934 00000008 C=DATA     S=.data    G=DGROUP   M=TA_FunctionsU ACBP=A9
 0002:0000093C 0000000A C=DATA     S=.data    G=DGROUP   M=SpeedHack ACBP=A9
 0002:00000948 00000004 C=DATA     S=.data    G=DGROUP   M=idplay   ACBP=A9
 0002:0000094C 00000004 C=DATA     S=.data    G=DGROUP   M=Dplayx_exports ACBP=A9
 0002:00000950 00000008 C=DATA     S=.data    G=DGROUP   M=PauseLock ACBP=A9
 0002:00000958 00000005 C=DATA     S=.data    G=DGROUP   M=UnitLimit ACBP=A9
 0002:00000960 00000008 C=DATA     S=.data    G=DGROUP   M=MultiAILimit ACBP=A9
 0002:00001000 0000065C C=BSS      S=.bss     G=DGROUP   M=System   ACBP=A9
 0002:0000165C 00000014 C=BSS      S=.bss     G=DGROUP   M=SysInit  ACBP=A9
 0002:00001670 00000004 C=BSS      S=.bss     G=DGROUP   M=Types    ACBP=A9
 0002:00001674 00000004 C=BSS      S=.bss     G=DGROUP   M=Windows  ACBP=A9
 0002:00001678 00000004 C=BSS      S=.bss     G=DGROUP   M=Messages ACBP=A9
 0002:0000167C 00000004 C=BSS      S=.bss     G=DGROUP   M=SysConst ACBP=A9
 0002:00001680 00000120 C=BSS      S=.bss     G=DGROUP   M=SysUtils ACBP=A9
 0002:000017A0 0000005C C=BSS      S=.bss     G=DGROUP   M=VarUtils ACBP=A9
 0002:000017FC 00000040 C=BSS      S=.bss     G=DGROUP   M=Variants ACBP=A9
 0002:0000183C 00000004 C=BSS      S=.bss     G=DGROUP   M=RTLConsts ACBP=A9
 0002:00001840 00000004 C=BSS      S=.bss     G=DGROUP   M=TypInfo  ACBP=A9
 0002:00001844 00000004 C=BSS      S=.bss     G=DGROUP   M=ActiveX  ACBP=A9
 0002:00001848 00000034 C=BSS      S=.bss     G=DGROUP   M=Classes  ACBP=A9
 0002:0000187C 00000004 C=BSS      S=.bss     G=DGROUP   M=ListsU   ACBP=A9
 0002:00001880 00000004 C=BSS      S=.bss     G=DGROUP   M=IniFiles ACBP=A9
 0002:00001884 00000004 C=BSS      S=.bss     G=DGROUP   M=SyncObjs ACBP=A9
 0002:00001888 00000004 C=BSS      S=.bss     G=DGROUP   M=GPHugeF  ACBP=A9
 0002:0000188C 00000004 C=BSS      S=.bss     G=DGROUP   M=Consts   ACBP=A9
 0002:00001890 00000004 C=BSS      S=.bss     G=DGROUP   M=textdata ACBP=A9
 0002:00001894 00000004 C=BSS      S=.bss     G=DGROUP   M=Math     ACBP=A9
 0002:00001898 00000004 C=BSS      S=.bss     G=DGROUP   M=Contnrs  ACBP=A9
 0002:0000189C 00000014 C=BSS      S=.bss     G=DGROUP   M=uDebug   ACBP=A9
 0002:000018B0 00000008 C=BSS      S=.bss     G=DGROUP   M=FreeListU ACBP=A9
 0002:000018B8 00000004 C=BSS      S=.bss     G=DGROUP   M=SHFolder ACBP=A9
 0002:000018BC 00000018 C=BSS      S=.bss     G=DGROUP   M=TADemoConsts ACBP=A9
 0002:000018D4 00000004 C=BSS      S=.bss     G=DGROUP   M=TextFileU ACBP=A9
 0002:000018D8 0000000C C=BSS      S=.bss     G=DGROUP   M=logging  ACBP=A9
 0002:000018E4 00000008 C=BSS      S=.bss     G=DGROUP   M=PluginEngine ACBP=A9
 0002:000018EC 00000004 C=BSS      S=.bss     G=DGROUP   M=DPlay    ACBP=A9
 0002:000018F0 00000004 C=BSS      S=.bss     G=DGROUP   M=MemMappedDataStructure ACBP=A9
 0002:000018F4 00000004 C=BSS      S=.bss     G=DGROUP   M=TAMemManipulations ACBP=A9
 0002:000018F8 0000000A C=BSS      S=.bss     G=DGROUP   M=TA_MemoryLocations ACBP=A9
 0002:00001904 00000010 C=BSS      S=.bss     G=DGROUP   M=COB_extensions ACBP=A9
 0002:00001914 00000008 C=BSS      S=.bss     G=DGROUP   M=INI_Options ACBP=A9
 0002:0000191C 00000004 C=BSS      S=.bss     G=DGROUP   M=MMSystem ACBP=A9
 0002:00001920 00000004 C=BSS      S=.bss     G=DGROUP   M=DPLobby  ACBP=A9
 0002:00001924 00000004 C=BSS      S=.bss     G=DGROUP   M=PacketBufferU ACBP=A9
 0002:00001928 00000004 C=BSS      S=.bss     G=DGROUP   M=log2     ACBP=A9
 0002:0000192C 00000004 C=BSS      S=.bss     G=DGROUP   M=Registry ACBP=A9
 0002:00001930 00000004 C=BSS      S=.bss     G=DGROUP   M=packet_old ACBP=A9
 0002:00001934 00000004 C=BSS      S=.bss     G=DGROUP   M=TA_FunctionsU ACBP=A9
 0002:00001938 00000004 C=BSS      S=.bss     G=DGROUP   M=PluginCommandHandlerU ACBP=A9
 0002:0000193C 00000008 C=BSS      S=.bss     G=DGROUP   M=InputHook ACBP=A9
 0002:00001944 00000010 C=BSS      S=.bss     G=DGROUP   M=LOS_Radar ACBP=A9
 0002:00001954 00000004 C=BSS      S=.bss     G=DGROUP   M=LOS_MiniMapUnits ACBP=A9
 0002:00001958 00000010 C=BSS      S=.bss     G=DGROUP   M=LOS_PlayerSeeUnit ACBP=A9
 0002:00001968 00000004 C=BSS      S=.bss     G=DGROUP   M=LOS_GUIText ACBP=A9
 0002:0000196C 00000010 C=BSS      S=.bss     G=DGROUP   M=LOS_UpdateTables ACBP=A9
 0002:0000197C 00000008 C=BSS      S=.bss     G=DGROUP   M=LOS_AllyPlayer ACBP=A9
 0002:00001984 00000008 C=BSS      S=.bss     G=DGROUP   M=LOS_extensions ACBP=A9
 0002:0000198C 00000004 C=BSS      S=.bss     G=DGROUP   M=SpeedHack ACBP=A9
 0002:00001990 00000004 C=BSS      S=.bss     G=DGROUP   M=TA_NetworkingMessages ACBP=A9
 0002:00001994 00000004 C=BSS      S=.bss     G=DGROUP   M=PlayerDataU ACBP=A9
 0002:00001998 00000004 C=BSS      S=.bss     G=DGROUP   M=CommandHandlerU ACBP=A9
 0002:0000199C 0000000C C=BSS      S=.bss     G=DGROUP   M=idplay   ACBP=A9
 0002:000019A8 00000004 C=BSS      S=.bss     G=DGROUP   M=DPLobbyWrapper ACBP=A9
 0002:000019AC 00000028 C=BSS      S=.bss     G=DGROUP   M=Dplayx_exports ACBP=A9
 0002:000019D4 00000048 C=BSS      S=.bss     G=DGROUP   M=TlHelp32 ACBP=A9
 0002:00001A1C 00000004 C=BSS      S=.bss     G=DGROUP   M=ErrorLog_ExtraData ACBP=A9
 0002:00001A20 00000004 C=BSS      S=.bss     G=DGROUP   M=Thread_marshaller ACBP=A9
 0002:00001A24 00000004 C=BSS      S=.bss     G=DGROUP   M=PauseLock ACBP=A9
 0002:00001A28 00000004 C=BSS      S=.bss     G=DGROUP   M=UnitLimit ACBP=A9
 0002:00001A2C 00000004 C=BSS      S=.bss     G=DGROUP   M=MultiAILimit ACBP=A9
 0002:00001A30 00000004 C=BSS      S=.bss     G=DGROUP   M=Plugins  ACBP=A9
 0002:00001A34 00000008 C=BSS      S=.bss     G=DGROUP   M=InitCode ACBP=A9
 0002:00001A3C 00000014 C=BSS      S=.bss     G=DGROUP   M=InitCode_CoreExePatching ACBP=A9
 0002:00001A50 00000004 C=BSS      S=.bss     G=DGROUP   M=threadlogging ACBP=A9


  Address         Publics by Name

 0002:00001910       .1
 0002:00001A50       .1
 0002:00001918       .1
 0002:00001A3C       .1
 0002:00001920       .1
 0002:000018F4       .1
 0002:000018F0       .1
 0002:00001A30       .1
 0002:00001668       .1
 0002:000018EC       .1
 0002:00001934       .1
 0002:00001940       .1
 0002:00001950       .1
 0002:00001A2C       .1
 0002:00001954       .1
 0002:0000183C       .1
 0002:00001A28       .1
 0002:00001A24       .1
 0002:00001A20       .1
 0002:00001A1C       .1
 0002:00001964       .1
 0002:000019D4       .1
 0002:00001968       .1
 0002:00001978       .1
 0002:00001980       .1
 0002:00001988       .1
 0002:0000198C       .1
 0002:000018B8       .1
 0002:00001678       .1
 0002:0000167C       .1
 0002:00001670       .1
 0002:000018B4       .1
 0002:000018AC       .1
 0002:000019B8       .1
 0002:00001890       .1
 0002:0000188C       .1
 0002:000018C0       .2
 0002:000018D4       .2
 0002:00001A34       .2
 0002:000019A8       .2
 0002:00001930       .2
 0002:000018E0       .2
 0002:00001990       .2
 0002:00001894       .2
 0002:00001928       .2
 0002:00001898       .21
 0002:00001674       .3
 0002:00001998       .3
 0002:00001924       .3
 0002:00001844       .3
 0002:00001938       .3
 0002:00001790       .35
 0002:00001994       .4
 0002:000018FC       .4
 0002:00001850       .45
 0002:0000192C       .5
 0002:000017F8       .5
 0002:00001888       .5
 0002:000015B4       .5
 0002:000018E4       .6
 0002:000019A4       .6
 0002:00001884       .6
 0002:00001840       .6
 0002:0000191C       .7
 0002:00001880       .8
 0002:0000181C       .81
 0002:0000187C       .9
 0001:00001E10       @AbstractError
 0001:00002E98       @AfterConstruction
 0001:000038F8       @Assert
 0001:000020F4       @Assign
 0001:00002250       @AStrCmp
 0001:00002EA8       @BeforeDestruction
 0001:00002B48       @BoundErr
 0001:00002DD8       @CallDynaInst
 0001:00002E40       @ClassCreate
 0001:00002E90       @ClassDestroy
 0001:000021BC       @Close
 0001:00001B58       @Copy
 0001:000044BC       @CopyArray
 0001:000043A0       @CopyRecord
 0001:000045B0       @DispCallByIDError
 0001:0000E5C8       @DispInvokeError
 0001:00003324       @DoneExcept
 0001:00004800       @DynArrayAsg
 0001:000047C4       @DynArrayClear
 0001:000045E4       @DynArrayHigh
 0001:000045DC       @DynArrayLength
 0001:000047B8       @DynArraySetLength
 0001:000022C0       @EofText
 0001:0000340C       @ExceptionHandler
 0001:000022F8       @FillChar
 0001:0000437C       @Finalize
 0001:00004290       @FinalizeArray
 0001:00004244       @FinalizeRecord
 0001:000021B0       @Flush
 0001:00002B3C       @FpuInit
 0001:00002A78       @FpuMaskInit
 0001:00001A28       @FreeMem
 0001:000019F8       @GetMem
 0001:00005698       @GetTls
 0001:000038E0       @Halt
 0001:00003800       @Halt0
 0001:00002FBC       @HandleAnyException
 0001:00003270       @HandleFinally
 0001:000030E8       @HandleOnException
 0001:000036C4       @InitImports
 0001:000056E4       @InitLib
 0001:0000369C       @InitResStringImports
 0001:00004F54       @IntfAddRef
 0001:00004F10       @IntfClear
 0001:00004F28       @IntfCopy
 0001:00002B50       @IntOver
 0001:00002D84       @IsClass
 0001:00002A48       @isNECWindows
 0001:00003DA4       @LStrAddRef
 0001:0000393C       @LStrArrayClr
 0001:0000396C       @LStrAsg
 0001:00003BBC       @LStrCat
 0001:00003C00       @LStrCat3
 0001:00003C74       @LStrCatN
 0001:00003918       @LStrClr
 0001:00003D00       @LStrCmp
 0001:00003E14       @LStrCopy
 0001:00003E54       @LStrDelete
 0001:00003B88       @LStrFromArray
 0001:00003B00       @LStrFromChar
 0001:00003B10       @LStrFromPChar
 0001:00003A08       @LStrFromPCharLen
 0001:00003B40       @LStrFromPWChar
 0001:00003A74       @LStrFromPWCharLen
 0001:00003B7C       @LStrFromString
 0001:00003BA0       @LStrFromWStr
 0001:000039B0       @LStrLAsg
 0001:00003BB4       @LStrLen
 0001:00003E9C       @LStrPos
 0001:00003EE4       @LStrSetLength
 0001:00003DB4       @LStrToPChar
 0001:000039DC       @NewAnsiString
 0001:00003F8C       @NewWideString
 0001:0000275C       @Pow10
 0001:00002244       @PStrCpy
 0001:00002214       @PStrNCat
 0001:000032D0       @RaiseAgain
 0001:000032A8       @RaiseExcept
 0001:00002318       @RandInt
 0001:00002370       @ReadChar
 0001:000024D4       @ReadLn
 0001:00002468       @ReadLString
 0001:0000245C       @ReadString
 0001:00001A48       @ReallocMem
 0001:00001E84       @ResetText
 0001:00001E90       @RewritText
 0001:000038EC       @RunError
 0001:00002740       @SetEq
 0001:000035D4       @StartLib
 0001:0000025C       @strlen
 0001:00001DEC       @TRUNC
 0001:00003354       @TryFinallyExit
 0001:00003E0C       @UniqueStringA
 0001:00002504       @ValLong
 0001:0000FB7C       @VarAddRef
 0001:0000E8A0       @VarClear
 0001:00004278       @VarClr
 0001:0000E8B4       @VarClr
 0001:00004388       @VarCopy
 0001:0000EBDC       @VarCopy
 0001:0000EF08       @VarToLStr
 0001:0000F628       @VarToWStr
 0001:00003F48       @Write0LString
 0001:0000261C       @WriteBytes
 0001:000026EC       @WriteLn
 0001:00003F64       @WriteLString
 0001:00002670       @WriteSpaces
 0001:00003FCC       @WStrArrayClr
 0001:00003FF0       @WStrAsg
 0001:00003FB4       @WStrClr
 0001:0000412C       @WStrCmp
 0001:000041B0       @WStrCopy
 0001:00004100       @WStrFromLStr
 0001:00004014       @WStrFromPCharLen
 0001:000040C4       @WStrFromPWChar
 0001:000040A0       @WStrFromPWCharLen
 0001:00004120       @WStrLen
 0001:000041FC       @WStrSetLength
 0001:00004110       @WStrToPWChar
 0001:00001B28       @_IOTest
 0001:000045B8       @_llmul
 0001:0000B328       AbstractErrorHandler
 0002:00001028       AbstractErrorProc
 0002:00000894       AccessMode
 0002:00000154       AccessMode
 0001:000104B4       ActiveX
 0001:000003CC       AddBlockAfter
 0001:0001DCE4       AddCheatDescription
 0001:00018E08       AddLineNo
 0001:00004D68       AddModuleUnloadProc
 0001:00004D78       AddModuleUnloadProc
 0001:00018C54       AddProcedure
 0001:00018A70       AddUnit
 0002:00000964       AIName
 0002:0000197C       AlliedStateChanged
 0001:00006A88       AllocMem
 0002:000015AC       AllocMemCount
 0002:000015B0       AllocMemSize
 0001:000055C8       AllocTlsBuffer
 0001:00006C48       AnsiCompareStr
 0001:00006C94       AnsiCompareText
 0001:00006C00       AnsiLowerCase
 0001:0000BE4C       AnsiPos
 0001:00006CE0       AnsiSameText
 0001:0000BE98       AnsiStrPos
 0001:0000BF70       AnsiStrRScan
 0001:0000BFC0       AnsiStrScan
 0001:00005354       AnsiToUtf8
 0001:00008CF4       AppendChars
 0001:00009114       AppendFormat
 0001:00008D78       AppendNumber
 0001:00008D54       AppendString
 0001:0000B2F0       AssertErrorHandler
 0002:00001020       AssertErrorProc
 0002:00001604       avail
 0001:000077F8       BackfillGetDiskFreeSpaceEx
 0001:0000D578       BackupVarBoolFromStr
 0001:0000D6F4       BackupVarBStrFromBool
 0001:0000D5FC       BackupVarBStrFromCy
 0001:0000D678       BackupVarBStrFromDate
 0001:0000D504       BackupVarCyFromStr
 0001:0000D490       BackupVarDateFromStr
 0001:0000D334       BackupVarI4FromStr
 0001:0000D2C0       BackupVariantChangeTypeEx
 0001:0000D3A8       BackupVarR4FromStr
 0001:0000D41C       BackupVarR8FromStr
 0001:0003ADF8       BetterAIName
 0001:0003AE80       BetterAINameStub
 0001:00014940       BinToHex
 0001:000181DC       BinToInt
 0001:0000D30C       BiUnimplemented
 0002:000015DC       blockDescBlockList
 0002:000015E0       blockDescFreeList
 0002:000003A4       BooleanIdents
 0002:00000334       BooleanToStringRule
 0001:000071AC       BoolToStr
 0001:0000EC90       BoolToWStrViaOS
 0002:00000904       BoolValues
 0001:0000B9E8       ByteToCharIndex
 0001:0000B9AC       ByteToCharLen
 0001:0000B948       ByteType
 0001:0000B89C       ByteTypeTest
 0002:00001900       CacheUsed
 0001:00018304       CalcCRC
 0002:00001814       ChangeAnyProc
 0001:000075C4       ChangeFileExt
 0001:00003A38       CharFromWChar
 0001:0000BC60       CharLength
 0001:00005A3C       CharLowerBuff
 0001:000001D4       CharNext
 0001:00005A44       CharNext
 0001:0000BB24       CharToByteIndex
 0001:0000BB9C       CharToByteLen
 0001:00005A4C       CharToOemA
 0002:000019A0       chatview
 0001:0001DCC4       CheatEnabled
 0002:000008E8       Cheat_BuildAnywhere
 0002:000008E4       Cheat_ControlMenu
 0002:000008F8       Cheat_ExtraDamage
 0002:000008D8       Cheat_FastBuild
 0002:000008DC       Cheat_InfiniteResources
 0002:000008FC       Cheat_InstantBuild
 0002:000008EC       Cheat_InstantCapture
 0002:000008D4       Cheat_Invisible
 0002:000008D0       Cheat_Invulnerability
 0002:000008F4       Cheat_JamAll
 0002:000008E0       Cheat_LosRadar
 0002:00000900       Cheat_ResourcesFreeze
 0002:000008F0       Cheat_SpecialMove
 0001:0001E228       CheckForCheats
 0001:00002F38       CheckJmp
 0002:00000338       CInvalidCustomVariantType
 0001:00014BB8       Classes
 0001:000191D0       CleanUpMapFile
 0002:00001810       ClearAnyProc
 0001:0000FEB8       ClearVariantTypeList
 0001:00000174       CloseHandle
 0001:000057CC       CloseHandle
 0002:0000103C       CmdLine
 0002:00001038       CmdShow
 0001:0000D320       CmpUnimplemented
 0001:0001EF70       COB_extensions
 0001:0001EEC0       COB_Extensions_Handling
 0002:00001A40       CodeInjectionData
 0001:00024A58       CommandHandlerU
 0001:0000074C       Commit
 0002:00001620       committedRoot
 0001:00029500       compare
 0001:000187E0       CompareHeaders
 0001:000057D4       CompareString
 0001:00006B88       CompareText
 0001:000070B0       CompareWith
 0001:0001639C       Compress
 0001:00019920       Compress
 0001:00017DDC       Consts
 0001:000185C4       Contnrs
 0002:000003B0       Convert
 0002:000003C0       Convert
 0001:0000AB84       ConvertAddr
 0001:00008E78       ConvertEraString
 0001:00006A38       ConvertError
 0001:00006A58       ConvertErrorFmt
 0001:00008FFC       ConvertYearString
 0001:000045EC       CopyArray
 0001:000057DC       CopyFile
 0001:0000BA6C       CountChars
 0001:000182CC       CRC32
 0002:0000045C       CRC32tab
 0001:0000B228       CreateAssertException
 0001:0000B424       CreateAVObject
 0001:00007878       CreateDir
 0001:000057E4       CreateDirectory
 0001:000057EC       CreateEvent
 0001:000057F4       CreateFile
 0001:0000017C       CreateFileA
 0001:000057FC       CreateFileMapping
 0001:0000B114       CreateInOutError
 0001:0003A400       CreateToolhelp32Snapshot
 0002:00000390       CRelationshipToBoolean
 0002:00000324       CResult
 0002:0000014C       cSimpleBoolStrs
 0002:0000033C       CText
 0002:00001618       curAlloc
 0002:00001688       CurrencyDecimals
 0002:00001684       CurrencyFormat
 0002:00001680       CurrencyString
 0001:00008CD4       CurrentYear
 0001:00008668       CurrToStr
 0001:0000EC20       CurrToWStrViaOS
 0001:0001ECAC       CustomGetters
 0002:0000190C       CUSTOM_HIGH
 0002:00001908       CUSTOM_LOW
 0001:00006DC8       CvtInt
 0001:00006E34       CvtInt64
 0002:0000018C       CWNear
 0001:00017DE4       DataToStr2
 0001:0001FA2C       DataTypeToRegData
 0001:00008C60       Date
 0002:00001689       DateSeparator
 0001:000099C8       DateTimeToStr
 0001:0000991C       DateTimeToString
 0001:00008798       DateTimeToTimeStamp
 0001:00009988       DateToStr
 0001:0000EC58       DateToWStrViaOS
 0001:00008C30       DayOfWeek
 0002:00000188       DCon10
 0002:0000002C       DebugHook
 0002:00001687       DecimalSeparator
 0001:00008C00       DecodeDate
 0001:00008A84       DecodeDateFully
 0001:000088A0       DecodeTime
 0001:0000080C       Decommit
 0001:00000F38       DecommitFree
 0002:000015F4       decommittedRoot
 0002:0000092C       DecompressionBufferSize
 0002:00000024       Default8087CW
 0002:00000038       DefaultTextLineBreakStyle
 0002:000015B8       DefaultUserCodePage
 0002:00000218       DefLongDayNames
 0002:000001CC       DefLongMonthNames
 0002:000001FC       DefShortDayNames
 0002:0000019C       DefShortMonthNames
 0002:00000860       Deities
 0001:00004850       DelayLoadResourceModule
 0001:00000428       DeleteBlock
 0001:00000338       DeleteCriticalSection
 0001:00005804       DeleteCriticalSection
 0001:0000580C       DeleteFile
 0001:00000D20       DeleteFree
 0001:00005814       DeviceIoControl
 0002:00000094       dig
 0001:0000741C       DirectoryExists
 0001:00039958       DirectPlayCreate
 0002:000019C8       DirectPlayCreate_proc
 0001:00039660       DirectPlayEnumerate
 0001:00039758       DirectPlayEnumerateA
 0002:000019C0       DirectPlayEnumerateA_proc
 0001:00039858       DirectPlayEnumerateW
 0002:000019C4       DirectPlayEnumerateW_proc
 0002:000019BC       DirectPlayEnumerate_proc
 0001:00039D00       DirectPlayLobbyCreateA
 0002:000019D0       DirectPlayLobbyCreateA_proc
 0001:00039BC0       DirectPlayLobbyCreateW
 0002:000019CC       DirectPlayLobbyCreateW_proc
 0001:0003B06C       DisableThreadLibraryCalls
 0002:00001000       DispCallByIDProc
 0001:00006A1C       DivMod
 0001:00039F54       DllCanUnloadNow
 0001:00039FF4       DllGetClassObject
 0002:00001664       DllProc
 0002:000019B0       DoFinalize
 0002:000019AC       DoInitialize
 0002:00000938       DoInterpretCommand
 0001:0000B798       DoneExceptions
 0001:00014A5C       DoneThreadSynchronization
 0001:0001E6F0       DoReport
 0002:000003AC       DotSep
 0001:00011E3C       DoWrite
 0001:0003AFB4       Do_LoadTime_CodeInjections
 0001:0001DCBC       DPlay
 0001:0003B868       dplayx
 0001:000395C8       DPlayxHandleInvalid
 0002:0000094C       dplayxLibHandle
 0001:0003A10C       Dplayx_exports
 0001:0001F45C       DPLobby
 0001:000395C0       DPLobbyWrapper
 0001:00004604       DynArrayClear
 0001:0000460C       DynArraySetLength
 0001:0000B0D8       EHeapException.FreeInstance
 0001:00016508       Elapsed
 0002:000017FC       EmptyParam
 0002:000000D4       EmptyStr
 0002:000000D8       EmptyWideStr
 0001:00008A48       EncodeDate
 0001:0000885C       EncodeTime
 0001:0000581C       EnterCriticalSection
 0001:00000328       EnterCriticalSection
 0001:00005824       EnumCalendarInfoA
 0001:0000A744       EnumEraNames
 0001:0000A790       EnumEraYearOffsets
 0002:00001750       EraNames
 0001:00009CF4       EraToYear
 0002:0000176C       EraYearOffsets
 0002:0000006C       errCaption
 0001:00001B1C       Error
 0002:00000004       ErrorAddr
 0001:00001AD0       ErrorAt
 0001:0000B1B8       ErrorHandler
 0001:0003AA80       ErrorLog_ExtraData
 0001:0003AA3C       Errorlog_Thunk1
 0001:0003A6F8       Errorlog_Thunk2
 0002:00000234       ErrorMap
 0002:00001008       ErrorProc
 0001:0001C3EC       ErrorString
 0002:000013E0       ErrOutput
 0001:00001A98       ExceptAddr
 0002:0000100C       ExceptClsProc
 0001:0000B6E8       ExceptHandler
 0001:0000AE28       Exception.Create
 0001:0000AE70       Exception.CreateFmt
 0001:0000B040       Exception.CreateFmtHelp
 0001:0000AFEC       Exception.CreateHelp
 0001:0000AF00       Exception.CreateRes
 0001:0000AF48       Exception.CreateResFmt
 0002:0000101C       ExceptionClass
 0001:0000AB94       ExceptionErrorMessage
 0002:0000026C       ExceptMap
 0002:00001010       ExceptObjProc
 0002:00001004       ExceptProc
 0001:0000BE00       ExcludeTrailingPathDelimiter
 0002:00000000       ExitCode
 0001:00003744       ExitDll
 0002:00001040       ExitProc
 0001:000001DC       ExitProcess
 0002:00001024       ExitProcessProc
 0001:00005674       ExitProcessTLS
 0001:0000564C       ExitThreadTLS
 0001:000077B4       ExpandFileName
 0002:00000908       ExpectedData
 0001:000076A4       ExtractFileDir
 0001:00007754       ExtractFileExt
 0001:00007710       ExtractFileName
 0001:00007664       ExtractFilePath
 0002:0000178C       FalseBoolStrs
 0002:0000017C       FCon1E18
 0001:0000738C       FileAge
 0001:00007378       FileClose
 0001:000072AC       FileCreate
 0001:00007278       FileCreate
 0001:000073FC       FileExists
 0002:000008A4       FileFlags
 0002:0000000C       FileMode
 0001:00001ED8       FileNOPProc
 0001:00007208       FileOpen
 0001:000072CC       FileRead
 0001:0000733C       FileSeek
 0001:0000582C       FileTimeToDosDateTime
 0001:00005834       FileTimeToLocalFileTime
 0001:00007304       FileWrite
 0002:0000043C       FILE_SHARING_ERRORS
 0001:00000E58       FillAfterGap
 0001:00000DF8       FillBeforeGap
 0001:00000EF8       FillerSizeAfterGap
 0001:00000E80       FillerSizeBeforeGap
 0001:000183C8       Finalization
 0001:00005B00       Finalization
 0001:0003A49C       Finalization
 0001:00005764       Finalization
 0001:00005E48       Finalization
 0001:0001EF40       Finalization
 0001:0001C2D8       Finalization
 0001:00022E7C       Finalization
 0001:00017DAC       Finalization
 0001:0001A120       Finalization
 0001:00017D74       Finalization
 0001:00021D8C       Finalization
 0001:00018594       Finalization
 0001:00021DC4       Finalization
 0001:0000572C       Finalization
 0001:00021FB0       Finalization
 0001:0003B034       Finalization
 0001:0001F814       Finalization
 0001:000195D4       Finalization
 0001:0003B618       Finalization
 0001:00022208       Finalization
 0001:0001F494       Finalization
 0001:0001A47C       Finalization
 0001:00024A28       Finalization
 0001:0003AF70       Finalization
 0001:0003A0DC       Finalization
 0001:0001DC8C       Finalization
 0001:00024420       Finalization
 0001:00022494       Finalization
 0001:000230BC       Finalization
 0001:0001EB7C       Finalization
 0001:000162A0       Finalization
 0001:00005470       Finalization
 0001:0003AA50       Finalization
 0001:00010484       Finalization
 0001:0003B5E0       Finalization
 0001:0001E0AC       Finalization
 0001:000160AC       Finalization
 0001:0000D0A0       Finalization
 0001:00010214       Finalization
 0001:00023084       Finalization
 0001:00022560       Finalization
 0001:0003AAEC       Finalization
 0001:00039590       Finalization
 0001:0001AECC       Finalization
 0001:0001E5A0       Finalization
 0001:00014FF0       Finalization
 0001:000226A0       Finalization
 0001:00038008       Finalization
 0001:0003B560       Finalization
 0001:00014B08       Finalization
 0001:0003ADA4       Finalization
 0001:00019594       Finalization
 0001:000103C8       Finalization
 0001:00022D2C       Finalization
 0001:00022850       Finalization
 0001:0001042C       Finalization
 0001:0001F308       Finalization
 0001:0003ABF4       Finalization
 0001:0000DAE4       Finalization
 0001:0001F2B8       Finalization
 0001:00019528       Finalization
 0001:00022BB0       Finalization
 0001:0001F42C       Finalization
 0001:0003B454       Finalization
 0001:00005AC8       Finalization
 0001:00018400       Finalization
 0001:00020608       Finalization
 0001:000045FC       FinalizeArray
 0001:000034F4       FinalizeUnits
 0001:000048E0       FindBS
 0001:0000583C       FindClose
 0001:000001EC       FindClose
 0001:00000DB4       FindCommitted
 0001:0001015C       FindCustomVariantType
 0001:00005844       FindFirstFile
 0001:000001F4       FindFirstFile
 0002:0000185C       FindGlobalComponentProcs
 0001:00004828       FindHInstance
 0001:00034384       FindHostPlayer
 0001:0000D794       FindProc
 0001:00004898       FindResourceHInstance
 0002:000018C4       fIsWin9x
 0002:0000179C       FLanguages
 0001:000082F8       FloatToDecimal
 0001:00008638       FloatToStr
 0001:00008024       FloatToText
 0001:000021A4       Flush
 0001:0000584C       FlushFileBuffers
 0001:00005854       FlushInstructionCache
 0002:00000190       FMSecsPerDay
 0001:00007F04       FmtStr
 0001:00007454       ForceDirectories
 0002:00000198       Format
 0001:00007EDC       Format
 0001:00007B0C       FormatBuf
 0001:00007AF8       FormatClearStr
 0001:00007A58       FormatError
 0002:00000174       FormatErrorStrs
 0001:0000585C       FormatMessage
 0001:00007AC0       FormatVarToStr
 0001:00002754       FPower10
 0001:0000CDAC       FreeAndNil
 0001:00000AB4       FreeCommitted
 0001:000010EC       FreeCurAlloc
 0001:00014A78       FreeIntConstList
 0001:000001FC       FreeLibrary
 0001:00005864       FreeLibrary
 0001:000195C4       FreeListU
 0001:00000684       FreeSpace
 0001:0000C74C       FreeTerminateProcs
 0002:000008A8       fVersionLazyInited
 0001:00022530       GameUnit_LOS_MiniMap_UnitsProjectiles_IsOwner
 0001:00022694       GameUnit_LOS_PlayerSeeUnit_EpilogCode_Exit
 0001:00022640       GameUnit_LOS_PlayerSeeUnit_IsOwnerAllowedToSee
 0001:00022320       GameUnit_LOS_Radar_CanDirectlySeeUnit
 0001:000223D4       GameUnit_LOS_Radar_LoopCondition
 0001:0002237C       GameUnit_LOS_Radar_LoopStart
 0001:000229E0       GameUnit_LOS_Update_1_Retry
 0001:000229C4       GameUnit_LOS_Update_1_Start
 0001:00022ACC       GameUnit_LOS_Update_2_Retry
 0001:00022AB0       GameUnit_LOS_Update_2_Start
 0002:00000934       Game_SetLOSState
 0002:000019B4       gdwDPlaySPRefCount
 0001:0000586C       GetACP
 0001:00000340       GetBlockDesc
 0001:00017F24       GetChar
 0001:000002DC       GetCmdShow
 0001:000224CC       GetCodeInjections
 0001:00022598       GetCodeInjections
 0001:000226D8       GetCodeInjections
 0001:00022240       GetCodeInjections
 0001:00022888       GetCodeInjections
 0001:00022BE8       GetCodeInjections
 0001:00000204       GetCommandLine
 0001:000008C8       GetCommitted
 0001:00000970       GetCommittedAt
 0001:00008DC8       GetCount
 0001:00005874       GetCPInfo
 0001:0000587C       GetCurrentProcess
 0001:000002BC       GetCurrentThreadId
 0001:00005884       GetCurrentThreadId
 0001:00008E00       GetDate
 0001:0000588C       GetDateFormat
 0001:00009BC0       GetDateOrder
 0001:00005894       GetDiskFreeSpaceA
 0002:00000148       GetDiskFreeSpaceEx
 0001:00002DA8       GetDynaMethod
 0001:0000A81C       GetEraNamesAndYearOffsets
 0001:00009C90       GetEraYearOffset
 0001:0000B3F8       GetExceptionClass
 0001:0000B608       GetExceptionObject
 0001:0000589C       GetFileAttributes
 0001:000058A4       GetFileSize
 0001:0000018C       GetFileSize
 0001:00000184       GetFileType
 0001:00019FC0       GetFileVersion
 0001:00005A24       GetFileVersionInfo
 0001:00005A2C       GetFileVersionInfoSize
 0001:00019DB4       GetFileVersion_internal
 0001:0000C2E0       GetFormatSettings
 0001:000058AC       GetFullPathName
 0001:00002A40       GetKeyboardType
 0001:0000020C       GetLastError
 0001:000058B4       GetLastError
 0001:000192E8       GetLineNumberFromAddress
 0001:0000A590       GetLocaleChar
 0001:00000214       GetLocaleInfo
 0001:000058C4       GetLocaleInfo
 0001:0000A534       GetLocaleStr
 0001:000058BC       GetLocalTime
 0001:000194DC       GetMapAddressFromAddress
 0001:000193E4       GetMapFileName
 0001:000058CC       GetModuleFileName
 0001:0000021C       GetModuleFileName
 0001:000058D4       GetModuleHandle
 0001:00000224       GetModuleHandle
 0001:000191FC       GetModuleNameFromAddress
 0001:0000A610       GetMonthDayNames
 0001:000196F4       GetMyDocs
 0001:00001BFC       GetParamStr
 0001:0003A4DC       GetPlugin
 0001:0003AA90       GetPlugin
 0001:0003AB2C       GetPlugin
 0001:00022ED8       GetPlugin
 0001:00022DC4       GetPlugin
 0001:0003AC34       GetPlugin
 0001:0003AE9C       GetPlugin
 0001:000221A8       GetPlugin
 0001:0001EBBC       GetPlugin
 0001:000058DC       GetPrivateProfileString
 0001:000058E4       GetProcAddress
 0001:0000022C       GetProcAddress
 0001:00019278       GetProcNameFromAddress
 0001:000005A8       GetSpace
 0001:0000060C       GetSpaceAt
 0001:00000234       GetStartupInfo
 0001:000058EC       GetStdHandle
 0001:00000194       GetStdHandle
 0001:000058F4       GetStringTypeEx
 0001:00019754       GetSysDir
 0001:000058FC       GetSystemDirectory
 0001:00005904       GetSystemInfo
 0001:00005A54       GetSystemMetrics
 0001:0001A0A8       GetTADemoVersion
 0001:0000590C       GetTempFileName
 0001:00005914       GetTempPath
 0001:0000023C       GetThreadLocale
 0001:0000591C       GetThreadLocale
 0001:000002D4       GetTickCount
 0001:00005924       GetTickCount
 0001:00008E38       GetTime
 0001:000055D4       GetTlsSize
 0001:000002C4       GetVersion
 0001:0000592C       GetVersionEx
 0001:00005934       GetVolumeInformation
 0001:00019894       GetVolumePathName
 0001:0000593C       GlobalAlloc
 0001:00005A88       GlobalAllocPtr
 0002:00001860       GlobalFixupList
 0001:00005944       GlobalFree
 0001:00005AB4       GlobalFreePtr
 0001:00005954       GlobalHandle
 0001:0000594C       GlobalLock
 0002:00001848       GlobalNameSpace
 0001:0000595C       GlobalReAlloc
 0001:00005A98       GlobalReAllocPtr
 0001:00005964       GlobalUnlock
 0001:00017DA4       GPHugeF
 0002:00000028       HeapAllocFlags
 0002:000015C0       heapErrorCode
 0002:000015C4       heapLock
 0002:00000144       HexDisplayPrefix
 0001:000149A8       HexToBin
 0002:00001660       HInstance
 0001:00005A6C       HiWord
 0001:00038044       idplay
 0002:000008C0       IID_IDirectPlay
 0002:000008B0       IID_IDirectPlay3
 0002:00000914       IID_IDirectPlayLobby2
 0002:00000194       IMSecsPerDay
 0001:0000E61C       InBounds
 0001:0000E8BC       InBounds
 0001:0000BDAC       IncludeTrailingPathDelimiter
 0001:0000E64C       Increment
 0001:0000E8EC       Increment
 0001:000160F4       IniFiles
 0001:00000B48       InitAllocator
 0001:0003B484       InitCode
 0001:0003B590       InitCode_CoreExePatching
 0002:00001630       InitContext
 0001:0000C780       InitDriveSpacePtr
 0001:0000B710       InitExceptions
 0001:00000320       InitializeCriticalSection
 0001:0000596C       InitializeCriticalSection
 0002:000015BC       initialized
 0001:000056D8       InitializeModule
 0001:0000D7D8       InitializeVarUtils
 0001:0000C090       InitLeadBytes
 0001:0000B81C       InitPlatformId
 0001:00005620       InitProcessTLS
 0001:0000C134       InitSysLocale
 0001:00014A24       InitThreadSynchronization
 0001:000055DC       InitThreadTLS
 0001:0003B554       InitThunk_Stage1
 0001:0003B4D4       InitThunk_Stage2
 0001:0003A140       InitToolHelp
 0001:00003564       InitUnits
 0001:0001F2E8       INI_Options
 0002:00001048       Input
 0001:00021FE8       InputHandler
 0001:00022238       InputHook
 0001:00000FF4       InsertFree
 0001:0001BFB0       InstallPlugins
 0002:00001854       IntConstList
 0001:000002B4       InterlockedDecrement
 0001:0000C7F0       InterlockedDecrement
 0001:0000C7FC       InterlockedExchange
 0001:0000C804       InterlockedExchangeAdd
 0001:000002AC       InterlockedIncrement
 0001:0000C7E4       InterlockedIncrement
 0001:00001F18       InternalClose
 0001:0000215C       InternalFlush
 0001:00000E34       InternalFreeMem
 0001:00003DC0       InternalUniqueString
 0001:00006F50       IntToHex
 0001:00006F28       IntToHex
 0001:00006E14       IntToStr
 0001:00006F00       IntToStr
 0002:00001798       InvalidPointer
 0001:00002C70       InvokeImplGetter
 0002:00001914       iOptions
 0001:00001B9C       IOResult
 0001:00005974       IsBadReadPtr
 0002:00001044       IsConsole
 0001:0000BD50       IsDelimiter
 0001:00008900       IsLeapYear
 0002:00001034       IsLibrary
 0002:00001045       IsMultiThread
 0001:0000BD04       IsPathDelimiter
 0001:0001F9B4       IsRelative
 0001:00017E98       IsStrBool
 0001:0001DFE8       IsTAHookRunning
 0001:0001E6D8       IsTAVersion31
 0002:00001901       IsTAVersion31_Cache
 0001:0000C110       IsWesternGroup
 0001:00019834       IsWin9x
 0002:00000030       JITEnable
 0002:000019D8       KernelHandle
 0002:000018BC       kernellib
 0001:00007554       LastDelimiter
 0001:0000C018       LCIDToCodePage
 0001:000053FC       LCIDToCodePage
 0002:00000124       LeadBytes
 0001:0000597C       LeaveCriticalSection
 0001:00000330       LeaveCriticalSection
 0002:0000003C       LibModuleList
 0001:0003B4AC       LibraryProc
 0002:000018A4       LineNumbers
 0001:0001DD38       ListCheats
 0002:0000174E       ListSeparator
 0001:00015020       ListsU
 0001:00018F78       LoadAndParseMapFile
 0001:00005984       LoadLibrary
 0001:00000244       LoadLibraryEx
 0001:00004AE4       LoadResourceModule
 0001:000053A4       LoadResString
 0001:00005A5C       LoadString
 0001:0000024C       LoadString
 0001:00005598       LocalAlloc
 0001:00000300       LocalAlloc
 0001:000055A0       LocalFree
 0001:00000308       LocalFree
 0001:0000A5CC       LocalGetLocaleStr
 0001:0001F844       log2
 0002:000008AC       logdir
 0001:0001A62C       LogError
 0001:0001A524       LogException
 0002:000018D8       logFilename
 0001:0001AF10       logging
 0002:00000948       logsave
 0002:000018DC       Log_
 0002:00001690       LongDateFormat
 0002:00001724       LongDayNames
 0002:000016D8       LongMonthNames
 0002:000016A4       LongTimeFormat
 0001:00022D5C       LOS_AllyPlayer
 0001:00022EAC       LOS_extensions
 0001:00022880       LOS_GUIText
 0001:000227E4       LOS_GUIText_SeeCommHealth
 0001:0002281C       LOS_GUIText_Unit_KillsNStuff
 0001:000227A4       LOS_GUIText_Unit_Resources
 0001:00022590       LOS_MiniMapUnits
 0001:000226D0       LOS_PlayerSeeUnit
 0001:000224C4       LOS_Radar
 0002:0000196C       LOS_Updates_PTR
 0001:00022BE0       LOS_UpdateTables
 0001:00006B1C       LowerCase
 0002:00000944       LowerLimit
 0001:00000254       lstrcpyn
 0002:00001820       LVarTypes
 0002:00001824       LVarTypeSync
 0002:0000102C       MainInstance
 0002:00001030       MainThreadID
 0001:000003C4       MakeEmpty
 0001:000036E8       MakeErrorMessage
 0001:00019D10       MakeTempFilename
 0001:0000B344       MapException
 0002:0000085C       MapFileName
 0002:000018A8       MapFileSetup
 0001:0000336C       MapToRunError
 0001:0000598C       MapViewOfFile
 0001:00018430       Math
 0001:0001E0DC       MemMappedDataStructure
 0002:00000044       MemoryManager
 0001:0000045C       MergeBlockAfter
 0001:00001138       MergeCommit
 0001:00005A64       MessageBox
 0001:000001E4       MessageBox
 0001:00005B30       Messages
 0001:0001F338       MMSystem
 0002:000000AC       Module
 0001:0003A434       Module32First
 0001:0003A468       Module32Next
 0001:0003A6B0       ModuleInfoComparer
 0002:0000165D       ModuleIsCpp
 0002:0000165C       ModuleIsLib
 0001:00014AF4       ModuleUnload
 0002:00000040       ModuleUnloadList
 0002:000000F4       MonthDays
 0001:00001BBC       Move
 0001:0003AFAC       MultiAILimit
 0001:00000264       MultiByteToWideChar
 0002:00001685       NegCurrFormat
 0001:000011C4       NewCommit
 0001:000011F0       NewCommitAt
 0002:00000958       NewUnitLimit
 0001:0000BCB0       NextCharIndex
 0002:00000034       NoErrMsg
 0001:00002F24       NotifyAnyExcept
 0001:00002EF8       NotifyExcept
 0001:00002F58       NotifyExceptFinally
 0001:00004E20       NotifyModuleUnload
 0001:00002ED4       NotifyNonDelphiException
 0001:00002F10       NotifyOnExcept
 0001:00002EB8       NotifyReRaise
 0001:00002F80       NotifyTerminate
 0001:00002F9C       NotifyUnhandled
 0001:00008C8C       Now
 0002:00000330       NullAsStringValue
 0002:0000032C       NullStrictConvert
 0002:000018B0       ObjectsToFree
 0001:00017630       OffsetPtr
 0001:00019584       OnFinalize
 0001:0003B41C       OnFinalize
 0001:000395F0       OnInit
 0001:0001956C       OnInitialize
 0001:0003B100       OnInitialize
 0001:0003AB24       OnInstall
 0001:0003A4D4       OnInstall
 0001:0003ADDC       OnInstall
 0001:0003AA88       OnInstall
 0001:00022178       OnInstall
 0001:0001EBB4       OnInstallCobExtensions
 0001:00022D80       OnInstallShareLOS
 0001:00022EC8       OnInstallSpeedHack
 0001:0003AC2C       OnInstallUnitLimit
 0001:00022198       OnUnInstall
 0001:0003AA8C       OnUnInstall
 0001:0003AB28       OnUninstall
 0001:0003A4D8       OnUnInstall
 0001:0003ADE0       OnUninstall
 0001:0001EBB8       OnUninstallCobExtensions
 0001:00022D8C       OnUninstallShareLOS
 0001:00022ED4       OnUninstallSpeedHack
 0001:0003AC30       OnUninstallUnitLimit
 0001:0001E038       OpenMemMap
 0001:00001E2C       OpenText
 0002:00001794       OutOfMemory
 0002:00001214       Output
 0001:0003294C       OutputInfo
 0001:0001F4C4       PacketBufferU
 0001:00021DBC       packet_old
 0001:00001D60       ParamStr
 0001:00017F7C       ParseParams
 0001:0001B240       PatchNJump
 0001:0003ABCC       PauseHandling
 0001:0003AC24       PauseLock
 0001:00024450       PlayerDataU
 0002:0000195C       PlayerPtr
 0002:00001970       PlayerPtr
 0002:0000194C       PlayerPtr
 0001:00022CFC       Player_SetAlliedState_JumpHook
 0001:00022D14       Player_SetAlliedState_RetHook
 0001:00021FE0       PluginCommandHandlerU
 0002:0000193C       PluginCommands
 0001:0001C318       PluginEngine
 0001:0003B064       Plugins
 0002:000018E8       Plugins
 0001:00010FA4       PointerInModule
 0002:00001A38       proc
 0002:000018C8       proc
 0002:000018A0       Procedures
 0001:00014094       PropValueError
 0002:000000A8       PtrToNil
 0001:000181A8       PtrToStr
 0001:00007FE0       PutExponent
 0001:000002CC       QueryPerformanceCounter
 0001:00011738       QuickSort
 0001:0000B2E0       RaiseAssertException
 0001:000135F4       RaiseException
 0001:0000019C       RaiseException
 0002:00001014       RaiseExceptionProc
 0001:0000C67C       RaiseLastOSError
 0001:00001DC4       Randomize
 0002:00000008       RandSeed
 0001:00014074       ReadError
 0001:0001F980       ReadError
 0001:000001A4       ReadFile
 0001:00005994       ReadFile
 0001:0001EF9C       ReadININame
 0001:0001F1A8       ReadINIOptions
 0001:000023DC       ReadLine
 0001:0000599C       ReadProcessMemory
 0002:00001818       RefAnyProc
 0001:0000579C       RegCloseKey
 0001:0000026C       RegCloseKey
 0001:000057A4       RegCreateKeyEx
 0001:0001F9DC       RegDataToDataType
 0001:000057AC       RegFlushKey
 0002:00001858       RegGroups
 0001:00004E7C       RegisterModule
 0001:0001BF4C       RegisterPlugin
 0001:00020650       Registry
 0001:000057B4       RegOpenKeyEx
 0001:00000274       RegOpenKeyEx
 0001:000057BC       RegQueryValueEx
 0001:0000027C       RegQueryValueEx
 0001:000057C4       RegSetValueEx
 0002:00000050       reMap
 0002:00001614       remBytes
 0001:000004E4       RemoveBlock
 0001:00013F24       RemoveFixupReferences
 0001:00013FE0       RemoveFixups
 0001:00018350       RemoveInvalid
 0001:00004D98       RemoveModuleUnloadProc
 0001:00004D70       RemoveModuleUnloadProc
 0001:000059A4       ResetEvent
 0001:00022EB4       ResetGameSpeedLimits
 0001:00022D64       ResetShareLosState
 0001:00001728       ResizeInPlace
 0001:00011FC0       ReturnAddr
 0001:000113DC       ReturnAddr
 0002:00001610       rover
 0001:000103F8       RTLConsts
 0001:000001AC       RtlUnwind
 0002:00001018       RTLUnwindProc
 0002:00000074       runErrMsg
 0001:00001AC4       RunErrorAt
 0001:0000D774       SafeArrayCreate
 0001:0000D77C       SafeArrayGetLBound
 0001:0000D784       SafeArrayGetUBound
 0001:0000D78C       SafeArrayPtrOfIndex
 0001:00006BDC       SameText
 0001:000099E4       ScanBlanks
 0001:00009B70       ScanChar
 0001:00009D5C       ScanDate
 0001:00009A24       ScanNumber
 0001:00009AD8       ScanString
 0001:0000A0F0       ScanTime
 0001:00009C28       ScanToNumber
 0001:00001224       SearchSmallBlocks
 0001:00019BA0       SelfLocation
 0002:000018CC       SelfLocation_cache
 0001:0000FE88       SetClearVarToEmptyParam
 0001:0001EC64       SetCOBType
 0001:000059AC       SetEndOfFile
 0001:000001B4       SetEndOfFile
 0001:000059B4       SetEvent
 0001:000034AC       SetExceptionHandler
 0001:000001BC       SetFilePointer
 0001:000059BC       SetFilePointer
 0001:00001B48       SetInOutRes
 0001:000059C4       SetLastError
 0001:0001E210       SetLongword
 0001:0000FE70       SetVarAsError
 0001:0001E1F4       SetWord
 0002:0000089C       ShareFlags
 0002:00000160       ShareMode
 0001:00019604       SHFolder
 0001:000195CC       SHGetFolderPath
 0002:0000168C       ShortDateFormat
 0002:00001708       ShortDayNames
 0002:000016A8       ShortMonthNames
 0002:000016A0       ShortTimeFormat
 0001:0000AD4C       ShowException
 0001:00022CB8       Signal_AlliedStateChange
 0001:00018284       SimpleCrypt
 0002:00000910       SizeOfBuffer
 0001:00014484       SkipBinary
 0001:000144B8       SkipCollection
 0001:00014458       SkipList
 0001:0000C674       Sleep
 0001:000059CC       Sleep
 0002:0000161C       smallTab
 0002:000015E4       spaceRoot
 0001:000230B4       SpeedHack
 0001:00022FF4       SpeedState_DecreaseSpeed_Check
 0001:0002302C       SpeedState_IncreaseSpeed_Check
 0001:0002305C       SpeedState_SetSpeed_Check
 0001:0001B270       SpliceInJump
 0002:0000199C       StartedFrom
 0002:0000090C       State_COB_extensions
 0002:00000960       State_MultiAILimit
 0002:00000950       State_PauseLock
 0002:0000093C       State_SpeedHack
 0002:0000095C       State_UnitLimit
 0001:000231C8       StatusToStr
 0002:00000954       StopPauseStateChange
 0001:000079EC       StrAlloc
 0001:0000B97C       StrByteType
 0001:0000BC10       StrCharLength
 0001:00013414       StringListCompareStrings
 0001:0001871C       StripFromString
 0001:000078E8       StrLCopy
 0001:000078A4       StrLen
 0001:00007E84       StrLFmt
 0001:0000791C       StrLIComp
 0001:000078BC       StrMove
 0001:00007A18       StrNew
 0001:0000BC44       StrNextChar
 0001:00007998       StrPos
 0001:00007960       StrScan
 0001:0000A30C       StrToDate
 0001:0000A404       StrToDateTime
 0001:00008698       StrToFloat
 0001:00006F80       StrToInt
 0001:00006FC0       StrToIntDef
 0001:0000A388       StrToTime
 0001:0003A098       StubCall
 0001:00019998       SupportsCompression
 0002:0000184C       SyncEvent
 0001:0001886C       SyncHeaders
 0002:00000430       SyncList
 0001:000162D0       SyncObjs
 0001:00000294       SysAllocStringLen
 0001:00005E78       SysConst
 0001:0000A4D0       SysErrorMessage
 0001:00001550       SysFreeMem
 0001:000002A4       SysFreeString
 0001:000013A4       SysGetMem
 0001:0000575C       SysInit
 0002:00001740       SysLocale
 0001:0000192C       SysReallocMem
 0001:0000029C       SysReAllocStringLen
 0001:000054C4       System
 0001:0000D220       SysUtils
 0002:000018F8       TAData
 0001:0001A17C       TADemoConsts
 0002:000018D0       TADemoVersion_cache
 0001:0001E928       TAMem.getActualUnitLimit
 0001:0001E8D4       TAMem.getGameSpeed
 0001:0001E954       TAMem.getIsAlteredUnitLimit
 0001:0001E8FC       TAMem.getMaxUnitLimit
 0001:0001E9A8       TAMem.getPlayerIndex
 0001:0001EA2C       TAMem.GetUnitPtr
 0001:0001E980       TAMem.getUnitsPtr
 0001:0001E8AC       TAMem.getViewPLayer
 0001:0001E814       TAMem.IsTAVersion31
 0001:0001E5D0       TAMemManipulations
 0001:0001EA90       TAPlayer.GetAlliedState
 0001:0001EAD8       TAPlayer.PlayerType
 0001:0001EB00       TAUnit.getKills
 0001:0001EB54       TAUnit.GetOwnerIndex
 0001:0001EB2C       TAUnit.GetOwnerPtr
 0001:00021DF4       TA_FunctionsU
 0001:0001EBAC       TA_MemoryLocations
 0001:000230EC       TA_NetworkingMessages
 0001:0001B3DC       TCodeInjection.Create
 0001:0001B420       TCodeInjection.RestoreProc
 0001:0001B8C8       TCodeInjection_RelativeJmp.Create
 0001:0001B930       TCodeInjection_RelativeJmp.WriteProc
 0001:0001B560       TCodeInjection_Replacement.WriteProc
 0001:0001B714       TCodeInjection_StaticCall.WriteProc
 0001:00024530       TCommandHandler.Create
 0001:000248F4       TCommands.AddCommand
 0001:00024790       TCommands.AddCommandAlias
 0001:000246E8       TCommands.ClearCommands
 0001:000245D4       TCommands.Create
 0001:00024640       TCommands.destroy
 0001:00024684       TCommands.GetCount
 0001:000246B4       TCommands.GetItem
 0001:00024748       TCommands.LookUpCommand
 0001:00016270       TCriticalSection.Acquire
 0001:000161E0       TCriticalSection.Create
 0001:00016230       TCriticalSection.Destroy
 0001:00016288       TCriticalSection.Release
 0001:00015200       TCustomIniFile.Create
 0001:0001588C       TCustomIniFile.ReadBinaryStream
 0001:00015378       TCustomIniFile.ReadBool
 0001:000153AC       TCustomIniFile.ReadDate
 0001:00015468       TCustomIniFile.ReadDateTime
 0001:00015524       TCustomIniFile.ReadFloat
 0001:00015248       TCustomIniFile.ReadInteger
 0001:000155E0       TCustomIniFile.ReadTime
 0001:00015A00       TCustomIniFile.WriteBinaryStream
 0001:00015858       TCustomIniFile.WriteBool
 0001:0001569C       TCustomIniFile.WriteDate
 0001:00015704       TCustomIniFile.WriteDateTime
 0001:0001576C       TCustomIniFile.WriteFloat
 0001:00015314       TCustomIniFile.WriteInteger
 0001:000157D8       TCustomIniFile.WriteTime
 0001:00013C28       TCustomMemoryStream.Read
 0001:00013C98       TCustomMemoryStream.Seek
 0001:00013C00       TCustomMemoryStream.SetPointer
 0001:0000FF24       TCustomVariantType.BinaryOp
 0001:0000FF30       TCustomVariantType.Cast
 0001:0000FF68       TCustomVariantType.CastTo
 0001:0000FFF4       TCustomVariantType.CastToOle
 0001:0000FFB0       TCustomVariantType.Compare
 0001:0000FFBC       TCustomVariantType.CompareOp
 0001:00010030       TCustomVariantType.Destroy
 0001:00010110       TCustomVariantType.DispInvoke
 0001:000100BC       TCustomVariantType.IsClear
 0001:000100C0       TCustomVariantType.LeftPromotion
 0001:000100D4       TCustomVariantType.OlePromotion
 0001:00010134       TCustomVariantType.QueryInterface
 0001:000100DC       TCustomVariantType.RaiseCastError
 0001:000100EC       TCustomVariantType.RaiseDispError
 0001:000100E4       TCustomVariantType.RaiseInvalidOp
 0001:000100F4       TCustomVariantType.RightPromotion
 0001:00010108       TCustomVariantType.UnaryOp
 0001:0001011C       TCustomVariantType._AddRef
 0001:00010128       TCustomVariantType._Release
 0001:0002E33C       TDPlay.AddGroupToGroup
 0001:0002D3B8       TDPlay.AddPlayerToGroup
 0001:000275E8       TDPlay.ChatMsgHandler
 0001:00025DA8       TDPlay.checkForCheats
 0001:00034638       TDPlay.Close
 0001:00035230       TDPlay.Create
 0001:0002DD1C       TDPlay.CreateGroup
 0001:0002D4B8       TDPlay.CreateGroup
 0001:0002E3B8       TDPlay.CreateGroupInGroup
 0001:0002824C       TDPlay.createlogfile
 0001:0002E9C8       TDPlay.CreatePlayer
 0001:0002D434       TDPlay.CreatePlayer
 0001:0002E444       TDPlay.DeleteGroupFromGroup
 0001:0002D538       TDPlay.DeletePlayerFromGroup
 0001:00037F50       TDPlay.Destroy
 0001:0002D5B4       TDPlay.DestroyGroup
 0001:0002EC7C       TDPlay.DestroyPlayer
 0001:00026DF0       TDPlay.dobase
 0001:0002D62C       TDPlay.EnableNewPlayers
 0001:0002F098       TDPlay.EnumConnections
 0001:0002D6A4       TDPlay.EnumGroupPlayers
 0001:0002DDA4       TDPlay.EnumGroupPlayers
 0001:0002D728       TDPlay.EnumGroups
 0001:0002DE2C       TDPlay.EnumGroups
 0001:0002E4C0       TDPlay.EnumGroupsInGroup
 0001:0002EDA0       TDPlay.EnumPlayers
 0001:0002D7AC       TDPlay.EnumPlayers
 0001:0002D830       TDPlay.EnumSessions
 0001:0002EE60       TDPlay.EnumSessions
 0001:00034048       TDPlay.ExceptMessage
 0001:00034DB4       TDPlay.Exiting
 0001:000292C8       TDPlay.facexpshandler
 0001:0002D8B8       TDPlay.GetCaps
 0001:0002DEB0       TDPlay.GetCaps
 0001:0003072C       TDPlay.GetFixFacExps
 0001:000342D8       TDPlay.GetGoodSource
 0001:0002E548       TDPlay.GetGroupConnectionSettings
 0001:0002DF2C       TDPlay.GetGroupData
 0001:0002E7D0       TDPlay.GetGroupFlags
 0001:0002DFB0       TDPlay.GetGroupName
 0001:0002E84C       TDPlay.GetGroupParent
 0001:0002D930       TDPlay.GetMessageCount
 0001:0002E8C8       TDPlay.GetPlayerAccount
 0001:0002EEE4       TDPlay.GetPlayerAddress
 0001:0002E030       TDPlay.GetPlayerCaps
 0001:0002D9AC       TDPlay.GetPlayerCaps
 0001:0002E0B0       TDPlay.GetPlayerData
 0001:0002E94C       TDPlay.GetPlayerFlags
 0001:0002DA28       TDPlay.GetPlayerName
 0001:0002F198       TDPlay.GetPlayerName
 0001:00030760       TDPlay.GetProtectDT
 0001:00025DE0       TDPlay.GetRandomMap
 0001:00027504       TDPlay.getRecorderStatusString
 0001:00034408       TDPlay.GetServerPlayer
 0001:0002EFA8       TDPlay.GetSessionDesc
 0001:00028F28       TDPlay.Handleunitdata
 0001:0003444C       TDPlay.ImServer
 0001:00026340       TDPlay.initbuilding
 0001:000263D4       TDPlay.initfastbase
 0001:0002DAB0       TDPlay.Initialize
 0001:0002F11C       TDPlay.InitializeConnection
 0001:00033950       TDPlay.On3dta
 0001:00033024       TDPlay.OnAbout
 0001:0003207C       TDPlay.OnAutoPause
 0001:00032730       TDPlay.OnBase
 0001:00032000       TDPlay.OnBaseOff
 0001:0003227C       TDPlay.OnCmdwarp
 0001:00032E6C       TDPlay.OnCrash
 0001:00033BF8       TDPlay.OnCreatetxt
 0001:00031184       TDPlay.OnDate
 0001:000327E4       TDPlay.OnDoBase
 0001:00030A20       TDPlay.OnEhaoff
 0001:00030AEC       TDPlay.OnEhaOn
 0001:00030C84       TDPlay.Onehareport
 0001:00034028       TDPlay.OnException
 0001:000321CC       TDPlay.Onf1off
 0001:00033E80       TDPlay.OnFakeWatch
 0001:00033170       TDPlay.OnFixall
 0001:000308A0       TDPlay.OnFixDisabled
 0001:00030960       TDPlay.OnFixEnabled
 0001:000331D8       TDPlay.OnFixFactoryExplosions
 0001:00033F0C       TDPlay.OnForceCd
 0001:00031544       TDPlay.OnGive
 0001:00032A74       TDPlay.OnHelp
 0001:00031F10       TDPlay.OnHookReport
 0001:00033C9C       TDPlay.OnLockOn
 0001:00033B54       TDPlay.OnOnlyUnits
 0001:00032F68       TDPlay.OnPanic
 0001:00030E04       TDPlay.OnPlayers
 0001:000332C0       TDPlay.OnProtectDT
 0001:00033DB4       TDPlay.OnRandMap
 0001:00033688       TDPlay.OnRecord
 0001:00034358       TDPlay.OnRemovePlayer
 0001:0003105C       TDPlay.OnReport
 0001:00030794       TDPlay.OnShareLos
 0001:00033398       TDPlay.OnSharemapPos
 0001:00032D3C       TDPlay.OnStatus
 0001:00031680       TDPlay.OnStopGive
 0001:00033B08       TDPlay.OnStopLog
 0001:000326D4       TDPlay.OnSyncOff
 0001:0003232C       TDPlay.OnSyncon
 0001:00030BB8       TDPlay.OnTaHookOff
 0001:00031B14       TDPlay.OnTake
 0001:000334D0       TDPlay.OnTime
 0001:00031764       TDPlay.OnUnits
 0001:00031478       TDPlay.OnVoteGo
 0001:00031294       TDPlay.OnVoteReady
 0001:00032E14       TDPlay.OnYankspank
 0001:0002DB28       TDPlay.Open
 0001:00034484       TDPlay.Open
 0001:00029648       TDPlay.PacketHandler
 0001:00027F4C       TDPlay.PacketLostHandler
 0001:0002DBA0       TDPlay.Receive
 0001:0002FC00       TDPlay.Receive
 0001:000346E8       TDPlay.ResetRecorder
 0001:0002DC28       TDPlay.SaveSession
 0001:0002E5CC       TDPlay.SecureOpen
 0001:0002F7B4       TDPlay.Send
 0001:000257BC       TDPlay.SendAlliedChat
 0001:000252E0       TDPlay.SendChat
 0001:00025424       TDPlay.SendChatLocal
 0001:00025554       TDPlay.SendChatLocal2
 0001:0002E650       TDPlay.SendChatMessage
 0001:00025CE0       TDPlay.SendClipboard
 0001:00025618       TDPlay.SendLocal
 0001:00025648       TDPlay.SendLocal
 0001:00025B64       TDPlay.SendRecorderToRecorderMsg
 0001:0002588C       TDPlay.SendRecorderToRecorderMsg2
 0001:00029548       TDPlay.SetAutoPauseAtStart
 0001:00029568       TDPlay.SetCommanderWarp
 0001:000295A4       TDPlay.SetF1Disable
 0001:00029600       TDPlay.SetFastSpeed
 0001:0002E6D4       TDPlay.SetGroupConnectionSettings
 0001:0002E134       TDPlay.SetGroupData
 0001:0002E1B8       TDPlay.SetGroupName
 0001:0002E238       TDPlay.SetPlayerData
 0001:0002DC9C       TDPlay.SetPlayerName
 0001:0002E2BC       TDPlay.SetPlayerName
 0001:0002F020       TDPlay.SetSessionDesc
 0001:00029624       TDPlay.SetSlowSpeed
 0001:000295E0       TDPlay.SetSpeedLock
 0001:00028CBC       TDPlay.SmartPak
 0001:0002E754       TDPlay.StartSession
 0001:00027E84       TDPlay.UnitCountChange
 0001:00019C70       TempPath
 0002:00000320       TerminateProcList
 0002:00001046       Test8086
 0001:0001E11C       TestByte
 0001:0001E0E4       TestByte
 0001:0001E168       TestBytes
 0002:00001974       TestPlayer
 0002:00001960       TestPlayer
 0002:00001944       TestPlayerIndex
 0002:00001948       TestPlayerPtr
 0001:00001F28       TextClose
 0001:00022D98       TextCommand_View_Hook
 0001:000183F8       textdata
 0001:0001A4AC       TextFileU
 0001:00001E9C       TextIn
 0001:00001F48       TextOpen
 0001:00001EDC       TextOut
 0001:00008524       TextToFloat
 0001:00013A08       TFileStream.Create
 0001:00013A58       TFileStream.Create
 0001:00013BB8       TFileStream.Destroy
 0001:00016584       TGpHugeFile.AccessFile
 0001:00017428       TGpHugeFile.AllocBuffer
 0001:00016D98       TGpHugeFile.BlockWrite
 0001:00017984       TGpHugeFile.BlockWriteUnsafe
 0001:00016BD4       TGpHugeFile.CheckHandle
 0001:00016B1C       TGpHugeFile.Close
 0001:00016414       TGpHugeFile.CreateEx
 0001:000164CC       TGpHugeFile.Destroy
 0001:000172C4       TGpHugeFile.FilePos
 0001:00017CC4       TGpHugeFile.FileSize
 0001:00016C40       TGpHugeFile.FileSizeNoCache
 0001:00017388       TGpHugeFile.Flush
 0001:000178C0       TGpHugeFile.FlushBuffer
 0001:00017560       TGpHugeFile.FreeBuffer
 0001:00017D40       TGpHugeFile.InitReadBuffer
 0001:00017D0C       TGpHugeFile.InitWriteBuffer
 0001:00017A40       TGpHugeFile.IsOpen
 0001:00017C5C       TGpHugeFile.LoadedToTheEOF
 0001:0001682C       TGpHugeFile.ResetEx
 0001:000169B8       TGpHugeFile.RewriteEx
 0001:000173FC       TGpHugeFile.RoundToPageSize
 0001:00017154       TGpHugeFile.Seek
 0001:0001764C       TGpHugeFile.Transmit
 0001:000171D8       TGpHugeFile.Truncate
 0001:00017C14       TGpHugeFile.Win32Check
 0001:00016EF0       TGpHugeFile._Seek
 0001:000138C4       THandleStream.Create
 0001:00013914       THandleStream.Read
 0001:00013984       THandleStream.Seek
 0001:000139D8       THandleStream.SetSize
 0001:000139B8       THandleStream.SetSize
 0001:0001394C       THandleStream.Write
 0002:00001686       ThousandSeparator
 0002:00001864       ThreadLock
 0001:0003B610       threadlogging
 0001:0003AB1C       Thread_marshaller
 0001:00017A5C       ThrowCase1
 0001:00017B54       ThrowCase2
 0002:00001698       TimeAMString
 0001:0001F2F0       timeBeginPeriod
 0001:0001F2F8       timeGetDevCaps
 0001:0001F300       timeGetTime
 0002:0000169C       TimePMString
 0002:00001694       TimeSeparator
 0001:000099A8       TimeToStr
 0001:00016050       TIniFile.DeleteKey
 0001:00015B70       TIniFile.Destroy
 0001:00015FF4       TIniFile.EraseSection
 0001:00015D88       TIniFile.ReadSection
 0001:00015C7C       TIniFile.ReadSections
 0001:00015EA0       TIniFile.ReadSectionValues
 0001:00015BAC       TIniFile.ReadString
 0001:00016088       TIniFile.UpdateFile
 0001:00015C0C       TIniFile.WriteString
 0001:00004F60       TInterfacedObject.AfterConstruction
 0001:00004F6C       TInterfacedObject.BeforeDestruction
 0001:00004F7C       TInterfacedObject.NewInstance
 0001:00004F8C       TInterfacedObject.QueryInterface
 0001:00004FB4       TInterfacedObject._AddRef
 0001:00004FC8       TInterfacedObject._Release
 0001:0003A4CC       TlHelp32
 0001:000112D0       TList.Add
 0001:00011328       TList.Clear
 0001:00011348       TList.Delete
 0001:000112A4       TList.Destroy
 0001:000113E4       TList.Error
 0001:00011424       TList.Error
 0001:00011844       TList.Extract
 0001:00011484       TList.Get
 0001:000114CC       TList.Grow
 0001:00011524       TList.IndexOf
 0001:000118A0       TList.Notify
 0001:00011570       TList.Put
 0001:00011600       TList.Remove
 0001:00011634       TList.SetCapacity
 0001:00011690       TList.SetCount
 0001:00011808       TList.Sort
 0001:00038290       TLobby.Connect
 0001:00039474       TLobby.Create
 0001:00038440       TLobby.CreateAddress
 0001:000393BC       TLobby.CreateCompoundAddress
 0001:000384F4       TLobby.EnumAddress
 0001:000385A0       TLobby.EnumAddressTypes
 0001:00038650       TLobby.EnumLocalApplications
 0001:00038700       TLobby.GetConnectionSettings
 0001:000387B0       TLobby.ReceiveLobbyMessage
 0001:00038978       TLobby.RunApplication
 0001:000390E4       TLobby.SendLobbyMessage
 0001:0003925C       TLobby.SetConnectionSettings
 0001:0003930C       TLobby.SetLobbyMessageEvent
 0001:0001AC58       TLog.Add
 0001:0001ACDC       TLog.Add
 0001:0001AE50       TLog.Add
 0001:0001AB40       TLog.Add2
 0001:0001A774       TLog.Create
 0001:0001AA6C       TLog.Destroy
 0001:0001AB14       TLog.Flush
 0001:0001F628       TLog2.Add
 0001:0001F530       TLog2.Create
 0001:0001F7D8       TLog2.Destroy
 0001:0001F600       TLog2.Flush
 0001:000055A8       TlsAlloc
 0002:0000166C       tlsBuffer
 0001:000055B0       TlsFree
 0001:000055B8       TlsGetValue
 0002:000000A4       TlsIndex
 0002:FF8C300C       TlsLast
 0002:000000C4       TlsProc
 0001:000055C0       TlsSetValue
 0001:00013D2C       TMemoryStream.Clear
 0001:00013CF0       TMemoryStream.Destroy
 0001:00013DCC       TMemoryStream.Realloc
 0001:00013D50       TMemoryStream.SetCapacity
 0001:00013D84       TMemoryStream.SetSize
 0001:00013E94       TMemoryStream.Write
 0001:0003A5D0       TModuleInfo.Create
 0001:0000CCA0       TMultiReadExclusiveWriteSynchronizer.BeginRead
 0001:0000CB58       TMultiReadExclusiveWriteSynchronizer.BeginWrite
 0001:0000CAD0       TMultiReadExclusiveWriteSynchronizer.BlockReaders
 0001:0000C9E4       TMultiReadExclusiveWriteSynchronizer.Create
 0001:0000CA74       TMultiReadExclusiveWriteSynchronizer.Destroy
 0001:0000CD28       TMultiReadExclusiveWriteSynchronizer.EndRead
 0001:0000CC34       TMultiReadExclusiveWriteSynchronizer.EndWrite
 0001:0000CB00       TMultiReadExclusiveWriteSynchronizer.UnblockOneWriter
 0001:0000CAE8       TMultiReadExclusiveWriteSynchronizer.UnblockReaders
 0001:0000CB18       TMultiReadExclusiveWriteSynchronizer.WaitForReadSignal
 0001:0000CB38       TMultiReadExclusiveWriteSynchronizer.WaitForWriteSignal
 0001:00002E10       TObject.AfterConstruction
 0001:00002E14       TObject.BeforeDestruction
 0001:00002B64       TObject.ClassName
 0001:00002B78       TObject.ClassParent
 0001:00002B58       TObject.ClassType
 0001:00002C50       TObject.CleanupInstance
 0001:00002BBC       TObject.Create
 0001:00002E0C       TObject.DefaultHandler
 0001:00002BDC       TObject.Destroy
 0001:00002E18       TObject.Dispatch
 0001:00002BEC       TObject.Free
 0001:00002BA0       TObject.FreeInstance
 0001:00002CA0       TObject.GetInterface
 0001:00002D40       TObject.GetInterfaceEntry
 0001:00002DF0       TObject.InheritsFrom
 0001:00002BF8       TObject.InitInstance
 0001:00002BB4       TObject.InstanceSize
 0001:00002B84       TObject.NewInstance
 0001:00002E04       TObject.SafeCallException
 0001:000184A0       TObjectList.Add
 0001:000184C4       TObjectList.Create
 0001:00018514       TObjectList.Extract
 0001:00018538       TObjectList.GetItem
 0001:0001855C       TObjectList.Notify
 0001:0000490C       ToLongPath
 0001:000217FC       TPacket.Compress
 0001:000206C0       TPacket.Create
 0001:00021340       TPacket.Decompress
 0001:000210D0       TPacket.Decrypt
 0001:00021218       TPacket.Encrypt
 0001:00020838       TPacket.GetRawData2
 0001:00020874       TPacket.GetTAData
 0001:000207FC       TPacket.GetTimestamp
 0001:000208D8       TPacket.PacketLength
 0001:0002076C       TPacket.SJCreateNew
 0001:00020D60       TPacket.Split2
 0001:00011A14       TPersistent.Assign
 0001:00011A40       TPersistent.AssignError
 0001:00011B18       TPersistent.AssignTo
 0001:00011B34       TPersistent.DefineProperties
 0001:000119D8       TPersistent.Destroy
 0001:00011B44       TPersistent.GetNamePath
 0001:00011BFC       TPersistent.GetOwner
 0001:00023258       TPlayerData.Create
 0001:00023398       TPlayerData.IsSelf
 0001:00023420       TPlayerData.IsServer
 0001:00023320       TPlayerData.OnPlayerRemoved
 0001:00023784       TPlayers.Add
 0001:00023694       TPlayers.Clear
 0001:00024134       TPlayers.Convert
 0001:000242B0       TPlayers.ConvertId
 0001:000234B0       TPlayers.Create
 0001:00023638       TPlayers.Destroy
 0001:00023D24       TPlayers.getCount
 0001:00023F40       TPlayers.GetData_
 0001:00023DE4       TPlayers.Name
 0001:00023D40       TPlayers.Name
 0001:00023CE8       TPlayers.Remove
 0001:000237D8       TPlayers.Remove
 0001:00021F08       TPluginCommands.ClearCommands
 0001:00021E58       TPluginCommands.Create
 0001:00021EC4       TPluginCommands.destroy
 0001:00021F68       TPluginCommands.LookUpCommand
 0001:0001BB80       TPluginData.create
 0001:0001BCEC       TPluginData.MakeNOPReplacement
 0001:0001BC24       TPluginData.MakeRelativeJmp
 0001:0001BD90       TPluginData.MakeReplacement
 0001:0001BC98       TPluginData.MakeStaticCall
 0001:0001BE48       TPluginData.NewCodeInjection
 0001:0000A8E0       TranslateDateFormat
 0001:0000E334       TranslateResult
 0001:000140A4       TReader.CheckValue
 0001:000140D4       TReader.EndOfList
 0001:000140F8       TReader.NextValue
 0001:0001411C       TReader.Read
 0001:00014168       TReader.ReadBuffer
 0001:000141BC       TReader.ReadListBegin
 0001:000141D0       TReader.ReadListEnd
 0001:000141E4       TReader.ReadStr
 0001:0001422C       TReader.ReadString
 0001:000143E8       TReader.ReadValue
 0001:000142F0       TReader.ReadWideString
 0001:00014718       TReader.SkipBytes
 0001:000146C8       TReader.SkipProperty
 0001:00014408       TReader.SkipSetBody
 0001:0001452C       TReader.SkipValue
 0001:00010EC8       TRegGroup.Create
 0001:00010F50       TRegGroup.Destroy
 0001:00010FD4       TRegGroup.UnregisterModuleClasses
 0001:000110B0       TRegGroups.Create
 0001:0001113C       TRegGroups.Destroy
 0001:000111B8       TRegGroups.Lock
 0001:000111D0       TRegGroups.Unlock
 0001:000111E8       TRegGroups.UnregisterModuleClasses
 0001:0002018C       TRegIniFile.Create
 0001:000201D8       TRegIniFile.Create
 0001:000205BC       TRegIniFile.ReadBool
 0001:000203BC       TRegIniFile.ReadInteger
 0001:0002023C       TRegIniFile.ReadString
 0001:000204C8       TRegIniFile.WriteInteger
 0001:0002030C       TRegIniFile.WriteString
 0001:0001FBE4       TRegistry.ChangeKey
 0001:0001FB54       TRegistry.CloseKey
 0001:0001FAC8       TRegistry.Create
 0001:0001FA70       TRegistry.Create
 0001:0001FC6C       TRegistry.CreateKey
 0001:0001FB18       TRegistry.Destroy
 0001:0001FC18       TRegistry.GetBaseKey
 0001:00020048       TRegistry.GetData
 0001:0001FE88       TRegistry.GetDataInfo
 0001:0001FEE4       TRegistry.GetDataSize
 0001:000200EC       TRegistry.GetKey
 0001:0001FD50       TRegistry.OpenKey
 0001:0001FFD8       TRegistry.PutData
 0001:0001FF4C       TRegistry.ReadString
 0001:0001FC50       TRegistry.SetCurrentKey
 0001:0001FB9C       TRegistry.SetRootKey
 0001:000200C8       TRegistry.ValueExists
 0001:0001FF18       TRegistry.WriteString
 0001:00006D04       Trim
 0001:00006D78       TrimLeft
 0002:00001788       TrueBoolStrs
 0001:00008944       TryEncodeDate
 0001:000087DC       TryEncodeTime
 0001:0000125C       TryHarder
 0001:00002334       TryOpenForInput
 0001:000025D8       TryOpenForOutput
 0001:00007100       TryStrToBool
 0001:00008770       TryStrToCurr
 0001:0000A344       TryStrToDate
 0001:0000A43C       TryStrToDateTime
 0001:00008738       TryStrToFloat
 0001:00008700       TryStrToFloat
 0001:000086D8       TryStrToFloat
 0001:00006FF0       TryStrToInt
 0001:0000A3C0       TryStrToTime
 0001:000137CC       TStream.CopyFrom
 0001:000134FC       TStream.GetPosition
 0001:00013540       TStream.GetSize
 0001:0001373C       TStream.ReadBuffer
 0001:00013640       TStream.Seek
 0001:000136CC       TStream.Seek
 0001:00013524       TStream.SetPosition
 0001:0001358C       TStream.SetSize
 0001:0001359C       TStream.SetSize
 0001:00013784       TStream.WriteBuffer
 0001:00012BD4       TStringList.Add
 0001:00012BFC       TStringList.AddObject
 0001:00012C74       TStringList.Changed
 0001:00012CA0       TStringList.Changing
 0001:00012CCC       TStringList.Clear
 0001:000134BC       TStringList.CompareStrings
 0001:0001346C       TStringList.CustomSort
 0001:00012D20       TStringList.Delete
 0001:00012B58       TStringList.Destroy
 0001:00012DC0       TStringList.Exchange
 0001:00012E3C       TStringList.ExchangeItems
 0001:00012EA8       TStringList.Find
 0001:00012F40       TStringList.Get
 0001:00012F8C       TStringList.GetCapacity
 0001:00012FA8       TStringList.GetCount
 0001:00012FC4       TStringList.GetObject
 0001:0001300C       TStringList.Grow
 0001:00013064       TStringList.IndexOf
 0001:000130B0       TStringList.Insert
 0001:00013140       TStringList.InsertItem
 0001:000130D8       TStringList.InsertObject
 0001:000131E8       TStringList.Put
 0001:00013260       TStringList.PutObject
 0001:000132BC       TStringList.QuickSort
 0001:00013380       TStringList.SetCapacity
 0001:000133AC       TStringList.SetSorted
 0001:000133E4       TStringList.SetUpdateState
 0001:00013450       TStringList.Sort
 0001:00014D48       TStringQueue.Clear
 0001:00014CD8       TStringQueue.Create
 0001:00014F00       TStringQueue.DeQueue
 0001:00014E7C       TStringQueue.EnQueue
 0001:00014FA8       TStringQueue.Examine
 0001:00014D6C       TStringQueue.Grow
 0001:00011C50       TStrings.Add
 0001:00011C80       TStrings.AddObject
 0001:00011CB4       TStrings.AddStrings
 0001:00011D74       TStrings.Assign
 0001:00011E18       TStrings.BeginUpdate
 0001:00012AD4       TStrings.CompareStrings
 0001:00011E9C       TStrings.DefineProperties
 0001:00011C14       TStrings.Destroy
 0001:00011EE8       TStrings.EndUpdate
 0001:00011F0C       TStrings.Equals
 0001:00011FC8       TStrings.Error
 0001:00012008       TStrings.Error
 0001:00012068       TStrings.Exchange
 0001:00012154       TStrings.GetCapacity
 0001:00012AF8       TStrings.GetNameValueSeparator
 0001:00012170       TStrings.GetObject
 0001:00012188       TStrings.GetText
 0001:000121E4       TStrings.GetTextStr
 0001:0001232C       TStrings.IndexOf
 0001:000123B8       TStrings.IndexOfName
 0001:00012494       TStrings.IndexOfObject
 0001:000124E0       TStrings.InsertObject
 0001:00012514       TStrings.LoadFromFile
 0001:00012570       TStrings.LoadFromStream
 0001:00012624       TStrings.Move
 0001:000126E0       TStrings.Put
 0001:00012720       TStrings.PutObject
 0001:00012734       TStrings.ReadData
 0001:000127E4       TStrings.SaveToFile
 0001:00012844       TStrings.SaveToStream
 0001:000128A4       TStrings.SetCapacity
 0001:00012B24       TStrings.SetNameValueSeparator
 0001:000128B4       TStrings.SetStringsAdapter
 0001:00012900       TStrings.SetText
 0001:00012958       TStrings.SetTextStr
 0001:00012A38       TStrings.SetUpdateState
 0001:00012A48       TStrings.WriteData
 0001:000161C8       TSynchroObject.Acquire
 0001:000161D4       TSynchroObject.Release
 0001:0001A1DC       TTextFile.Create_Append
 0001:0001A2B4       TTextFile.Create_Rewrite
 0001:0001A374       TTextFile.Destroy
 0001:0001A3B0       TTextFile.Flush
 0001:0001A3D8       TTextFile.Writeln
 0001:000118B4       TThreadList.Create
 0001:0001191C       TThreadList.Destroy
 0001:00011998       TThreadList.LockList
 0001:000119C0       TThreadList.UnlockList
 0001:0000C95C       TThreadLocalCounter.Delete
 0001:0000C80C       TThreadLocalCounter.Destroy
 0001:0000C888       TThreadLocalCounter.HashIndex
 0001:0000C8AC       TThreadLocalCounter.Open
 0001:0000C980       TThreadLocalCounter.Recycle
 0002:000000F0       TwoDigitYearCenturyWindow
 0001:00014774       TWriter.Write
 0001:000147C0       TWriter.WriteBuffer
 0001:000147EC       TWriter.WriteListBegin
 0001:00014800       TWriter.WriteListEnd
 0001:00014814       TWriter.WriteMinStr
 0001:000148C4       TWriter.WriteString
 0001:00014920       TWriter.WriteValue
 0001:00005794       Types
 0001:0001047C       TypInfo
 0001:00019564       uDebug
 0001:000001C4       UnhandledExceptionFilter
 0001:00004FF0       UnicodeToUtf8
 0001:00000C20       UninitAllocator
 0001:0003B028       UninstallCodeInjections
 0001:0001C178       UnInstallPlugins
 0001:00003E04       UniqueString
 0001:0003ADD4       UnitLimit
 0002:00001958       UnitPtr
 0002:0000189C       Units
 0002:00001904       UNIT_IS_ON_THIS_COMP
 0001:0000D2F8       UniUnimplemented
 0001:00004E8C       UnregisterModule
 0001:00011254       UnRegisterModuleClasses
 0001:000034CC       UnsetExceptionHandler
 0001:0001B348       UnSpliceJump
 0001:00006AB0       UpperCase
 0002:00000940       Upperlimit
 0002:00000930       UseCompression
 0001:000052B0       UTF8Decode
 0001:00005204       UTF8Encode
 0001:000050CC       Utf8ToUnicode
 0002:00000924       Values
 0002:00000434       Values
 0002:000017AC       VarAdd
 0002:00000014       VarAddRefProc
 0002:000017C4       VarAnd
 0001:0000E6A8       VarArrayClear
 0001:0000E948       VarArrayCopyForEach
 0001:0000E2E0       VarArrayCreateError
 0002:000017E8       VarBoolFromStr
 0002:000017F4       VarBstrFromBool
 0002:000017EC       VarBstrFromCy
 0002:000017F0       VarBstrFromDate
 0001:0000E154       VarCastError
 0001:0000E100       VarCastError
 0001:0000E824       VarClearDeep
 0002:00000010       VarClearProc
 0002:000017D0       VarCmp
 0001:0000EB28       VarCopyCopyProc
 0001:0000EB30       VarCopyDeep
 0002:00000018       VarCopyProc
 0002:000017E4       VarCyFromStr
 0002:000017E0       VarDateFromStr
[...]
   360 0001:000337CA   361 0001:000337D6   363 0001:000337F3   365 0001:000337FE
   366 0001:0003381B   367 0001:0003382B   369 0001:00033834   370 0001:00033850
   373 0001:00033858   375 0001:00033861   376 0001:00033868   377 0001:00033876
   380 0001:000338BB   414 0001:00033950   415 0001:00033973   416 0001:00033977
   418 0001:0003398C   419 0001:00033995   421 0001:000339A6   423 0001:000339B7
   425 0001:000339D3   427 0001:000339D9   428 0001:000339E0   432 0001:000339F1
   433 0001:000339F8   437 0001:00033A09   438 0001:00033A36   441 0001:00033B08
   442 0001:00033B17   443 0001:00033B1B   445 0001:00033B22   446 0001:00033B34
   449 0001:00033B54   450 0001:00033B63   451 0001:00033B67   453 0001:00033B73
   454 0001:00033B7D   458 0001:00033B8E   459 0001:00033B98   461 0001:00033BAA
   464 0001:00033BF8   465 0001:00033C07   466 0001:00033C0B   468 0001:00033C14
   469 0001:00033C1B   473 0001:00033C2C   474 0001:00033C33   476 0001:00033C45
   482 0001:00033C9C   483 0001:00033CC5   484 0001:00033CC9   485 0001:00033CD6
   486 0001:00033CE3   488 0001:00033D00   489 0001:00033D18   490 0001:00033D36
   491 0001:00033D5F   489 0001:00033D7B   493 0001:00033DAD   498 0001:00033DB4
   499 0001:00033DDA   500 0001:00033DDE   501 0001:00033DEA   503 0001:00033DF9
   505 0001:00033E06   506 0001:00033E12   508 0001:00033E1F   509 0001:00033E63
   512 0001:00033E80   513 0001:00033E8F   514 0001:00033E93   516 0001:00033E9C
   517 0001:00033EA3   521 0001:00033EB4   522 0001:00033EBB   524 0001:00033ECD
   527 0001:00033F0C   528 0001:00033F32   529 0001:00033F36   530 0001:00033F40
   531 0001:00033F4E   532 0001:00033F57   534 0001:00033F89   535 0001:00033FDE

Line numbers for idplay(idplay.pas) segment .text

  3048 0001:00034028  3049 0001:00034034  3050 0001:0003403C  3074 0001:00034043
  3077 0001:00034048  3079 0001:00034064  3081 0001:00034077  3083 0001:000340A7
  3084 0001:000340B6  3085 0001:000340C5  3086 0001:000340D4  3087 0001:000340E3
  3088 0001:000340F2  3089 0001:0003411E  3096 0001:000342D8  3097 0001:000342E1
  3098 0001:000342E6  3099 0001:000342ED  3100 0001:0003430B  3102 0001:00034324
  3103 0001:0003433B  3104 0001:00034341  3099 0001:00034344  3105 0001:00034349
  3106 0001:00034352  3111 0001:00034358  3112 0001:00034364  3113 0001:00034372
  3114 0001:0003437D  3126 0001:00034384  3127 0001:0003438A  3128 0001:00034391
  3130 0001:00034397  3131 0001:000343A6  3132 0001:000343AD  3134 0001:000343C3
  3136 0001:000343CE  3137 0001:000343E6  3138 0001:000343EC  3139 0001:000343F8
  3143 0001:00034400  3153 0001:00034408  3154 0001:00034411  3155 0001:0003441D
  3156 0001:00034437  3157 0001:00034446  3160 0001:0003444C  3161 0001:00034456
  3162 0001:0003447C  3167 0001:00034484  3168 0001:000344A0  3169 0001:000344AE
  3170 0001:000344B8  3171 0001:000344C6  3174 0001:000344FC  3175 0001:0003450E
  3176 0001:00034525  3178 0001:0003452B  3181 0001:00034535  3182 0001:0003453E
  3185 0001:00034578  3188 0001:000345A6  3190 0001:000345A9  3193 0001:000345EE
  3198 0001:00034638  3199 0001:00034641  3200 0001:0003464F  3201 0001:00034659
  3207 0001:00034667  3208 0001:0003466F  3210 0001:0003468B  3213 0001:000346B9
  3215 0001:000346BC  3218 0001:000346DF  3223 0001:000346E8  3224 0001:0003470B
  3225 0001:00034715  3226 0001:00034723  3227 0001:00034737  3231 0001:00034745
  3233 0001:0003474E  3234 0001:0003475F  3235 0001:0003476E  3237 0001:00034779
  3238 0001:0003478B  3239 0001:00034792  3240 0001:0003479B  3241 0001:000347A4
  3243 0001:000347B6  3244 0001:000347C1  3245 0001:000347D4  3247 0001:000347DB
  3249 0001:000347E2  3250 0001:000347EC  3251 0001:000347F1  3253 0001:00034810
  3254 0001:0003482D  3255 0001:0003484A  3256 0001:00034864  3258 0001:0003487E
  3259 0001:00034888  3260 0001:000348A2  3261 0001:000348BC  3262 0001:000348D6
  3263 0001:000348F2  3264 0001:0003490F  3265 0001:00034940  3267 0001:00034973
  3268 0001:0003497F  3269 0001:0003498D  3271 0001:000349B6  3272 0001:000349B9
  3274 0001:000349CB  3276 0001:000349DB  3277 0001:000349F3  3279 0001:00034A03
  3280 0001:00034A29  3281 0001:00034A37  3283 0001:00034A60  3284 0001:00034A63
  3286 0001:00034A75  3287 0001:00034A81  3293 0001:00034A9D  3294 0001:00034AA7
  3295 0001:00034AB1  3296 0001:00034ABB  3298 0001:00034AC2  3299 0001:00034ACB
  3301 0001:00034AD4  3303 0001:00034ADE  3304 0001:00034AE8  3306 0001:00034AF2
  3307 0001:00034AF9  3308 0001:00034B04  3311 0001:00034B11  3312 0001:00034B16
  3314 0001:00034B1B  3315 0001:00034B22  3316 0001:00034B29  3317 0001:00034B34
  3319 0001:00034B41  3320 0001:00034B4C  3321 0001:00034B56  3322 0001:00034B67
  3324 0001:00034B70  3325 0001:00034B7B  3326 0001:00034B88  3328 0001:00034B90
  3330 0001:00034B9D  3331 0001:00034BA4  3333 0001:00034BAB  3334 0001:00034BB9
  3335 0001:00034BC7  3337 0001:00034BD5  3339 0001:00034BF6  3342 0001:00034C13
  3344 0001:00034C48  3351 0001:00034DB4  3352 0001:00034DD7  3353 0001:00034DE1
  3354 0001:00034DEF  3356 0001:00034DF8  3357 0001:00034E0C  3360 0001:00034E16
  3361 0001:00034E2C  3362 0001:00034E36  3363 0001:00034E40  3365 0001:00034E4E
  3366 0001:00034E62  3367 0001:00034E70  3369 0001:00034E97  3373 0001:00034EA7
  3375 0001:00034EB0  3376 0001:00034EC4  3379 0001:00034ECE  3381 0001:00034EF5
  3383 0001:00034F16  3384 0001:00034F2B  3385 0001:00034F39  3386 0001:00034F6A
  3387 0001:00034F77  3388 0001:00034F93  3387 0001:00034FB2  3389 0001:00034FB7
  3390 0001:00034FD8  3391 0001:00035002  3392 0001:00035031  3395 0001:0003503E
  3397 0001:0003505C  3399 0001:0003506C  3402 0001:00035077  3404 0001:00035081
  3405 0001:0003508A  3415 0001:000350B4  3417 0001:000350B7  3421 0001:000350DD
  3422 0001:000350E4  3424 0001:00035119  3427 0001:00035230  3428 0001:00035261
  3429 0001:0003526B  3436 0001:0003527D  3437 0001:0003528B  3440 0001:000352A8
  3442 0001:000352B8  3443 0001:000352D2  3444 0001:000352EC  3445 0001:00035301

Line numbers for idplay(AddCommands.inc) segment .text

    17 0001:00035331    21 0001:00035362    28 0001:00035393    31 0001:000353C4
    34 0001:000353F5    37 0001:00035426    40 0001:00035457    43 0001:00035488
    46 0001:000354B9    49 0001:000354EA    52 0001:0003551B    55 0001:0003554F
    58 0001:00035583    61 0001:000355B4    64 0001:000355E5    67 0001:00035616
    70 0001:00035647    74 0001:00035678    78 0001:000356A9    81 0001:000356C1
    87 0001:000356F2    90 0001:00035723    93 0001:00035754    96 0001:00035785
   101 0001:000357B6   104 0001:000357EA   107 0001:0003581B   112 0001:0003584F
   118 0001:00035880   126 0001:000358B4   129 0001:000358E5   133 0001:00035916
   137 0001:00035947   140 0001:00035978   145 0001:000359A9   148 0001:000359DA
   151 0001:00035A0B   154 0001:00035A3C   157 0001:00035A6D   161 0001:00035AA1
   164 0001:00035AD5   167 0001:00035B09   170 0001:00035B3A   174 0001:00035B6B
   178 0001:00035B9C   181 0001:00035BCD   184 0001:00035BFE   188 0001:00035C32
   192 0001:00035C63

Line numbers for idplay(idplay.pas) segment .text

  3452 0001:00035C94  3453 0001:00035CD4  3456 0001:00037F50  3457 0001:00037F61
  3458 0001:00037F6B  3459 0001:00037F76  3468 0001:00037F7E  3469 0001:00037F8A
  3470 0001:00037F97  3471 0001:00037FA5  3472 0001:00037FB2  3473 0001:00037FBF
  3474 0001:00037FCC  3475 0001:00037FD6  3476 0001:00037FDB  3477 0001:00037FE6
  3478 0001:00038002  3480 0001:00038044  3480 0001:0003804B

Line numbers for DPLobbyWrapper(DPLobbyWrapper.pas) segment .text

    47 0001:0003804C    63 0001:00038290    64 0001:000382B7    65 0001:000382C5
    66 0001:000382E0    67 0001:000382F4    68 0001:0003830C    69 0001:00038316
    70 0001:0003832D    71 0001:0003833F    74 0001:0003835A    76 0001:00038377
    78 0001:000383A1    80 0001:000383A4    81 0001:000383AC    82 0001:000383B4
    85 0001:000383EE    89 0001:00038440    90 0001:00038449    91 0001:00038457
    92 0001:0003847E    93 0001:00038492    95 0001:000384B7    97 0001:000384BA
    98 0001:000384C2   101 0001:000384CF   105 0001:000384F4   106 0001:000384FD
   107 0001:0003850B   108 0001:0003852A   109 0001:0003853E   111 0001:00038563
   113 0001:00038566   114 0001:0003856E   117 0001:0003857B   122 0001:000385A0
   123 0001:000385A9   124 0001:000385B7   125 0001:000385D6   126 0001:000385EA
   128 0001:0003860F   130 0001:00038612   131 0001:0003861A   134 0001:00038627
   139 0001:00038650   140 0001:00038659   141 0001:00038667   142 0001:00038682
   143 0001:00038696   145 0001:000386BB   147 0001:000386BE   148 0001:000386C6
   151 0001:000386D3   155 0001:00038700   156 0001:00038709   157 0001:00038717
   158 0001:00038732   159 0001:00038746   161 0001:0003876B   163 0001:0003876E
   164 0001:00038776   167 0001:00038783   172 0001:000387B0   173 0001:000387B9
   174 0001:000387C7   176 0001:000387EA   177 0001:000387FE   179 0001:00038804
   180 0001:0003881C   181 0001:00038836   182 0001:0003884E   186 0001:0003886A
   187 0001:0003887E   189 0001:000388A3   191 0001:000388A6   192 0001:000388AE
   195 0001:000388BB   199 0001:00038978   200 0001:00038996   201 0001:000389A4
   202 0001:000389C3   203 0001:000389D7   204 0001:000389EF   205 0001:00038A09
   207 0001:00038A24   208 0001:00038A42   209 0001:00038A60   210 0001:00038A7E
   211 0001:00038A9C   212 0001:00038ABA   213 0001:00038AED   214 0001:00038B0B
   215 0001:00038B29   216 0001:00038B47   218 0001:00038B65   219 0001:00038B98
   221 0001:00038BCB   222 0001:00038BE6   223 0001:00038C01   225 0001:00038C1C
   226 0001:00038C34   228 0001:00038C59   230 0001:00038C5C   231 0001:00038C64
   234 0001:00038C93   238 0001:000390E4   239 0001:000390ED   240 0001:000390FB
   241 0001:0003911A   242 0001:0003912E   244 0001:00039134   245 0001:0003914C
   246 0001:00039164   250 0001:0003917E   251 0001:00039192   253 0001:000391B7
   255 0001:000391BA   256 0001:000391C2   259 0001:000391CF   263 0001:0003925C
   264 0001:00039265   265 0001:00039273   266 0001:0003928E   267 0001:000392A2
   269 0001:000392C7   271 0001:000392CA   272 0001:000392D2   275 0001:000392DF
   279 0001:0003930C   280 0001:00039315   281 0001:00039323   282 0001:0003933E
   283 0001:00039352   285 0001:00039377   287 0001:0003937A   288 0001:00039382
   291 0001:0003938F   298 0001:000393BC   299 0001:000393C5   300 0001:000393D3
   301 0001:000393F2   302 0001:00039406   304 0001:0003942B   306 0001:0003942E
   307 0001:00039436   310 0001:00039443   315 0001:00039474   316 0001:000394A8
   317 0001:000394B6   318 0001:000394C0   319 0001:000394CE   321 0001:000394EB
   322 0001:000394FF   324 0001:00039524   326 0001:00039527   327 0001:0003952F
   330 0001:00039571   332 0001:000395C0   332 0001:000395C7

Line numbers for Dplayx_exports(Dplayx_exports.pas) segment .text

   117 0001:000395C8   118 0001:000395CC   119 0001:000395EA   122 0001:000395F0
   133 0001:000395F4   135 0001:000395FD   136 0001:00039606   137 0001:0003960E
   138 0001:00039617   140 0001:0003962D   141 0001:00039634   148 0001:00039660
   149 0001:00039669   150 0001:00039683   151 0001:00039691   152 0001:0003969A
   153 0001:000396AF   154 0001:000396B8   156 0001:000396C9   157 0001:000396DD
   159 0001:00039702   161 0001:00039705   162 0001:0003970D   165 0001:0003971A
   171 0001:00039758   172 0001:00039761   173 0001:0003977B   174 0001:00039789
   175 0001:00039792   176 0001:000397A7   177 0001:000397B0   179 0001:000397C1
   180 0001:000397D5   182 0001:000397FA   184 0001:000397FD   185 0001:00039805
   188 0001:00039812   195 0001:00039858   196 0001:00039861   197 0001:0003987B
   198 0001:00039889   199 0001:00039892   200 0001:000398A7   201 0001:000398B0
   203 0001:000398C1   204 0001:000398D5   206 0001:000398FA   208 0001:000398FD
   209 0001:00039905   212 0001:00039912   220 0001:00039958   221 0001:0003997B
   222 0001:00039995   223 0001:000399A3   224 0001:000399AC   225 0001:000399C1
   226 0001:000399CA   227 0001:000399DF   229 0001:000399E5   230 0001:000399F9
   231 0001:00039A11   232 0001:00039A1B   233 0001:00039A3E   237 0001:00039A4F
   238 0001:00039A63   239 0001:00039A7B   240 0001:00039AA8   243 0001:00039ACD
   245 0001:00039AD0   246 0001:00039AD8   249 0001:00039B17   257 0001:00039BC0
   258 0001:00039BDF   259 0001:00039BF9   260 0001:00039C07   261 0001:00039C10
   262 0001:00039C25   263 0001:00039C2E   265 0001:00039C4B   266 0001:00039C5F
   268 0001:00039C84   270 0001:00039C87   271 0001:00039C8F   274 0001:00039CB9
   283 0001:00039D00   284 0001:00039D23   285 0001:00039D3D   286 0001:00039D4B
   287 0001:00039D54   288 0001:00039D69   289 0001:00039D72   290 0001:00039D8F
   292 0001:00039D95   293 0001:00039DA9   294 0001:00039DC1   298 0001:00039DCB
   303 0001:00039DED   304 0001:00039E01   305 0001:00039E19   306 0001:00039E46
   309 0001:00039E6B   311 0001:00039E6E   312 0001:00039E76   315 0001:00039EB5
   326 0001:00039F54   327 0001:00039F5D   328 0001:00039F6D   329 0001:00039F7B
   331 0001:00039F80   332 0001:00039F94   334 0001:00039FB9   336 0001:00039FBC
   337 0001:00039FC4   340 0001:00039FD1   343 0001:00039FF4   344 0001:00039FFD
   345 0001:0003A00D   346 0001:0003A01B   348 0001:0003A020   349 0001:0003A034
   351 0001:0003A059   353 0001:0003A05C   354 0001:0003A064   357 0001:0003A071
   363 0001:0003A098   365 0001:0003A09B   367 0001:0003A0A2   368 0001:0003A0BB
   401 0001:0003A0DC   401 0001:0003A108   370 0001:0003A10C   392 0001:0003A118
   393 0001:0003A121   394 0001:0003A12B   395 0001:0003A134   397 0001:0003A13E

Line numbers for TlHelp32(TlHelp32.pas) segment .text

   339 0001:0003A140   340 0001:0003A144   342 0001:0003A151   343 0001:0003A160
   345 0001:0003A16D   346 0001:0003A182   347 0001:0003A197   348 0001:0003A1AC
   349 0001:0003A1C1   350 0001:0003A1D6   351 0001:0003A1EB   352 0001:0003A200
   353 0001:0003A215   354 0001:0003A22A   355 0001:0003A23F   356 0001:0003A254
   357 0001:0003A269   358 0001:0003A27E   359 0001:0003A293   360 0001:0003A2A8
   363 0001:0003A2BD   364 0001:0003A2DB   367 0001:0003A400   368 0001:0003A40C
   369 0001:0003A415   370 0001:0003A428   371 0001:0003A430   452 0001:0003A434
   453 0001:0003A440   454 0001:0003A449   455 0001:0003A45C   456 0001:0003A464
   459 0001:0003A468   460 0001:0003A474   461 0001:0003A47D   462 0001:0003A490
   463 0001:0003A498   479 0001:0003A4CC   479 0001:0003A4D3

Line numbers for ErrorLog_ExtraData(plugins\ErrorLog_ExtraData.pas) segment .text

    29 0001:0003A4D4    33 0001:0003A4D8    36 0001:0003A4DC    37 0001:0003A4E0
    40 0001:0003A4E9    45 0001:0003A50D    53 0001:0003A52A    54 0001:0003A532
    69 0001:0003A5D0    70 0001:0003A612    71 0001:0003A620    72 0001:0003A62E
    73 0001:0003A652    74 0001:0003A65B    75 0001:0003A6A9    78 0001:0003A6B0
    79 0001:0003A6BC    80 0001:0003A6CA    81 0001:0003A6D3    82 0001:0003A6E1
    84 0001:0003A6EA    85 0001:0003A6F2   100 0001:0003A6F8   101 0001:0003A741
   103 0001:0003A74F   104 0001:0003A75E   105 0001:0003A768   107 0001:0003A776
   110 0001:0003A780   111 0001:0003A792   112 0001:0003A7A1   113 0001:0003A7B2
   115 0001:0003A7C0   119 0001:0003A7EA   123 0001:0003A847   125 0001:0003A859
   127 0001:0003A866   128 0001:0003A86E   130 0001:0003A891   131 0001:0003A89F
   133 0001:0003A8B3   138 0001:0003A934   128 0001:0003A937   140 0001:0003A940
   141 0001:0003A94C   143 0001:0003A99C   147 0001:0003A9B9   150 0001:0003A9D7
   152 0001:0003AA1D   156 0001:0003AA3C   157 0001:0003AA3D   159 0001:0003AA42
   160 0001:0003AA47   161 0001:0003AA4C   164 0001:0003AA80   164 0001:0003AA87

Line numbers for Thread_marshaller(plugins\Thread_marshaller.pas) segment .text

    33 0001:0003AA88    37 0001:0003AA8C    74 0001:0003AA90    75 0001:0003AA94
    78 0001:0003AA9D    91 0001:0003AAC3    92 0001:0003AACB    99 0001:0003AB1C
    99 0001:0003AB23

Line numbers for PauseLock(plugins\PauseLock.pas) segment .text

    39 0001:0003AB24    43 0001:0003AB28    46 0001:0003AB2C    47 0001:0003AB30
    50 0001:0003AB42    55 0001:0003AB6A    67 0001:0003AB87    68 0001:0003AB8F
    82 0001:0003ABCC    83 0001:0003ABD1    84 0001:0003ABD4    86 0001:0003ABD6
    89 0001:0003ABDC    90 0001:0003ABE1    94 0001:0003ABE6    95 0001:0003ABEB
    96 0001:0003ABF0    98 0001:0003AC24    98 0001:0003AC2B

Line numbers for UnitLimit(plugins\UnitLimit.pas) segment .text

    68 0001:0003AC2C    72 0001:0003AC30    77 0001:0003AC34    78 0001:0003AC4D
    80 0001:0003AC67    82 0001:0003AC71    86 0001:0003ACB4    90 0001:0003ACD2
    94 0001:0003ACF0   101 0001:0003AD10   102 0001:0003AD35   104 0001:0003ADD4
   104 0001:0003ADDB

Line numbers for MultiAILimit(plugins\MultiAILimit.pas) segment .text

    32 0001:0003ADDC    36 0001:0003ADE0    64 0001:0003ADF8    65 0001:0003ADFE
    66 0001:0003AE05    67 0001:0003AE6F    68 0001:0003AE79    72 0001:0003AE80
    74 0001:0003AE87    75 0001:0003AE88    76 0001:0003AE89    78 0001:0003AE8A
    81 0001:0003AE8F    82 0001:0003AE94    83 0001:0003AE99    87 0001:0003AE9C
    88 0001:0003AEA0    90 0001:0003AEB2    94 0001:0003AEDA    95 0001:0003AEF4
    99 0001:0003AF15   100 0001:0003AF1D   102 0001:0003AFAC   102 0001:0003AFB3

Line numbers for Plugins(Plugins.pas) segment .text

    27 0001:0003AFB4    29 0001:0003AFBB    31 0001:0003AFC1    32 0001:0003AFCB
    35 0001:0003AFD5    36 0001:0003AFDF    37 0001:0003AFE9    38 0001:0003AFF3
    39 0001:0003AFFD    40 0001:0003B007    41 0001:0003B011    45 0001:0003B01B
    46 0001:0003B023    49 0001:0003B028    50 0001:0003B02B    51 0001:0003B030
    53 0001:0003B064    53 0001:0003B06B

Line numbers for InitCode(InitCode.pas) segment .text

    86 0001:0003B06C    87 0001:0003B070    88 0001:0003B077    89 0001:0003B081
    90 0001:0003B093    92 0001:0003B09D    93 0001:0003B0B4    94 0001:0003B0BD
    96 0001:0003B0CD   102 0001:0003B100   106 0001:0003B124   107 0001:0003B132
   109 0001:0003B13C   113 0001:0003B141   117 0001:0003B14C   118 0001:0003B157
   120 0001:0003B160   121 0001:0003B17D   123 0001:0003B1B5   124 0001:0003B1BF
   126 0001:0003B1EF   127 0001:0003B1F9   128 0001:0003B219   129 0001:0003B240
   130 0001:0003B249   131 0001:0003B25A   132 0001:0003B263   133 0001:0003B274
   134 0001:0003B27D   137 0001:0003B28E   143 0001:0003B297   148 0001:0003B2C2
   157 0001:0003B2C7   159 0001:0003B2EA   161 0001:0003B2ED   162 0001:0003B2F5
   165 0001:0003B321   168 0001:0003B41C   169 0001:0003B41F   170 0001:0003B424
   172 0001:0003B429   174 0001:0003B432   175 0001:0003B43F   178 0001:0003B448
   180 0001:0003B452   182 0001:0003B484   183 0001:0003B490   184 0001:0003B49D
   185 0001:0003B4AA

Line numbers for InitCode_CoreExePatching(InitCode_CoreExePatching.pas) segment .text

    50 0001:0003B4AC    51 0001:0003B4B4    53 0001:0003B4BA    54 0001:0003B4C4
    56 0001:0003B4CE    71 0001:0003B4D4    72 0001:0003B4DB    73 0001:0003B4E5
    74 0001:0003B4EF    75 0001:0003B4FD    77 0001:0003B524    79 0001:0003B527
    80 0001:0003B52F    81 0001:0003B541    84 0001:0003B54B    88 0001:0003B554
    90 0001:0003B559    91 0001:0003B55E    92 0001:0003B55F    94 0001:0003B590
    95 0001:0003B59C    96 0001:0003B5A9   100 0001:0003B5B6   101 0001:0003B5C0
   102 0001:0003B5CA   104 0001:0003B5D4   105 0001:0003B5DE

Line numbers for threadlogging(threadlogging.pas) segment .text

   145 0001:0003B610   145 0001:0003B617

Line numbers for dplayx(F:\TADR\trunk\src\Recorder\Dplayx.dpr) segment .text

    50 0001:0003B868    51 0001:0003B878

Bound resource files

dplayx.res
dplayx.drf


Program entry point at 0001:0003B868
