
 Start         Length     Name                   Class
 0001:00000000 0003CF3CH .text                   CODE
 0002:00000000 00000C3CH .data                   DATA
 0002:00000C3C 00000A75H .bss                    BSS


Detailed map of segments

 0001:00000000 00005597 C=CODE     S=.text    G=(none)   M=System   ACBP=A9
 0001:00005598 000001CC C=CODE     S=.text    G=(none)   M=SysInit  ACBP=A9
 0001:00005764 00000038 C=CODE     S=.text    G=(none)   M=Types    ACBP=A9
 0001:0000579C 0000037C C=CODE     S=.text    G=(none)   M=Windows  ACBP=A9
 0001:00005B18 00000038 C=CODE     S=.text    G=(none)   M=Messages ACBP=A9
 0001:00005B50 00000348 C=CODE     S=.text    G=(none)   M=SysConst ACBP=A9
 0001:00005E98 00007420 C=CODE     S=.text    G=(none)   M=SysUtils ACBP=A9
 0001:0000D2B8 00000887 C=CODE     S=.text    G=(none)   M=VarUtils ACBP=A9
 0001:0000DB40 0000280E C=CODE     S=.text    G=(none)   M=Variants ACBP=A9
 0001:00010350 000000C8 C=CODE     S=.text    G=(none)   M=RTLConsts ACBP=A9
 0001:00010418 00000084 C=CODE     S=.text    G=(none)   M=TypInfo  ACBP=A9
 0001:0001049C 00000038 C=CODE     S=.text    G=(none)   M=ActiveX  ACBP=A9
 0001:000104D4 0000478E C=CODE     S=.text    G=(none)   M=Classes  ACBP=A9
 0001:00014C64 000003DC C=CODE     S=.text    G=(none)   M=ListsU   ACBP=A9
 0001:00015040 00000050 C=CODE     S=.text    G=(none)   M=MMSystem ACBP=A9
 0001:00015090 000001DC C=CODE     S=.text    G=(none)   M=SyncObjs ACBP=A9
 0001:0001526C 00001AD4 C=CODE     S=.text    G=(none)   M=GPHugeF  ACBP=A9
 0001:00016D40 00000038 C=CODE     S=.text    G=(none)   M=Consts   ACBP=A9
 0001:00016D78 0000061C C=CODE     S=.text    G=(none)   M=textdata ACBP=A9
 0001:00017394 00000038 C=CODE     S=.text    G=(none)   M=Math     ACBP=A9
 0001:000173CC 00000194 C=CODE     S=.text    G=(none)   M=Contnrs  ACBP=A9
 0001:00017560 00000FA0 C=CODE     S=.text    G=(none)   M=uDebug   ACBP=A9
 0001:00018500 00000060 C=CODE     S=.text    G=(none)   M=FreeListU ACBP=A9
 0001:00018560 00000A7C C=CODE     S=.text    G=(none)   M=logging  ACBP=A9
 0001:00018FDC 00000040 C=CODE     S=.text    G=(none)   M=SHFolder ACBP=A9
 0001:0001901C 00000B78 C=CODE     S=.text    G=(none)   M=TADemoConsts ACBP=A9
 0001:00019B94 00000330 C=CODE     S=.text    G=(none)   M=TextFileU ACBP=A9
 0001:00019EC4 000019A4 C=CODE     S=.text    G=(none)   M=DPlay    ACBP=A9
 0001:0001B868 00000124 C=CODE     S=.text    G=(none)   M=DPLobby  ACBP=A9
 0001:0001B98C 00000608 C=CODE     S=.text    G=(none)   M=CommandHandlerU ACBP=A9
 0001:0001BF94 00000450 C=CODE     S=.text    G=(none)   M=MemMappedDataStructure ACBP=A9
 0001:0001C3E4 00000068 C=CODE     S=.text    G=(none)   M=PacketBufferU ACBP=A9
 0001:0001C44C 0000038C C=CODE     S=.text    G=(none)   M=log2     ACBP=A9
 0001:0001C7D8 000010D4 C=CODE     S=.text    G=(none)   M=IniFiles ACBP=A9
 0001:0001D8AC 00000E0C C=CODE     S=.text    G=(none)   M=Registry ACBP=A9
 0001:0001E6B8 00001420 C=CODE     S=.text    G=(none)   M=PluginEngine ACBP=A9
 0001:0001FAD8 00000514 C=CODE     S=.text    G=(none)   M=TAMemManipulations ACBP=A9
 0001:0001FFEC 000005DC C=CODE     S=.text    G=(none)   M=TA_MemoryLocations ACBP=A9
 0001:000205C8 0000036C C=CODE     S=.text    G=(none)   M=COB_extensions ACBP=A9
 0001:00020934 00000394 C=CODE     S=.text    G=(none)   M=TlHelp32 ACBP=A9
 0001:00020CC8 00000038 C=CODE     S=.text    G=(none)   M=TA_FunctionsU ACBP=A9
 0001:00020D00 000005B4 C=CODE     S=.text    G=(none)   M=ErrorLog_ExtraData ACBP=A9
 0001:000212B4 0000009C C=CODE     S=.text    G=(none)   M=Thread_marshaller ACBP=A9
 0001:00021350 000001B0 C=CODE     S=.text    G=(none)   M=UnitLimit ACBP=A9
 0001:00021500 000005DC C=CODE     S=.text    G=(none)   M=INI_Options ACBP=A9
 0001:00021ADC 000017B0 C=CODE     S=.text    G=(none)   M=packet_old ACBP=A9
 0001:0002328C 000001EC C=CODE     S=.text    G=(none)   M=PluginCommandHandlerU ACBP=A9
 0001:00023478 00000258 C=CODE     S=.text    G=(none)   M=InputHook ACBP=A9
 0001:000236D0 0000028C C=CODE     S=.text    G=(none)   M=LOS_Radar ACBP=A9
 0001:0002395C 000000CC C=CODE     S=.text    G=(none)   M=LOS_MiniMapUnits ACBP=A9
 0001:00023A28 00000140 C=CODE     S=.text    G=(none)   M=LOS_PlayerSeeUnit ACBP=A9
 0001:00023B68 000001B0 C=CODE     S=.text    G=(none)   M=LOS_GUIText ACBP=A9
 0001:00023D18 00000354 C=CODE     S=.text    G=(none)   M=LOS_UpdateTables ACBP=A9
 0001:0002406C 0000017C C=CODE     S=.text    G=(none)   M=LOS_AllyPlayer ACBP=A9
 0001:000241E8 00000150 C=CODE     S=.text    G=(none)   M=LOS_extensions ACBP=A9
 0001:00024338 00000208 C=CODE     S=.text    G=(none)   M=SpeedHack ACBP=A9
 0001:00024540 00000038 C=CODE     S=.text    G=(none)   M=TA_NetworkingMessages ACBP=A9
 0001:00024578 000002CC C=CODE     S=.text    G=(none)   M=BattleRoomScroll ACBP=A9
 0001:00024844 00000258 C=CODE     S=.text    G=(none)   M=ModsList ACBP=A9
 0001:00024A9C 00014340 C=CODE     S=.text    G=(none)   M=idplay   ACBP=A9
 0001:00038DDC 000013A0 C=CODE     S=.text    G=(none)   M=PlayerDataU ACBP=A9
 0001:0003A17C 0000157C C=CODE     S=.text    G=(none)   M=DPLobbyWrapper ACBP=A9
 0001:0003B6F8 00000B78 C=CODE     S=.text    G=(none)   M=Dplayx_exports ACBP=A9
 0001:0003C270 00000108 C=CODE     S=.text    G=(none)   M=PauseLock ACBP=A9
 0001:0003C378 000001D8 C=CODE     S=.text    G=(none)   M=MultiAILimit ACBP=A9
 0001:0003C550 000000B8 C=CODE     S=.text    G=(none)   M=Plugins  ACBP=A9
 0001:0003C608 00000550 C=CODE     S=.text    G=(none)   M=InitCode ACBP=A9
 0001:0003CB58 00000134 C=CODE     S=.text    G=(none)   M=InitCode_CoreExePatching ACBP=A9
 0001:0003CC8C 00000038 C=CODE     S=.text    G=(none)   M=threadlogging ACBP=A9
 0001:0003CCC4 00000275 C=CODE     S=.text    G=(none)   M=dplayx   ACBP=A9
 0002:00000000 000000A4 C=DATA     S=.data    G=DGROUP   M=System   ACBP=A9
 0002:000000A4 00000030 C=DATA     S=.data    G=DGROUP   M=SysInit  ACBP=A9
 0002:000000D4 00000250 C=DATA     S=.data    G=DGROUP   M=SysUtils ACBP=A9
 0002:00000324 00000008 C=DATA     S=.data    G=DGROUP   M=VarUtils ACBP=A9
 0002:0000032C 00000076 C=DATA     S=.data    G=DGROUP   M=Variants ACBP=A9
 0002:000003A4 0000000C C=DATA     S=.data    G=DGROUP   M=TypInfo  ACBP=A9
 0002:000003B0 00000084 C=DATA     S=.data    G=DGROUP   M=Classes  ACBP=A9
 0002:00000434 00000020 C=DATA     S=.data    G=DGROUP   M=GPHugeF  ACBP=A9
 0002:00000454 00000400 C=DATA     S=.data    G=DGROUP   M=textdata ACBP=A9
 0002:00000854 00000004 C=DATA     S=.data    G=DGROUP   M=uDebug   ACBP=A9
 0002:00000858 00000004 C=DATA     S=.data    G=DGROUP   M=logging  ACBP=A9
 0002:0000085C 00000049 C=DATA     S=.data    G=DGROUP   M=TADemoConsts ACBP=A9
 0002:000008A8 00000020 C=DATA     S=.data    G=DGROUP   M=DPlay    ACBP=A9
 0002:000008C8 00000010 C=DATA     S=.data    G=DGROUP   M=DPLobby  ACBP=A9
 0002:000008D8 00000038 C=DATA     S=.data    G=DGROUP   M=MemMappedDataStructure ACBP=A9
 0002:00000910 00000008 C=DATA     S=.data    G=DGROUP   M=IniFiles ACBP=A9
 0002:00000918 00000008 C=DATA     S=.data    G=DGROUP   M=Registry ACBP=A9
 0002:00000920 00000007 C=DATA     S=.data    G=DGROUP   M=TA_MemoryLocations ACBP=A9
 0002:00000928 00000001 C=DATA     S=.data    G=DGROUP   M=COB_extensions ACBP=A9
 0002:0000092C 0000000C C=DATA     S=.data    G=DGROUP   M=TA_FunctionsU ACBP=A9
 0002:00000938 00000005 C=DATA     S=.data    G=DGROUP   M=UnitLimit ACBP=A9
 0002:00000940 00000005 C=DATA     S=.data    G=DGROUP   M=packet_old ACBP=A9
 0002:00000948 0000000A C=DATA     S=.data    G=DGROUP   M=SpeedHack ACBP=A9
 0002:00000954 00000001 C=DATA     S=.data    G=DGROUP   M=BattleRoomScroll ACBP=A9
 0002:00000958 00000004 C=DATA     S=.data    G=DGROUP   M=idplay   ACBP=A9
 0002:0000095C 00000004 C=DATA     S=.data    G=DGROUP   M=Dplayx_exports ACBP=A9
 0002:00000960 00000008 C=DATA     S=.data    G=DGROUP   M=PauseLock ACBP=A9
 0002:00000968 00000008 C=DATA     S=.data    G=DGROUP   M=MultiAILimit ACBP=A9
 0002:00001000 0000065C C=BSS      S=.bss     G=DGROUP   M=System   ACBP=A9
 0002:0000165C 00000014 C=BSS      S=.bss     G=DGROUP   M=SysInit  ACBP=A9
 0002:00001670 00000004 C=BSS      S=.bss     G=DGROUP   M=Types    ACBP=A9
 0002:00001674 00000004 C=BSS      S=.bss     G=DGROUP   M=Windows  ACBP=A9
 0002:00001678 00000004 C=BSS      S=.bss     G=DGROUP   M=Messages ACBP=A9
 0002:0000167C 00000004 C=BSS      S=.bss     G=DGROUP   M=SysConst ACBP=A9
 0002:00001680 00000120 C=BSS      S=.bss     G=DGROUP   M=SysUtils ACBP=A9
 0002:000017A0 0000005C C=BSS      S=.bss     G=DGROUP   M=VarUtils ACBP=A9
 0002:000017FC 00000040 C=BSS      S=.bss     G=DGROUP   M=Variants ACBP=A9
 0002:0000183C 00000004 C=BSS      S=.bss     G=DGROUP   M=RTLConsts ACBP=A9
 0002:00001840 00000004 C=BSS      S=.bss     G=DGROUP   M=TypInfo  ACBP=A9
 0002:00001844 00000004 C=BSS      S=.bss     G=DGROUP   M=ActiveX  ACBP=A9
 0002:00001848 00000034 C=BSS      S=.bss     G=DGROUP   M=Classes  ACBP=A9
 0002:0000187C 00000004 C=BSS      S=.bss     G=DGROUP   M=ListsU   ACBP=A9
 0002:00001880 00000004 C=BSS      S=.bss     G=DGROUP   M=MMSystem ACBP=A9
 0002:00001884 00000004 C=BSS      S=.bss     G=DGROUP   M=SyncObjs ACBP=A9
 0002:00001888 00000004 C=BSS      S=.bss     G=DGROUP   M=GPHugeF  ACBP=A9
 0002:0000188C 00000004 C=BSS      S=.bss     G=DGROUP   M=Consts   ACBP=A9
 0002:00001890 00000004 C=BSS      S=.bss     G=DGROUP   M=textdata ACBP=A9
 0002:00001894 00000004 C=BSS      S=.bss     G=DGROUP   M=Math     ACBP=A9
 0002:00001898 00000004 C=BSS      S=.bss     G=DGROUP   M=Contnrs  ACBP=A9
 0002:0000189C 00000014 C=BSS      S=.bss     G=DGROUP   M=uDebug   ACBP=A9
 0002:000018B0 00000008 C=BSS      S=.bss     G=DGROUP   M=FreeListU ACBP=A9
 0002:000018B8 0000000C C=BSS      S=.bss     G=DGROUP   M=logging  ACBP=A9
 0002:000018C4 00000004 C=BSS      S=.bss     G=DGROUP   M=SHFolder ACBP=A9
 0002:000018C8 00000018 C=BSS      S=.bss     G=DGROUP   M=TADemoConsts ACBP=A9
 0002:000018E0 00000004 C=BSS      S=.bss     G=DGROUP   M=TextFileU ACBP=A9
 0002:000018E4 00000004 C=BSS      S=.bss     G=DGROUP   M=DPlay    ACBP=A9
 0002:000018E8 00000004 C=BSS      S=.bss     G=DGROUP   M=DPLobby  ACBP=A9
 0002:000018EC 00000004 C=BSS      S=.bss     G=DGROUP   M=CommandHandlerU ACBP=A9
 0002:000018F0 00000004 C=BSS      S=.bss     G=DGROUP   M=MemMappedDataStructure ACBP=A9
 0002:000018F4 00000004 C=BSS      S=.bss     G=DGROUP   M=PacketBufferU ACBP=A9
 0002:000018F8 00000004 C=BSS      S=.bss     G=DGROUP   M=log2     ACBP=A9
 0002:000018FC 00000004 C=BSS      S=.bss     G=DGROUP   M=IniFiles ACBP=A9
 0002:00001900 00000004 C=BSS      S=.bss     G=DGROUP   M=Registry ACBP=A9
 0002:00001904 00000008 C=BSS      S=.bss     G=DGROUP   M=PluginEngine ACBP=A9
 0002:0000190C 00000004 C=BSS      S=.bss     G=DGROUP   M=TAMemManipulations ACBP=A9
 0002:00001910 0000000A C=BSS      S=.bss     G=DGROUP   M=TA_MemoryLocations ACBP=A9
 0002:0000191C 00000004 C=BSS      S=.bss     G=DGROUP   M=COB_extensions ACBP=A9
 0002:00001920 00000048 C=BSS      S=.bss     G=DGROUP   M=TlHelp32 ACBP=A9
 0002:00001968 00000004 C=BSS      S=.bss     G=DGROUP   M=TA_FunctionsU ACBP=A9
 0002:0000196C 00000004 C=BSS      S=.bss     G=DGROUP   M=ErrorLog_ExtraData ACBP=A9
 0002:00001970 00000004 C=BSS      S=.bss     G=DGROUP   M=Thread_marshaller ACBP=A9
 0002:00001974 00000004 C=BSS      S=.bss     G=DGROUP   M=UnitLimit ACBP=A9
 0002:00001978 0000001C C=BSS      S=.bss     G=DGROUP   M=INI_Options ACBP=A9
 0002:00001994 00000004 C=BSS      S=.bss     G=DGROUP   M=packet_old ACBP=A9
 0002:00001998 00000004 C=BSS      S=.bss     G=DGROUP   M=PluginCommandHandlerU ACBP=A9
 0002:0000199C 00000008 C=BSS      S=.bss     G=DGROUP   M=InputHook ACBP=A9
 0002:000019A4 00000014 C=BSS      S=.bss     G=DGROUP   M=LOS_Radar ACBP=A9
 0002:000019B8 00000004 C=BSS      S=.bss     G=DGROUP   M=LOS_MiniMapUnits ACBP=A9
 0002:000019BC 00000014 C=BSS      S=.bss     G=DGROUP   M=LOS_PlayerSeeUnit ACBP=A9
 0002:000019D0 00000004 C=BSS      S=.bss     G=DGROUP   M=LOS_GUIText ACBP=A9
 0002:000019D4 00000010 C=BSS      S=.bss     G=DGROUP   M=LOS_UpdateTables ACBP=A9
 0002:000019E4 00000008 C=BSS      S=.bss     G=DGROUP   M=LOS_AllyPlayer ACBP=A9
 0002:000019EC 00000008 C=BSS      S=.bss     G=DGROUP   M=LOS_extensions ACBP=A9
 0002:000019F4 00000004 C=BSS      S=.bss     G=DGROUP   M=SpeedHack ACBP=A9
 0002:000019F8 00000004 C=BSS      S=.bss     G=DGROUP   M=TA_NetworkingMessages ACBP=A9
 0002:000019FC 0000000C C=BSS      S=.bss     G=DGROUP   M=BattleRoomScroll ACBP=A9
 0002:00001A08 00000004 C=BSS      S=.bss     G=DGROUP   M=ModsList ACBP=A9
 0002:00001A0C 0000000C C=BSS      S=.bss     G=DGROUP   M=idplay   ACBP=A9
 0002:00001A18 00000004 C=BSS      S=.bss     G=DGROUP   M=PlayerDataU ACBP=A9
 0002:00001A1C 00000004 C=BSS      S=.bss     G=DGROUP   M=DPLobbyWrapper ACBP=A9
 0002:00001A20 00000028 C=BSS      S=.bss     G=DGROUP   M=Dplayx_exports ACBP=A9
 0002:00001A48 00000004 C=BSS      S=.bss     G=DGROUP   M=PauseLock ACBP=A9
 0002:00001A4C 00000004 C=BSS      S=.bss     G=DGROUP   M=MultiAILimit ACBP=A9
 0002:00001A50 00000004 C=BSS      S=.bss     G=DGROUP   M=Plugins  ACBP=A9
 0002:00001A54 00000008 C=BSS      S=.bss     G=DGROUP   M=InitCode ACBP=A9
 0002:00001A5C 00000014 C=BSS      S=.bss     G=DGROUP   M=InitCode_CoreExePatching ACBP=A9
 0002:00001A70 00000004 C=BSS      S=.bss     G=DGROUP   M=threadlogging ACBP=A9


  Address         Publics by Name

 0002:000018E8       .1
 0002:00001A70       .1
 0002:00001678       .1
 0002:00001A5C       .1
 0002:0000167C       .1
 0002:000018E4       .1
 0002:000018C4       .1
 0002:00001A50       .1
 0002:000018B4       .1
 0002:000018AC       .1
 0002:00001890       .1
 0002:0000188C       .1
 0002:000018F0       .1
 0002:00001A4C       .1
 0002:0000190C       .1
 0002:00001670       .1
 0002:00001A48       .1
 0002:0000191C       .1
 0002:00001920       .1
 0002:00001968       .1
 0002:0000196C       .1
 0002:00001970       .1
 0002:00001974       .1
 0002:0000198C       .1
 0002:000019A0       .1
 0002:000019B4       .1
 0002:000019B8       .1
 0002:000019CC       .1
 0002:00001668       .1
 0002:000019D0       .1
 0002:000019E0       .1
 0002:00001A2C       .1
 0002:000019E8       .1
 0002:000019F0       .1
 0002:000019F4       .1
 0002:000019F8       .1
 0002:00001A04       .1
 0002:00001A08       .1
 0002:0000183C       .1
 0002:000018E0       .2
 0002:00001A54       .2
 0002:000018C0       .2
 0002:000018F8       .2
 0002:00001894       .2
 0002:000018CC       .2
 0002:00001994       .2
 0002:00001A1C       .2
 0002:00001898       .21
 0002:00001844       .3
 0002:00001674       .3
 0002:000018F4       .3
 0002:000018EC       .3
 0002:00001998       .3
 0002:00001790       .35
 0002:00001A18       .4
 0002:00001914       .4
 0002:00001850       .45
 0002:00001900       .5
 0002:00001888       .5
 0002:000015B4       .5
 0002:000017F8       .5
 0002:00001904       .6
 0002:00001884       .6
 0002:00001A14       .6
 0002:00001840       .6
 0002:00001880       .7
 0002:000018FC       .8
 0002:0000181C       .81
 0002:0000187C       .9
 0001:00001E10       @AbstractError
 0001:00002E98       @AfterConstruction
 0001:000038F8       @Assert
 0001:000020F4       @Assign
 0001:00002250       @AStrCmp
 0001:00002EA8       @BeforeDestruction
 0001:00002B48       @BoundErr
 0001:00002DD8       @CallDynaInst
 0001:00002E40       @ClassCreate
 0001:00002E90       @ClassDestroy
 0001:000021BC       @Close
 0001:00001B58       @Copy
 0001:000044BC       @CopyArray
 0001:000043A0       @CopyRecord
 0001:000045B0       @DispCallByIDError
 0001:0000E5E0       @DispInvokeError
 0001:00003324       @DoneExcept
 0001:00004800       @DynArrayAsg
 0001:000047C4       @DynArrayClear
 0001:000045E4       @DynArrayHigh
 0001:000045DC       @DynArrayLength
 0001:000047B8       @DynArraySetLength
 0001:000022C0       @EofText
 0001:0000340C       @ExceptionHandler
 0001:000022F8       @FillChar
 0001:0000437C       @Finalize
 0001:00004290       @FinalizeArray
 0001:00004244       @FinalizeRecord
 0001:000021B0       @Flush
 0001:00002B3C       @FpuInit
 0001:00002A78       @FpuMaskInit
 0001:00001A28       @FreeMem
 0001:000019F8       @GetMem
 0001:00005698       @GetTls
 0001:000038E0       @Halt
 0001:00003800       @Halt0
 0001:00002FBC       @HandleAnyException
 0001:00003270       @HandleFinally
 0001:000030E8       @HandleOnException
 0001:000036C4       @InitImports
 0001:000056E4       @InitLib
 0001:0000369C       @InitResStringImports
 0001:00004F54       @IntfAddRef
 0001:00004F10       @IntfClear
 0001:00004F28       @IntfCopy
 0001:00002B50       @IntOver
 0001:00002D84       @IsClass
 0001:00002A48       @isNECWindows
 0001:00003DA4       @LStrAddRef
 0001:0000393C       @LStrArrayClr
 0001:0000396C       @LStrAsg
 0001:00003BBC       @LStrCat
 0001:00003C00       @LStrCat3
 0001:00003C74       @LStrCatN
 0001:00003918       @LStrClr
 0001:00003D00       @LStrCmp
 0001:00003E14       @LStrCopy
 0001:00003E54       @LStrDelete
 0001:00003B88       @LStrFromArray
 0001:00003B00       @LStrFromChar
 0001:00003B10       @LStrFromPChar
 0001:00003A08       @LStrFromPCharLen
 0001:00003B40       @LStrFromPWChar
 0001:00003A74       @LStrFromPWCharLen
 0001:00003B7C       @LStrFromString
 0001:00003BA0       @LStrFromWStr
 0001:000039B0       @LStrLAsg
 0001:00003BB4       @LStrLen
 0001:00003E9C       @LStrPos
 0001:00003EE4       @LStrSetLength
 0001:00003DB4       @LStrToPChar
 0001:000039DC       @NewAnsiString
 0001:00003F8C       @NewWideString
 0001:0000275C       @Pow10
 0001:00002244       @PStrCpy
 0001:00002214       @PStrNCat
 0001:000032D0       @RaiseAgain
 0001:000032A8       @RaiseExcept
 0001:00002318       @RandInt
 0001:00002370       @ReadChar
 0001:000024D4       @ReadLn
 0001:00002468       @ReadLString
 0001:0000245C       @ReadString
 0001:00001A48       @ReallocMem
 0001:00001E84       @ResetText
 0001:00001E90       @RewritText
 0001:000038EC       @RunError
 0001:00002740       @SetEq
 0001:000035D4       @StartLib
 0001:0000025C       @strlen
 0001:00001DEC       @TRUNC
 0001:00003354       @TryFinallyExit
 0001:00003E0C       @UniqueStringA
 0001:00002504       @ValLong
 0001:0000FB94       @VarAddRef
 0001:0000E8B8       @VarClear
 0001:00004278       @VarClr
 0001:0000E8CC       @VarClr
 0001:0000EBF4       @VarCopy
 0001:00004388       @VarCopy
 0001:0000EF20       @VarToLStr
 0001:0000F640       @VarToWStr
 0001:00003F48       @Write0LString
 0001:0000261C       @WriteBytes
 0001:000026EC       @WriteLn
 0001:00003F64       @WriteLString
 0001:00002670       @WriteSpaces
 0001:00003FCC       @WStrArrayClr
 0001:00003FF0       @WStrAsg
 0001:00003FB4       @WStrClr
 0001:0000412C       @WStrCmp
 0001:000041B0       @WStrCopy
 0001:00004100       @WStrFromLStr
 0001:00004014       @WStrFromPCharLen
 0001:000040C4       @WStrFromPWChar
 0001:000040A0       @WStrFromPWCharLen
 0001:00004120       @WStrLen
 0001:000041FC       @WStrSetLength
 0001:00004110       @WStrToPWChar
 0001:00001B28       @_IOTest
 0001:000045B8       @_llmul
 0001:0000B340       AbstractErrorHandler
 0002:00001028       AbstractErrorProc
 0002:00000890       AccessMode
 0002:00000154       AccessMode
 0001:000104CC       ActiveX
 0001:000003CC       AddBlockAfter
 0001:0001BFB4       AddCheatDescription
 0001:00017D9C       AddLineNo
 0001:00004D78       AddModuleUnloadProc
 0001:00004D68       AddModuleUnloadProc
 0001:00017BE8       AddProcedure
 0001:00017A04       AddUnit
 0002:0000096C       AIName
 0002:000019E4       AlliedStateChanged
 0001:00006AA0       AllocMem
 0002:000015AC       AllocMemCount
 0002:000015B0       AllocMemSize
 0001:000055C8       AllocTlsBuffer
 0001:00006C60       AnsiCompareStr
 0001:00006CAC       AnsiCompareText
 0001:00006C18       AnsiLowerCase
 0001:0000BE64       AnsiPos
 0001:00006CF8       AnsiSameText
 0001:0000BEB0       AnsiStrPos
 0001:0000BF88       AnsiStrRScan
 0001:0000BFD8       AnsiStrScan
 0001:00005354       AnsiToUtf8
 0001:00008D0C       AppendChars
 0001:0000912C       AppendFormat
 0001:00008D90       AppendNumber
 0001:00008D6C       AppendString
 0001:0000B308       AssertErrorHandler
 0002:00001020       AssertErrorProc
 0002:00001604       avail
 0001:00007810       BackfillGetDiskFreeSpaceEx
 0001:0000D590       BackupVarBoolFromStr
 0001:0000D70C       BackupVarBStrFromBool
 0001:0000D614       BackupVarBStrFromCy
 0001:0000D690       BackupVarBStrFromDate
 0001:0000D51C       BackupVarCyFromStr
 0001:0000D4A8       BackupVarDateFromStr
 0001:0000D34C       BackupVarI4FromStr
 0001:0000D2D8       BackupVariantChangeTypeEx
 0001:0000D3C0       BackupVarR4FromStr
 0001:0000D434       BackupVarR8FromStr
 0001:0002483C       BattleRoomScroll
 0001:000246D0       BattleRoomScrollBackAfterTextReceived
 0001:00024700       BattleRoomScrollBarKeyboardHookFunction
 0001:000246A0       BattleRoomTextReceived
 0001:0003C394       BetterAIName
 0001:0003C41C       BetterAINameStub
 0001:00014958       BinToHex
 0001:00017170       BinToInt
 0001:0000D324       BiUnimplemented
 0002:000015DC       blockDescBlockList
 0002:000015E0       blockDescFreeList
 0002:000003A4       BooleanIdents
 0002:00000334       BooleanToStringRule
 0001:000071C4       BoolToStr
 0001:0000ECA8       BoolToWStrViaOS
 0002:00000920       BoolValues
 0001:0000BA00       ByteToCharIndex
 0001:0000B9C4       ByteToCharLen
 0001:0000B960       ByteType
 0001:0000B8B4       ByteTypeTest
 0002:00001918       CacheUsed
 0001:00017298       CalcCRC
 0001:00005A3C       CallNextHookEx
 0002:00001814       ChangeAnyProc
 0001:000075DC       ChangeFileExt
 0001:00003A38       CharFromWChar
 0001:0000BC78       CharLength
 0001:00005A44       CharLowerBuff
 0001:00005A4C       CharNext
 0001:000001D4       CharNext
 0001:0000BB3C       CharToByteIndex
 0001:0000BBB4       CharToByteLen
 0001:00005A54       CharToOemA
 0002:00001A10       chatview
 0001:0001BF94       CheatEnabled
 0002:000008F0       Cheat_BuildAnywhere
 0002:000008EC       Cheat_ControlMenu
 0002:0000090C       Cheat_DoubleShot
 0002:00000900       Cheat_ExtraDamage
 0002:000008E0       Cheat_FastBuild
 0002:000008E4       Cheat_InfiniteResources
 0002:00000904       Cheat_InstantBuild
 0002:000008F4       Cheat_InstantCapture
 0002:000008DC       Cheat_Invisible
 0002:000008D8       Cheat_Invulnerability
 0002:000008FC       Cheat_JamAll
 0002:000008E8       Cheat_LosRadar
 0002:00000908       Cheat_ResourcesFreeze
 0002:000008F8       Cheat_SpecialMove
 0001:0001FC1C       CheckForCheats
 0001:00002F38       CheckJmp
 0001:00024844       CheckModsList
 0002:00000338       CInvalidCustomVariantType
 0001:00014BD0       Classes
 0001:00018164       CleanUpMapFile
 0002:00001810       ClearAnyProc
 0001:0000FED0       ClearVariantTypeList
 0001:00000174       CloseHandle
 0001:000057CC       CloseHandle
 0002:0000103C       CmdLine
 0002:00001038       CmdShow
 0001:0000D338       CmpUnimplemented
 0001:0002092C       COB_extensions
 0001:0002087C       COB_Extensions_Handling
 0002:00001A60       CodeInjectionData
 0001:0001BF8C       CommandHandlerU
 0001:0000074C       Commit
 0002:00001620       committedRoot
 0001:0002990C       compare
 0001:00017774       CompareHeaders
 0001:000057D4       CompareString
 0001:00006BA0       CompareText
 0001:000070C8       CompareWith
 0001:00019330       Compress
 0001:00015330       Compress
 0001:00016D70       Consts
 0001:00017558       Contnrs
 0002:000003B0       Convert
 0002:000003C0       Convert
 0001:0000AB9C       ConvertAddr
 0001:00008E90       ConvertEraString
 0001:00006A50       ConvertError
 0001:00006A70       ConvertErrorFmt
 0001:00009014       ConvertYearString
 0001:000045EC       CopyArray
 0001:000057DC       CopyFile
 0001:0000BA84       CountChars
 0001:00017260       CRC32
 0002:00000454       CRC32tab
 0001:0000B240       CreateAssertException
 0001:0000B43C       CreateAVObject
 0001:00007890       CreateDir
 0001:000057E4       CreateDirectory
 0001:000057EC       CreateEvent
 0001:000057F4       CreateFile
 0001:0000017C       CreateFileA
 0001:000057FC       CreateFileMapping
 0001:0000B12C       CreateInOutError
 0002:00000934       CreateMultiplayerMapsList
 0001:00020BF4       CreateToolhelp32Snapshot
 0002:00000390       CRelationshipToBoolean
 0002:00000324       CResult
 0002:0000014C       cSimpleBoolStrs
 0002:0000033C       CText
 0002:00001618       curAlloc
 0002:00001688       CurrencyDecimals
 0002:00001684       CurrencyFormat
 0002:00001680       CurrencyString
 0001:00008CEC       CurrentYear
 0001:00008680       CurrToStr
 0001:0000EC38       CurrToWStrViaOS
 0001:00020678       CustomGetters
 0001:00006DE0       CvtInt
 0001:00006E4C       CvtInt64
 0002:0000018C       CWNear
 0001:00016D78       DataToStr2
 0001:0001DA8C       DataTypeToRegData
 0001:00008C78       Date
 0002:00001689       DateSeparator
 0001:000099E0       DateTimeToStr
 0001:00009934       DateTimeToString
 0001:000087B0       DateTimeToTimeStamp
 0001:000099A0       DateToStr
 0001:0000EC70       DateToWStrViaOS
 0001:00008C48       DayOfWeek
 0002:00000188       DCon10
 0002:0000002C       DebugHook
 0002:00001687       DecimalSeparator
 0001:00008C18       DecodeDate
 0001:00008A9C       DecodeDateFully
 0001:000088B8       DecodeTime
 0001:0000080C       Decommit
 0001:00000F38       DecommitFree
 0002:000015F4       decommittedRoot
 0002:00000940       DecompressionBufferSize
 0002:00000024       Default8087CW
 0002:00000038       DefaultTextLineBreakStyle
 0002:000015B8       DefaultUserCodePage
 0002:00000218       DefLongDayNames
 0002:000001CC       DefLongMonthNames
 0002:000001FC       DefShortDayNames
 0002:0000019C       DefShortMonthNames
 0002:0000085C       Deities
 0001:00004850       DelayLoadResourceModule
 0001:00000428       DeleteBlock
 0001:00005804       DeleteCriticalSection
 0001:00000338       DeleteCriticalSection
 0001:0000580C       DeleteFile
 0001:00000D20       DeleteFree
 0001:00005814       DeviceIoControl
 0002:00000094       dig
 0001:00007434       DirectoryExists
 0001:0003BA88       DirectPlayCreate
 0002:00001A3C       DirectPlayCreate_proc
 0001:0003B790       DirectPlayEnumerate
 0001:0003B888       DirectPlayEnumerateA
 0002:00001A34       DirectPlayEnumerateA_proc
 0001:0003B988       DirectPlayEnumerateW
 0002:00001A38       DirectPlayEnumerateW_proc
 0002:00001A30       DirectPlayEnumerate_proc
 0001:0003BE30       DirectPlayLobbyCreateA
 0002:00001A44       DirectPlayLobbyCreateA_proc
 0001:0003BCF0       DirectPlayLobbyCreateW
 0002:00001A40       DirectPlayLobbyCreateW_proc
 0001:0003C608       DisableThreadLibraryCalls
 0002:00001000       DispCallByIDProc
 0001:00006A34       DivMod
 0001:0003C084       DllCanUnloadNow
 0001:0003C124       DllGetClassObject
 0002:00001664       DllProc
 0002:00001A24       DoFinalize
 0002:00001A20       DoInitialize
 0002:00000930       DoInterpretCommand
 0001:0000B7B0       DoneExceptions
 0001:00014A74       DoneThreadSynchronization
 0001:00020104       DoReport
 0002:000003AC       DotSep
 0001:00011E54       DoWrite
 0001:0003C550       Do_LoadTime_CodeInjections
 0001:0001B860       DPlay
 0001:0003CF24       dplayx
 0001:0003B6F8       DPlayxHandleInvalid
 0002:0000095C       dplayxLibHandle
 0001:0003C23C       Dplayx_exports
 0001:0001B984       DPLobby
 0001:0003B6F0       DPLobbyWrapper
 0001:00004604       DynArrayClear
 0001:0000460C       DynArraySetLength
 0001:0000B0F0       EHeapException.FreeInstance
 0001:0001549C       Elapsed
 0002:000017FC       EmptyParam
 0002:000000D4       EmptyStr
 0002:000000D8       EmptyWideStr
 0001:00008A60       EncodeDate
 0001:00008874       EncodeTime
 0001:0000581C       EnterCriticalSection
 0001:00000328       EnterCriticalSection
 0001:00005824       EnumCalendarInfoA
 0001:0000A75C       EnumEraNames
 0001:0000A7A8       EnumEraYearOffsets
 0002:00001750       EraNames
 0001:00009D0C       EraToYear
 0002:0000176C       EraYearOffsets
 0002:0000006C       errCaption
 0001:00001B1C       Error
 0002:00000004       ErrorAddr
 0001:00001AD0       ErrorAt
 0001:0000B1D0       ErrorHandler
 0001:000212AC       ErrorLog_ExtraData
 0001:00021268       Errorlog_Thunk1
 0001:00020F24       Errorlog_Thunk2
 0002:00000234       ErrorMap
 0002:00001008       ErrorProc
 0001:00019F90       ErrorString
 0002:000013E0       ErrOutput
 0001:00001A98       ExceptAddr
 0002:0000100C       ExceptClsProc
 0001:0000B700       ExceptHandler
 0001:0000AE40       Exception.Create
 0001:0000AE88       Exception.CreateFmt
 0001:0000B058       Exception.CreateFmtHelp
 0001:0000B004       Exception.CreateHelp
 0001:0000AF18       Exception.CreateRes
 0001:0000AF60       Exception.CreateResFmt
 0002:0000101C       ExceptionClass
 0001:0000ABAC       ExceptionErrorMessage
 0002:0000026C       ExceptMap
 0002:00001010       ExceptObjProc
 0002:00001004       ExceptProc
 0001:0000BE18       ExcludeTrailingPathDelimiter
 0002:00000000       ExitCode
 0001:00003744       ExitDll
 0002:00001040       ExitProc
 0001:000001DC       ExitProcess
 0002:00001024       ExitProcessProc
 0001:00005674       ExitProcessTLS
 0001:0000564C       ExitThreadTLS
 0001:000077CC       ExpandFileName
 0002:00000924       ExpectedData
 0001:000076BC       ExtractFileDir
 0001:0000776C       ExtractFileExt
 0001:00007728       ExtractFileName
 0001:0000767C       ExtractFilePath
 0002:0000178C       FalseBoolStrs
 0002:0000017C       FCon1E18
 0001:000073A4       FileAge
 0001:00007390       FileClose
 0001:000072C4       FileCreate
 0001:00007290       FileCreate
 0001:00007414       FileExists
 0002:000008A0       FileFlags
 0002:0000000C       FileMode
 0001:00001ED8       FileNOPProc
 0001:00007220       FileOpen
 0001:000072E4       FileRead
 0001:00007354       FileSeek
 0001:0000582C       FileTimeToDosDateTime
 0001:00005834       FileTimeToLocalFileTime
 0001:0000731C       FileWrite
 0002:00000434       FILE_SHARING_ERRORS
 0001:00000E58       FillAfterGap
 0001:00000DF8       FillBeforeGap
 0001:00000EF8       FillerSizeAfterGap
 0001:00000E80       FillerSizeBeforeGap
 0001:0000DAFC       Finalization
 0001:0001022C       Finalization
 0001:000103E0       Finalization
 0001:00010444       Finalization
 0001:0001049C       Finalization
 0001:00014B20       Finalization
 0001:00015008       Finalization
 0001:00015058       Finalization
 0001:00015234       Finalization
 0001:00016D08       Finalization
 0001:00016D40       Finalization
 0001:0001735C       Finalization
 0001:0000572C       Finalization
 0001:00017394       Finalization
 0001:00005764       Finalization
 0001:00017528       Finalization
 0001:000184BC       Finalization
 0001:00018528       Finalization
 0001:00018F90       Finalization
 0001:00018FE4       Finalization
 0001:00019B30       Finalization
 0001:00019E8C       Finalization
 0001:0001B830       Finalization
 0001:0001B954       Finalization
 0001:0001BF5C       Finalization
 0001:0000D0B8       Finalization
 0001:0001C3AC       Finalization
 0001:0001C414       Finalization
 0001:0001C7A0       Finalization
 0001:0001D85C       Finalization
 0001:0001E668       Finalization
 0001:0001FA90       Finalization
 0001:0001FFB4       Finalization
 0001:00005E60       Finalization
 0001:00020590       Finalization
 0001:00005B18       Finalization
 0001:000208FC       Finalization
 0001:00005AE0       Finalization
 0001:00020C90       Finalization
 0001:00020CC8       Finalization
 0001:0002127C       Finalization
 0001:00021318       Finalization
 0001:000214C8       Finalization
 0001:00021A88       Finalization
 0001:00023254       Finalization
 0001:00023440       Finalization
 0001:00023698       Finalization
 0001:00023924       Finalization
 0001:000239F0       Finalization
 0001:00023B30       Finalization
 0001:00023CE0       Finalization
 0001:00024034       Finalization
 0001:000241B0       Finalization
 0001:00024300       Finalization
 0001:00024508       Finalization
 0001:00024540       Finalization
 0001:0002480C       Finalization
 0001:00024A64       Finalization
 0001:00038D98       Finalization
 0001:0003A144       Finalization
 0001:0003B6C0       Finalization
 0001:0003C20C       Finalization
 0001:0003C340       Finalization
 0001:0003C50C       Finalization
 0001:0003C5D0       Finalization
 0001:0003CB00       Finalization
 0001:0003CC0C       Finalization
 0001:0003CC8C       Finalization
 0001:0003CCC4       Finalization
 0001:00005470       Finalization
 0001:000045FC       FinalizeArray
 0001:000034F4       FinalizeUnits
 0001:000048E0       FindBS
 0001:0000583C       FindClose
 0001:000001EC       FindClose
 0001:00000DB4       FindCommitted
 0001:00010174       FindCustomVariantType
 0001:000001F4       FindFirstFile
 0001:00005844       FindFirstFile
 0002:0000185C       FindGlobalComponentProcs
 0001:00004828       FindHInstance
 0001:00034EC8       FindHostPlayer
 0001:0000D7AC       FindProc
 0001:00004898       FindResourceHInstance
 0002:000018D0       fIsWin9x
 0002:0000179C       FLanguages
 0001:00008310       FloatToDecimal
 0001:00008650       FloatToStr
 0001:0000803C       FloatToText
 0001:000021A4       Flush
 0001:0000584C       FlushFileBuffers
 0001:00005854       FlushInstructionCache
 0002:00000190       FMSecsPerDay
 0001:00007F1C       FmtStr
 0001:0000746C       ForceDirectories
 0001:00007EF4       Format
 0002:00000198       Format
 0001:00007B24       FormatBuf
 0001:00007B10       FormatClearStr
 0001:00007A70       FormatError
 0002:00000174       FormatErrorStrs
 0001:0000585C       FormatMessage
 0001:00007AD8       FormatVarToStr
 0001:00002754       FPower10
 0001:0000CDC4       FreeAndNil
 0001:00000AB4       FreeCommitted
 0001:000010EC       FreeCurAlloc
 0001:00014A90       FreeIntConstList
 0001:00005864       FreeLibrary
 0001:000001FC       FreeLibrary
 0001:00018558       FreeListU
 0001:00000684       FreeSpace
 0001:0000C764       FreeTerminateProcs
 0002:000008A4       fVersionLazyInited
 0001:000239C0       GameUnit_LOS_MiniMap_UnitsProjectiles_IsOwner
 0001:00023B24       GameUnit_LOS_PlayerSeeUnit_EpilogCode_Exit
 0001:00023AD0       GameUnit_LOS_PlayerSeeUnit_IsOwnerAllowedToSee
 0001:000237B0       GameUnit_LOS_Radar_CanDirectlySeeUnit
 0001:00023864       GameUnit_LOS_Radar_LoopCondition
 0001:0002380C       GameUnit_LOS_Radar_LoopStart
 0001:00023E70       GameUnit_LOS_Update_1_Retry
 0001:00023E54       GameUnit_LOS_Update_1_Start
 0001:00023F5C       GameUnit_LOS_Update_2_Retry
 0001:00023F40       GameUnit_LOS_Update_2_Start
 0002:0000092C       Game_SetLOSState
 0002:00001A28       gdwDPlaySPRefCount
 0001:0000586C       GetACP
 0001:00000340       GetBlockDesc
 0001:00016EB8       GetChar
 0001:000002DC       GetCmdShow
 0001:000236D0       GetCodeInjections
 0001:00023D18       GetCodeInjections
 0001:00023B68       GetCodeInjections
 0001:0002395C       GetCodeInjections
 0001:00023A28       GetCodeInjections
 0001:0002406C       GetCodeInjections
 0001:00000204       GetCommandLine
 0001:000008C8       GetCommitted
 0001:00000970       GetCommittedAt
 0001:00008DE0       GetCount
 0001:00005874       GetCPInfo
 0001:0000587C       GetCurrentProcess
 0001:00005884       GetCurrentThreadId
 0001:000002BC       GetCurrentThreadId
 0001:00008E18       GetDate
 0001:0000588C       GetDateFormat
 0001:00009BD8       GetDateOrder
 0001:00005894       GetDiskFreeSpaceA
 0002:00000148       GetDiskFreeSpaceEx
 0001:00002DA8       GetDynaMethod
 0001:0000A834       GetEraNamesAndYearOffsets
 0001:00009CA8       GetEraYearOffset
 0001:0000B410       GetExceptionClass
 0001:0000B620       GetExceptionObject
 0001:0000589C       GetFileAttributes
 0001:000058A4       GetFileSize
 0001:0000018C       GetFileSize
 0001:00000184       GetFileType
 0001:000199D0       GetFileVersion
 0001:00005A24       GetFileVersionInfo
 0001:00005A2C       GetFileVersionInfoSize
 0001:000197C4       GetFileVersion_internal
 0001:0000C2F8       GetFormatSettings
 0001:000058AC       GetFullPathName
 0001:00021550       GetINIFileName
 0001:00002A40       GetKeyboardType
 0001:0000020C       GetLastError
 0001:000058B4       GetLastError
 0001:0001827C       GetLineNumberFromAddress
 0001:0000A5A8       GetLocaleChar
 0001:000058C4       GetLocaleInfo
 0001:00000214       GetLocaleInfo
 0001:0000A54C       GetLocaleStr
 0001:000058BC       GetLocalTime
 0001:00018470       GetMapAddressFromAddress
 0001:00018378       GetMapFileName
 0001:000058CC       GetModuleFileName
 0001:0000021C       GetModuleFileName
 0001:000058D4       GetModuleHandle
 0001:00000224       GetModuleHandle
 0001:00018190       GetModuleNameFromAddress
 0001:0000A628       GetMonthDayNames
 0001:00019104       GetMyDocs
 0001:00001BFC       GetParamStr
 0001:0003C278       GetPlugin
 0001:00024248       GetPlugin
 0001:00020D08       GetPlugin
 0001:000212BC       GetPlugin
 0001:00023638       GetPlugin
 0001:000245B4       GetPlugin
 0001:000205D0       GetPlugin
 0001:00021358       GetPlugin
 0001:0003C438       GetPlugin
 0001:0002435C       GetPlugin
 0001:000058DC       GetPrivateProfileString
 0001:0000022C       GetProcAddress
 0001:000058E4       GetProcAddress
 0001:0001820C       GetProcNameFromAddress
 0001:000005A8       GetSpace
 0001:0000060C       GetSpaceAt
 0001:00000234       GetStartupInfo
 0001:00000194       GetStdHandle
 0001:000058EC       GetStdHandle
 0001:000058F4       GetStringTypeEx
 0001:00019164       GetSysDir
 0001:000058FC       GetSystemDirectory
 0001:00005904       GetSystemInfo
 0001:00005A5C       GetSystemMetrics
 0001:00019AB8       GetTADemoVersion
 0001:0000590C       GetTempFileName
 0001:00005914       GetTempPath
 0001:0000591C       GetThreadLocale
 0001:0000023C       GetThreadLocale
 0001:000002D4       GetTickCount
 0001:00005924       GetTickCount
 0001:00008E50       GetTime
 0001:000055D4       GetTlsSize
 0001:000002C4       GetVersion
 0001:0000592C       GetVersionEx
 0001:00005934       GetVolumeInformation
 0001:000192A4       GetVolumePathName
 0001:0000593C       GlobalAlloc
 0001:00005AA0       GlobalAllocPtr
 0002:00001860       GlobalFixupList
 0001:00005944       GlobalFree
 0001:00005ACC       GlobalFreePtr
 0001:00005954       GlobalHandle
 0001:0000594C       GlobalLock
 0002:00001848       GlobalNameSpace
 0001:0000595C       GlobalReAlloc
 0001:00005AB0       GlobalReAllocPtr
 0001:00005964       GlobalUnlock
 0001:00016D38       GPHugeF
 0002:00001A00       hBattleRoomScrollBarKeyboardHook
 0002:00000028       HeapAllocFlags
 0002:000015C0       heapErrorCode
 0002:000015C4       heapLock
 0002:00000144       HexDisplayPrefix
 0001:000149C0       HexToBin
 0002:00001660       HInstance
 0001:00005A84       HiWord
 0001:00038DD4       idplay
 0002:000008B8       IID_IDirectPlay
 0002:000008A8       IID_IDirectPlay3
 0002:000008C8       IID_IDirectPlayLobby2
 0002:00000194       IMSecsPerDay
 0001:0000E8D4       InBounds
 0001:0000E634       InBounds
 0001:0000BDC4       IncludeTrailingPathDelimiter
 0001:0000E904       Increment
 0001:0000E664       Increment
 0002:00001990       iniFileName_cache
 0001:0001D8A4       IniFiles
 0002:00001978       iniSettings
 0001:00000B48       InitAllocator
 0001:0003CB30       InitCode
 0001:0003CC3C       InitCode_CoreExePatching
 0002:00001630       InitContext
 0001:0000C798       InitDriveSpacePtr
 0001:0000B728       InitExceptions
 0001:0000596C       InitializeCriticalSection
 0001:00000320       InitializeCriticalSection
 0002:000015BC       initialized
 0001:000056D8       InitializeModule
 0001:0000D7F0       InitializeVarUtils
 0001:0000C0A8       InitLeadBytes
 0001:0000B834       InitPlatformId
 0001:00005620       InitProcessTLS
 0001:0000C14C       InitSysLocale
 0001:00014A3C       InitThreadSynchronization
 0001:000055DC       InitThreadTLS
 0001:0003CC00       InitThunk_Stage1
 0001:0003CB80       InitThunk_Stage2
 0001:00020934       InitToolHelp
 0001:00003564       InitUnits
 0001:00021AD4       INI_Options
 0002:00001048       Input
 0001:00023478       InputHandler
 0001:000236C8       InputHook
 0001:00000FF4       InsertFree
 0001:0001F768       InstallPlugins
 0002:00001854       IntConstList
 0001:0000C808       InterlockedDecrement
 0001:000002B4       InterlockedDecrement
 0001:0000C814       InterlockedExchange
 0001:0000C81C       InterlockedExchangeAdd
 0001:0000C7FC       InterlockedIncrement
 0001:000002AC       InterlockedIncrement
 0001:00001F18       InternalClose
 0001:0000215C       InternalFlush
 0001:00000E34       InternalFreeMem
 0001:00003DC0       InternalUniqueString
 0001:00006F40       IntToHex
 0001:00006F68       IntToHex
 0001:00006F18       IntToStr
 0001:00006E2C       IntToStr
 0002:00001798       InvalidPointer
 0001:00002C70       InvokeImplGetter
 0001:00001B9C       IOResult
 0001:00005974       IsBadReadPtr
 0002:00001044       IsConsole
 0001:0000BD68       IsDelimiter
 0001:00008918       IsLeapYear
 0002:00001034       IsLibrary
 0002:00001045       IsMultiThread
 0001:0000BD1C       IsPathDelimiter
 0001:0001DA14       IsRelative
 0001:00016E2C       IsStrBool
 0001:0001C2E8       IsTAHookRunning
 0001:000200EC       IsTAVersion31
 0002:00001919       IsTAVersion31_Cache
 0001:0000C128       IsWesternGroup
 0001:00019244       IsWin9x
 0002:00000030       JITEnable
 0002:00001924       KernelHandle
 0002:000018C8       kernellib
 0001:0000756C       LastDelimiter
 0001:000053FC       LCIDToCodePage
 0001:0000C030       LCIDToCodePage
 0002:00000124       LeadBytes
 0001:0000597C       LeaveCriticalSection
 0001:00000330       LeaveCriticalSection
 0002:0000003C       LibModuleList
 0001:0003CB58       LibraryProc
 0002:000018A4       LineNumbers
 0001:0001C008       ListCheats
 0002:0000174E       ListSeparator
 0001:00015038       ListsU
 0001:00017F0C       LoadAndParseMapFile
 0001:00005984       LoadLibrary
 0001:00000244       LoadLibraryEx
 0001:00004AE4       LoadResourceModule
 0001:000053A4       LoadResString
 0001:00005A64       LoadString
 0001:0000024C       LoadString
 0001:00000300       LocalAlloc
 0001:00005598       LocalAlloc
 0001:000055A0       LocalFree
 0001:00000308       LocalFree
 0001:0000A5E4       LocalGetLocaleStr
 0001:0001C7D0       log2
 0002:00000858       logdir
 0001:000186E4       LogError
 0001:000185D0       LogException
 0002:000018B8       logFilename
 0001:00018FD4       logging
 0002:00000958       logsave
 0002:000018BC       Log_
 0002:00001690       LongDateFormat
 0002:00001724       LongDayNames
 0002:000016D8       LongMonthNames
 0002:000016A4       LongTimeFormat
 0001:000241E0       LOS_AllyPlayer
 0001:00024330       LOS_extensions
 0001:00023D10       LOS_GUIText
 0001:00023C74       LOS_GUIText_SeeCommHealth
 0001:00023CAC       LOS_GUIText_Unit_KillsNStuff
 0001:00023C34       LOS_GUIText_Unit_Resources
 0001:00023A20       LOS_MiniMapUnits
 0001:00023B60       LOS_PlayerSeeUnit
 0001:00023954       LOS_Radar
 0002:000019D4       LOS_Updates_PTR
 0001:00024064       LOS_UpdateTables
 0001:00006B34       LowerCase
 0002:00000950       LowerLimit
 0001:00000254       lstrcpyn
 0002:00001820       LVarTypes
 0002:00001824       LVarTypeSync
 0002:0000102C       MainInstance
 0002:00001030       MainThreadID
 0001:000003C4       MakeEmpty
 0001:000036E8       MakeErrorMessage
 0001:00019720       MakeTempFilename
 0001:0000B35C       MapException
 0002:00000854       MapFileName
 0002:000018A8       MapFileSetup
 0001:0000336C       MapToRunError
 0001:0000598C       MapViewOfFile
 0001:000173C4       Math
 0001:0001C3DC       MemMappedDataStructure
 0002:00000044       MemoryManager
 0001:0000045C       MergeBlockAfter
 0001:00001138       MergeCommit
 0001:000001E4       MessageBox
 0001:00005A6C       MessageBox
 0001:00005B48       Messages
 0001:00015088       MMSystem
 0001:00024A94       ModsList
 0002:000000AC       Module
 0001:00020C28       Module32First
 0001:00020C5C       Module32Next
 0001:00020EDC       ModuleInfoComparer
 0002:0000165D       ModuleIsCpp
 0002:0000165C       ModuleIsLib
 0001:00014B0C       ModuleUnload
 0002:00000040       ModuleUnloadList
 0002:000000F4       MonthDays
 0001:00001BBC       Move
 0001:0003C548       MultiAILimit
 0001:00000264       MultiByteToWideChar
 0002:00001685       NegCurrFormat
 0001:000011C4       NewCommit
 0001:000011F0       NewCommitAt
 0002:00000938       NewUnitLimit
 0001:0000BCC8       NextCharIndex
 0002:00000034       NoErrMsg
 0001:00002F24       NotifyAnyExcept
 0001:00002EF8       NotifyExcept
 0001:00002F58       NotifyExceptFinally
 0001:00004E20       NotifyModuleUnload
 0001:00002ED4       NotifyNonDelphiException
 0001:00002F10       NotifyOnExcept
 0001:00002EB8       NotifyReRaise
 0001:00002F80       NotifyTerminate
 0001:00002F9C       NotifyUnhandled
 0001:00008CA4       Now
 0002:00000330       NullAsStringValue
 0002:0000032C       NullStrictConvert
 0002:000019FC       nUpClicks
 0002:000018B0       ObjectsToFree
 0001:000165C4       OffsetPtr
 0001:0003CAC8       OnFinalize
 0001:00018518       OnFinalize
 0001:0003B720       OnInit
 0001:00018500       OnInitialize
 0001:0003C69C       OnInitialize
 0001:000212B4       OnInstall
 0001:0003C378       OnInstall
 0001:00020D00       OnInstall
 0001:0003C270       OnInstall
 0001:00023608       OnInstall
 0001:00024578       OnInstallBattleRoomScroll
 0001:000205C8       OnInstallCobExtensions
 0001:00024204       OnInstallShareLOS
 0001:0002434C       OnInstallSpeedHack
 0001:00021350       OnInstallUnitLimit
 0001:00020D04       OnUnInstall
 0001:0003C274       OnUninstall
 0001:000212B8       OnUnInstall
 0001:00023628       OnUnInstall
 0001:0003C37C       OnUninstall
 0001:00024598       OnUninstallBattleRoomScroll
 0001:000205CC       OnUninstallCobExtensions
 0001:00024210       OnUninstallShareLOS
 0001:00024358       OnUninstallSpeedHack
 0001:00021354       OnUninstallUnitLimit
 0001:0001C338       OpenMemMap
 0001:00001E2C       OpenText
 0002:00001794       OutOfMemory
 0002:00001214       Output
 0001:00033400       OutputInfo
 0001:0001C444       PacketBufferU
 0001:00023284       packet_old
 0001:00001D60       ParamStr
 0001:00016F10       ParseParams
 0001:0001E9E0       PatchNJump
 0001:0003C318       PauseHandling
 0001:0003C370       PauseLock
 0001:0003A174       PlayerDataU
 0002:000019C0       PlayerPtr
 0002:000019D8       PlayerPtr
 0002:000019AC       PlayerPtr
 0001:00024180       Player_SetAlliedState_JumpHook
 0001:00024198       Player_SetAlliedState_RetHook
 0001:00023470       PluginCommandHandlerU
 0002:0000199C       PluginCommands
 0001:0001FAD0       PluginEngine
 0001:0003C600       Plugins
 0002:00001908       Plugins
 0001:00010FBC       PointerInModule
 0002:00001A58       proc
 0002:000018D4       proc
 0002:000018A0       Procedures
 0001:000140AC       PropValueError
 0002:000000A8       PtrToNil
 0001:0001713C       PtrToStr
 0001:00007FF8       PutExponent
 0001:000002CC       QueryPerformanceCounter
 0001:00011750       QuickSort
 0001:0000B2F8       RaiseAssertException
 0001:0000019C       RaiseException
 0001:0001360C       RaiseException
 0002:00001014       RaiseExceptionProc
 0001:0000C694       RaiseLastOSError
 0001:00001DC4       Randomize
 0002:00000008       RandSeed
 0001:0001408C       ReadError
 0001:0001D9E0       ReadError
 0001:00005994       ReadFile
 0001:000001A4       ReadFile
 0001:0002175C       ReadINISettings
 0001:000023DC       ReadLine
 0001:0000599C       ReadProcessMemory
 0002:00001818       RefAnyProc
 0001:0000026C       RegCloseKey
 0001:0000579C       RegCloseKey
 0001:000057A4       RegCreateKeyEx
 0001:0001DA3C       RegDataToDataType
 0001:000057AC       RegFlushKey
 0002:00001858       RegGroups
 0001:00004E7C       RegisterModule
 0001:0001F704       RegisterPlugin
 0001:0001E6B0       Registry
 0001:000057B4       RegOpenKeyEx
 0001:00000274       RegOpenKeyEx
 0001:000057BC       RegQueryValueEx
 0001:0000027C       RegQueryValueEx
 0001:000057C4       RegSetValueEx
 0002:00000050       reMap
 0002:00001614       remBytes
 0001:000004E4       RemoveBlock
 0001:00013F3C       RemoveFixupReferences
 0001:00013FF8       RemoveFixups
 0001:000172E4       RemoveInvalid
 0001:00004D70       RemoveModuleUnloadProc
 0001:00004D98       RemoveModuleUnloadProc
 0001:000059A4       ResetEvent
 0001:00024338       ResetGameSpeedLimits
 0001:000241E8       ResetShareLosState
 0001:00001728       ResizeInPlace
 0001:000113F4       ReturnAddr
 0001:00011FD8       ReturnAddr
 0002:00001610       rover
 0001:00010410       RTLConsts
 0001:000001AC       RtlUnwind
 0002:00001018       RTLUnwindProc
 0002:00000074       runErrMsg
 0001:00001AC4       RunErrorAt
 0001:0000D78C       SafeArrayCreate
 0001:0000D794       SafeArrayGetLBound
 0001:0000D79C       SafeArrayGetUBound
 0001:0000D7A4       SafeArrayPtrOfIndex
 0001:00006BF4       SameText
 0001:000099FC       ScanBlanks
 0001:00009B88       ScanChar
 0001:00009D74       ScanDate
 0001:00009A3C       ScanNumber
 0001:00009AF0       ScanString
 0001:0000A108       ScanTime
 0001:00009C40       ScanToNumber
 0001:000247B8       ScrollBattleRoomTextWindowDown
 0001:00024754       ScrollBattleRoomTextWindowUp
 0001:00001224       SearchSmallBlocks
 0001:000195B0       SelfLocation
 0002:000018D8       SelfLocation_cache
 0001:0000FEA0       SetClearVarToEmptyParam
 0001:000059AC       SetEndOfFile
 0001:000001B4       SetEndOfFile
 0001:000059B4       SetEvent
 0001:000034AC       SetExceptionHandler
 0001:000001BC       SetFilePointer
 0001:000059BC       SetFilePointer
 0001:00001B48       SetInOutRes
 0001:000059C4       SetLastError
 0001:0001FC04       SetLongword
 0001:0000FE88       SetVarAsError
 0001:00005A74       SetWindowsHookEx
 0001:0001FBE8       SetWord
 0002:00000898       ShareFlags
 0002:00000160       ShareMode
 0001:00019014       SHFolder
 0001:00018FDC       SHGetFolderPath
 0002:0000168C       ShortDateFormat
 0002:00001708       ShortDayNames
 0002:000016A8       ShortMonthNames
 0002:000016A0       ShortTimeFormat
 0001:0000AD64       ShowException
 0001:0002413C       Signal_AlliedStateChange
 0001:00017218       SimpleCrypt
 0001:0001449C       SkipBinary
 0001:000144D0       SkipCollection
 0001:00014470       SkipList
 0001:0000C68C       Sleep
 0001:000059CC       Sleep
 0002:0000161C       smallTab
 0002:000015E4       spaceRoot
 0001:00024538       SpeedHack
 0001:00024478       SpeedState_DecreaseSpeed_Check
 0001:000244B0       SpeedState_IncreaseSpeed_Check
 0001:000244E0       SpeedState_SetSpeed_Check
 0001:0001EA10       SpliceInJump
 0002:00001A0C       StartedFrom
 0002:00000954       State_BattleRoomScroll
 0002:00000928       State_COB_extensions
 0002:00000968       State_MultiAILimit
 0002:00000960       State_PauseLock
 0002:00000948       State_SpeedHack
 0002:0000093C       State_UnitLimit
 0001:00038EB0       StatusToStr
 0002:00000964       StopPauseStateChange
 0001:00007A04       StrAlloc
 0001:0000B994       StrByteType
 0001:0000BC28       StrCharLength
 0001:0001342C       StringListCompareStrings
 0001:000176B0       StripFromString
 0001:00007900       StrLCopy
 0001:000078BC       StrLen
 0001:00007E9C       StrLFmt
 0001:00007934       StrLIComp
 0001:000078D4       StrMove
 0001:00007A30       StrNew
 0001:0000BC5C       StrNextChar
 0001:000079B0       StrPos
 0001:00007978       StrScan
 0001:0000A324       StrToDate
 0001:0000A41C       StrToDateTime
 0001:000086B0       StrToFloat
 0001:00006F98       StrToInt
 0001:00006FD8       StrToIntDef
 0001:0000A3A0       StrToTime
 0001:0003C1C8       StubCall
 0001:000193A8       SupportsCompression
 0002:0000184C       SyncEvent
 0001:00017800       SyncHeaders
 0002:00000430       SyncList
 0001:00015264       SyncObjs
 0001:00000294       SysAllocStringLen
 0001:00005E90       SysConst
 0001:0000A4E8       SysErrorMessage
 0001:00001550       SysFreeMem
 0001:000002A4       SysFreeString
 0001:000013A4       SysGetMem
 0001:0000575C       SysInit
 0002:00001740       SysLocale
 0001:0000192C       SysReallocMem
 0001:0000029C       SysReAllocStringLen
 0001:000054C4       System
 0001:0000D238       SysUtils
 0002:00001910       TAData
 0001:00019B8C       TADemoConsts
 0002:000018DC       TADemoVersion_cache
 0001:0002033C       TAMem.getActualUnitLimit
 0001:000202E8       TAMem.getGameSpeed
 0001:00020368       TAMem.getIsAlteredUnitLimit
 0001:00020310       TAMem.getMaxUnitLimit
 0001:000203BC       TAMem.getPlayerIndex
 0001:00020440       TAMem.GetUnitPtr
 0001:00020394       TAMem.getUnitsPtr
 0001:000202C0       TAMem.getViewPLayer
 0001:00020228       TAMem.IsTAVersion31
 0001:0001FFE4       TAMemManipulations
 0001:000204A4       TAPlayer.GetAlliedState
 0001:000204EC       TAPlayer.PlayerType
 0001:00020514       TAUnit.getKills
 0001:00020568       TAUnit.GetOwnerIndex
 0001:00020540       TAUnit.GetOwnerPtr
 0001:00020CF8       TA_FunctionsU
 0001:000205C0       TA_MemoryLocations
 0001:00024570       TA_NetworkingMessages
 0001:0001EB7C       TCodeInjection.Create
 0001:0001EBC0       TCodeInjection.RestoreProc
 0001:0001F068       TCodeInjection_RelativeJmp.Create
 0001:0001F0D0       TCodeInjection_RelativeJmp.WriteProc
 0001:0001ED00       TCodeInjection_Replacement.WriteProc
 0001:0001EEB4       TCodeInjection_StaticCall.WriteProc
 0001:0001BA64       TCommandHandler.Create
 0001:0001BE28       TCommands.AddCommand
 0001:0001BCC4       TCommands.AddCommandAlias
 0001:0001BC1C       TCommands.ClearCommands
 0001:0001BB08       TCommands.Create
 0001:0001BB74       TCommands.destroy
 0001:0001BBB8       TCommands.GetCount
 0001:0001BBE8       TCommands.GetItem
 0001:0001BC7C       TCommands.LookUpCommand
 0001:00015204       TCriticalSection.Acquire
 0001:00015174       TCriticalSection.Create
 0001:000151C4       TCriticalSection.Destroy
 0001:0001521C       TCriticalSection.Release
 0001:0001C9B0       TCustomIniFile.Create
 0001:0001D03C       TCustomIniFile.ReadBinaryStream
 0001:0001CB28       TCustomIniFile.ReadBool
 0001:0001CB5C       TCustomIniFile.ReadDate
 0001:0001CC18       TCustomIniFile.ReadDateTime
 0001:0001CCD4       TCustomIniFile.ReadFloat
 0001:0001C9F8       TCustomIniFile.ReadInteger
 0001:0001CD90       TCustomIniFile.ReadTime
 0001:0001D1B0       TCustomIniFile.WriteBinaryStream
 0001:0001D008       TCustomIniFile.WriteBool
 0001:0001CE4C       TCustomIniFile.WriteDate
 0001:0001CEB4       TCustomIniFile.WriteDateTime
 0001:0001CF1C       TCustomIniFile.WriteFloat
 0001:0001CAC4       TCustomIniFile.WriteInteger
 0001:0001CF88       TCustomIniFile.WriteTime
 0001:00013C40       TCustomMemoryStream.Read
 0001:00013CB0       TCustomMemoryStream.Seek
 0001:00013C18       TCustomMemoryStream.SetPointer
 0001:0000FF3C       TCustomVariantType.BinaryOp
 0001:0000FF48       TCustomVariantType.Cast
 0001:0000FF80       TCustomVariantType.CastTo
 0001:0001000C       TCustomVariantType.CastToOle
 0001:0000FFC8       TCustomVariantType.Compare
 0001:0000FFD4       TCustomVariantType.CompareOp
 0001:00010048       TCustomVariantType.Destroy
 0001:00010128       TCustomVariantType.DispInvoke
 0001:000100D4       TCustomVariantType.IsClear
 0001:000100D8       TCustomVariantType.LeftPromotion
 0001:000100EC       TCustomVariantType.OlePromotion
 0001:0001014C       TCustomVariantType.QueryInterface
 0001:000100F4       TCustomVariantType.RaiseCastError
 0001:00010104       TCustomVariantType.RaiseDispError
 0001:000100FC       TCustomVariantType.RaiseInvalidOp
 0001:0001010C       TCustomVariantType.RightPromotion
 0001:00010120       TCustomVariantType.UnaryOp
 0001:00010134       TCustomVariantType._AddRef
 0001:00010140       TCustomVariantType._Release
 0001:0002EBDC       TDPlay.AddGroupToGroup
 0001:0002DC58       TDPlay.AddPlayerToGroup
 0001:00027854       TDPlay.ChatMsgHandler
 0001:00025DF4       TDPlay.checkForCheats
 0001:0003517C       TDPlay.Close
 0001:00035E58       TDPlay.Create
 0001:0002E5BC       TDPlay.CreateGroup
 0001:0002DD58       TDPlay.CreateGroup
 0001:0002EC58       TDPlay.CreateGroupInGroup
 0001:000284C4       TDPlay.createlogfile
 0001:0002DCD4       TDPlay.CreatePlayer
 0001:0002F268       TDPlay.CreatePlayer
 0001:0002ECE4       TDPlay.DeleteGroupFromGroup
 0001:0002DDD8       TDPlay.DeletePlayerFromGroup
 0001:00038CE0       TDPlay.Destroy
 0001:0002DE54       TDPlay.DestroyGroup
 0001:0002F51C       TDPlay.DestroyPlayer
 0001:0002705C       TDPlay.dobase
 0001:0002DECC       TDPlay.EnableNewPlayers
 0001:0002F938       TDPlay.EnumConnections
 0001:0002DF44       TDPlay.EnumGroupPlayers
 0001:0002E644       TDPlay.EnumGroupPlayers
 0001:0002DFC8       TDPlay.EnumGroups
 0001:0002E6CC       TDPlay.EnumGroups
 0001:0002ED60       TDPlay.EnumGroupsInGroup
 0001:0002E04C       TDPlay.EnumPlayers
 0001:0002F640       TDPlay.EnumPlayers
 0001:0002F700       TDPlay.EnumSessions
 0001:0002E0D0       TDPlay.EnumSessions
 0001:00034B8C       TDPlay.ExceptMessage
 0001:000359DC       TDPlay.Exiting
 0001:000296C8       TDPlay.facexpshandler
 0001:0002E158       TDPlay.GetCaps
 0001:0002E750       TDPlay.GetCaps
 0001:00030FF0       TDPlay.GetFixFacExps
 0001:00034E1C       TDPlay.GetGoodSource
 0001:0002EDE8       TDPlay.GetGroupConnectionSettings
 0001:0002E7CC       TDPlay.GetGroupData
 0001:0002F070       TDPlay.GetGroupFlags
 0001:0002E850       TDPlay.GetGroupName
 0001:0002F0EC       TDPlay.GetGroupParent
 0001:0002E1D0       TDPlay.GetMessageCount
 0001:0002F168       TDPlay.GetPlayerAccount
 0001:0002F784       TDPlay.GetPlayerAddress
 0001:0002E8D0       TDPlay.GetPlayerCaps
 0001:0002E24C       TDPlay.GetPlayerCaps
 0001:0002E950       TDPlay.GetPlayerData
 0001:0002F1EC       TDPlay.GetPlayerFlags
 0001:0002FA38       TDPlay.GetPlayerName
 0001:0002E2C8       TDPlay.GetPlayerName
 0001:00031024       TDPlay.GetProtectDT
 0001:00025E2C       TDPlay.GetRandomMap
 0001:0002638C       TDPlay.GetRandomMapEx
 0001:00027770       TDPlay.getRecorderStatusString
 0001:00034F4C       TDPlay.GetServerPlayer
 0001:0002F848       TDPlay.GetSessionDesc
 0001:00029328       TDPlay.Handleunitdata
 0001:00034F90       TDPlay.ImServer
 0001:000265AC       TDPlay.initbuilding
 0001:00026640       TDPlay.initfastbase
 0001:0002E350       TDPlay.Initialize
 0001:0002F9BC       TDPlay.InitializeConnection
 0001:00034464       TDPlay.On3dta
 0001:00033AD8       TDPlay.OnAbout
 0001:00032B18       TDPlay.OnAutoPause
 0001:000331E4       TDPlay.OnBase
 0001:00032A9C       TDPlay.OnBaseOff
 0001:00032D18       TDPlay.OnCmdwarp
 0001:00033920       TDPlay.OnCrash
 0001:0003470C       TDPlay.OnCreatetxt
 0001:00031C18       TDPlay.OnDate
 0001:00033298       TDPlay.OnDoBase
 0001:000312E4       TDPlay.OnEhaoff
 0001:000313B0       TDPlay.OnEhaOn
 0001:00031548       TDPlay.Onehareport
 0001:00034B6C       TDPlay.OnException
 0001:00032C68       TDPlay.Onf1off
 0001:000349C4       TDPlay.OnFakeWatch
 0001:00033C24       TDPlay.OnFixall
 0001:00031164       TDPlay.OnFixDisabled
 0001:00031224       TDPlay.OnFixEnabled
 0001:00033C8C       TDPlay.OnFixFactoryExplosions
 0001:00034A50       TDPlay.OnForceCd
 0001:00031FD8       TDPlay.OnGive
 0001:00033528       TDPlay.OnHelp
 0001:000329AC       TDPlay.OnHookReport
 0001:000347B0       TDPlay.OnLockOn
 0001:00034668       TDPlay.OnOnlyUnits
 0001:00033A1C       TDPlay.OnPanic
 0001:000316C8       TDPlay.OnPlayers
 0001:00033D74       TDPlay.OnProtectDT
 0001:000348C8       TDPlay.OnRandMap
 0001:00034994       TDPlay.OnRandMapEx
 0001:0003413C       TDPlay.OnRecord
 0001:00034E9C       TDPlay.OnRemovePlayer
 0001:00031920       TDPlay.OnReport
 0001:00031A58       TDPlay.OnReportMod
 0001:00031058       TDPlay.OnShareLos
 0001:00033E4C       TDPlay.OnSharemapPos
 0001:000337F0       TDPlay.OnStatus
 0001:00032114       TDPlay.OnStopGive
 0001:0003461C       TDPlay.OnStopLog
 0001:00033188       TDPlay.OnSyncOff
 0001:00032DC8       TDPlay.OnSyncon
 0001:0003147C       TDPlay.OnTaHookOff
 0001:000325B0       TDPlay.OnTake
 0001:00033F84       TDPlay.OnTime
 0001:000321F8       TDPlay.OnUnits
 0001:00031F0C       TDPlay.OnVoteGo
 0001:00031D28       TDPlay.OnVoteReady
 0001:000338C8       TDPlay.OnYankspank
 0001:0002E3C8       TDPlay.Open
 0001:00034FC8       TDPlay.Open
 0001:00029A54       TDPlay.PacketHandler
 0001:000281B8       TDPlay.PacketLostHandler
 0001:000304B8       TDPlay.Receive
 0001:0002E440       TDPlay.Receive
 0001:0003522C       TDPlay.ResetRecorder
 0001:0002E4C8       TDPlay.SaveSession
 0001:0002EE6C       TDPlay.SecureOpen
 0001:0003006C       TDPlay.Send
 0001:000257F8       TDPlay.SendAlliedChat
 0001:0002531C       TDPlay.SendChat
 0001:00025460       TDPlay.SendChatLocal
 0001:00025590       TDPlay.SendChatLocal2
 0001:0002EEF0       TDPlay.SendChatMessage
 0001:00025D2C       TDPlay.SendClipboard
 0001:00025684       TDPlay.SendLocal
 0001:00025654       TDPlay.SendLocal
 0001:00025BA0       TDPlay.SendRecorderToRecorderMsg
 0001:000258C8       TDPlay.SendRecorderToRecorderMsg2
 0001:00029954       TDPlay.SetAutoPauseAtStart
 0001:00029974       TDPlay.SetCommanderWarp
 0001:000299B0       TDPlay.SetF1Disable
 0001:00029A0C       TDPlay.SetFastSpeed
 0001:0002EF74       TDPlay.SetGroupConnectionSettings
 0001:0002E9D4       TDPlay.SetGroupData
 0001:0002EA58       TDPlay.SetGroupName
 0001:0002EAD8       TDPlay.SetPlayerData
 0001:0002EB5C       TDPlay.SetPlayerName
 0001:0002E53C       TDPlay.SetPlayerName
 0001:0002F8C0       TDPlay.SetSessionDesc
 0001:00029A30       TDPlay.SetSlowSpeed
 0001:000299EC       TDPlay.SetSpeedLock
 0001:000290BC       TDPlay.SmartPak
 0001:0002EFF4       TDPlay.StartSession
 0001:000280F0       TDPlay.UnitCountChange
 0001:00019680       TempPath
 0002:00000320       TerminateProcList
 0002:00001046       Test8086
 0001:0001FAD8       TestByte
 0001:0001FB10       TestByte
 0001:0001FB5C       TestBytes
 0002:000019C4       TestPlayer
 0002:000019DC       TestPlayer
 0002:000019A4       TestPlayerIndex
 0002:000019A8       TestPlayerPtr
 0001:00001F28       TextClose
 0001:0002421C       TextCommand_View_Hook
 0001:0001738C       textdata
 0001:00019EBC       TextFileU
 0001:00001E9C       TextIn
 0001:00001F48       TextOpen
 0001:00001EDC       TextOut
 0001:0000853C       TextToFloat
 0001:00013A70       TFileStream.Create
 0001:00013A20       TFileStream.Create
 0001:00013BD0       TFileStream.Destroy
 0001:00015518       TGpHugeFile.AccessFile
 0001:000163BC       TGpHugeFile.AllocBuffer
 0001:00015D2C       TGpHugeFile.BlockWrite
 0001:00016918       TGpHugeFile.BlockWriteUnsafe
 0001:00015B68       TGpHugeFile.CheckHandle
 0001:00015AB0       TGpHugeFile.Close
 0001:000153A8       TGpHugeFile.CreateEx
 0001:00015460       TGpHugeFile.Destroy
 0001:00016258       TGpHugeFile.FilePos
 0001:00016C58       TGpHugeFile.FileSize
 0001:00015BD4       TGpHugeFile.FileSizeNoCache
 0001:0001631C       TGpHugeFile.Flush
 0001:00016854       TGpHugeFile.FlushBuffer
 0001:000164F4       TGpHugeFile.FreeBuffer
 0001:00016CD4       TGpHugeFile.InitReadBuffer
 0001:00016CA0       TGpHugeFile.InitWriteBuffer
 0001:000169D4       TGpHugeFile.IsOpen
 0001:00016BF0       TGpHugeFile.LoadedToTheEOF
 0001:000157C0       TGpHugeFile.ResetEx
 0001:0001594C       TGpHugeFile.RewriteEx
 0001:00016390       TGpHugeFile.RoundToPageSize
 0001:000160E8       TGpHugeFile.Seek
 0001:000165E0       TGpHugeFile.Transmit
 0001:0001616C       TGpHugeFile.Truncate
 0001:00016BA8       TGpHugeFile.Win32Check
 0001:00015E84       TGpHugeFile._Seek
 0001:000138DC       THandleStream.Create
 0001:0001392C       THandleStream.Read
 0001:0001399C       THandleStream.Seek
 0001:000139F0       THandleStream.SetSize
 0001:000139D0       THandleStream.SetSize
 0001:00013964       THandleStream.Write
 0002:00001686       ThousandSeparator
 0002:00001864       ThreadLock
 0001:0003CCBC       threadlogging
 0001:00021348       Thread_marshaller
 0001:000169F0       ThrowCase1
 0001:00016AE8       ThrowCase2
 0002:00001698       TimeAMString
 0001:00015040       timeBeginPeriod
 0001:00015048       timeGetDevCaps
 0001:00015050       timeGetTime
 0002:0000169C       TimePMString
 0002:00001694       TimeSeparator
 0001:000099C0       TimeToStr
 0001:0001D800       TIniFile.DeleteKey
 0001:0001D320       TIniFile.Destroy
 0001:0001D7A4       TIniFile.EraseSection
 0001:0001D538       TIniFile.ReadSection
 0001:0001D42C       TIniFile.ReadSections
 0001:0001D650       TIniFile.ReadSectionValues
 0001:0001D35C       TIniFile.ReadString
 0001:0001D838       TIniFile.UpdateFile
 0001:0001D3BC       TIniFile.WriteString
 0001:00004F60       TInterfacedObject.AfterConstruction
 0001:00004F6C       TInterfacedObject.BeforeDestruction
 0001:00004F7C       TInterfacedObject.NewInstance
 0001:00004F8C       TInterfacedObject.QueryInterface
 0001:00004FB4       TInterfacedObject._AddRef
 0001:00004FC8       TInterfacedObject._Release
 0001:00020CC0       TlHelp32
 0001:000112E8       TList.Add
 0001:00011340       TList.Clear
 0001:00011360       TList.Delete
 0001:000112BC       TList.Destroy
 0001:0001143C       TList.Error
 0001:000113FC       TList.Error
 0001:0001185C       TList.Extract
 0001:0001149C       TList.Get
 0001:000114E4       TList.Grow
 0001:0001153C       TList.IndexOf
 0001:000118B8       TList.Notify
 0001:00011588       TList.Put
 0001:00011618       TList.Remove
 0001:0001164C       TList.SetCapacity
 0001:000116A8       TList.SetCount
 0001:00011820       TList.Sort
 0001:0003A3C0       TLobby.Connect
 0001:0003B5A4       TLobby.Create
 0001:0003A570       TLobby.CreateAddress
 0001:0003B4EC       TLobby.CreateCompoundAddress
 0001:0003A624       TLobby.EnumAddress
 0001:0003A6D0       TLobby.EnumAddressTypes
 0001:0003A780       TLobby.EnumLocalApplications
 0001:0003A830       TLobby.GetConnectionSettings
 0001:0003A8E0       TLobby.ReceiveLobbyMessage
 0001:0003AAA8       TLobby.RunApplication
 0001:0003B214       TLobby.SendLobbyMessage
 0001:0003B38C       TLobby.SetConnectionSettings
 0001:0003B43C       TLobby.SetLobbyMessageEvent
 0001:00018F14       TLog.Add
 0001:00018D1C       TLog.Add
 0001:00018DA0       TLog.Add
 0001:00018C04       TLog.Add2
 0001:00018838       TLog.Create
 0001:00018B30       TLog.Destroy
 0001:00018BD8       TLog.Flush
 0001:0001C5A8       TLog2.Add
 0001:0001C4B0       TLog2.Create
 0001:0001C764       TLog2.Destroy
 0001:0001C580       TLog2.Flush
 0001:000055A8       TlsAlloc
 0002:0000166C       tlsBuffer
 0001:000055B0       TlsFree
 0001:000055B8       TlsGetValue
 0002:000000A4       TlsIndex
 0002:FF8C200C       TlsLast
 0002:000000C4       TlsProc
 0001:000055C0       TlsSetValue
 0001:00013D44       TMemoryStream.Clear
 0001:00013D08       TMemoryStream.Destroy
 0001:00013DE4       TMemoryStream.Realloc
 0001:00013D68       TMemoryStream.SetCapacity
 0001:00013D9C       TMemoryStream.SetSize
 0001:00013EAC       TMemoryStream.Write
 0001:00020DFC       TModuleInfo.Create
 0001:0000CCB8       TMultiReadExclusiveWriteSynchronizer.BeginRead
 0001:0000CB70       TMultiReadExclusiveWriteSynchronizer.BeginWrite
 0001:0000CAE8       TMultiReadExclusiveWriteSynchronizer.BlockReaders
 0001:0000C9FC       TMultiReadExclusiveWriteSynchronizer.Create
 0001:0000CA8C       TMultiReadExclusiveWriteSynchronizer.Destroy
 0001:0000CD40       TMultiReadExclusiveWriteSynchronizer.EndRead
 0001:0000CC4C       TMultiReadExclusiveWriteSynchronizer.EndWrite
 0001:0000CB18       TMultiReadExclusiveWriteSynchronizer.UnblockOneWriter
 0001:0000CB00       TMultiReadExclusiveWriteSynchronizer.UnblockReaders
 0001:0000CB30       TMultiReadExclusiveWriteSynchronizer.WaitForReadSignal
 0001:0000CB50       TMultiReadExclusiveWriteSynchronizer.WaitForWriteSignal
 0001:00002E10       TObject.AfterConstruction
 0001:00002E14       TObject.BeforeDestruction
 0001:00002B64       TObject.ClassName
 0001:00002B78       TObject.ClassParent
 0001:00002B58       TObject.ClassType
 0001:00002C50       TObject.CleanupInstance
 0001:00002BBC       TObject.Create
 0001:00002E0C       TObject.DefaultHandler
 0001:00002BDC       TObject.Destroy
 0001:00002E18       TObject.Dispatch
 0001:00002BEC       TObject.Free
 0001:00002BA0       TObject.FreeInstance
 0001:00002CA0       TObject.GetInterface
 0001:00002D40       TObject.GetInterfaceEntry
 0001:00002DF0       TObject.InheritsFrom
 0001:00002BF8       TObject.InitInstance
 0001:00002BB4       TObject.InstanceSize
 0001:00002B84       TObject.NewInstance
 0001:00002E04       TObject.SafeCallException
 0001:00017434       TObjectList.Add
 0001:00017458       TObjectList.Create
 0001:000174A8       TObjectList.Extract
 0001:000174CC       TObjectList.GetItem
 0001:000174F0       TObjectList.Notify
 0001:0000490C       ToLongPath
 0001:00022CC4       TPacket.Compress
 0001:00021B44       TPacket.Create
 0001:00022808       TPacket.Decompress
 0001:00022598       TPacket.Decrypt
 0001:000226E0       TPacket.Encrypt
 0001:00021CBC       TPacket.GetRawData2
 0001:00021CF8       TPacket.GetTAData
 0001:00021C80       TPacket.GetTimestamp
 0001:00021D5C       TPacket.PacketLength
 0001:00021BF0       TPacket.SJCreateNew
 0001:00022228       TPacket.Split2
 0001:00011A2C       TPersistent.Assign
 0001:00011A58       TPersistent.AssignError
 0001:00011B30       TPersistent.AssignTo
 0001:00011B4C       TPersistent.DefineProperties
 0001:000119F0       TPersistent.Destroy
 0001:00011B5C       TPersistent.GetNamePath
 0001:00011C14       TPersistent.GetOwner
 0001:00038F40       TPlayerData.Create
 0001:0003908C       TPlayerData.IsSelf
 0001:00039120       TPlayerData.IsServer
 0001:00039014       TPlayerData.OnPlayerRemoved
 0001:0003949C       TPlayers.Add
 0001:000393AC       TPlayers.Clear
 0001:00039E58       TPlayers.Convert
 0001:00039FD4       TPlayers.ConvertId
 0001:000391BC       TPlayers.Create
 0001:00039350       TPlayers.Destroy
 0001:00039A3C       TPlayers.getCount
 0001:00039C58       TPlayers.GetData_
 0001:00039AFC       TPlayers.Name
 0001:00039A58       TPlayers.Name
 0001:000394F0       TPlayers.Remove
 0001:00039A00       TPlayers.Remove
 0001:00023398       TPluginCommands.ClearCommands
 0001:000232E8       TPluginCommands.Create
 0001:00023354       TPluginCommands.destroy
 0001:000233F8       TPluginCommands.LookUpCommand
 0001:0001F32C       TPluginData.create
 0001:0001F498       TPluginData.MakeNOPReplacement
 0001:0001F3D0       TPluginData.MakeRelativeJmp
 0001:0001F53C       TPluginData.MakeReplacement
 0001:0001F444       TPluginData.MakeStaticCall
 0001:0001F5F4       TPluginData.NewCodeInjection
 0001:0000A8F8       TranslateDateFormat
 0001:0000E34C       TranslateResult
 0001:000140BC       TReader.CheckValue
 0001:000140EC       TReader.EndOfList
 0001:00014110       TReader.NextValue
 0001:00014134       TReader.Read
 0001:00014180       TReader.ReadBuffer
 0001:000141D4       TReader.ReadListBegin
 0001:000141E8       TReader.ReadListEnd
 0001:000141FC       TReader.ReadStr
 0001:00014244       TReader.ReadString
 0001:00014400       TReader.ReadValue
 0001:00014308       TReader.ReadWideString
 0001:00014730       TReader.SkipBytes
 0001:000146E0       TReader.SkipProperty
 0001:00014420       TReader.SkipSetBody
 0001:00014544       TReader.SkipValue
 0001:00010EE0       TRegGroup.Create
 0001:00010F68       TRegGroup.Destroy
 0001:00010FEC       TRegGroup.UnregisterModuleClasses
 0001:000110C8       TRegGroups.Create
 0001:00011154       TRegGroups.Destroy
 0001:000111D0       TRegGroups.Lock
 0001:000111E8       TRegGroups.Unlock
 0001:00011200       TRegGroups.UnregisterModuleClasses
 0001:0001E1EC       TRegIniFile.Create
 0001:0001E238       TRegIniFile.Create
 0001:0001E61C       TRegIniFile.ReadBool
 0001:0001E41C       TRegIniFile.ReadInteger
 0001:0001E29C       TRegIniFile.ReadString
 0001:0001E528       TRegIniFile.WriteInteger
 0001:0001E36C       TRegIniFile.WriteString
 0001:0001DC44       TRegistry.ChangeKey
 0001:0001DBB4       TRegistry.CloseKey
 0001:0001DB28       TRegistry.Create
 0001:0001DAD0       TRegistry.Create
 0001:0001DCCC       TRegistry.CreateKey
 0001:0001DB78       TRegistry.Destroy
 0001:0001DC78       TRegistry.GetBaseKey
 0001:0001E0A8       TRegistry.GetData
 0001:0001DEE8       TRegistry.GetDataInfo
 0001:0001DF44       TRegistry.GetDataSize
 0001:0001E14C       TRegistry.GetKey
 0001:0001DDB0       TRegistry.OpenKey
 0001:0001E038       TRegistry.PutData
 0001:0001DFAC       TRegistry.ReadString
 0001:0001DCB0       TRegistry.SetCurrentKey
 0001:0001DBFC       TRegistry.SetRootKey
 0001:0001E128       TRegistry.ValueExists
 0001:0001DF78       TRegistry.WriteString
 0001:00006D1C       Trim
 0001:00006D90       TrimLeft
 0002:00001788       TrueBoolStrs
 0001:0000895C       TryEncodeDate
 0001:000087F4       TryEncodeTime
 0001:0000125C       TryHarder
 0001:00002334       TryOpenForInput
 0001:000025D8       TryOpenForOutput
 0001:00007118       TryStrToBool
 0001:00008788       TryStrToCurr
 0001:0000A35C       TryStrToDate
 0001:0000A454       TryStrToDateTime
 0001:000086F0       TryStrToFloat
 0001:00008750       TryStrToFloat
 0001:00008718       TryStrToFloat
 0001:00007008       TryStrToInt
 0001:0000A3D8       TryStrToTime
 0001:000137E4       TStream.CopyFrom
 0001:00013514       TStream.GetPosition
 0001:00013558       TStream.GetSize
 0001:00013754       TStream.ReadBuffer
 0001:000136E4       TStream.Seek
 0001:00013658       TStream.Seek
 0001:0001353C       TStream.SetPosition
 0001:000135A4       TStream.SetSize
 0001:000135B4       TStream.SetSize
 0001:0001379C       TStream.WriteBuffer
 0001:00012BEC       TStringList.Add
 0001:00012C14       TStringList.AddObject
 0001:00012C8C       TStringList.Changed
 0001:00012CB8       TStringList.Changing
 0001:00012CE4       TStringList.Clear
 0001:000134D4       TStringList.CompareStrings
 0001:00013484       TStringList.CustomSort
 0001:00012D38       TStringList.Delete
 0001:00012B70       TStringList.Destroy
 0001:00012DD8       TStringList.Exchange
 0001:00012E54       TStringList.ExchangeItems
 0001:00012EC0       TStringList.Find
 0001:00012F58       TStringList.Get
 0001:00012FA4       TStringList.GetCapacity
 0001:00012FC0       TStringList.GetCount
 0001:00012FDC       TStringList.GetObject
 0001:00013024       TStringList.Grow
 0001:0001307C       TStringList.IndexOf
 0001:000130C8       TStringList.Insert
 0001:00013158       TStringList.InsertItem
 0001:000130F0       TStringList.InsertObject
 0001:00013200       TStringList.Put
 0001:00013278       TStringList.PutObject
 0001:000132D4       TStringList.QuickSort
 0001:00013398       TStringList.SetCapacity
 0001:000133C4       TStringList.SetSorted
 0001:000133FC       TStringList.SetUpdateState
 0001:00013468       TStringList.Sort
 0001:00014D60       TStringQueue.Clear
 0001:00014CF0       TStringQueue.Create
 0001:00014F18       TStringQueue.DeQueue
 0001:00014E94       TStringQueue.EnQueue
 0001:00014FC0       TStringQueue.Examine
 0001:00014D84       TStringQueue.Grow
 0001:00011C68       TStrings.Add
 0001:00011C98       TStrings.AddObject
 0001:00011CCC       TStrings.AddStrings
 0001:00011D8C       TStrings.Assign
 0001:00011E30       TStrings.BeginUpdate
 0001:00012AEC       TStrings.CompareStrings
 0001:00011EB4       TStrings.DefineProperties
 0001:00011C2C       TStrings.Destroy
 0001:00011F00       TStrings.EndUpdate
 0001:00011F24       TStrings.Equals
 0001:00011FE0       TStrings.Error
 0001:00012020       TStrings.Error
 0001:00012080       TStrings.Exchange
 0001:0001216C       TStrings.GetCapacity
 0001:00012B10       TStrings.GetNameValueSeparator
 0001:00012188       TStrings.GetObject
 0001:000121A0       TStrings.GetText
 0001:000121FC       TStrings.GetTextStr
 0001:00012344       TStrings.IndexOf
 0001:000123D0       TStrings.IndexOfName
 0001:000124AC       TStrings.IndexOfObject
 0001:000124F8       TStrings.InsertObject
 0001:0001252C       TStrings.LoadFromFile
 0001:00012588       TStrings.LoadFromStream
 0001:0001263C       TStrings.Move
 0001:000126F8       TStrings.Put
 0001:00012738       TStrings.PutObject
 0001:0001274C       TStrings.ReadData
 0001:000127FC       TStrings.SaveToFile
 0001:0001285C       TStrings.SaveToStream
 0001:000128BC       TStrings.SetCapacity
 0001:00012B3C       TStrings.SetNameValueSeparator
 0001:000128CC       TStrings.SetStringsAdapter
 0001:00012918       TStrings.SetText
 0001:00012970       TStrings.SetTextStr
 0001:00012A50       TStrings.SetUpdateState
 0001:00012A60       TStrings.WriteData
 0001:0001515C       TSynchroObject.Acquire
 0001:00015168       TSynchroObject.Release
 0001:00019BEC       TTextFile.Create_Append
 0001:00019CC4       TTextFile.Create_Rewrite
 0001:00019D84       TTextFile.Destroy
 0001:00019DC0       TTextFile.Flush
 0001:00019DE8       TTextFile.Writeln
 0001:000118CC       TThreadList.Create
 0001:00011934       TThreadList.Destroy
 0001:000119B0       TThreadList.LockList
 0001:000119D8       TThreadList.UnlockList
 0001:0000C974       TThreadLocalCounter.Delete
 0001:0000C824       TThreadLocalCounter.Destroy
 0001:0000C8A0       TThreadLocalCounter.HashIndex
 0001:0000C8C4       TThreadLocalCounter.Open
 0001:0000C998       TThreadLocalCounter.Recycle
 0002:000000F0       TwoDigitYearCenturyWindow
 0001:0001478C       TWriter.Write
 0001:000147D8       TWriter.WriteBuffer
 0001:00014804       TWriter.WriteListBegin
 0001:00014818       TWriter.WriteListEnd
 0001:0001482C       TWriter.WriteMinStr
 0001:000148DC       TWriter.WriteString
 0001:00014938       TWriter.WriteValue
 0001:00005794       Types
 0001:00010494       TypInfo
 0001:000184F8       uDebug
 0001:000001C4       UnhandledExceptionFilter
 0001:00005A7C       UnhookWindowsHookEx
 0001:00004FF0       UnicodeToUtf8
 0001:00000C20       UninitAllocator
 0001:0003C5C4       UninstallCodeInjections
 0001:0001F930       UnInstallPlugins
 0001:00003E04       UniqueString
[...]
  3242 0001:00034BFA  3243 0001:00034C09  3244 0001:00034C18  3245 0001:00034C27
  3246 0001:00034C36  3247 0001:00034C62  3254 0001:00034E1C  3255 0001:00034E25
  3256 0001:00034E2A  3257 0001:00034E31  3258 0001:00034E4F  3260 0001:00034E68
  3261 0001:00034E7F  3262 0001:00034E85  3257 0001:00034E88  3263 0001:00034E8D
  3264 0001:00034E96  3269 0001:00034E9C  3270 0001:00034EA8  3271 0001:00034EB6
  3272 0001:00034EC1  3284 0001:00034EC8  3285 0001:00034ECE  3286 0001:00034ED5
  3288 0001:00034EDB  3289 0001:00034EEA  3290 0001:00034EF1  3292 0001:00034F07
  3294 0001:00034F12  3295 0001:00034F2A  3296 0001:00034F30  3297 0001:00034F3C
  3301 0001:00034F44  3311 0001:00034F4C  3312 0001:00034F55  3313 0001:00034F61
  3314 0001:00034F7B  3315 0001:00034F8A  3318 0001:00034F90  3319 0001:00034F9A
  3320 0001:00034FC0  3325 0001:00034FC8  3326 0001:00034FE4  3327 0001:00034FF2
  3328 0001:00034FFC  3329 0001:0003500A  3332 0001:00035040  3333 0001:00035052
  3334 0001:00035069  3336 0001:0003506F  3339 0001:00035079  3340 0001:00035082
  3343 0001:000350BC  3346 0001:000350EA  3348 0001:000350ED  3351 0001:00035132
  3356 0001:0003517C  3357 0001:00035185  3358 0001:00035193  3359 0001:0003519D
  3365 0001:000351AB  3366 0001:000351B3  3368 0001:000351CF  3371 0001:000351FD
  3373 0001:00035200  3376 0001:00035223  3381 0001:0003522C  3382 0001:0003524F
  3383 0001:00035259  3384 0001:00035267  3385 0001:0003527B  3389 0001:00035289
  3391 0001:00035292  3392 0001:000352A3  3393 0001:000352B2  3395 0001:000352BD
  3396 0001:000352CF  3397 0001:000352D6  3398 0001:000352DF  3399 0001:000352E8
  3401 0001:000352FA  3402 0001:00035305  3403 0001:00035318  3405 0001:0003531F
  3407 0001:00035326  3408 0001:00035330  3410 0001:0003534F  3411 0001:0003536C
  3412 0001:00035389  3413 0001:000353A3  3415 0001:000353BD  3416 0001:000353C7
  3417 0001:000353E1  3418 0001:000353FB  3419 0001:00035415  3420 0001:00035431
  3421 0001:0003544E  3422 0001:0003547F  3423 0001:000354B2  3424 0001:000354D0
  3426 0001:000354F0  3427 0001:00035500  3428 0001:0003550E  3429 0001:00035518
  3431 0001:00035550  3433 0001:00035579  3434 0001:0003557C  3436 0001:0003558E
  3438 0001:0003559E  3439 0001:000355B6  3441 0001:000355C6  3442 0001:000355EC
  3443 0001:000355FA  3445 0001:00035623  3446 0001:00035626  3448 0001:00035638
  3449 0001:00035644  3453 0001:00035660  3454 0001:0003566F  3455 0001:0003568A
  3456 0001:00035694  3457 0001:0003569E  3458 0001:000356A8  3460 0001:000356AF
  3461 0001:000356B8  3463 0001:000356C1  3465 0001:000356CB  3466 0001:000356D5
  3468 0001:000356DF  3469 0001:000356E6  3470 0001:000356F1  3472 0001:000356FE
  3473 0001:00035703  3475 0001:00035708  3476 0001:0003570F  3477 0001:00035716
  3478 0001:00035721  3480 0001:0003572E  3481 0001:00035739  3482 0001:00035743
  3483 0001:00035754  3485 0001:0003575D  3486 0001:00035768  3487 0001:00035775
  3489 0001:0003577D  3491 0001:0003578A  3492 0001:00035791  3494 0001:00035798
  3495 0001:000357A6  3496 0001:000357B4  3498 0001:000357C2  3500 0001:000357E3
  3503 0001:00035800  3505 0001:00035835  3512 0001:000359DC  3513 0001:000359FF
  3514 0001:00035A09  3515 0001:00035A17  3517 0001:00035A20  3518 0001:00035A34
  3521 0001:00035A3E  3522 0001:00035A54  3523 0001:00035A5E  3524 0001:00035A68
  3526 0001:00035A76  3527 0001:00035A8A  3528 0001:00035A98  3530 0001:00035ABF
  3534 0001:00035ACF  3536 0001:00035AD8  3537 0001:00035AEC  3540 0001:00035AF6
  3542 0001:00035B1D  3544 0001:00035B3E  3545 0001:00035B53  3546 0001:00035B61
  3547 0001:00035B92  3548 0001:00035B9F  3549 0001:00035BBB  3548 0001:00035BDA
  3550 0001:00035BDF  3551 0001:00035C00  3552 0001:00035C2A  3553 0001:00035C59
  3556 0001:00035C66  3558 0001:00035C84  3560 0001:00035C94  3563 0001:00035C9F
  3565 0001:00035CA9  3566 0001:00035CB2  3576 0001:00035CDC  3578 0001:00035CDF
  3582 0001:00035D05  3583 0001:00035D0C  3585 0001:00035D41  3588 0001:00035E58
  3589 0001:00035E89  3590 0001:00035E93  3597 0001:00035EA5  3598 0001:00035EB3
  3601 0001:00035ED0  3603 0001:00035EE0  3604 0001:00035EFA  3605 0001:00035F14
  3606 0001:00035F29

Line numbers for idplay(AddCommands.inc) segment .text

    17 0001:00035F59    21 0001:00035F8A    28 0001:00035FBB    32 0001:00035FEC
    35 0001:0003601D    38 0001:0003604E    41 0001:0003607F    44 0001:000360B0
    47 0001:000360E1    50 0001:00036112    53 0001:00036143    56 0001:00036174
    59 0001:000361A8    62 0001:000361DC    65 0001:0003620D    68 0001:0003623E
    71 0001:0003626F    74 0001:000362A0    78 0001:000362D1    82 0001:00036302
    85 0001:0003631A    91 0001:0003634B    94 0001:0003637C    97 0001:000363AD
   100 0001:000363DE   105 0001:0003640F   108 0001:00036443   111 0001:00036474
   116 0001:000364A8   122 0001:000364D9   130 0001:0003650D   133 0001:0003653E
   137 0001:0003656F   141 0001:000365A0   144 0001:000365D1   149 0001:00036602
   152 0001:00036633   155 0001:00036664   158 0001:00036695   161 0001:000366C6
   165 0001:000366FA   168 0001:0003672E   171 0001:00036762   174 0001:00036793
   178 0001:000367C4   182 0001:000367F5   185 0001:00036826   188 0001:00036857
   192 0001:0003688B   195 0001:000368BC   199 0001:000368ED

Line numbers for idplay(idplay.pas) segment .text

  3613 0001:0003691E  3614 0001:0003695E  3617 0001:00038CE0  3618 0001:00038CF1
  3619 0001:00038CFB  3620 0001:00038D06  3629 0001:00038D0E  3630 0001:00038D1A
  3631 0001:00038D27  3632 0001:00038D35  3633 0001:00038D42  3634 0001:00038D4F
  3635 0001:00038D5C  3636 0001:00038D66  3637 0001:00038D6B  3638 0001:00038D76
  3639 0001:00038D92  3641 0001:00038DD4  3641 0001:00038DDB

Line numbers for PlayerDataU(PlayerDataU.pas) segment .text

   186 0001:00038EB0   187 0001:00038EBC   188 0001:00038ECB   189 0001:00038EDA
   190 0001:00038EE9   192 0001:00038EF8   194 0001:00038F05   201 0001:00038F40
   202 0001:00038F5B   203 0001:00038F75   204 0001:00038F83   205 0001:00038F8C
   206 0001:00038FB1   210 0001:00039014   211 0001:00039020   213 0001:0003902C
   214 0001:00039037   213 0001:00039076   215 0001:0003907C   217 0001:00039086
   220 0001:0003908C   221 0001:00039095   222 0001:000390AF   223 0001:000390BD
   226 0001:00039120   227 0001:0003912A   228 0001:00039144   229 0001:0003915A
   238 0001:000391BC   239 0001:000391D4   240 0001:000391DE   241 0001:000391F0
   242 0001:00039202   243 0001:00039211   244 0001:00039220   245 0001:0003922F
   246 0001:0003924D   247 0001:00039256   248 0001:00039273   249 0001:0003927C
   251 0001:00039299   252 0001:000392B2   253 0001:000392D8   256 0001:00039350
   257 0001:00039361   258 0001:00039369   259 0001:00039374   260 0001:0003937F
   261 0001:0003938A   262 0001:000393A6   268 0001:000393AC   269 0001:000393B5
   272 0001:000393C0   273 0001:000393D6   274 0001:000393E7   276 0001:000393ED
   277 0001:000393FD   279 0001:00039405   280 0001:00039413   270 0001:00039421
   282 0001:0003942D   285 0001:00039438   286 0001:0003944E   287 0001:0003945F
   289 0001:00039465   290 0001:00039475   292 0001:0003947D   283 0001:0003948B
   294 0001:00039497   297 0001:0003949C   298 0001:000394AB   299 0001:000394C1
   300 0001:000394DF   301 0001:000394EB   308 0001:000394F0   309 0001:00039518
   310 0001:00039522   311 0001:00039530   312 0001:0003953A   313 0001:00039546
   314 0001:00039551   315 0001:00039557   317 0001:00039558   319 0001:0003957A
   320 0001:00039590   321 0001:000395EF   322 0001:00039635   323 0001:00039675
   324 0001:000396BB   326 0001:00039701   327 0001:00039747   328 0001:0003978D
   317 0001:00039790   330 0001:00039799   332 0001:000397B4   333 0001:000397D6
   332 0001:000397F7   335 0001:000397FC   336 0001:00039803   335 0001:0003983E
   337 0001:00039844   338 0001:00039864   339 0001:00039881   340 0001:000398A1
   341 0001:000398C1   342 0001:000398E3   345 0001:00039905   346 0001:00039912
   347 0001:00039921   348 0001:00039930   350 0001:0003993D   351 0001:00039947
   353 0001:0003997B   355 0001:000399B0   361 0001:00039A00   362 0001:00039A0F
   363 0001:00039A21   364 0001:00039A27   365 0001:00039A35   368 0001:00039A3C
   369 0001:00039A45   370 0001:00039A54   375 0001:00039A58   376 0001:00039A67
   377 0001:00039A6D   378 0001:00039A7C   381 0001:00039A8B   382 0001:00039A8C
   383 0001:00039A8F   384 0001:00039A92   386 0001:00039A93   389 0001:00039AAE
   390 0001:00039ABC   395 0001:00039AFC   396 0001:00039B22   397 0001:00039B28
   398 0001:00039B3A   402 0001:00039B91   403 0001:00039B92   404 0001:00039B95
   405 0001:00039B98   407 0001:00039B99   410 0001:00039BCD   411 0001:00039C12
   416 0001:00039C58   417 0001:00039C7D   418 0001:00039C97   420 0001:00039C9D
   421 0001:00039CA9   424 0001:00039CB3   425 0001:00039CC1   432 0001:00039D18
   433 0001:00039D19   434 0001:00039D1C   435 0001:00039D1F   437 0001:00039D20
   440 0001:00039D75   443 0001:00039D7F   446 0001:00039D85   447 0001:00039DC5
   453 0001:00039E58   454 0001:00039E7E   456 0001:00039E99   457 0001:00039EAA
   459 0001:00039EB9   454 0001:00039EBC   460 0001:00039EC2   462 0001:00039EC8
   464 0001:00039ECE   465 0001:00039EDA   466 0001:00039EE4   468 0001:00039EE6
   470 0001:00039EEC   471 0001:00039EF5   474 0001:00039EFA   476 0001:00039F15
   477 0001:00039F26   479 0001:00039F31   474 0001:00039F34   480 0001:00039F3A
   483 0001:00039F40   484 0001:00039F41   485 0001:00039F44   486 0001:00039F47
   488 0001:00039F48   491 0001:00039F85   492 0001:00039FAF   502 0001:00039FD4
   503 0001:00039FFA   504 0001:0003A015   506 0001:0003A02B   507 0001:0003A047
   508 0001:0003A04C   503 0001:0003A04F   509 0001:0003A055   511 0001:0003A05B
   513 0001:0003A061   514 0001:0003A06D   516 0001:0003A073   517 0001:0003A088
   520 0001:0003A08A   522 0001:0003A090   523 0001:0003A0A8   526 0001:0003A0AA
   529 0001:0003A0B0   530 0001:0003A0B1   531 0001:0003A0B4   532 0001:0003A0B7
   534 0001:0003A0B8   537 0001:0003A0F5   538 0001:0003A11E   540 0001:0003A174
   540 0001:0003A17B

Line numbers for DPLobbyWrapper(DPLobbyWrapper.pas) segment .text

    47 0001:0003A17C    63 0001:0003A3C0    64 0001:0003A3E7    65 0001:0003A3F5
    66 0001:0003A410    67 0001:0003A424    68 0001:0003A43C    69 0001:0003A446
    70 0001:0003A45D    71 0001:0003A46F    74 0001:0003A48A    76 0001:0003A4A7
    78 0001:0003A4D1    80 0001:0003A4D4    81 0001:0003A4DC    82 0001:0003A4E4
    85 0001:0003A51E    89 0001:0003A570    90 0001:0003A579    91 0001:0003A587
    92 0001:0003A5AE    93 0001:0003A5C2    95 0001:0003A5E7    97 0001:0003A5EA
    98 0001:0003A5F2   101 0001:0003A5FF   105 0001:0003A624   106 0001:0003A62D
   107 0001:0003A63B   108 0001:0003A65A   109 0001:0003A66E   111 0001:0003A693
   113 0001:0003A696   114 0001:0003A69E   117 0001:0003A6AB   122 0001:0003A6D0
   123 0001:0003A6D9   124 0001:0003A6E7   125 0001:0003A706   126 0001:0003A71A
   128 0001:0003A73F   130 0001:0003A742   131 0001:0003A74A   134 0001:0003A757
   139 0001:0003A780   140 0001:0003A789   141 0001:0003A797   142 0001:0003A7B2
   143 0001:0003A7C6   145 0001:0003A7EB   147 0001:0003A7EE   148 0001:0003A7F6
   151 0001:0003A803   155 0001:0003A830   156 0001:0003A839   157 0001:0003A847
   158 0001:0003A862   159 0001:0003A876   161 0001:0003A89B   163 0001:0003A89E
   164 0001:0003A8A6   167 0001:0003A8B3   172 0001:0003A8E0   173 0001:0003A8E9
   174 0001:0003A8F7   176 0001:0003A91A   177 0001:0003A92E   179 0001:0003A934
   180 0001:0003A94C   181 0001:0003A966   182 0001:0003A97E   186 0001:0003A99A
   187 0001:0003A9AE   189 0001:0003A9D3   191 0001:0003A9D6   192 0001:0003A9DE
   195 0001:0003A9EB   199 0001:0003AAA8   200 0001:0003AAC6   201 0001:0003AAD4
   202 0001:0003AAF3   203 0001:0003AB07   204 0001:0003AB1F   205 0001:0003AB39
   207 0001:0003AB54   208 0001:0003AB72   209 0001:0003AB90   210 0001:0003ABAE
   211 0001:0003ABCC   212 0001:0003ABEA   213 0001:0003AC1D   214 0001:0003AC3B
   215 0001:0003AC59   216 0001:0003AC77   218 0001:0003AC95   219 0001:0003ACC8
   221 0001:0003ACFB   222 0001:0003AD16   223 0001:0003AD31   225 0001:0003AD4C
   226 0001:0003AD64   228 0001:0003AD89   230 0001:0003AD8C   231 0001:0003AD94
   234 0001:0003ADC3   238 0001:0003B214   239 0001:0003B21D   240 0001:0003B22B
   241 0001:0003B24A   242 0001:0003B25E   244 0001:0003B264   245 0001:0003B27C
   246 0001:0003B294   250 0001:0003B2AE   251 0001:0003B2C2   253 0001:0003B2E7
   255 0001:0003B2EA   256 0001:0003B2F2   259 0001:0003B2FF   263 0001:0003B38C
   264 0001:0003B395   265 0001:0003B3A3   266 0001:0003B3BE   267 0001:0003B3D2
   269 0001:0003B3F7   271 0001:0003B3FA   272 0001:0003B402   275 0001:0003B40F
   279 0001:0003B43C   280 0001:0003B445   281 0001:0003B453   282 0001:0003B46E
   283 0001:0003B482   285 0001:0003B4A7   287 0001:0003B4AA   288 0001:0003B4B2
   291 0001:0003B4BF   298 0001:0003B4EC   299 0001:0003B4F5   300 0001:0003B503
   301 0001:0003B522   302 0001:0003B536   304 0001:0003B55B   306 0001:0003B55E
   307 0001:0003B566   310 0001:0003B573   315 0001:0003B5A4   316 0001:0003B5D8
   317 0001:0003B5E6   318 0001:0003B5F0   319 0001:0003B5FE   321 0001:0003B61B
   322 0001:0003B62F   324 0001:0003B654   326 0001:0003B657   327 0001:0003B65F
   330 0001:0003B6A1   332 0001:0003B6F0   332 0001:0003B6F7

Line numbers for Dplayx_exports(Dplayx_exports.pas) segment .text

   117 0001:0003B6F8   118 0001:0003B6FC   119 0001:0003B71A   122 0001:0003B720
   133 0001:0003B724   135 0001:0003B72D   136 0001:0003B736   137 0001:0003B73E
   138 0001:0003B747   140 0001:0003B75D   141 0001:0003B764   148 0001:0003B790
   149 0001:0003B799   150 0001:0003B7B3   151 0001:0003B7C1   152 0001:0003B7CA
   153 0001:0003B7DF   154 0001:0003B7E8   156 0001:0003B7F9   157 0001:0003B80D
   159 0001:0003B832   161 0001:0003B835   162 0001:0003B83D   165 0001:0003B84A
   171 0001:0003B888   172 0001:0003B891   173 0001:0003B8AB   174 0001:0003B8B9
   175 0001:0003B8C2   176 0001:0003B8D7   177 0001:0003B8E0   179 0001:0003B8F1
   180 0001:0003B905   182 0001:0003B92A   184 0001:0003B92D   185 0001:0003B935
   188 0001:0003B942   195 0001:0003B988   196 0001:0003B991   197 0001:0003B9AB
   198 0001:0003B9B9   199 0001:0003B9C2   200 0001:0003B9D7   201 0001:0003B9E0
   203 0001:0003B9F1   204 0001:0003BA05   206 0001:0003BA2A   208 0001:0003BA2D
   209 0001:0003BA35   212 0001:0003BA42   220 0001:0003BA88   221 0001:0003BAAB
   222 0001:0003BAC5   223 0001:0003BAD3   224 0001:0003BADC   225 0001:0003BAF1
   226 0001:0003BAFA   227 0001:0003BB0F   229 0001:0003BB15   230 0001:0003BB29
   231 0001:0003BB41   232 0001:0003BB4B   233 0001:0003BB6E   237 0001:0003BB7F
   238 0001:0003BB93   239 0001:0003BBAB   240 0001:0003BBD8   243 0001:0003BBFD
   245 0001:0003BC00   246 0001:0003BC08   249 0001:0003BC47   257 0001:0003BCF0
   258 0001:0003BD0F   259 0001:0003BD29   260 0001:0003BD37   261 0001:0003BD40
   262 0001:0003BD55   263 0001:0003BD5E   265 0001:0003BD7B   266 0001:0003BD8F
   268 0001:0003BDB4   270 0001:0003BDB7   271 0001:0003BDBF   274 0001:0003BDE9
   283 0001:0003BE30   284 0001:0003BE53   285 0001:0003BE6D   286 0001:0003BE7B
   287 0001:0003BE84   288 0001:0003BE99   289 0001:0003BEA2   290 0001:0003BEBF
   292 0001:0003BEC5   293 0001:0003BED9   294 0001:0003BEF1   298 0001:0003BEFB
   303 0001:0003BF1D   304 0001:0003BF31   305 0001:0003BF49   306 0001:0003BF76
   309 0001:0003BF9B   311 0001:0003BF9E   312 0001:0003BFA6   315 0001:0003BFE5
   326 0001:0003C084   327 0001:0003C08D   328 0001:0003C09D   329 0001:0003C0AB
   331 0001:0003C0B0   332 0001:0003C0C4   334 0001:0003C0E9   336 0001:0003C0EC
   337 0001:0003C0F4   340 0001:0003C101   343 0001:0003C124   344 0001:0003C12D
   345 0001:0003C13D   346 0001:0003C14B   348 0001:0003C150   349 0001:0003C164
   351 0001:0003C189   353 0001:0003C18C   354 0001:0003C194   357 0001:0003C1A1
   363 0001:0003C1C8   365 0001:0003C1CB   367 0001:0003C1D2   368 0001:0003C1EB
   401 0001:0003C20C   401 0001:0003C238   370 0001:0003C23C   392 0001:0003C248
   393 0001:0003C251   394 0001:0003C25B   395 0001:0003C264   397 0001:0003C26E

Line numbers for PauseLock(plugins\PauseLock.pas) segment .text

    39 0001:0003C270    43 0001:0003C274    46 0001:0003C278    47 0001:0003C27C
    50 0001:0003C28E    55 0001:0003C2B6    67 0001:0003C2D3    68 0001:0003C2DB
    82 0001:0003C318    83 0001:0003C31D    84 0001:0003C320    86 0001:0003C322
    89 0001:0003C328    90 0001:0003C32D    94 0001:0003C332    95 0001:0003C337
    96 0001:0003C33C    98 0001:0003C370    98 0001:0003C377

Line numbers for MultiAILimit(plugins\MultiAILimit.pas) segment .text

    32 0001:0003C378    36 0001:0003C37C    64 0001:0003C394    65 0001:0003C39A
    66 0001:0003C3A1    67 0001:0003C40B    68 0001:0003C415    72 0001:0003C41C
    74 0001:0003C423    75 0001:0003C424    76 0001:0003C425    78 0001:0003C426
    81 0001:0003C42B    82 0001:0003C430    83 0001:0003C435    87 0001:0003C438
    88 0001:0003C43C    90 0001:0003C44E    94 0001:0003C476    95 0001:0003C490
    99 0001:0003C4B1   100 0001:0003C4B9   102 0001:0003C548   102 0001:0003C54F

Line numbers for Plugins(Plugins.pas) segment .text

    28 0001:0003C550    30 0001:0003C557    32 0001:0003C55D    33 0001:0003C567
    36 0001:0003C571    37 0001:0003C57B    38 0001:0003C585    40 0001:0003C58F
    41 0001:0003C599    42 0001:0003C5A3    43 0001:0003C5AD    46 0001:0003C5B7
    47 0001:0003C5BF    50 0001:0003C5C4    51 0001:0003C5C7    52 0001:0003C5CC
    54 0001:0003C600    54 0001:0003C607

Line numbers for InitCode(InitCode.pas) segment .text

    87 0001:0003C608    88 0001:0003C60C    89 0001:0003C613    90 0001:0003C61D
    91 0001:0003C62F    93 0001:0003C639    94 0001:0003C650    95 0001:0003C659
    97 0001:0003C669   103 0001:0003C69C   107 0001:0003C6C0   108 0001:0003C6CE
   110 0001:0003C6D8   114 0001:0003C6DD   118 0001:0003C6E8   119 0001:0003C6F3
   121 0001:0003C6FC   122 0001:0003C719   124 0001:0003C751   125 0001:0003C75B
   127 0001:0003C78B   128 0001:0003C795   129 0001:0003C7B5   130 0001:0003C7DC
   131 0001:0003C7E5   132 0001:0003C7F6   133 0001:0003C7FF   134 0001:0003C810
   135 0001:0003C819   137 0001:0003C82F   138 0001:0003C856   139 0001:0003C884
   143 0001:0003C8B3   149 0001:0003C8BC   154 0001:0003C8E7   163 0001:0003C8EC
   165 0001:0003C90F   167 0001:0003C912   168 0001:0003C91A   171 0001:0003C946
   174 0001:0003CAC8   175 0001:0003CACB   176 0001:0003CAD0   178 0001:0003CAD5
   180 0001:0003CADE   181 0001:0003CAEB   184 0001:0003CAF4   186 0001:0003CAFE
   188 0001:0003CB30   189 0001:0003CB3C   190 0001:0003CB49   191 0001:0003CB56

Line numbers for InitCode_CoreExePatching(InitCode_CoreExePatching.pas) segment .text

    50 0001:0003CB58    51 0001:0003CB60    53 0001:0003CB66    54 0001:0003CB70
    56 0001:0003CB7A    71 0001:0003CB80    72 0001:0003CB87    73 0001:0003CB91
    74 0001:0003CB9B    75 0001:0003CBA9    77 0001:0003CBD0    79 0001:0003CBD3
    80 0001:0003CBDB    81 0001:0003CBED    84 0001:0003CBF7    88 0001:0003CC00
    90 0001:0003CC05    91 0001:0003CC0A    92 0001:0003CC0B    94 0001:0003CC3C
    95 0001:0003CC48    96 0001:0003CC55   100 0001:0003CC62   101 0001:0003CC6C
   102 0001:0003CC76   104 0001:0003CC80   105 0001:0003CC8A

Line numbers for threadlogging(threadlogging.pas) segment .text

   145 0001:0003CCBC   145 0001:0003CCC3

Line numbers for dplayx(F:\TADR_ALWAYS_SVN\trunk\src\Recorder\Dplayx.dpr) segment .text

    52 0001:0003CF24    53 0001:0003CF34

Bound resource files

dplayx.res
dplayx.drf


Program entry point at 0001:0003CF24
